TurmiteWorld: LRRRRRLLR (9001 steps)
Size: 25x24
Buggle(18,8): west,red,blue,ant,noBaggle,
Cell(1,3): black,nobaggle,notopwall,noleftwall,
Cell(1,4): black,nobaggle,notopwall,noleftwall,
Cell(1,5): black,nobaggle,notopwall,noleftwall,
Cell(1,6): black,nobaggle,notopwall,noleftwall,
Cell(1,7): black,nobaggle,notopwall,noleftwall,
Cell(1,8): black,nobaggle,notopwall,noleftwall,
Cell(1,9): black,nobaggle,notopwall,noleftwall,
Cell(1,10): black,nobaggle,notopwall,noleftwall,
Cell(1,11): black,nobaggle,notopwall,noleftwall,
Cell(1,12): black,nobaggle,notopwall,noleftwall,
Cell(1,13): black,nobaggle,notopwall,noleftwall,
Cell(1,14): black,nobaggle,notopwall,noleftwall,
Cell(1,15): black,nobaggle,notopwall,noleftwall,
Cell(1,16): black,nobaggle,notopwall,noleftwall,
Cell(1,17): black,nobaggle,notopwall,noleftwall,
Cell(1,18): black,nobaggle,notopwall,noleftwall,
Cell(1,19): black,nobaggle,notopwall,noleftwall,
Cell(1,20): black,nobaggle,notopwall,noleftwall,
Cell(1,21): black,nobaggle,notopwall,noleftwall,
Cell(1,22): black,nobaggle,notopwall,noleftwall,
Cell(2,3): black,nobaggle,notopwall,noleftwall,
Cell(2,4): cyan,nobaggle,notopwall,noleftwall,
Cell(2,5): blue,nobaggle,notopwall,noleftwall,
Cell(2,6): blue,nobaggle,notopwall,noleftwall,
Cell(2,7): blue,nobaggle,notopwall,noleftwall,
Cell(2,8): blue,nobaggle,notopwall,noleftwall,
Cell(2,9): blue,nobaggle,notopwall,noleftwall,
Cell(2,10): blue,nobaggle,notopwall,noleftwall,
Cell(2,11): blue,nobaggle,notopwall,noleftwall,
Cell(2,12): blue,nobaggle,notopwall,noleftwall,
Cell(2,13): blue,nobaggle,notopwall,noleftwall,
Cell(2,14): blue,nobaggle,notopwall,noleftwall,
Cell(2,15): blue,nobaggle,notopwall,noleftwall,
Cell(2,16): blue,nobaggle,notopwall,noleftwall,
Cell(2,17): blue,nobaggle,notopwall,noleftwall,
Cell(2,18): blue,nobaggle,notopwall,noleftwall,
Cell(2,19): blue,nobaggle,notopwall,noleftwall,
Cell(2,20): blue,nobaggle,notopwall,noleftwall,
Cell(2,21): cyan,nobaggle,notopwall,noleftwall,
Cell(2,22): black,nobaggle,notopwall,noleftwall,
Cell(3,1): black,nobaggle,notopwall,noleftwall,
Cell(3,2): black,nobaggle,notopwall,noleftwall,
Cell(3,3): black,nobaggle,notopwall,noleftwall,
Cell(3,4): blue,nobaggle,notopwall,noleftwall,
Cell(3,5): cyan,nobaggle,notopwall,noleftwall,
Cell(3,6): blue,nobaggle,notopwall,noleftwall,
Cell(3,7): blue,nobaggle,notopwall,noleftwall,
Cell(3,8): blue,nobaggle,notopwall,noleftwall,
Cell(3,9): blue,nobaggle,notopwall,noleftwall,
Cell(3,10): blue,nobaggle,notopwall,noleftwall,
Cell(3,11): blue,nobaggle,notopwall,noleftwall,
Cell(3,12): blue,nobaggle,notopwall,noleftwall,
Cell(3,13): blue,nobaggle,notopwall,noleftwall,
Cell(3,14): blue,nobaggle,notopwall,noleftwall,
Cell(3,15): blue,nobaggle,notopwall,noleftwall,
Cell(3,16): blue,nobaggle,notopwall,noleftwall,
Cell(3,17): blue,nobaggle,notopwall,noleftwall,
Cell(3,18): blue,nobaggle,notopwall,noleftwall,
Cell(3,19): blue,nobaggle,notopwall,noleftwall,
Cell(3,20): cyan,nobaggle,notopwall,noleftwall,
Cell(3,21): blue,nobaggle,notopwall,noleftwall,
Cell(3,22): black,nobaggle,notopwall,noleftwall,
Cell(4,1): black,nobaggle,notopwall,noleftwall,
Cell(4,2): cyan,nobaggle,notopwall,noleftwall,
Cell(4,3): blue,nobaggle,notopwall,noleftwall,
Cell(4,4): black,nobaggle,notopwall,noleftwall,
Cell(4,5): cyan,nobaggle,notopwall,noleftwall,
Cell(4,6): green,nobaggle,notopwall,noleftwall,
Cell(4,7): cyan,nobaggle,notopwall,noleftwall,
Cell(4,8): cyan,nobaggle,notopwall,noleftwall,
Cell(4,9): cyan,nobaggle,notopwall,noleftwall,
Cell(4,10): cyan,nobaggle,notopwall,noleftwall,
Cell(4,11): orange,nobaggle,notopwall,noleftwall,
Cell(4,12): orange,nobaggle,notopwall,noleftwall,
Cell(4,13): orange,nobaggle,notopwall,noleftwall,
Cell(4,14): orange,nobaggle,notopwall,noleftwall,
Cell(4,15): blue,nobaggle,notopwall,noleftwall,
Cell(4,16): blue,nobaggle,notopwall,noleftwall,
Cell(4,17): blue,nobaggle,notopwall,noleftwall,
Cell(4,18): blue,nobaggle,notopwall,noleftwall,
Cell(4,19): cyan,nobaggle,notopwall,noleftwall,
Cell(4,20): blue,nobaggle,notopwall,noleftwall,
Cell(4,21): blue,nobaggle,notopwall,noleftwall,
Cell(4,22): black,nobaggle,notopwall,noleftwall,
Cell(5,1): black,nobaggle,notopwall,noleftwall,
Cell(5,2): cyan,nobaggle,notopwall,noleftwall,
Cell(5,3): green,nobaggle,notopwall,noleftwall,
Cell(5,4): orange,nobaggle,notopwall,noleftwall,
Cell(5,5): orange,nobaggle,notopwall,noleftwall,
Cell(5,6): magenta,nobaggle,notopwall,noleftwall,
Cell(5,8): red,nobaggle,notopwall,noleftwall,
Cell(5,9): red,nobaggle,notopwall,noleftwall,
Cell(5,11): black,nobaggle,notopwall,noleftwall,
Cell(5,12): black,nobaggle,notopwall,noleftwall,
Cell(5,13): cyan,nobaggle,notopwall,noleftwall,
Cell(5,14): gray,nobaggle,notopwall,noleftwall,
Cell(5,15): cyan,nobaggle,notopwall,noleftwall,
Cell(5,16): blue,nobaggle,notopwall,noleftwall,
Cell(5,17): blue,nobaggle,notopwall,noleftwall,
Cell(5,18): cyan,nobaggle,notopwall,noleftwall,
Cell(5,19): blue,nobaggle,notopwall,noleftwall,
Cell(5,20): blue,nobaggle,notopwall,noleftwall,
Cell(5,21): blue,nobaggle,notopwall,noleftwall,
Cell(5,22): black,nobaggle,notopwall,noleftwall,
Cell(6,1): black,nobaggle,notopwall,noleftwall,
Cell(6,2): cyan,nobaggle,notopwall,noleftwall,
Cell(6,4): green,nobaggle,notopwall,noleftwall,
Cell(6,6): blue,nobaggle,notopwall,noleftwall,
Cell(6,7): black,nobaggle,notopwall,noleftwall,
Cell(6,8): gray,nobaggle,notopwall,noleftwall,
Cell(6,9): gray,nobaggle,notopwall,noleftwall,
Cell(6,10): black,nobaggle,notopwall,noleftwall,
Cell(6,11): gray,nobaggle,notopwall,noleftwall,
Cell(6,12): gray,nobaggle,notopwall,noleftwall,
Cell(6,13): red,nobaggle,notopwall,noleftwall,
Cell(6,14): black,nobaggle,notopwall,noleftwall,
Cell(6,15): orange,nobaggle,notopwall,noleftwall,
Cell(6,16): green,nobaggle,notopwall,noleftwall,
Cell(6,17): cyan,nobaggle,notopwall,noleftwall,
Cell(6,18): blue,nobaggle,notopwall,noleftwall,
Cell(6,19): blue,nobaggle,notopwall,noleftwall,
Cell(6,20): blue,nobaggle,notopwall,noleftwall,
Cell(6,21): blue,nobaggle,notopwall,noleftwall,
Cell(6,22): black,nobaggle,notopwall,noleftwall,
Cell(7,1): black,nobaggle,notopwall,noleftwall,
Cell(7,2): red,nobaggle,notopwall,noleftwall,
Cell(7,3): blue,nobaggle,notopwall,noleftwall,
Cell(7,4): blue,nobaggle,notopwall,noleftwall,
Cell(7,6): red,nobaggle,notopwall,noleftwall,
Cell(7,7): cyan,nobaggle,notopwall,noleftwall,
Cell(7,8): blue,nobaggle,notopwall,noleftwall,
Cell(7,9): red,nobaggle,notopwall,noleftwall,
Cell(7,10): magenta,nobaggle,notopwall,noleftwall,
Cell(7,12): green,nobaggle,notopwall,noleftwall,
Cell(7,13): gray,nobaggle,notopwall,noleftwall,
Cell(7,14): orange,nobaggle,notopwall,noleftwall,
Cell(7,17): red,nobaggle,notopwall,noleftwall,
Cell(7,18): blue,nobaggle,notopwall,noleftwall,
Cell(7,19): blue,nobaggle,notopwall,noleftwall,
Cell(7,20): blue,nobaggle,notopwall,noleftwall,
Cell(7,21): blue,nobaggle,notopwall,noleftwall,
Cell(7,22): black,nobaggle,notopwall,noleftwall,
Cell(8,1): black,nobaggle,notopwall,noleftwall,
Cell(8,2): red,nobaggle,notopwall,noleftwall,
Cell(8,3): black,nobaggle,notopwall,noleftwall,
Cell(8,5): gray,nobaggle,notopwall,noleftwall,
Cell(8,6): cyan,nobaggle,notopwall,noleftwall,
Cell(8,8): blue,nobaggle,notopwall,noleftwall,
Cell(8,9): magenta,nobaggle,notopwall,noleftwall,
Cell(8,10): blue,nobaggle,notopwall,noleftwall,
Cell(8,11): black,nobaggle,notopwall,noleftwall,
Cell(8,12): magenta,nobaggle,notopwall,noleftwall,
Cell(8,13): cyan,nobaggle,notopwall,noleftwall,
Cell(8,14): magenta,nobaggle,notopwall,noleftwall,
Cell(8,15): red,nobaggle,notopwall,noleftwall,
Cell(8,16): green,nobaggle,notopwall,noleftwall,
Cell(8,17): blue,nobaggle,notopwall,noleftwall,
Cell(8,18): red,nobaggle,notopwall,noleftwall,
Cell(8,19): cyan,nobaggle,notopwall,noleftwall,
Cell(8,20): cyan,nobaggle,notopwall,noleftwall,
Cell(8,21): blue,nobaggle,notopwall,noleftwall,
Cell(8,22): black,nobaggle,notopwall,noleftwall,
Cell(9,1): black,nobaggle,notopwall,noleftwall,
Cell(9,2): red,nobaggle,notopwall,noleftwall,
Cell(9,3): black,nobaggle,notopwall,noleftwall,
Cell(9,4): magenta,nobaggle,notopwall,noleftwall,
Cell(9,5): cyan,nobaggle,notopwall,noleftwall,
Cell(9,6): orange,nobaggle,notopwall,noleftwall,
Cell(9,7): orange,nobaggle,notopwall,noleftwall,
Cell(9,8): cyan,nobaggle,notopwall,noleftwall,
Cell(9,10): green,nobaggle,notopwall,noleftwall,
Cell(9,13): green,nobaggle,notopwall,noleftwall,
Cell(9,14): green,nobaggle,notopwall,noleftwall,
Cell(9,15): red,nobaggle,notopwall,noleftwall,
Cell(9,16): orange,nobaggle,notopwall,noleftwall,
Cell(9,17): cyan,nobaggle,notopwall,noleftwall,
Cell(9,18): cyan,nobaggle,notopwall,noleftwall,
Cell(9,19): magenta,nobaggle,notopwall,noleftwall,
Cell(9,20): cyan,nobaggle,notopwall,noleftwall,
Cell(9,21): blue,nobaggle,notopwall,noleftwall,
Cell(9,22): black,nobaggle,notopwall,noleftwall,
Cell(10,1): black,nobaggle,notopwall,noleftwall,
Cell(10,2): red,nobaggle,notopwall,noleftwall,
Cell(10,3): green,nobaggle,notopwall,noleftwall,
Cell(10,4): black,nobaggle,notopwall,noleftwall,
Cell(10,6): cyan,nobaggle,notopwall,noleftwall,
Cell(10,7): green,nobaggle,notopwall,noleftwall,
Cell(10,8): blue,nobaggle,notopwall,noleftwall,
Cell(10,9): blue,nobaggle,notopwall,noleftwall,
Cell(10,10): orange,nobaggle,notopwall,noleftwall,
Cell(10,11): magenta,nobaggle,notopwall,noleftwall,
Cell(10,12): magenta,nobaggle,notopwall,noleftwall,
Cell(10,13): cyan,nobaggle,notopwall,noleftwall,
Cell(10,14): orange,nobaggle,notopwall,noleftwall,
Cell(10,15): red,nobaggle,notopwall,noleftwall,
Cell(10,16): black,nobaggle,notopwall,noleftwall,
Cell(10,17): blue,nobaggle,notopwall,noleftwall,
Cell(10,18): red,nobaggle,notopwall,noleftwall,
Cell(10,19): black,nobaggle,notopwall,noleftwall,
Cell(10,20): green,nobaggle,notopwall,noleftwall,
Cell(10,21): blue,nobaggle,notopwall,noleftwall,
Cell(10,22): black,nobaggle,notopwall,noleftwall,
Cell(11,1): black,nobaggle,notopwall,noleftwall,
Cell(11,2): green,nobaggle,notopwall,noleftwall,
Cell(11,3): green,nobaggle,notopwall,noleftwall,
Cell(11,5): black,nobaggle,notopwall,noleftwall,
Cell(11,6): gray,nobaggle,notopwall,noleftwall,
Cell(11,7): cyan,nobaggle,notopwall,noleftwall,
Cell(11,8): orange,nobaggle,notopwall,noleftwall,
Cell(11,9): black,nobaggle,notopwall,noleftwall,
Cell(11,10): black,nobaggle,notopwall,noleftwall,
Cell(11,11): blue,nobaggle,notopwall,noleftwall,
Cell(11,12): magenta,nobaggle,notopwall,noleftwall,
Cell(11,13): green,nobaggle,notopwall,noleftwall,
Cell(11,14): cyan,nobaggle,notopwall,noleftwall,
Cell(11,15): gray,nobaggle,notopwall,noleftwall,
Cell(11,16): green,nobaggle,notopwall,noleftwall,
Cell(11,17): orange,nobaggle,notopwall,noleftwall,
Cell(11,18): orange,nobaggle,notopwall,noleftwall,
Cell(11,19): blue,nobaggle,notopwall,noleftwall,
Cell(11,20): green,nobaggle,notopwall,noleftwall,
Cell(11,21): blue,nobaggle,notopwall,noleftwall,
Cell(11,22): black,nobaggle,notopwall,noleftwall,
Cell(12,1): black,nobaggle,notopwall,noleftwall,
Cell(12,2): green,nobaggle,notopwall,noleftwall,
Cell(12,3): orange,nobaggle,notopwall,noleftwall,
Cell(12,4): green,nobaggle,notopwall,noleftwall,
Cell(12,5): black,nobaggle,notopwall,noleftwall,
Cell(12,6): red,nobaggle,notopwall,noleftwall,
Cell(12,7): magenta,nobaggle,notopwall,noleftwall,
Cell(12,8): magenta,nobaggle,notopwall,noleftwall,
Cell(12,9): magenta,nobaggle,notopwall,noleftwall,
Cell(12,10): green,nobaggle,notopwall,noleftwall,
Cell(12,11): red,nobaggle,notopwall,noleftwall,
Cell(12,12): magenta,nobaggle,notopwall,noleftwall,
Cell(12,14): gray,nobaggle,notopwall,noleftwall,
Cell(12,15): magenta,nobaggle,notopwall,noleftwall,
Cell(12,16): gray,nobaggle,notopwall,noleftwall,
Cell(12,17): cyan,nobaggle,notopwall,noleftwall,
Cell(12,19): cyan,nobaggle,notopwall,noleftwall,
Cell(12,20): orange,nobaggle,notopwall,noleftwall,
Cell(12,21): blue,nobaggle,notopwall,noleftwall,
Cell(12,22): black,nobaggle,notopwall,noleftwall,
Cell(13,1): black,nobaggle,notopwall,noleftwall,
Cell(13,2): green,nobaggle,notopwall,noleftwall,
Cell(13,3): orange,nobaggle,notopwall,noleftwall,
Cell(13,4): blue,nobaggle,notopwall,noleftwall,
Cell(13,5): black,nobaggle,notopwall,noleftwall,
Cell(13,6): green,nobaggle,notopwall,noleftwall,
Cell(13,7): red,nobaggle,notopwall,noleftwall,
Cell(13,8): blue,nobaggle,notopwall,noleftwall,
Cell(13,9): blue,nobaggle,notopwall,noleftwall,
Cell(13,10): green,nobaggle,notopwall,noleftwall,
Cell(13,11): blue,nobaggle,notopwall,noleftwall,
Cell(13,13): blue,nobaggle,notopwall,noleftwall,
Cell(13,14): gray,nobaggle,notopwall,noleftwall,
Cell(13,15): blue,nobaggle,notopwall,noleftwall,
Cell(13,16): orange,nobaggle,notopwall,noleftwall,
Cell(13,17): blue,nobaggle,notopwall,noleftwall,
Cell(13,18): magenta,nobaggle,notopwall,noleftwall,
Cell(13,19): magenta,nobaggle,notopwall,noleftwall,
Cell(13,20): orange,nobaggle,notopwall,noleftwall,
Cell(13,21): blue,nobaggle,notopwall,noleftwall,
Cell(13,22): black,nobaggle,notopwall,noleftwall,
Cell(14,1): black,nobaggle,notopwall,noleftwall,
Cell(14,2): green,nobaggle,notopwall,noleftwall,
Cell(14,3): black,nobaggle,notopwall,noleftwall,
Cell(14,4): red,nobaggle,notopwall,noleftwall,
Cell(14,5): magenta,nobaggle,notopwall,noleftwall,
Cell(14,6): cyan,nobaggle,notopwall,noleftwall,
Cell(14,8): black,nobaggle,notopwall,noleftwall,
Cell(14,9): green,nobaggle,notopwall,noleftwall,
Cell(14,10): green,nobaggle,notopwall,noleftwall,
Cell(14,11): magenta,nobaggle,notopwall,noleftwall,
Cell(14,12): black,nobaggle,notopwall,noleftwall,
Cell(14,13): red,nobaggle,notopwall,noleftwall,
Cell(14,14): gray,nobaggle,notopwall,noleftwall,
Cell(14,15): orange,nobaggle,notopwall,noleftwall,
Cell(14,16): blue,nobaggle,notopwall,noleftwall,
Cell(14,17): orange,nobaggle,notopwall,noleftwall,
Cell(14,18): cyan,nobaggle,notopwall,noleftwall,
Cell(14,19): orange,nobaggle,notopwall,noleftwall,
Cell(14,20): green,nobaggle,notopwall,noleftwall,
Cell(14,21): blue,nobaggle,notopwall,noleftwall,
Cell(14,22): black,nobaggle,notopwall,noleftwall,
Cell(15,1): black,nobaggle,notopwall,noleftwall,
Cell(15,2): green,nobaggle,notopwall,noleftwall,
Cell(15,4): red,nobaggle,notopwall,noleftwall,
Cell(15,5): gray,nobaggle,notopwall,noleftwall,
Cell(15,6): gray,nobaggle,notopwall,noleftwall,
Cell(15,7): magenta,nobaggle,notopwall,noleftwall,
Cell(15,8): orange,nobaggle,notopwall,noleftwall,
Cell(15,9): gray,nobaggle,notopwall,noleftwall,
Cell(15,10): orange,nobaggle,notopwall,noleftwall,
Cell(15,11): cyan,nobaggle,notopwall,noleftwall,
Cell(15,12): gray,nobaggle,notopwall,noleftwall,
Cell(15,14): magenta,nobaggle,notopwall,noleftwall,
Cell(15,16): blue,nobaggle,notopwall,noleftwall,
Cell(15,18): green,nobaggle,notopwall,noleftwall,
Cell(15,19): gray,nobaggle,notopwall,noleftwall,
Cell(15,20): green,nobaggle,notopwall,noleftwall,
Cell(15,21): blue,nobaggle,notopwall,noleftwall,
Cell(15,22): black,nobaggle,notopwall,noleftwall,
Cell(16,1): black,nobaggle,notopwall,noleftwall,
Cell(16,2): green,nobaggle,notopwall,noleftwall,
Cell(16,4): green,nobaggle,notopwall,noleftwall,
Cell(16,6): cyan,nobaggle,notopwall,noleftwall,
Cell(16,7): orange,nobaggle,notopwall,noleftwall,
Cell(16,8): blue,nobaggle,notopwall,noleftwall,
Cell(16,9): cyan,nobaggle,notopwall,noleftwall,
Cell(16,10): gray,nobaggle,notopwall,noleftwall,
Cell(16,11): green,nobaggle,notopwall,noleftwall,
Cell(16,12): cyan,nobaggle,notopwall,noleftwall,
Cell(16,13): blue,nobaggle,notopwall,noleftwall,
Cell(16,14): orange,nobaggle,notopwall,noleftwall,
Cell(16,15): black,nobaggle,notopwall,noleftwall,
Cell(16,16): magenta,nobaggle,notopwall,noleftwall,
Cell(16,17): orange,nobaggle,notopwall,noleftwall,
Cell(16,18): magenta,nobaggle,notopwall,noleftwall,
Cell(16,19): red,nobaggle,notopwall,noleftwall,
Cell(16,20): blue,nobaggle,notopwall,noleftwall,
Cell(16,21): blue,nobaggle,notopwall,noleftwall,
Cell(16,22): black,nobaggle,notopwall,noleftwall,
Cell(17,1): black,nobaggle,notopwall,noleftwall,
Cell(17,2): cyan,nobaggle,notopwall,noleftwall,
Cell(17,3): magenta,nobaggle,notopwall,noleftwall,
Cell(17,4): blue,nobaggle,notopwall,noleftwall,
Cell(17,5): black,nobaggle,notopwall,noleftwall,
Cell(17,6): red,nobaggle,notopwall,noleftwall,
Cell(17,7): green,nobaggle,notopwall,noleftwall,
Cell(17,8): black,nobaggle,notopwall,noleftwall,
Cell(17,9): gray,nobaggle,notopwall,noleftwall,
Cell(17,10): cyan,nobaggle,notopwall,noleftwall,
Cell(17,11): cyan,nobaggle,notopwall,noleftwall,
Cell(17,12): magenta,nobaggle,notopwall,noleftwall,
Cell(17,13): orange,nobaggle,notopwall,noleftwall,
Cell(17,14): blue,nobaggle,notopwall,noleftwall,
Cell(17,15): gray,nobaggle,notopwall,noleftwall,
Cell(17,16): magenta,nobaggle,notopwall,noleftwall,
Cell(17,17): orange,nobaggle,notopwall,noleftwall,
Cell(17,18): green,nobaggle,notopwall,noleftwall,
Cell(17,19): red,nobaggle,notopwall,noleftwall,
Cell(17,20): blue,nobaggle,notopwall,noleftwall,
Cell(17,21): blue,nobaggle,notopwall,noleftwall,
Cell(17,22): black,nobaggle,notopwall,noleftwall,
Cell(18,1): black,nobaggle,notopwall,noleftwall,
Cell(18,2): cyan,nobaggle,notopwall,noleftwall,
Cell(18,3): orange,nobaggle,notopwall,noleftwall,
Cell(18,5): magenta,nobaggle,notopwall,noleftwall,
Cell(18,6): black,nobaggle,notopwall,noleftwall,
Cell(18,7): black,nobaggle,notopwall,noleftwall,
Cell(18,8): magenta,nobaggle,notopwall,noleftwall,
Cell(18,9): black,nobaggle,notopwall,noleftwall,
Cell(18,10): green,nobaggle,notopwall,noleftwall,
Cell(18,11): magenta,nobaggle,notopwall,noleftwall,
Cell(18,13): orange,nobaggle,notopwall,noleftwall,
Cell(18,14): magenta,nobaggle,notopwall,noleftwall,
Cell(18,15): cyan,nobaggle,notopwall,noleftwall,
Cell(18,16): black,nobaggle,notopwall,noleftwall,
Cell(18,17): cyan,nobaggle,notopwall,noleftwall,
Cell(18,18): green,nobaggle,notopwall,noleftwall,
Cell(18,19): red,nobaggle,notopwall,noleftwall,
Cell(18,20): green,nobaggle,notopwall,noleftwall,
Cell(18,21): blue,nobaggle,notopwall,noleftwall,
Cell(18,22): black,nobaggle,notopwall,noleftwall,
Cell(19,1): black,nobaggle,notopwall,noleftwall,
Cell(19,2): blue,nobaggle,notopwall,noleftwall,
Cell(19,3): green,nobaggle,notopwall,noleftwall,
Cell(19,5): green,nobaggle,notopwall,noleftwall,
Cell(19,6): gray,nobaggle,notopwall,noleftwall,
Cell(19,7): magenta,nobaggle,notopwall,noleftwall,
Cell(19,8): blue,nobaggle,notopwall,noleftwall,
Cell(19,9): magenta,nobaggle,notopwall,noleftwall,
Cell(19,10): blue,nobaggle,notopwall,noleftwall,
Cell(19,11): red,nobaggle,notopwall,noleftwall,
Cell(19,12): black,nobaggle,notopwall,noleftwall,
Cell(19,13): orange,nobaggle,notopwall,noleftwall,
Cell(19,14): green,nobaggle,notopwall,noleftwall,
Cell(19,15): cyan,nobaggle,notopwall,noleftwall,
Cell(19,16): gray,nobaggle,notopwall,noleftwall,
Cell(19,17): magenta,nobaggle,notopwall,noleftwall,
Cell(19,18): cyan,nobaggle,notopwall,noleftwall,
Cell(19,20): cyan,nobaggle,notopwall,noleftwall,
Cell(19,21): cyan,nobaggle,notopwall,noleftwall,
Cell(19,22): black,nobaggle,notopwall,noleftwall,
Cell(20,1): black,nobaggle,notopwall,noleftwall,
Cell(20,2): blue,nobaggle,notopwall,noleftwall,
Cell(20,3): cyan,nobaggle,notopwall,noleftwall,
Cell(20,4): red,nobaggle,notopwall,noleftwall,
Cell(20,5): green,nobaggle,notopwall,noleftwall,
Cell(20,6): gray,nobaggle,notopwall,noleftwall,
Cell(20,7): blue,nobaggle,notopwall,noleftwall,
Cell(20,8): red,nobaggle,notopwall,noleftwall,
Cell(20,9): magenta,nobaggle,notopwall,noleftwall,
Cell(20,10): green,nobaggle,notopwall,noleftwall,
Cell(20,11): blue,nobaggle,notopwall,noleftwall,
Cell(20,12): cyan,nobaggle,notopwall,noleftwall,
Cell(20,13): orange,nobaggle,notopwall,noleftwall,
Cell(20,14): magenta,nobaggle,notopwall,noleftwall,
Cell(20,16): green,nobaggle,notopwall,noleftwall,
Cell(20,17): red,nobaggle,notopwall,noleftwall,
Cell(20,18): black,nobaggle,notopwall,noleftwall,
Cell(20,19): gray,nobaggle,notopwall,noleftwall,
Cell(20,20): red,nobaggle,notopwall,noleftwall,
Cell(20,21): black,nobaggle,notopwall,noleftwall,
Cell(20,22): black,nobaggle,notopwall,noleftwall,
Cell(21,1): black,nobaggle,notopwall,noleftwall,
Cell(21,2): cyan,nobaggle,notopwall,noleftwall,
Cell(21,3): blue,nobaggle,notopwall,noleftwall,
Cell(21,4): blue,nobaggle,notopwall,noleftwall,
Cell(21,5): gray,nobaggle,notopwall,noleftwall,
Cell(21,6): magenta,nobaggle,notopwall,noleftwall,
Cell(21,7): red,nobaggle,notopwall,noleftwall,
Cell(21,8): red,nobaggle,notopwall,noleftwall,
Cell(21,9): magenta,nobaggle,notopwall,noleftwall,
Cell(21,10): magenta,nobaggle,notopwall,noleftwall,
Cell(21,11): red,nobaggle,notopwall,noleftwall,
Cell(21,12): orange,nobaggle,notopwall,noleftwall,
Cell(21,13): orange,nobaggle,notopwall,noleftwall,
Cell(21,14): red,nobaggle,notopwall,noleftwall,
Cell(21,16): blue,nobaggle,notopwall,noleftwall,
Cell(21,17): blue,nobaggle,notopwall,noleftwall,
Cell(21,18): blue,nobaggle,notopwall,noleftwall,
Cell(21,19): cyan,nobaggle,notopwall,noleftwall,
Cell(21,20): gray,nobaggle,notopwall,noleftwall,
Cell(22,1): black,nobaggle,notopwall,noleftwall,
Cell(22,2): black,nobaggle,notopwall,noleftwall,
Cell(22,3): black,nobaggle,notopwall,noleftwall,
Cell(22,4): black,nobaggle,notopwall,noleftwall,
Cell(22,6): black,nobaggle,notopwall,noleftwall,
Cell(22,7): cyan,nobaggle,notopwall,noleftwall,
Cell(22,8): cyan,nobaggle,notopwall,noleftwall,
Cell(22,9): cyan,nobaggle,notopwall,noleftwall,
Cell(22,10): cyan,nobaggle,notopwall,noleftwall,
Cell(22,11): cyan,nobaggle,notopwall,noleftwall,
Cell(22,12): blue,nobaggle,notopwall,noleftwall,
Cell(22,13): blue,nobaggle,notopwall,noleftwall,
Cell(22,14): cyan,nobaggle,notopwall,noleftwall,
Cell(22,15): cyan,nobaggle,notopwall,noleftwall,
Cell(22,16): green,nobaggle,notopwall,noleftwall,
Cell(22,17): green,nobaggle,notopwall,noleftwall,
Cell(22,18): green,nobaggle,notopwall,noleftwall,
Cell(22,19): green,nobaggle,notopwall,noleftwall,
Cell(22,20): cyan,nobaggle,notopwall,noleftwall,
Cell(22,21): black,nobaggle,notopwall,noleftwall,
Cell(23,6): black,nobaggle,notopwall,noleftwall,
Cell(23,7): black,nobaggle,notopwall,noleftwall,
Cell(23,8): black,nobaggle,notopwall,noleftwall,
Cell(23,9): black,nobaggle,notopwall,noleftwall,
Cell(23,10): black,nobaggle,notopwall,noleftwall,
Cell(23,11): black,nobaggle,notopwall,noleftwall,
Cell(23,12): black,nobaggle,notopwall,noleftwall,
Cell(23,13): black,nobaggle,notopwall,noleftwall,
Cell(23,14): black,nobaggle,notopwall,noleftwall,
Cell(23,15): black,nobaggle,notopwall,noleftwall,
Cell(23,16): black,nobaggle,notopwall,noleftwall,
Cell(23,17): black,nobaggle,notopwall,noleftwall,
Cell(23,18): black,nobaggle,notopwall,noleftwall,
Cell(23,19): black,nobaggle,notopwall,noleftwall,
Cell(23,20): black,nobaggle,notopwall,noleftwall,
Cell(23,21): black,nobaggle,notopwall,noleftwall,
