TurmiteWorld: LLRR (20001 steps)
Size: 30x30
Buggle(16,15): east,red,cyan,ant,noBaggle,
Cell(1,6): blue,nobaggle,notopwall,noleftwall,
Cell(1,7): blue,nobaggle,notopwall,noleftwall,
Cell(1,8): blue,nobaggle,notopwall,noleftwall,
Cell(1,9): blue,nobaggle,notopwall,noleftwall,
Cell(1,10): blue,nobaggle,notopwall,noleftwall,
Cell(1,11): blue,nobaggle,notopwall,noleftwall,
Cell(1,12): blue,nobaggle,notopwall,noleftwall,
Cell(1,13): blue,nobaggle,notopwall,noleftwall,
Cell(1,14): blue,nobaggle,notopwall,noleftwall,
Cell(1,15): blue,nobaggle,notopwall,noleftwall,
Cell(1,16): blue,nobaggle,notopwall,noleftwall,
Cell(1,17): blue,nobaggle,notopwall,noleftwall,
Cell(1,18): blue,nobaggle,notopwall,noleftwall,
Cell(1,19): blue,nobaggle,notopwall,noleftwall,
Cell(1,20): blue,nobaggle,notopwall,noleftwall,
Cell(1,21): blue,nobaggle,notopwall,noleftwall,
Cell(1,22): blue,nobaggle,notopwall,noleftwall,
Cell(1,23): blue,nobaggle,notopwall,noleftwall,
Cell(1,24): blue,nobaggle,notopwall,noleftwall,
Cell(1,25): blue,nobaggle,notopwall,noleftwall,
Cell(2,5): blue,nobaggle,notopwall,noleftwall,
Cell(2,7): blue,nobaggle,notopwall,noleftwall,
Cell(2,24): blue,nobaggle,notopwall,noleftwall,
Cell(2,26): blue,nobaggle,notopwall,noleftwall,
Cell(3,4): blue,nobaggle,notopwall,noleftwall,
Cell(3,6): blue,nobaggle,notopwall,noleftwall,
Cell(3,10): blue,nobaggle,notopwall,noleftwall,
Cell(3,11): blue,nobaggle,notopwall,noleftwall,
Cell(3,12): blue,nobaggle,notopwall,noleftwall,
Cell(3,13): blue,nobaggle,notopwall,noleftwall,
Cell(3,14): blue,nobaggle,notopwall,noleftwall,
Cell(3,15): blue,nobaggle,notopwall,noleftwall,
Cell(3,16): blue,nobaggle,notopwall,noleftwall,
Cell(3,17): blue,nobaggle,notopwall,noleftwall,
Cell(3,18): blue,nobaggle,notopwall,noleftwall,
Cell(3,19): blue,nobaggle,notopwall,noleftwall,
Cell(3,20): blue,nobaggle,notopwall,noleftwall,
Cell(3,21): blue,nobaggle,notopwall,noleftwall,
Cell(3,25): blue,nobaggle,notopwall,noleftwall,
Cell(3,27): blue,nobaggle,notopwall,noleftwall,
Cell(4,3): blue,nobaggle,notopwall,noleftwall,
Cell(4,6): blue,nobaggle,notopwall,noleftwall,
Cell(4,7): blue,nobaggle,notopwall,noleftwall,
Cell(4,8): blue,nobaggle,notopwall,noleftwall,
Cell(4,9): blue,nobaggle,notopwall,noleftwall,
Cell(4,10): blue,nobaggle,notopwall,noleftwall,
Cell(4,11): blue,nobaggle,notopwall,noleftwall,
Cell(4,12): blue,nobaggle,notopwall,noleftwall,
Cell(4,13): blue,nobaggle,notopwall,noleftwall,
Cell(4,14): blue,nobaggle,notopwall,noleftwall,
Cell(4,15): blue,nobaggle,notopwall,noleftwall,
Cell(4,16): blue,nobaggle,notopwall,noleftwall,
Cell(4,17): blue,nobaggle,notopwall,noleftwall,
Cell(4,18): blue,nobaggle,notopwall,noleftwall,
Cell(4,19): blue,nobaggle,notopwall,noleftwall,
Cell(4,20): blue,nobaggle,notopwall,noleftwall,
Cell(4,21): blue,nobaggle,notopwall,noleftwall,
Cell(4,22): blue,nobaggle,notopwall,noleftwall,
Cell(4,23): blue,nobaggle,notopwall,noleftwall,
Cell(4,24): blue,nobaggle,notopwall,noleftwall,
Cell(4,25): blue,nobaggle,notopwall,noleftwall,
Cell(4,28): blue,nobaggle,notopwall,noleftwall,
Cell(5,3): blue,nobaggle,notopwall,noleftwall,
Cell(5,4): blue,nobaggle,notopwall,noleftwall,
Cell(5,7): cyan,nobaggle,notopwall,noleftwall,
Cell(5,8): cyan,nobaggle,notopwall,noleftwall,
Cell(5,9): blue,nobaggle,notopwall,noleftwall,
Cell(5,12): blue,nobaggle,notopwall,noleftwall,
Cell(5,19): blue,nobaggle,notopwall,noleftwall,
Cell(5,22): blue,nobaggle,notopwall,noleftwall,
Cell(5,23): cyan,nobaggle,notopwall,noleftwall,
Cell(5,24): cyan,nobaggle,notopwall,noleftwall,
Cell(5,27): blue,nobaggle,notopwall,noleftwall,
Cell(5,28): blue,nobaggle,notopwall,noleftwall,
Cell(6,0): black,nobaggle,notopwall,noleftwall,
Cell(6,1): black,nobaggle,notopwall,noleftwall,
Cell(6,2): black,nobaggle,notopwall,noleftwall,
Cell(6,3): blue,nobaggle,notopwall,noleftwall,
Cell(6,4): blue,nobaggle,notopwall,noleftwall,
Cell(6,6): cyan,nobaggle,notopwall,noleftwall,
Cell(6,8): cyan,nobaggle,notopwall,noleftwall,
Cell(6,12): blue,nobaggle,notopwall,noleftwall,
Cell(6,19): blue,nobaggle,notopwall,noleftwall,
Cell(6,23): cyan,nobaggle,notopwall,noleftwall,
Cell(6,25): cyan,nobaggle,notopwall,noleftwall,
Cell(6,27): blue,nobaggle,notopwall,noleftwall,
Cell(6,28): blue,nobaggle,notopwall,noleftwall,
Cell(6,29): black,nobaggle,notopwall,noleftwall,
Cell(7,0): black,nobaggle,notopwall,noleftwall,
Cell(7,1): black,nobaggle,notopwall,noleftwall,
Cell(7,2): black,nobaggle,notopwall,noleftwall,
Cell(7,3): blue,nobaggle,notopwall,noleftwall,
Cell(7,4): blue,nobaggle,notopwall,noleftwall,
Cell(7,5): cyan,nobaggle,notopwall,noleftwall,
Cell(7,7): cyan,nobaggle,notopwall,noleftwall,
Cell(7,9): blue,nobaggle,notopwall,noleftwall,
Cell(7,11): blue,nobaggle,notopwall,noleftwall,
Cell(7,13): blue,nobaggle,notopwall,noleftwall,
Cell(7,14): black,nobaggle,notopwall,noleftwall,
Cell(7,15): black,nobaggle,notopwall,noleftwall,
Cell(7,16): black,nobaggle,notopwall,noleftwall,
Cell(7,17): black,nobaggle,notopwall,noleftwall,
Cell(7,18): blue,nobaggle,notopwall,noleftwall,
Cell(7,20): blue,nobaggle,notopwall,noleftwall,
Cell(7,22): blue,nobaggle,notopwall,noleftwall,
Cell(7,24): cyan,nobaggle,notopwall,noleftwall,
Cell(7,26): cyan,nobaggle,notopwall,noleftwall,
Cell(7,27): blue,nobaggle,notopwall,noleftwall,
Cell(7,28): blue,nobaggle,notopwall,noleftwall,
Cell(7,29): black,nobaggle,notopwall,noleftwall,
Cell(8,0): blue,nobaggle,notopwall,noleftwall,
Cell(8,1): blue,nobaggle,notopwall,noleftwall,
Cell(8,4): blue,nobaggle,notopwall,noleftwall,
Cell(8,5): cyan,nobaggle,notopwall,noleftwall,
Cell(8,6): cyan,nobaggle,notopwall,noleftwall,
Cell(8,12): blue,nobaggle,notopwall,noleftwall,
Cell(8,13): blue,nobaggle,notopwall,noleftwall,
Cell(8,14): black,nobaggle,notopwall,noleftwall,
Cell(8,15): black,nobaggle,notopwall,noleftwall,
Cell(8,16): black,nobaggle,notopwall,noleftwall,
Cell(8,17): black,nobaggle,notopwall,noleftwall,
Cell(8,18): blue,nobaggle,notopwall,noleftwall,
Cell(8,19): blue,nobaggle,notopwall,noleftwall,
Cell(8,25): cyan,nobaggle,notopwall,noleftwall,
Cell(8,26): cyan,nobaggle,notopwall,noleftwall,
Cell(8,27): blue,nobaggle,notopwall,noleftwall,
Cell(9,0): blue,nobaggle,notopwall,noleftwall,
Cell(9,1): blue,nobaggle,notopwall,noleftwall,
Cell(9,2): black,nobaggle,notopwall,noleftwall,
Cell(9,3): black,nobaggle,notopwall,noleftwall,
Cell(9,4): black,nobaggle,notopwall,noleftwall,
Cell(9,5): black,nobaggle,notopwall,noleftwall,
Cell(9,9): blue,nobaggle,notopwall,noleftwall,
Cell(9,10): blue,nobaggle,notopwall,noleftwall,
Cell(9,11): blue,nobaggle,notopwall,noleftwall,
Cell(9,13): cyan,nobaggle,notopwall,noleftwall,
Cell(9,14): cyan,nobaggle,notopwall,noleftwall,
Cell(9,17): cyan,nobaggle,notopwall,noleftwall,
Cell(9,18): cyan,nobaggle,notopwall,noleftwall,
Cell(9,20): blue,nobaggle,notopwall,noleftwall,
Cell(9,21): blue,nobaggle,notopwall,noleftwall,
Cell(9,22): blue,nobaggle,notopwall,noleftwall,
Cell(9,26): black,nobaggle,notopwall,noleftwall,
Cell(9,27): black,nobaggle,notopwall,noleftwall,
Cell(9,28): black,nobaggle,notopwall,noleftwall,
Cell(9,29): black,nobaggle,notopwall,noleftwall,
Cell(10,0): black,nobaggle,notopwall,noleftwall,
Cell(10,1): black,nobaggle,notopwall,noleftwall,
Cell(10,2): blue,nobaggle,notopwall,noleftwall,
Cell(10,3): black,nobaggle,notopwall,noleftwall,
Cell(10,4): black,nobaggle,notopwall,noleftwall,
Cell(10,5): black,nobaggle,notopwall,noleftwall,
Cell(10,9): blue,nobaggle,notopwall,noleftwall,
Cell(10,11): blue,nobaggle,notopwall,noleftwall,
Cell(10,12): blue,nobaggle,notopwall,noleftwall,
Cell(10,13): cyan,nobaggle,notopwall,noleftwall,
Cell(10,14): cyan,nobaggle,notopwall,noleftwall,
Cell(10,17): cyan,nobaggle,notopwall,noleftwall,
Cell(10,18): cyan,nobaggle,notopwall,noleftwall,
Cell(10,19): blue,nobaggle,notopwall,noleftwall,
Cell(10,20): blue,nobaggle,notopwall,noleftwall,
Cell(10,22): blue,nobaggle,notopwall,noleftwall,
Cell(10,26): black,nobaggle,notopwall,noleftwall,
Cell(10,27): black,nobaggle,notopwall,noleftwall,
Cell(10,28): black,nobaggle,notopwall,noleftwall,
Cell(10,29): blue,nobaggle,notopwall,noleftwall,
Cell(11,0): black,nobaggle,notopwall,noleftwall,
Cell(11,1): black,nobaggle,notopwall,noleftwall,
Cell(11,2): black,nobaggle,notopwall,noleftwall,
Cell(11,5): cyan,nobaggle,notopwall,noleftwall,
Cell(11,6): cyan,nobaggle,notopwall,noleftwall,
Cell(11,7): blue,nobaggle,notopwall,noleftwall,
Cell(11,8): blue,nobaggle,notopwall,noleftwall,
Cell(11,9): blue,nobaggle,notopwall,noleftwall,
Cell(11,14): blue,nobaggle,notopwall,noleftwall,
Cell(11,17): blue,nobaggle,notopwall,noleftwall,
Cell(11,22): blue,nobaggle,notopwall,noleftwall,
Cell(11,23): blue,nobaggle,notopwall,noleftwall,
Cell(11,24): blue,nobaggle,notopwall,noleftwall,
Cell(11,25): cyan,nobaggle,notopwall,noleftwall,
Cell(11,26): cyan,nobaggle,notopwall,noleftwall,
Cell(11,29): black,nobaggle,notopwall,noleftwall,
Cell(12,0): blue,nobaggle,notopwall,noleftwall,
Cell(12,1): blue,nobaggle,notopwall,noleftwall,
Cell(12,4): blue,nobaggle,notopwall,noleftwall,
Cell(12,5): cyan,nobaggle,notopwall,noleftwall,
Cell(12,6): cyan,nobaggle,notopwall,noleftwall,
Cell(12,8): blue,nobaggle,notopwall,noleftwall,
Cell(12,10): cyan,nobaggle,notopwall,noleftwall,
Cell(12,11): cyan,nobaggle,notopwall,noleftwall,
Cell(12,12): cyan,nobaggle,notopwall,noleftwall,
Cell(12,13): cyan,nobaggle,notopwall,noleftwall,
Cell(12,14): blue,nobaggle,notopwall,noleftwall,
Cell(12,15): blue,nobaggle,notopwall,noleftwall,
Cell(12,16): blue,nobaggle,notopwall,noleftwall,
Cell(12,17): blue,nobaggle,notopwall,noleftwall,
Cell(12,18): cyan,nobaggle,notopwall,noleftwall,
Cell(12,19): cyan,nobaggle,notopwall,noleftwall,
Cell(12,20): cyan,nobaggle,notopwall,noleftwall,
Cell(12,21): cyan,nobaggle,notopwall,noleftwall,
Cell(12,23): blue,nobaggle,notopwall,noleftwall,
Cell(12,25): cyan,nobaggle,notopwall,noleftwall,
Cell(12,26): cyan,nobaggle,notopwall,noleftwall,
Cell(12,27): blue,nobaggle,notopwall,noleftwall,
Cell(13,2): blue,nobaggle,notopwall,noleftwall,
Cell(13,3): blue,nobaggle,notopwall,noleftwall,
Cell(13,6): black,nobaggle,notopwall,noleftwall,
Cell(13,7): black,nobaggle,notopwall,noleftwall,
Cell(13,10): cyan,nobaggle,notopwall,noleftwall,
Cell(13,11): cyan,nobaggle,notopwall,noleftwall,
Cell(13,12): cyan,nobaggle,notopwall,noleftwall,
Cell(13,13): cyan,nobaggle,notopwall,noleftwall,
Cell(13,14): black,nobaggle,notopwall,noleftwall,
Cell(13,15): black,nobaggle,notopwall,noleftwall,
Cell(13,16): black,nobaggle,notopwall,noleftwall,
Cell(13,17): black,nobaggle,notopwall,noleftwall,
Cell(13,18): cyan,nobaggle,notopwall,noleftwall,
Cell(13,19): cyan,nobaggle,notopwall,noleftwall,
Cell(13,20): cyan,nobaggle,notopwall,noleftwall,
Cell(13,21): cyan,nobaggle,notopwall,noleftwall,
Cell(13,24): black,nobaggle,notopwall,noleftwall,
Cell(13,25): black,nobaggle,notopwall,noleftwall,
Cell(13,28): blue,nobaggle,notopwall,noleftwall,
Cell(13,29): blue,nobaggle,notopwall,noleftwall,
Cell(14,2): blue,nobaggle,notopwall,noleftwall,
Cell(14,3): blue,nobaggle,notopwall,noleftwall,
Cell(14,4): blue,nobaggle,notopwall,noleftwall,
Cell(14,5): black,nobaggle,notopwall,noleftwall,
Cell(14,7): blue,nobaggle,notopwall,noleftwall,
Cell(14,8): black,nobaggle,notopwall,noleftwall,
Cell(14,9): blue,nobaggle,notopwall,noleftwall,
Cell(14,12): blue,nobaggle,notopwall,noleftwall,
Cell(14,13): blue,nobaggle,notopwall,noleftwall,
Cell(14,14): black,nobaggle,notopwall,noleftwall,
Cell(14,15): black,nobaggle,notopwall,noleftwall,
Cell(14,16): black,nobaggle,notopwall,noleftwall,
Cell(14,17): black,nobaggle,notopwall,noleftwall,
Cell(14,18): blue,nobaggle,notopwall,noleftwall,
Cell(14,19): blue,nobaggle,notopwall,noleftwall,
Cell(14,22): blue,nobaggle,notopwall,noleftwall,
Cell(14,23): black,nobaggle,notopwall,noleftwall,
Cell(14,24): blue,nobaggle,notopwall,noleftwall,
Cell(14,26): black,nobaggle,notopwall,noleftwall,
Cell(14,27): blue,nobaggle,notopwall,noleftwall,
Cell(14,28): blue,nobaggle,notopwall,noleftwall,
Cell(14,29): blue,nobaggle,notopwall,noleftwall,
Cell(15,0): blue,nobaggle,notopwall,noleftwall,
Cell(15,1): blue,nobaggle,notopwall,noleftwall,
Cell(15,4): black,nobaggle,notopwall,noleftwall,
Cell(15,5): blue,nobaggle,notopwall,noleftwall,
Cell(15,8): black,nobaggle,notopwall,noleftwall,
Cell(15,10): blue,nobaggle,notopwall,noleftwall,
Cell(15,11): blue,nobaggle,notopwall,noleftwall,
Cell(15,14): blue,nobaggle,notopwall,noleftwall,
Cell(15,15): cyan,nobaggle,notopwall,noleftwall,
Cell(15,16): blue,nobaggle,notopwall,noleftwall,
Cell(15,17): blue,nobaggle,notopwall,noleftwall,
Cell(15,20): blue,nobaggle,notopwall,noleftwall,
Cell(15,21): blue,nobaggle,notopwall,noleftwall,
Cell(15,23): black,nobaggle,notopwall,noleftwall,
Cell(15,26): blue,nobaggle,notopwall,noleftwall,
Cell(15,27): black,nobaggle,notopwall,noleftwall,
Cell(16,0): blue,nobaggle,notopwall,noleftwall,
Cell(16,1): blue,nobaggle,notopwall,noleftwall,
Cell(16,3): black,nobaggle,notopwall,noleftwall,
Cell(16,4): blue,nobaggle,notopwall,noleftwall,
Cell(16,5): blue,nobaggle,notopwall,noleftwall,
Cell(16,6): blue,nobaggle,notopwall,noleftwall,
Cell(16,8): black,nobaggle,notopwall,noleftwall,
Cell(16,12): blue,nobaggle,notopwall,noleftwall,
Cell(16,13): black,nobaggle,notopwall,noleftwall,
Cell(16,14): black,nobaggle,notopwall,noleftwall,
Cell(16,15): blue,nobaggle,notopwall,noleftwall,
Cell(16,16): blue,nobaggle,notopwall,noleftwall,
Cell(16,17): black,nobaggle,notopwall,noleftwall,
Cell(16,18): black,nobaggle,notopwall,noleftwall,
Cell(16,19): blue,nobaggle,notopwall,noleftwall,
Cell(16,23): black,nobaggle,notopwall,noleftwall,
Cell(16,25): blue,nobaggle,notopwall,noleftwall,
Cell(16,26): blue,nobaggle,notopwall,noleftwall,
Cell(16,27): blue,nobaggle,notopwall,noleftwall,
Cell(16,28): black,nobaggle,notopwall,noleftwall,
Cell(17,3): black,nobaggle,notopwall,noleftwall,
Cell(17,4): blue,nobaggle,notopwall,noleftwall,
Cell(17,5): blue,nobaggle,notopwall,noleftwall,
Cell(17,8): black,nobaggle,notopwall,noleftwall,
Cell(17,11): blue,nobaggle,notopwall,noleftwall,
Cell(17,13): black,nobaggle,notopwall,noleftwall,
Cell(17,14): black,nobaggle,notopwall,noleftwall,
Cell(17,15): blue,nobaggle,notopwall,noleftwall,
Cell(17,16): blue,nobaggle,notopwall,noleftwall,
Cell(17,17): black,nobaggle,notopwall,noleftwall,
Cell(17,18): black,nobaggle,notopwall,noleftwall,
Cell(17,20): blue,nobaggle,notopwall,noleftwall,
Cell(17,23): black,nobaggle,notopwall,noleftwall,
Cell(17,26): blue,nobaggle,notopwall,noleftwall,
Cell(17,27): blue,nobaggle,notopwall,noleftwall,
Cell(17,28): black,nobaggle,notopwall,noleftwall,
Cell(18,2): blue,nobaggle,notopwall,noleftwall,
Cell(18,4): black,nobaggle,notopwall,noleftwall,
Cell(18,6): blue,nobaggle,notopwall,noleftwall,
Cell(18,8): black,nobaggle,notopwall,noleftwall,
Cell(18,12): blue,nobaggle,notopwall,noleftwall,
Cell(18,13): blue,nobaggle,notopwall,noleftwall,
Cell(18,15): blue,nobaggle,notopwall,noleftwall,
Cell(18,16): blue,nobaggle,notopwall,noleftwall,
Cell(18,18): blue,nobaggle,notopwall,noleftwall,
Cell(18,19): blue,nobaggle,notopwall,noleftwall,
Cell(18,23): black,nobaggle,notopwall,noleftwall,
Cell(18,25): blue,nobaggle,notopwall,noleftwall,
Cell(18,27): black,nobaggle,notopwall,noleftwall,
Cell(18,29): blue,nobaggle,notopwall,noleftwall,
Cell(19,0): blue,nobaggle,notopwall,noleftwall,
Cell(19,1): blue,nobaggle,notopwall,noleftwall,
Cell(19,3): blue,nobaggle,notopwall,noleftwall,
Cell(19,4): black,nobaggle,notopwall,noleftwall,
Cell(19,5): blue,nobaggle,notopwall,noleftwall,
Cell(19,6): black,nobaggle,notopwall,noleftwall,
Cell(19,7): black,nobaggle,notopwall,noleftwall,
Cell(19,9): black,nobaggle,notopwall,noleftwall,
Cell(19,10): black,nobaggle,notopwall,noleftwall,
Cell(19,11): black,nobaggle,notopwall,noleftwall,
Cell(19,14): blue,nobaggle,notopwall,noleftwall,
Cell(19,17): blue,nobaggle,notopwall,noleftwall,
Cell(19,20): black,nobaggle,notopwall,noleftwall,
Cell(19,21): black,nobaggle,notopwall,noleftwall,
Cell(19,22): black,nobaggle,notopwall,noleftwall,
Cell(19,24): black,nobaggle,notopwall,noleftwall,
Cell(19,25): black,nobaggle,notopwall,noleftwall,
Cell(19,26): blue,nobaggle,notopwall,noleftwall,
Cell(19,27): black,nobaggle,notopwall,noleftwall,
Cell(19,28): blue,nobaggle,notopwall,noleftwall,
Cell(20,2): blue,nobaggle,notopwall,noleftwall,
Cell(20,4): black,nobaggle,notopwall,noleftwall,
Cell(20,6): black,nobaggle,notopwall,noleftwall,
Cell(20,7): black,nobaggle,notopwall,noleftwall,
Cell(20,8): blue,nobaggle,notopwall,noleftwall,
Cell(20,9): blue,nobaggle,notopwall,noleftwall,
Cell(20,11): black,nobaggle,notopwall,noleftwall,
Cell(20,13): blue,nobaggle,notopwall,noleftwall,
Cell(20,14): blue,nobaggle,notopwall,noleftwall,
Cell(20,17): blue,nobaggle,notopwall,noleftwall,
Cell(20,18): blue,nobaggle,notopwall,noleftwall,
Cell(20,20): black,nobaggle,notopwall,noleftwall,
Cell(20,22): blue,nobaggle,notopwall,noleftwall,
Cell(20,23): blue,nobaggle,notopwall,noleftwall,
Cell(20,24): black,nobaggle,notopwall,noleftwall,
Cell(20,25): black,nobaggle,notopwall,noleftwall,
Cell(20,27): black,nobaggle,notopwall,noleftwall,
Cell(20,29): blue,nobaggle,notopwall,noleftwall,
Cell(21,3): blue,nobaggle,notopwall,noleftwall,
Cell(21,5): black,nobaggle,notopwall,noleftwall,
Cell(21,6): blue,nobaggle,notopwall,noleftwall,
Cell(21,7): blue,nobaggle,notopwall,noleftwall,
Cell(21,10): black,nobaggle,notopwall,noleftwall,
Cell(21,12): blue,nobaggle,notopwall,noleftwall,
Cell(21,14): black,nobaggle,notopwall,noleftwall,
Cell(21,15): black,nobaggle,notopwall,noleftwall,
Cell(21,16): black,nobaggle,notopwall,noleftwall,
Cell(21,17): black,nobaggle,notopwall,noleftwall,
Cell(21,19): blue,nobaggle,notopwall,noleftwall,
Cell(21,21): black,nobaggle,notopwall,noleftwall,
Cell(21,24): blue,nobaggle,notopwall,noleftwall,
Cell(21,25): blue,nobaggle,notopwall,noleftwall,
Cell(21,26): black,nobaggle,notopwall,noleftwall,
Cell(21,28): blue,nobaggle,notopwall,noleftwall,
Cell(22,4): blue,nobaggle,notopwall,noleftwall,
Cell(22,6): black,nobaggle,notopwall,noleftwall,
Cell(22,7): blue,nobaggle,notopwall,noleftwall,
Cell(22,10): black,nobaggle,notopwall,noleftwall,
Cell(22,11): blue,nobaggle,notopwall,noleftwall,
Cell(22,13): black,nobaggle,notopwall,noleftwall,
Cell(22,14): blue,nobaggle,notopwall,noleftwall,
Cell(22,15): black,nobaggle,notopwall,noleftwall,
Cell(22,16): black,nobaggle,notopwall,noleftwall,
Cell(22,17): blue,nobaggle,notopwall,noleftwall,
Cell(22,18): black,nobaggle,notopwall,noleftwall,
Cell(22,20): blue,nobaggle,notopwall,noleftwall,
Cell(22,21): black,nobaggle,notopwall,noleftwall,
Cell(22,24): blue,nobaggle,notopwall,noleftwall,
Cell(22,25): black,nobaggle,notopwall,noleftwall,
Cell(22,27): blue,nobaggle,notopwall,noleftwall,
Cell(23,5): blue,nobaggle,notopwall,noleftwall,
Cell(23,7): black,nobaggle,notopwall,noleftwall,
Cell(23,8): blue,nobaggle,notopwall,noleftwall,
Cell(23,9): cyan,nobaggle,notopwall,noleftwall,
Cell(23,10): cyan,nobaggle,notopwall,noleftwall,
Cell(23,11): black,nobaggle,notopwall,noleftwall,
Cell(23,12): blue,nobaggle,notopwall,noleftwall,
Cell(23,13): black,nobaggle,notopwall,noleftwall,
Cell(23,14): black,nobaggle,notopwall,noleftwall,
Cell(23,17): black,nobaggle,notopwall,noleftwall,
Cell(23,18): black,nobaggle,notopwall,noleftwall,
Cell(23,19): blue,nobaggle,notopwall,noleftwall,
Cell(23,20): black,nobaggle,notopwall,noleftwall,
Cell(23,21): cyan,nobaggle,notopwall,noleftwall,
Cell(23,22): cyan,nobaggle,notopwall,noleftwall,
Cell(23,23): blue,nobaggle,notopwall,noleftwall,
Cell(23,24): black,nobaggle,notopwall,noleftwall,
Cell(23,26): blue,nobaggle,notopwall,noleftwall,
Cell(24,6): blue,nobaggle,notopwall,noleftwall,
Cell(24,8): black,nobaggle,notopwall,noleftwall,
Cell(24,9): cyan,nobaggle,notopwall,noleftwall,
Cell(24,10): cyan,nobaggle,notopwall,noleftwall,
Cell(24,12): black,nobaggle,notopwall,noleftwall,
Cell(24,19): black,nobaggle,notopwall,noleftwall,
Cell(24,21): cyan,nobaggle,notopwall,noleftwall,
Cell(24,22): cyan,nobaggle,notopwall,noleftwall,
Cell(24,23): black,nobaggle,notopwall,noleftwall,
Cell(24,25): blue,nobaggle,notopwall,noleftwall,
Cell(25,7): blue,nobaggle,notopwall,noleftwall,
Cell(25,8): blue,nobaggle,notopwall,noleftwall,
Cell(25,9): black,nobaggle,notopwall,noleftwall,
Cell(25,10): black,nobaggle,notopwall,noleftwall,
Cell(25,11): black,nobaggle,notopwall,noleftwall,
Cell(25,12): black,nobaggle,notopwall,noleftwall,
Cell(25,19): black,nobaggle,notopwall,noleftwall,
Cell(25,20): black,nobaggle,notopwall,noleftwall,
Cell(25,21): black,nobaggle,notopwall,noleftwall,
Cell(25,22): black,nobaggle,notopwall,noleftwall,
Cell(25,23): blue,nobaggle,notopwall,noleftwall,
Cell(25,24): blue,nobaggle,notopwall,noleftwall,
