TurmiteWorld: RL (12001 steps)
Size: 100x70
Buggle(11,55): east,red,black,ant,noBaggle,
Cell(9,52): black,nobaggle,notopwall,noleftwall,
Cell(9,53): black,nobaggle,notopwall,noleftwall,
Cell(10,51): black,nobaggle,notopwall,noleftwall,
Cell(10,52): black,nobaggle,notopwall,noleftwall,
Cell(10,53): black,nobaggle,notopwall,noleftwall,
Cell(10,54): black,nobaggle,notopwall,noleftwall,
Cell(10,55): black,nobaggle,notopwall,noleftwall,
Cell(10,56): black,nobaggle,notopwall,noleftwall,
Cell(11,50): black,nobaggle,notopwall,noleftwall,
Cell(11,52): black,nobaggle,notopwall,noleftwall,
Cell(11,53): black,nobaggle,notopwall,noleftwall,
Cell(11,56): black,nobaggle,notopwall,noleftwall,
Cell(12,49): black,nobaggle,notopwall,noleftwall,
Cell(12,50): black,nobaggle,notopwall,noleftwall,
Cell(12,52): black,nobaggle,notopwall,noleftwall,
Cell(12,54): black,nobaggle,notopwall,noleftwall,
Cell(12,55): black,nobaggle,notopwall,noleftwall,
Cell(12,56): black,nobaggle,notopwall,noleftwall,
Cell(13,48): black,nobaggle,notopwall,noleftwall,
Cell(13,50): black,nobaggle,notopwall,noleftwall,
Cell(13,51): black,nobaggle,notopwall,noleftwall,
Cell(13,52): black,nobaggle,notopwall,noleftwall,
Cell(13,54): black,nobaggle,notopwall,noleftwall,
Cell(13,55): black,nobaggle,notopwall,noleftwall,
Cell(13,56): black,nobaggle,notopwall,noleftwall,
Cell(13,57): black,nobaggle,notopwall,noleftwall,
Cell(14,47): black,nobaggle,notopwall,noleftwall,
Cell(14,48): black,nobaggle,notopwall,noleftwall,
Cell(14,51): black,nobaggle,notopwall,noleftwall,
Cell(14,53): black,nobaggle,notopwall,noleftwall,
Cell(14,54): black,nobaggle,notopwall,noleftwall,
Cell(14,55): black,nobaggle,notopwall,noleftwall,
Cell(14,56): black,nobaggle,notopwall,noleftwall,
Cell(14,57): black,nobaggle,notopwall,noleftwall,
Cell(15,46): black,nobaggle,notopwall,noleftwall,
Cell(15,48): black,nobaggle,notopwall,noleftwall,
Cell(15,49): black,nobaggle,notopwall,noleftwall,
Cell(15,51): black,nobaggle,notopwall,noleftwall,
Cell(15,52): black,nobaggle,notopwall,noleftwall,
Cell(15,56): black,nobaggle,notopwall,noleftwall,
Cell(16,45): black,nobaggle,notopwall,noleftwall,
Cell(16,46): black,nobaggle,notopwall,noleftwall,
Cell(16,49): black,nobaggle,notopwall,noleftwall,
Cell(16,53): black,nobaggle,notopwall,noleftwall,
Cell(16,54): black,nobaggle,notopwall,noleftwall,
Cell(16,55): black,nobaggle,notopwall,noleftwall,
Cell(17,44): black,nobaggle,notopwall,noleftwall,
Cell(17,46): black,nobaggle,notopwall,noleftwall,
Cell(17,47): black,nobaggle,notopwall,noleftwall,
Cell(17,49): black,nobaggle,notopwall,noleftwall,
Cell(17,50): black,nobaggle,notopwall,noleftwall,
Cell(17,54): black,nobaggle,notopwall,noleftwall,
Cell(18,43): black,nobaggle,notopwall,noleftwall,
Cell(18,44): black,nobaggle,notopwall,noleftwall,
Cell(18,47): black,nobaggle,notopwall,noleftwall,
Cell(18,51): black,nobaggle,notopwall,noleftwall,
Cell(18,52): black,nobaggle,notopwall,noleftwall,
Cell(18,53): black,nobaggle,notopwall,noleftwall,
Cell(19,42): black,nobaggle,notopwall,noleftwall,
Cell(19,44): black,nobaggle,notopwall,noleftwall,
Cell(19,45): black,nobaggle,notopwall,noleftwall,
Cell(19,47): black,nobaggle,notopwall,noleftwall,
Cell(19,48): black,nobaggle,notopwall,noleftwall,
Cell(19,52): black,nobaggle,notopwall,noleftwall,
Cell(20,41): black,nobaggle,notopwall,noleftwall,
Cell(20,42): black,nobaggle,notopwall,noleftwall,
Cell(20,45): black,nobaggle,notopwall,noleftwall,
Cell(20,49): black,nobaggle,notopwall,noleftwall,
Cell(20,50): black,nobaggle,notopwall,noleftwall,
Cell(20,51): black,nobaggle,notopwall,noleftwall,
Cell(21,40): black,nobaggle,notopwall,noleftwall,
Cell(21,42): black,nobaggle,notopwall,noleftwall,
Cell(21,43): black,nobaggle,notopwall,noleftwall,
Cell(21,45): black,nobaggle,notopwall,noleftwall,
Cell(21,46): black,nobaggle,notopwall,noleftwall,
Cell(21,50): black,nobaggle,notopwall,noleftwall,
Cell(22,39): black,nobaggle,notopwall,noleftwall,
Cell(22,40): black,nobaggle,notopwall,noleftwall,
Cell(22,43): black,nobaggle,notopwall,noleftwall,
Cell(22,47): black,nobaggle,notopwall,noleftwall,
Cell(22,48): black,nobaggle,notopwall,noleftwall,
Cell(22,49): black,nobaggle,notopwall,noleftwall,
Cell(23,38): black,nobaggle,notopwall,noleftwall,
Cell(23,40): black,nobaggle,notopwall,noleftwall,
Cell(23,41): black,nobaggle,notopwall,noleftwall,
Cell(23,43): black,nobaggle,notopwall,noleftwall,
Cell(23,44): black,nobaggle,notopwall,noleftwall,
Cell(23,48): black,nobaggle,notopwall,noleftwall,
Cell(24,37): black,nobaggle,notopwall,noleftwall,
Cell(24,38): black,nobaggle,notopwall,noleftwall,
Cell(24,41): black,nobaggle,notopwall,noleftwall,
Cell(24,45): black,nobaggle,notopwall,noleftwall,
Cell(24,46): black,nobaggle,notopwall,noleftwall,
Cell(24,47): black,nobaggle,notopwall,noleftwall,
Cell(25,36): black,nobaggle,notopwall,noleftwall,
Cell(25,38): black,nobaggle,notopwall,noleftwall,
Cell(25,39): black,nobaggle,notopwall,noleftwall,
Cell(25,41): black,nobaggle,notopwall,noleftwall,
Cell(25,42): black,nobaggle,notopwall,noleftwall,
Cell(25,46): black,nobaggle,notopwall,noleftwall,
Cell(26,35): black,nobaggle,notopwall,noleftwall,
Cell(26,36): black,nobaggle,notopwall,noleftwall,
Cell(26,39): black,nobaggle,notopwall,noleftwall,
Cell(26,43): black,nobaggle,notopwall,noleftwall,
Cell(26,44): black,nobaggle,notopwall,noleftwall,
Cell(26,45): black,nobaggle,notopwall,noleftwall,
Cell(27,34): black,nobaggle,notopwall,noleftwall,
Cell(27,36): black,nobaggle,notopwall,noleftwall,
Cell(27,37): black,nobaggle,notopwall,noleftwall,
Cell(27,39): black,nobaggle,notopwall,noleftwall,
Cell(27,40): black,nobaggle,notopwall,noleftwall,
Cell(27,44): black,nobaggle,notopwall,noleftwall,
Cell(28,33): black,nobaggle,notopwall,noleftwall,
Cell(28,34): black,nobaggle,notopwall,noleftwall,
Cell(28,37): black,nobaggle,notopwall,noleftwall,
Cell(28,41): black,nobaggle,notopwall,noleftwall,
Cell(28,42): black,nobaggle,notopwall,noleftwall,
Cell(28,43): black,nobaggle,notopwall,noleftwall,
Cell(29,32): black,nobaggle,notopwall,noleftwall,
Cell(29,34): black,nobaggle,notopwall,noleftwall,
Cell(29,35): black,nobaggle,notopwall,noleftwall,
Cell(29,37): black,nobaggle,notopwall,noleftwall,
Cell(29,38): black,nobaggle,notopwall,noleftwall,
Cell(29,42): black,nobaggle,notopwall,noleftwall,
Cell(30,31): black,nobaggle,notopwall,noleftwall,
Cell(30,32): black,nobaggle,notopwall,noleftwall,
Cell(30,35): black,nobaggle,notopwall,noleftwall,
Cell(30,39): black,nobaggle,notopwall,noleftwall,
Cell(30,40): black,nobaggle,notopwall,noleftwall,
Cell(30,41): black,nobaggle,notopwall,noleftwall,
Cell(31,30): black,nobaggle,notopwall,noleftwall,
Cell(31,32): black,nobaggle,notopwall,noleftwall,
Cell(31,33): black,nobaggle,notopwall,noleftwall,
Cell(31,35): black,nobaggle,notopwall,noleftwall,
Cell(31,36): black,nobaggle,notopwall,noleftwall,
Cell(31,40): black,nobaggle,notopwall,noleftwall,
Cell(32,29): black,nobaggle,notopwall,noleftwall,
Cell(32,30): black,nobaggle,notopwall,noleftwall,
Cell(32,33): black,nobaggle,notopwall,noleftwall,
Cell(32,37): black,nobaggle,notopwall,noleftwall,
Cell(32,38): black,nobaggle,notopwall,noleftwall,
Cell(32,39): black,nobaggle,notopwall,noleftwall,
Cell(33,28): black,nobaggle,notopwall,noleftwall,
Cell(33,30): black,nobaggle,notopwall,noleftwall,
Cell(33,31): black,nobaggle,notopwall,noleftwall,
Cell(33,33): black,nobaggle,notopwall,noleftwall,
Cell(33,34): black,nobaggle,notopwall,noleftwall,
Cell(33,38): black,nobaggle,notopwall,noleftwall,
Cell(34,27): black,nobaggle,notopwall,noleftwall,
Cell(34,28): black,nobaggle,notopwall,noleftwall,
Cell(34,31): black,nobaggle,notopwall,noleftwall,
Cell(34,35): black,nobaggle,notopwall,noleftwall,
Cell(34,36): black,nobaggle,notopwall,noleftwall,
Cell(34,37): black,nobaggle,notopwall,noleftwall,
Cell(35,26): black,nobaggle,notopwall,noleftwall,
Cell(35,28): black,nobaggle,notopwall,noleftwall,
Cell(35,29): black,nobaggle,notopwall,noleftwall,
Cell(35,31): black,nobaggle,notopwall,noleftwall,
Cell(35,32): black,nobaggle,notopwall,noleftwall,
Cell(35,36): black,nobaggle,notopwall,noleftwall,
Cell(36,25): black,nobaggle,notopwall,noleftwall,
Cell(36,26): black,nobaggle,notopwall,noleftwall,
Cell(36,29): black,nobaggle,notopwall,noleftwall,
Cell(36,33): black,nobaggle,notopwall,noleftwall,
Cell(36,34): black,nobaggle,notopwall,noleftwall,
Cell(36,35): black,nobaggle,notopwall,noleftwall,
Cell(37,24): black,nobaggle,notopwall,noleftwall,
Cell(37,26): black,nobaggle,notopwall,noleftwall,
Cell(37,27): black,nobaggle,notopwall,noleftwall,
Cell(37,29): black,nobaggle,notopwall,noleftwall,
Cell(37,30): black,nobaggle,notopwall,noleftwall,
Cell(37,34): black,nobaggle,notopwall,noleftwall,
Cell(38,23): black,nobaggle,notopwall,noleftwall,
Cell(38,24): black,nobaggle,notopwall,noleftwall,
Cell(38,27): black,nobaggle,notopwall,noleftwall,
Cell(38,31): black,nobaggle,notopwall,noleftwall,
Cell(38,32): black,nobaggle,notopwall,noleftwall,
Cell(38,33): black,nobaggle,notopwall,noleftwall,
Cell(39,22): black,nobaggle,notopwall,noleftwall,
Cell(39,24): black,nobaggle,notopwall,noleftwall,
Cell(39,25): black,nobaggle,notopwall,noleftwall,
Cell(39,27): black,nobaggle,notopwall,noleftwall,
Cell(39,28): black,nobaggle,notopwall,noleftwall,
Cell(39,32): black,nobaggle,notopwall,noleftwall,
Cell(40,21): black,nobaggle,notopwall,noleftwall,
Cell(40,22): black,nobaggle,notopwall,noleftwall,
Cell(40,25): black,nobaggle,notopwall,noleftwall,
Cell(40,29): black,nobaggle,notopwall,noleftwall,
Cell(40,30): black,nobaggle,notopwall,noleftwall,
Cell(40,31): black,nobaggle,notopwall,noleftwall,
Cell(41,20): black,nobaggle,notopwall,noleftwall,
Cell(41,22): black,nobaggle,notopwall,noleftwall,
Cell(41,23): black,nobaggle,notopwall,noleftwall,
Cell(41,25): black,nobaggle,notopwall,noleftwall,
Cell(41,26): black,nobaggle,notopwall,noleftwall,
Cell(41,30): black,nobaggle,notopwall,noleftwall,
Cell(42,19): black,nobaggle,notopwall,noleftwall,
Cell(42,20): black,nobaggle,notopwall,noleftwall,
Cell(42,23): black,nobaggle,notopwall,noleftwall,
Cell(42,27): black,nobaggle,notopwall,noleftwall,
Cell(42,28): black,nobaggle,notopwall,noleftwall,
Cell(42,29): black,nobaggle,notopwall,noleftwall,
Cell(43,18): black,nobaggle,notopwall,noleftwall,
Cell(43,20): black,nobaggle,notopwall,noleftwall,
Cell(43,21): black,nobaggle,notopwall,noleftwall,
Cell(43,23): black,nobaggle,notopwall,noleftwall,
Cell(43,24): black,nobaggle,notopwall,noleftwall,
Cell(43,28): black,nobaggle,notopwall,noleftwall,
Cell(44,17): black,nobaggle,notopwall,noleftwall,
Cell(44,18): black,nobaggle,notopwall,noleftwall,
Cell(44,21): black,nobaggle,notopwall,noleftwall,
Cell(44,25): black,nobaggle,notopwall,noleftwall,
Cell(44,26): black,nobaggle,notopwall,noleftwall,
Cell(44,27): black,nobaggle,notopwall,noleftwall,
Cell(45,16): black,nobaggle,notopwall,noleftwall,
Cell(45,18): black,nobaggle,notopwall,noleftwall,
Cell(45,19): black,nobaggle,notopwall,noleftwall,
Cell(45,21): black,nobaggle,notopwall,noleftwall,
Cell(45,22): black,nobaggle,notopwall,noleftwall,
Cell(45,26): black,nobaggle,notopwall,noleftwall,
Cell(46,15): black,nobaggle,notopwall,noleftwall,
Cell(46,16): black,nobaggle,notopwall,noleftwall,
Cell(46,19): black,nobaggle,notopwall,noleftwall,
Cell(46,23): black,nobaggle,notopwall,noleftwall,
Cell(46,24): black,nobaggle,notopwall,noleftwall,
Cell(46,25): black,nobaggle,notopwall,noleftwall,
Cell(47,10): black,nobaggle,notopwall,noleftwall,
Cell(47,11): black,nobaggle,notopwall,noleftwall,
Cell(47,14): black,nobaggle,notopwall,noleftwall,
Cell(47,16): black,nobaggle,notopwall,noleftwall,
Cell(47,17): black,nobaggle,notopwall,noleftwall,
Cell(47,19): black,nobaggle,notopwall,noleftwall,
Cell(47,20): black,nobaggle,notopwall,noleftwall,
Cell(47,24): black,nobaggle,notopwall,noleftwall,
Cell(48,9): black,nobaggle,notopwall,noleftwall,
Cell(48,10): black,nobaggle,notopwall,noleftwall,
Cell(48,13): black,nobaggle,notopwall,noleftwall,
Cell(48,14): black,nobaggle,notopwall,noleftwall,
Cell(48,17): black,nobaggle,notopwall,noleftwall,
Cell(48,21): black,nobaggle,notopwall,noleftwall,
Cell(48,22): black,nobaggle,notopwall,noleftwall,
Cell(48,23): black,nobaggle,notopwall,noleftwall,
Cell(49,6): black,nobaggle,notopwall,noleftwall,
Cell(49,10): black,nobaggle,notopwall,noleftwall,
Cell(49,11): black,nobaggle,notopwall,noleftwall,
Cell(49,14): black,nobaggle,notopwall,noleftwall,
Cell(49,15): black,nobaggle,notopwall,noleftwall,
Cell(49,17): black,nobaggle,notopwall,noleftwall,
Cell(49,18): black,nobaggle,notopwall,noleftwall,
Cell(49,22): black,nobaggle,notopwall,noleftwall,
Cell(50,6): black,nobaggle,notopwall,noleftwall,
Cell(50,7): black,nobaggle,notopwall,noleftwall,
Cell(50,8): black,nobaggle,notopwall,noleftwall,
Cell(50,11): black,nobaggle,notopwall,noleftwall,
Cell(50,15): black,nobaggle,notopwall,noleftwall,
Cell(50,19): black,nobaggle,notopwall,noleftwall,
Cell(50,20): black,nobaggle,notopwall,noleftwall,
Cell(50,21): black,nobaggle,notopwall,noleftwall,
Cell(50,25): black,nobaggle,notopwall,noleftwall,
Cell(50,26): black,nobaggle,notopwall,noleftwall,
Cell(50,27): black,nobaggle,notopwall,noleftwall,
Cell(50,28): black,nobaggle,notopwall,noleftwall,
Cell(51,6): black,nobaggle,notopwall,noleftwall,
Cell(51,10): black,nobaggle,notopwall,noleftwall,
Cell(51,11): black,nobaggle,notopwall,noleftwall,
Cell(51,12): black,nobaggle,notopwall,noleftwall,
Cell(51,13): black,nobaggle,notopwall,noleftwall,
Cell(51,15): black,nobaggle,notopwall,noleftwall,
Cell(51,16): black,nobaggle,notopwall,noleftwall,
Cell(51,20): black,nobaggle,notopwall,noleftwall,
Cell(51,24): black,nobaggle,notopwall,noleftwall,
Cell(51,29): black,nobaggle,notopwall,noleftwall,
Cell(52,5): black,nobaggle,notopwall,noleftwall,
Cell(52,7): black,nobaggle,notopwall,noleftwall,
Cell(52,8): black,nobaggle,notopwall,noleftwall,
Cell(52,10): black,nobaggle,notopwall,noleftwall,
Cell(52,17): black,nobaggle,notopwall,noleftwall,
Cell(52,19): black,nobaggle,notopwall,noleftwall,
Cell(52,23): black,nobaggle,notopwall,noleftwall,
Cell(52,28): black,nobaggle,notopwall,noleftwall,
Cell(52,29): black,nobaggle,notopwall,noleftwall,
Cell(52,30): black,nobaggle,notopwall,noleftwall,
Cell(53,5): black,nobaggle,notopwall,noleftwall,
Cell(53,6): black,nobaggle,notopwall,noleftwall,
Cell(53,8): black,nobaggle,notopwall,noleftwall,
Cell(53,11): black,nobaggle,notopwall,noleftwall,
Cell(53,12): black,nobaggle,notopwall,noleftwall,
Cell(53,14): black,nobaggle,notopwall,noleftwall,
Cell(53,20): black,nobaggle,notopwall,noleftwall,
Cell(53,21): black,nobaggle,notopwall,noleftwall,
Cell(53,23): black,nobaggle,notopwall,noleftwall,
Cell(53,28): black,nobaggle,notopwall,noleftwall,
Cell(53,29): black,nobaggle,notopwall,noleftwall,
Cell(53,30): black,nobaggle,notopwall,noleftwall,
Cell(54,8): black,nobaggle,notopwall,noleftwall,
Cell(54,9): black,nobaggle,notopwall,noleftwall,
Cell(54,15): black,nobaggle,notopwall,noleftwall,
Cell(54,17): black,nobaggle,notopwall,noleftwall,
Cell(54,19): black,nobaggle,notopwall,noleftwall,
Cell(54,20): black,nobaggle,notopwall,noleftwall,
Cell(54,24): black,nobaggle,notopwall,noleftwall,
Cell(54,29): black,nobaggle,notopwall,noleftwall,
Cell(55,7): black,nobaggle,notopwall,noleftwall,
Cell(55,11): black,nobaggle,notopwall,noleftwall,
Cell(55,14): black,nobaggle,notopwall,noleftwall,
Cell(55,15): black,nobaggle,notopwall,noleftwall,
Cell(55,16): black,nobaggle,notopwall,noleftwall,
Cell(55,17): black,nobaggle,notopwall,noleftwall,
Cell(55,18): black,nobaggle,notopwall,noleftwall,
Cell(55,20): black,nobaggle,notopwall,noleftwall,
Cell(55,27): black,nobaggle,notopwall,noleftwall,
Cell(55,29): black,nobaggle,notopwall,noleftwall,
Cell(56,3): black,nobaggle,notopwall,noleftwall,
Cell(56,4): black,nobaggle,notopwall,noleftwall,
Cell(56,5): black,nobaggle,notopwall,noleftwall,
Cell(56,6): black,nobaggle,notopwall,noleftwall,
Cell(56,7): black,nobaggle,notopwall,noleftwall,
Cell(56,8): black,nobaggle,notopwall,noleftwall,
Cell(56,10): black,nobaggle,notopwall,noleftwall,
Cell(56,11): black,nobaggle,notopwall,noleftwall,
Cell(56,22): black,nobaggle,notopwall,noleftwall,
Cell(56,23): black,nobaggle,notopwall,noleftwall,
Cell(56,24): black,nobaggle,notopwall,noleftwall,
Cell(56,25): black,nobaggle,notopwall,noleftwall,
Cell(56,26): black,nobaggle,notopwall,noleftwall,
Cell(56,30): black,nobaggle,notopwall,noleftwall,
Cell(57,2): black,nobaggle,notopwall,noleftwall,
Cell(57,3): black,nobaggle,notopwall,noleftwall,
Cell(57,5): black,nobaggle,notopwall,noleftwall,
Cell(57,7): black,nobaggle,notopwall,noleftwall,
Cell(57,8): black,nobaggle,notopwall,noleftwall,
Cell(57,12): black,nobaggle,notopwall,noleftwall,
Cell(57,14): black,nobaggle,notopwall,noleftwall,
Cell(57,16): black,nobaggle,notopwall,noleftwall,
Cell(57,18): black,nobaggle,notopwall,noleftwall,
Cell(57,19): black,nobaggle,notopwall,noleftwall,
Cell(57,21): black,nobaggle,notopwall,noleftwall,
Cell(57,24): black,nobaggle,notopwall,noleftwall,
Cell(57,25): black,nobaggle,notopwall,noleftwall,
Cell(57,28): black,nobaggle,notopwall,noleftwall,
Cell(57,29): black,nobaggle,notopwall,noleftwall,
Cell(57,30): black,nobaggle,notopwall,noleftwall,
Cell(58,1): black,nobaggle,notopwall,noleftwall,
Cell(58,3): black,nobaggle,notopwall,noleftwall,
Cell(58,4): black,nobaggle,notopwall,noleftwall,
Cell(58,9): black,nobaggle,notopwall,noleftwall,
Cell(58,10): black,nobaggle,notopwall,noleftwall,
Cell(58,11): black,nobaggle,notopwall,noleftwall,
Cell(58,14): black,nobaggle,notopwall,noleftwall,
Cell(58,18): black,nobaggle,notopwall,noleftwall,
Cell(58,20): black,nobaggle,notopwall,noleftwall,
Cell(58,21): black,nobaggle,notopwall,noleftwall,
Cell(58,22): black,nobaggle,notopwall,noleftwall,
Cell(58,23): black,nobaggle,notopwall,noleftwall,
Cell(58,24): black,nobaggle,notopwall,noleftwall,
Cell(58,25): black,nobaggle,notopwall,noleftwall,
Cell(58,26): black,nobaggle,notopwall,noleftwall,
Cell(58,28): black,nobaggle,notopwall,noleftwall,
Cell(58,31): black,nobaggle,notopwall,noleftwall,
Cell(58,32): black,nobaggle,notopwall,noleftwall,
Cell(59,1): black,nobaggle,notopwall,noleftwall,
Cell(59,5): black,nobaggle,notopwall,noleftwall,
Cell(59,9): black,nobaggle,notopwall,noleftwall,
Cell(59,10): black,nobaggle,notopwall,noleftwall,
Cell(59,12): black,nobaggle,notopwall,noleftwall,
Cell(59,15): black,nobaggle,notopwall,noleftwall,
Cell(59,19): black,nobaggle,notopwall,noleftwall,
Cell(59,20): black,nobaggle,notopwall,noleftwall,
Cell(59,22): black,nobaggle,notopwall,noleftwall,
Cell(59,23): black,nobaggle,notopwall,noleftwall,
Cell(59,24): black,nobaggle,notopwall,noleftwall,
Cell(59,25): black,nobaggle,notopwall,noleftwall,
Cell(59,26): black,nobaggle,notopwall,noleftwall,
Cell(59,27): black,nobaggle,notopwall,noleftwall,
Cell(59,30): black,nobaggle,notopwall,noleftwall,
Cell(59,33): black,nobaggle,notopwall,noleftwall,
Cell(60,2): black,nobaggle,notopwall,noleftwall,
Cell(60,6): black,nobaggle,notopwall,noleftwall,
Cell(60,7): black,nobaggle,notopwall,noleftwall,
Cell(60,8): black,nobaggle,notopwall,noleftwall,
Cell(60,9): black,nobaggle,notopwall,noleftwall,
Cell(60,10): black,nobaggle,notopwall,noleftwall,
Cell(60,11): black,nobaggle,notopwall,noleftwall,
Cell(60,12): black,nobaggle,notopwall,noleftwall,
Cell(60,14): black,nobaggle,notopwall,noleftwall,
Cell(60,15): black,nobaggle,notopwall,noleftwall,
Cell(60,16): black,nobaggle,notopwall,noleftwall,
Cell(60,17): black,nobaggle,notopwall,noleftwall,
Cell(60,18): black,nobaggle,notopwall,noleftwall,
Cell(60,19): black,nobaggle,notopwall,noleftwall,
Cell(60,22): black,nobaggle,notopwall,noleftwall,
Cell(60,24): black,nobaggle,notopwall,noleftwall,
Cell(60,25): black,nobaggle,notopwall,noleftwall,
Cell(60,27): black,nobaggle,notopwall,noleftwall,
Cell(60,29): black,nobaggle,notopwall,noleftwall,
Cell(60,34): black,nobaggle,notopwall,noleftwall,
Cell(61,2): black,nobaggle,notopwall,noleftwall,
Cell(61,4): black,nobaggle,notopwall,noleftwall,
Cell(61,5): black,nobaggle,notopwall,noleftwall,
Cell(61,7): black,nobaggle,notopwall,noleftwall,
Cell(61,9): black,nobaggle,notopwall,noleftwall,
Cell(61,10): black,nobaggle,notopwall,noleftwall,
Cell(61,13): black,nobaggle,notopwall,noleftwall,
Cell(61,14): black,nobaggle,notopwall,noleftwall,
Cell(61,19): black,nobaggle,notopwall,noleftwall,
Cell(61,20): black,nobaggle,notopwall,noleftwall,
Cell(61,21): black,nobaggle,notopwall,noleftwall,
Cell(61,22): black,nobaggle,notopwall,noleftwall,
Cell(61,24): black,nobaggle,notopwall,noleftwall,
Cell(61,26): black,nobaggle,notopwall,noleftwall,
Cell(61,27): black,nobaggle,notopwall,noleftwall,
Cell(61,29): black,nobaggle,notopwall,noleftwall,
Cell(61,30): black,nobaggle,notopwall,noleftwall,
Cell(61,31): black,nobaggle,notopwall,noleftwall,
Cell(61,32): black,nobaggle,notopwall,noleftwall,
Cell(61,34): black,nobaggle,notopwall,noleftwall,
Cell(62,1): black,nobaggle,notopwall,noleftwall,
Cell(62,2): black,nobaggle,notopwall,noleftwall,
Cell(62,3): black,nobaggle,notopwall,noleftwall,
Cell(62,8): black,nobaggle,notopwall,noleftwall,
Cell(62,9): black,nobaggle,notopwall,noleftwall,
Cell(62,11): black,nobaggle,notopwall,noleftwall,
Cell(62,12): black,nobaggle,notopwall,noleftwall,
Cell(62,13): black,nobaggle,notopwall,noleftwall,
Cell(62,14): black,nobaggle,notopwall,noleftwall,
Cell(62,15): black,nobaggle,notopwall,noleftwall,
Cell(62,16): black,nobaggle,notopwall,noleftwall,
Cell(62,18): black,nobaggle,notopwall,noleftwall,
Cell(62,21): black,nobaggle,notopwall,noleftwall,
Cell(62,25): black,nobaggle,notopwall,noleftwall,
Cell(62,26): black,nobaggle,notopwall,noleftwall,
Cell(62,27): black,nobaggle,notopwall,noleftwall,
Cell(62,28): black,nobaggle,notopwall,noleftwall,
Cell(62,33): black,nobaggle,notopwall,noleftwall,
Cell(63,1): black,nobaggle,notopwall,noleftwall,
Cell(63,2): black,nobaggle,notopwall,noleftwall,
Cell(63,3): black,nobaggle,notopwall,noleftwall,
Cell(63,7): black,nobaggle,notopwall,noleftwall,
Cell(63,8): black,nobaggle,notopwall,noleftwall,
Cell(63,11): black,nobaggle,notopwall,noleftwall,
Cell(63,12): black,nobaggle,notopwall,noleftwall,
Cell(63,15): black,nobaggle,notopwall,noleftwall,
Cell(63,17): black,nobaggle,notopwall,noleftwall,
Cell(63,18): black,nobaggle,notopwall,noleftwall,
Cell(63,19): black,nobaggle,notopwall,noleftwall,
Cell(63,21): black,nobaggle,notopwall,noleftwall,
Cell(63,23): black,nobaggle,notopwall,noleftwall,
Cell(63,24): black,nobaggle,notopwall,noleftwall,
Cell(63,26): black,nobaggle,notopwall,noleftwall,
Cell(63,30): black,nobaggle,notopwall,noleftwall,
Cell(64,1): black,nobaggle,notopwall,noleftwall,
Cell(64,7): black,nobaggle,notopwall,noleftwall,
Cell(64,9): black,nobaggle,notopwall,noleftwall,
Cell(64,10): black,nobaggle,notopwall,noleftwall,
Cell(64,12): black,nobaggle,notopwall,noleftwall,
Cell(64,13): black,nobaggle,notopwall,noleftwall,
Cell(64,16): black,nobaggle,notopwall,noleftwall,
Cell(64,21): black,nobaggle,notopwall,noleftwall,
Cell(64,22): black,nobaggle,notopwall,noleftwall,
Cell(64,23): black,nobaggle,notopwall,noleftwall,
Cell(64,24): black,nobaggle,notopwall,noleftwall,
Cell(64,25): black,nobaggle,notopwall,noleftwall,
Cell(64,26): black,nobaggle,notopwall,noleftwall,
Cell(64,27): black,nobaggle,notopwall,noleftwall,
Cell(65,1): black,nobaggle,notopwall,noleftwall,
Cell(65,7): black,nobaggle,notopwall,noleftwall,
Cell(65,10): black,nobaggle,notopwall,noleftwall,
Cell(65,11): black,nobaggle,notopwall,noleftwall,
Cell(65,13): black,nobaggle,notopwall,noleftwall,
Cell(65,14): black,nobaggle,notopwall,noleftwall,
Cell(65,16): black,nobaggle,notopwall,noleftwall,
Cell(65,17): black,nobaggle,notopwall,noleftwall,
Cell(65,19): black,nobaggle,notopwall,noleftwall,
Cell(65,20): black,nobaggle,notopwall,noleftwall,
Cell(65,21): black,nobaggle,notopwall,noleftwall,
Cell(65,22): black,nobaggle,notopwall,noleftwall,
Cell(65,25): black,nobaggle,notopwall,noleftwall,
Cell(65,26): black,nobaggle,notopwall,noleftwall,
Cell(65,28): black,nobaggle,notopwall,noleftwall,
Cell(65,29): black,nobaggle,notopwall,noleftwall,
Cell(65,32): black,nobaggle,notopwall,noleftwall,
Cell(65,33): black,nobaggle,notopwall,noleftwall,
Cell(65,34): black,nobaggle,notopwall,noleftwall,
Cell(65,35): black,nobaggle,notopwall,noleftwall,
Cell(66,1): black,nobaggle,notopwall,noleftwall,
Cell(66,6): black,nobaggle,notopwall,noleftwall,
Cell(66,7): black,nobaggle,notopwall,noleftwall,
Cell(66,8): black,nobaggle,notopwall,noleftwall,
Cell(66,9): black,nobaggle,notopwall,noleftwall,
Cell(66,11): black,nobaggle,notopwall,noleftwall,
Cell(66,16): black,nobaggle,notopwall,noleftwall,
Cell(66,17): black,nobaggle,notopwall,noleftwall,
Cell(66,18): black,nobaggle,notopwall,noleftwall,
Cell(66,20): black,nobaggle,notopwall,noleftwall,
Cell(66,21): black,nobaggle,notopwall,noleftwall,
Cell(66,23): black,nobaggle,notopwall,noleftwall,
Cell(66,24): black,nobaggle,notopwall,noleftwall,
Cell(66,25): black,nobaggle,notopwall,noleftwall,
Cell(66,29): black,nobaggle,notopwall,noleftwall,
Cell(66,31): black,nobaggle,notopwall,noleftwall,
Cell(66,36): black,nobaggle,notopwall,noleftwall,
Cell(67,1): black,nobaggle,notopwall,noleftwall,
Cell(67,8): black,nobaggle,notopwall,noleftwall,
Cell(67,10): black,nobaggle,notopwall,noleftwall,
Cell(67,15): black,nobaggle,notopwall,noleftwall,
Cell(67,16): black,nobaggle,notopwall,noleftwall,
Cell(67,17): black,nobaggle,notopwall,noleftwall,
Cell(67,18): black,nobaggle,notopwall,noleftwall,
Cell(67,19): black,nobaggle,notopwall,noleftwall,
Cell(67,21): black,nobaggle,notopwall,noleftwall,
Cell(67,23): black,nobaggle,notopwall,noleftwall,
Cell(67,25): black,nobaggle,notopwall,noleftwall,
Cell(67,26): black,nobaggle,notopwall,noleftwall,
Cell(67,27): black,nobaggle,notopwall,noleftwall,
Cell(67,35): black,nobaggle,notopwall,noleftwall,
Cell(67,36): black,nobaggle,notopwall,noleftwall,
Cell(67,37): black,nobaggle,notopwall,noleftwall,
Cell(68,1): black,nobaggle,notopwall,noleftwall,
Cell(68,7): black,nobaggle,notopwall,noleftwall,
Cell(68,8): black,nobaggle,notopwall,noleftwall,
Cell(68,10): black,nobaggle,notopwall,noleftwall,
Cell(68,11): black,nobaggle,notopwall,noleftwall,
Cell(68,12): black,nobaggle,notopwall,noleftwall,
Cell(68,14): black,nobaggle,notopwall,noleftwall,
Cell(68,15): black,nobaggle,notopwall,noleftwall,
Cell(68,19): black,nobaggle,notopwall,noleftwall,
Cell(68,21): black,nobaggle,notopwall,noleftwall,
Cell(68,22): black,nobaggle,notopwall,noleftwall,
Cell(68,24): black,nobaggle,notopwall,noleftwall,
Cell(68,25): black,nobaggle,notopwall,noleftwall,
Cell(68,26): black,nobaggle,notopwall,noleftwall,
Cell(68,27): black,nobaggle,notopwall,noleftwall,
Cell(68,29): black,nobaggle,notopwall,noleftwall,
Cell(68,30): black,nobaggle,notopwall,noleftwall,
Cell(68,31): black,nobaggle,notopwall,noleftwall,
Cell(68,35): black,nobaggle,notopwall,noleftwall,
Cell(68,37): black,nobaggle,notopwall,noleftwall,
Cell(69,1): black,nobaggle,notopwall,noleftwall,
Cell(69,7): black,nobaggle,notopwall,noleftwall,
Cell(69,9): black,nobaggle,notopwall,noleftwall,
Cell(69,11): black,nobaggle,notopwall,noleftwall,
Cell(69,13): black,nobaggle,notopwall,noleftwall,
Cell(69,14): black,nobaggle,notopwall,noleftwall,
Cell(69,15): black,nobaggle,notopwall,noleftwall,
Cell(69,16): black,nobaggle,notopwall,noleftwall,
Cell(69,21): black,nobaggle,notopwall,noleftwall,
Cell(69,22): black,nobaggle,notopwall,noleftwall,
Cell(69,23): black,nobaggle,notopwall,noleftwall,
Cell(69,24): black,nobaggle,notopwall,noleftwall,
Cell(69,27): black,nobaggle,notopwall,noleftwall,
Cell(69,28): black,nobaggle,notopwall,noleftwall,
Cell(69,30): black,nobaggle,notopwall,noleftwall,
Cell(69,31): black,nobaggle,notopwall,noleftwall,
Cell(70,1): black,nobaggle,notopwall,noleftwall,
Cell(70,8): black,nobaggle,notopwall,noleftwall,
Cell(70,9): black,nobaggle,notopwall,noleftwall,
Cell(70,10): black,nobaggle,notopwall,noleftwall,
Cell(70,16): black,nobaggle,notopwall,noleftwall,
Cell(70,17): black,nobaggle,notopwall,noleftwall,
Cell(70,18): black,nobaggle,notopwall,noleftwall,
Cell(70,21): black,nobaggle,notopwall,noleftwall,
Cell(70,22): black,nobaggle,notopwall,noleftwall,
Cell(70,23): black,nobaggle,notopwall,noleftwall,
Cell(70,27): black,nobaggle,notopwall,noleftwall,
Cell(70,28): black,nobaggle,notopwall,noleftwall,
Cell(70,31): black,nobaggle,notopwall,noleftwall,
Cell(70,36): black,nobaggle,notopwall,noleftwall,
Cell(71,1): black,nobaggle,notopwall,noleftwall,
Cell(71,4): black,nobaggle,notopwall,noleftwall,
Cell(71,5): black,nobaggle,notopwall,noleftwall,
Cell(71,9): black,nobaggle,notopwall,noleftwall,
Cell(71,10): black,nobaggle,notopwall,noleftwall,
Cell(71,11): black,nobaggle,notopwall,noleftwall,
Cell(71,18): black,nobaggle,notopwall,noleftwall,
Cell(71,21): black,nobaggle,notopwall,noleftwall,
Cell(71,22): black,nobaggle,notopwall,noleftwall,
Cell(71,23): black,nobaggle,notopwall,noleftwall,
Cell(71,24): black,nobaggle,notopwall,noleftwall,
Cell(71,26): black,nobaggle,notopwall,noleftwall,
Cell(71,27): black,nobaggle,notopwall,noleftwall,
Cell(71,28): black,nobaggle,notopwall,noleftwall,
Cell(71,30): black,nobaggle,notopwall,noleftwall,
Cell(71,31): black,nobaggle,notopwall,noleftwall,
Cell(71,35): black,nobaggle,notopwall,noleftwall,
Cell(71,36): black,nobaggle,notopwall,noleftwall,
Cell(72,1): black,nobaggle,notopwall,noleftwall,
Cell(72,5): black,nobaggle,notopwall,noleftwall,
Cell(72,6): black,nobaggle,notopwall,noleftwall,
Cell(72,8): black,nobaggle,notopwall,noleftwall,
Cell(72,9): black,nobaggle,notopwall,noleftwall,
Cell(72,10): black,nobaggle,notopwall,noleftwall,
Cell(72,12): black,nobaggle,notopwall,noleftwall,
Cell(72,13): black,nobaggle,notopwall,noleftwall,
Cell(72,15): black,nobaggle,notopwall,noleftwall,
Cell(72,18): black,nobaggle,notopwall,noleftwall,
Cell(72,22): black,nobaggle,notopwall,noleftwall,
Cell(72,28): black,nobaggle,notopwall,noleftwall,
Cell(72,29): black,nobaggle,notopwall,noleftwall,
Cell(72,30): black,nobaggle,notopwall,noleftwall,
Cell(72,31): black,nobaggle,notopwall,noleftwall,
Cell(72,33): black,nobaggle,notopwall,noleftwall,
Cell(72,35): black,nobaggle,notopwall,noleftwall,
Cell(72,36): black,nobaggle,notopwall,noleftwall,
Cell(73,1): black,nobaggle,notopwall,noleftwall,
Cell(73,5): black,nobaggle,notopwall,noleftwall,
Cell(73,6): black,nobaggle,notopwall,noleftwall,
Cell(73,7): black,nobaggle,notopwall,noleftwall,
Cell(73,10): black,nobaggle,notopwall,noleftwall,
Cell(73,13): black,nobaggle,notopwall,noleftwall,
Cell(73,16): black,nobaggle,notopwall,noleftwall,
Cell(73,18): black,nobaggle,notopwall,noleftwall,
Cell(73,21): black,nobaggle,notopwall,noleftwall,
Cell(73,22): black,nobaggle,notopwall,noleftwall,
Cell(73,23): black,nobaggle,notopwall,noleftwall,
Cell(73,24): black,nobaggle,notopwall,noleftwall,
Cell(73,26): black,nobaggle,notopwall,noleftwall,
Cell(73,27): black,nobaggle,notopwall,noleftwall,
Cell(73,31): black,nobaggle,notopwall,noleftwall,
Cell(73,32): black,nobaggle,notopwall,noleftwall,
Cell(73,34): black,nobaggle,notopwall,noleftwall,
Cell(73,35): black,nobaggle,notopwall,noleftwall,
Cell(73,36): black,nobaggle,notopwall,noleftwall,
Cell(73,37): black,nobaggle,notopwall,noleftwall,
Cell(74,2): black,nobaggle,notopwall,noleftwall,
Cell(74,4): black,nobaggle,notopwall,noleftwall,
Cell(74,10): black,nobaggle,notopwall,noleftwall,
Cell(74,12): black,nobaggle,notopwall,noleftwall,
Cell(74,18): black,nobaggle,notopwall,noleftwall,
Cell(74,20): black,nobaggle,notopwall,noleftwall,
Cell(74,22): black,nobaggle,notopwall,noleftwall,
Cell(74,23): black,nobaggle,notopwall,noleftwall,
Cell(74,25): black,nobaggle,notopwall,noleftwall,
Cell(74,27): black,nobaggle,notopwall,noleftwall,
Cell(74,30): black,nobaggle,notopwall,noleftwall,
Cell(74,31): black,nobaggle,notopwall,noleftwall,
Cell(74,32): black,nobaggle,notopwall,noleftwall,
Cell(74,34): black,nobaggle,notopwall,noleftwall,
Cell(74,35): black,nobaggle,notopwall,noleftwall,
Cell(74,37): black,nobaggle,notopwall,noleftwall,
Cell(75,6): black,nobaggle,notopwall,noleftwall,
Cell(75,7): black,nobaggle,notopwall,noleftwall,
Cell(75,9): black,nobaggle,notopwall,noleftwall,
Cell(75,10): black,nobaggle,notopwall,noleftwall,
Cell(75,11): black,nobaggle,notopwall,noleftwall,
Cell(75,14): black,nobaggle,notopwall,noleftwall,
Cell(75,16): black,nobaggle,notopwall,noleftwall,
Cell(75,19): black,nobaggle,notopwall,noleftwall,
Cell(75,20): black,nobaggle,notopwall,noleftwall,
Cell(75,22): black,nobaggle,notopwall,noleftwall,
Cell(75,23): black,nobaggle,notopwall,noleftwall,
Cell(75,28): black,nobaggle,notopwall,noleftwall,
Cell(75,31): black,nobaggle,notopwall,noleftwall,
Cell(75,33): black,nobaggle,notopwall,noleftwall,
Cell(76,1): black,nobaggle,notopwall,noleftwall,
Cell(76,3): black,nobaggle,notopwall,noleftwall,
Cell(76,6): black,nobaggle,notopwall,noleftwall,
Cell(76,11): black,nobaggle,notopwall,noleftwall,
Cell(76,16): black,nobaggle,notopwall,noleftwall,
Cell(76,18): black,nobaggle,notopwall,noleftwall,
Cell(76,19): black,nobaggle,notopwall,noleftwall,
Cell(76,20): black,nobaggle,notopwall,noleftwall,
Cell(76,21): black,nobaggle,notopwall,noleftwall,
Cell(76,22): black,nobaggle,notopwall,noleftwall,
Cell(76,25): black,nobaggle,notopwall,noleftwall,
Cell(76,30): black,nobaggle,notopwall,noleftwall,
Cell(76,32): black,nobaggle,notopwall,noleftwall,
Cell(76,33): black,nobaggle,notopwall,noleftwall,
Cell(77,1): black,nobaggle,notopwall,noleftwall,
Cell(77,2): black,nobaggle,notopwall,noleftwall,
Cell(77,3): black,nobaggle,notopwall,noleftwall,
Cell(77,10): black,nobaggle,notopwall,noleftwall,
Cell(77,11): black,nobaggle,notopwall,noleftwall,
Cell(77,12): black,nobaggle,notopwall,noleftwall,
Cell(77,15): black,nobaggle,notopwall,noleftwall,
Cell(77,17): black,nobaggle,notopwall,noleftwall,
Cell(77,18): black,nobaggle,notopwall,noleftwall,
Cell(77,20): black,nobaggle,notopwall,noleftwall,
Cell(77,21): black,nobaggle,notopwall,noleftwall,
Cell(77,26): black,nobaggle,notopwall,noleftwall,
Cell(77,29): black,nobaggle,notopwall,noleftwall,
Cell(77,31): black,nobaggle,notopwall,noleftwall,
Cell(77,32): black,nobaggle,notopwall,noleftwall,
Cell(77,34): black,nobaggle,notopwall,noleftwall,
Cell(78,2): black,nobaggle,notopwall,noleftwall,
Cell(78,7): black,nobaggle,notopwall,noleftwall,
Cell(78,8): black,nobaggle,notopwall,noleftwall,
Cell(78,11): black,nobaggle,notopwall,noleftwall,
Cell(78,12): black,nobaggle,notopwall,noleftwall,
Cell(78,16): black,nobaggle,notopwall,noleftwall,
Cell(78,17): black,nobaggle,notopwall,noleftwall,
Cell(78,18): black,nobaggle,notopwall,noleftwall,
Cell(78,21): black,nobaggle,notopwall,noleftwall,
Cell(78,24): black,nobaggle,notopwall,noleftwall,
Cell(78,27): black,nobaggle,notopwall,noleftwall,
Cell(78,30): black,nobaggle,notopwall,noleftwall,
Cell(78,34): black,nobaggle,notopwall,noleftwall,
Cell(78,36): black,nobaggle,notopwall,noleftwall,
Cell(79,3): black,nobaggle,notopwall,noleftwall,
Cell(79,4): black,nobaggle,notopwall,noleftwall,
Cell(79,6): black,nobaggle,notopwall,noleftwall,
Cell(79,8): black,nobaggle,notopwall,noleftwall,
Cell(79,9): black,nobaggle,notopwall,noleftwall,
Cell(79,10): black,nobaggle,notopwall,noleftwall,
Cell(79,11): black,nobaggle,notopwall,noleftwall,
Cell(79,12): black,nobaggle,notopwall,noleftwall,
Cell(79,13): black,nobaggle,notopwall,noleftwall,
Cell(79,14): black,nobaggle,notopwall,noleftwall,
Cell(79,16): black,nobaggle,notopwall,noleftwall,
Cell(79,17): black,nobaggle,notopwall,noleftwall,
Cell(79,18): black,nobaggle,notopwall,noleftwall,
Cell(79,20): black,nobaggle,notopwall,noleftwall,
Cell(79,21): black,nobaggle,notopwall,noleftwall,
Cell(79,22): black,nobaggle,notopwall,noleftwall,
Cell(79,23): black,nobaggle,notopwall,noleftwall,
Cell(79,24): black,nobaggle,notopwall,noleftwall,
Cell(79,25): black,nobaggle,notopwall,noleftwall,
Cell(79,27): black,nobaggle,notopwall,noleftwall,
Cell(79,28): black,nobaggle,notopwall,noleftwall,
Cell(79,29): black,nobaggle,notopwall,noleftwall,
Cell(79,30): black,nobaggle,notopwall,noleftwall,
Cell(79,31): black,nobaggle,notopwall,noleftwall,
Cell(79,33): black,nobaggle,notopwall,noleftwall,
Cell(79,35): black,nobaggle,notopwall,noleftwall,
Cell(79,36): black,nobaggle,notopwall,noleftwall,
Cell(79,37): black,nobaggle,notopwall,noleftwall,
Cell(80,6): black,nobaggle,notopwall,noleftwall,
Cell(80,7): black,nobaggle,notopwall,noleftwall,
Cell(80,8): black,nobaggle,notopwall,noleftwall,
Cell(80,9): black,nobaggle,notopwall,noleftwall,
Cell(80,10): black,nobaggle,notopwall,noleftwall,
Cell(80,12): black,nobaggle,notopwall,noleftwall,
Cell(80,13): black,nobaggle,notopwall,noleftwall,
Cell(80,14): black,nobaggle,notopwall,noleftwall,
Cell(80,15): black,nobaggle,notopwall,noleftwall,
Cell(80,16): black,nobaggle,notopwall,noleftwall,
Cell(80,19): black,nobaggle,notopwall,noleftwall,
Cell(80,20): black,nobaggle,notopwall,noleftwall,
Cell(80,24): black,nobaggle,notopwall,noleftwall,
Cell(80,25): black,nobaggle,notopwall,noleftwall,
Cell(80,26): black,nobaggle,notopwall,noleftwall,
Cell(80,27): black,nobaggle,notopwall,noleftwall,
Cell(80,28): black,nobaggle,notopwall,noleftwall,
Cell(80,33): black,nobaggle,notopwall,noleftwall,
Cell(80,35): black,nobaggle,notopwall,noleftwall,
Cell(80,37): black,nobaggle,notopwall,noleftwall,
Cell(81,5): black,nobaggle,notopwall,noleftwall,
Cell(81,6): black,nobaggle,notopwall,noleftwall,
Cell(81,7): black,nobaggle,notopwall,noleftwall,
Cell(81,9): black,nobaggle,notopwall,noleftwall,
Cell(81,10): black,nobaggle,notopwall,noleftwall,
Cell(81,11): black,nobaggle,notopwall,noleftwall,
Cell(81,14): black,nobaggle,notopwall,noleftwall,
Cell(81,15): black,nobaggle,notopwall,noleftwall,
Cell(81,17): black,nobaggle,notopwall,noleftwall,
Cell(81,20): black,nobaggle,notopwall,noleftwall,
Cell(81,27): black,nobaggle,notopwall,noleftwall,
Cell(81,31): black,nobaggle,notopwall,noleftwall,
Cell(81,32): black,nobaggle,notopwall,noleftwall,
Cell(81,35): black,nobaggle,notopwall,noleftwall,
Cell(82,11): black,nobaggle,notopwall,noleftwall,
Cell(82,13): black,nobaggle,notopwall,noleftwall,
Cell(82,17): black,nobaggle,notopwall,noleftwall,
Cell(82,18): black,nobaggle,notopwall,noleftwall,
Cell(82,19): black,nobaggle,notopwall,noleftwall,
Cell(82,20): black,nobaggle,notopwall,noleftwall,
Cell(82,21): black,nobaggle,notopwall,noleftwall,
Cell(82,22): black,nobaggle,notopwall,noleftwall,
Cell(82,23): black,nobaggle,notopwall,noleftwall,
Cell(82,24): black,nobaggle,notopwall,noleftwall,
Cell(82,25): black,nobaggle,notopwall,noleftwall,
Cell(82,27): black,nobaggle,notopwall,noleftwall,
Cell(82,28): black,nobaggle,notopwall,noleftwall,
Cell(82,29): black,nobaggle,notopwall,noleftwall,
Cell(82,30): black,nobaggle,notopwall,noleftwall,
Cell(82,31): black,nobaggle,notopwall,noleftwall,
Cell(82,35): black,nobaggle,notopwall,noleftwall,
Cell(82,36): black,nobaggle,notopwall,noleftwall,
Cell(82,37): black,nobaggle,notopwall,noleftwall,
Cell(82,38): black,nobaggle,notopwall,noleftwall,
Cell(83,9): black,nobaggle,notopwall,noleftwall,
Cell(83,10): black,nobaggle,notopwall,noleftwall,
Cell(83,11): black,nobaggle,notopwall,noleftwall,
Cell(83,14): black,nobaggle,notopwall,noleftwall,
Cell(83,15): black,nobaggle,notopwall,noleftwall,
Cell(83,16): black,nobaggle,notopwall,noleftwall,
Cell(83,18): black,nobaggle,notopwall,noleftwall,
Cell(83,22): black,nobaggle,notopwall,noleftwall,
Cell(83,24): black,nobaggle,notopwall,noleftwall,
Cell(83,26): black,nobaggle,notopwall,noleftwall,
Cell(83,27): black,nobaggle,notopwall,noleftwall,
Cell(83,28): black,nobaggle,notopwall,noleftwall,
Cell(83,34): black,nobaggle,notopwall,noleftwall,
Cell(83,37): black,nobaggle,notopwall,noleftwall,
Cell(83,42): black,nobaggle,notopwall,noleftwall,
Cell(83,43): black,nobaggle,notopwall,noleftwall,
Cell(84,7): black,nobaggle,notopwall,noleftwall,
Cell(84,8): black,nobaggle,notopwall,noleftwall,
Cell(84,14): black,nobaggle,notopwall,noleftwall,
Cell(84,15): black,nobaggle,notopwall,noleftwall,
Cell(84,17): black,nobaggle,notopwall,noleftwall,
Cell(84,18): black,nobaggle,notopwall,noleftwall,
Cell(84,19): black,nobaggle,notopwall,noleftwall,
Cell(84,23): black,nobaggle,notopwall,noleftwall,
Cell(84,24): black,nobaggle,notopwall,noleftwall,
Cell(84,26): black,nobaggle,notopwall,noleftwall,
Cell(84,27): black,nobaggle,notopwall,noleftwall,
Cell(84,28): black,nobaggle,notopwall,noleftwall,
Cell(84,32): black,nobaggle,notopwall,noleftwall,
Cell(84,33): black,nobaggle,notopwall,noleftwall,
Cell(84,35): black,nobaggle,notopwall,noleftwall,
Cell(84,36): black,nobaggle,notopwall,noleftwall,
Cell(84,37): black,nobaggle,notopwall,noleftwall,
Cell(84,38): black,nobaggle,notopwall,noleftwall,
Cell(84,41): black,nobaggle,notopwall,noleftwall,
Cell(84,44): black,nobaggle,notopwall,noleftwall,
Cell(85,7): black,nobaggle,notopwall,noleftwall,
Cell(85,8): black,nobaggle,notopwall,noleftwall,
Cell(85,9): black,nobaggle,notopwall,noleftwall,
Cell(85,11): black,nobaggle,notopwall,noleftwall,
Cell(85,12): black,nobaggle,notopwall,noleftwall,
Cell(85,15): black,nobaggle,notopwall,noleftwall,
Cell(85,18): black,nobaggle,notopwall,noleftwall,
Cell(85,23): black,nobaggle,notopwall,noleftwall,
Cell(85,27): black,nobaggle,notopwall,noleftwall,
Cell(85,28): black,nobaggle,notopwall,noleftwall,
Cell(85,29): black,nobaggle,notopwall,noleftwall,
Cell(85,30): black,nobaggle,notopwall,noleftwall,
Cell(85,31): black,nobaggle,notopwall,noleftwall,
Cell(85,33): black,nobaggle,notopwall,noleftwall,
Cell(85,35): black,nobaggle,notopwall,noleftwall,
Cell(85,36): black,nobaggle,notopwall,noleftwall,
Cell(85,38): black,nobaggle,notopwall,noleftwall,
Cell(85,43): black,nobaggle,notopwall,noleftwall,
Cell(85,44): black,nobaggle,notopwall,noleftwall,
Cell(85,45): black,nobaggle,notopwall,noleftwall,
Cell(86,8): black,nobaggle,notopwall,noleftwall,
Cell(86,11): black,nobaggle,notopwall,noleftwall,
Cell(86,15): black,nobaggle,notopwall,noleftwall,
Cell(86,20): black,nobaggle,notopwall,noleftwall,
Cell(86,26): black,nobaggle,notopwall,noleftwall,
Cell(86,27): black,nobaggle,notopwall,noleftwall,
Cell(86,30): black,nobaggle,notopwall,noleftwall,
Cell(86,31): black,nobaggle,notopwall,noleftwall,
Cell(86,35): black,nobaggle,notopwall,noleftwall,
Cell(86,37): black,nobaggle,notopwall,noleftwall,
Cell(86,39): black,nobaggle,notopwall,noleftwall,
Cell(86,40): black,nobaggle,notopwall,noleftwall,
Cell(86,41): black,nobaggle,notopwall,noleftwall,
Cell(86,42): black,nobaggle,notopwall,noleftwall,
Cell(86,43): black,nobaggle,notopwall,noleftwall,
Cell(86,45): black,nobaggle,notopwall,noleftwall,
Cell(87,9): black,nobaggle,notopwall,noleftwall,
Cell(87,10): black,nobaggle,notopwall,noleftwall,
Cell(87,12): black,nobaggle,notopwall,noleftwall,
Cell(87,14): black,nobaggle,notopwall,noleftwall,
Cell(87,17): black,nobaggle,notopwall,noleftwall,
Cell(87,18): black,nobaggle,notopwall,noleftwall,
Cell(87,21): black,nobaggle,notopwall,noleftwall,
Cell(87,25): black,nobaggle,notopwall,noleftwall,
Cell(87,27): black,nobaggle,notopwall,noleftwall,
Cell(87,28): black,nobaggle,notopwall,noleftwall,
Cell(87,31): black,nobaggle,notopwall,noleftwall,
Cell(87,32): black,nobaggle,notopwall,noleftwall,
Cell(87,33): black,nobaggle,notopwall,noleftwall,
Cell(87,34): black,nobaggle,notopwall,noleftwall,
Cell(87,36): black,nobaggle,notopwall,noleftwall,
Cell(87,37): black,nobaggle,notopwall,noleftwall,
Cell(87,38): black,nobaggle,notopwall,noleftwall,
Cell(87,39): black,nobaggle,notopwall,noleftwall,
Cell(87,40): black,nobaggle,notopwall,noleftwall,
Cell(87,41): black,nobaggle,notopwall,noleftwall,
Cell(88,12): black,nobaggle,notopwall,noleftwall,
Cell(88,13): black,nobaggle,notopwall,noleftwall,
Cell(88,14): black,nobaggle,notopwall,noleftwall,
Cell(88,18): black,nobaggle,notopwall,noleftwall,
Cell(88,22): black,nobaggle,notopwall,noleftwall,
Cell(88,23): black,nobaggle,notopwall,noleftwall,
Cell(88,24): black,nobaggle,notopwall,noleftwall,
Cell(88,25): black,nobaggle,notopwall,noleftwall,
Cell(88,28): black,nobaggle,notopwall,noleftwall,
Cell(88,29): black,nobaggle,notopwall,noleftwall,
Cell(88,31): black,nobaggle,notopwall,noleftwall,
Cell(88,32): black,nobaggle,notopwall,noleftwall,
Cell(88,33): black,nobaggle,notopwall,noleftwall,
Cell(88,35): black,nobaggle,notopwall,noleftwall,
Cell(88,42): black,nobaggle,notopwall,noleftwall,
Cell(88,43): black,nobaggle,notopwall,noleftwall,
Cell(89,13): black,nobaggle,notopwall,noleftwall,
Cell(89,16): black,nobaggle,notopwall,noleftwall,
Cell(89,19): black,nobaggle,notopwall,noleftwall,
Cell(89,23): black,nobaggle,notopwall,noleftwall,
Cell(89,24): black,nobaggle,notopwall,noleftwall,
Cell(89,26): black,nobaggle,notopwall,noleftwall,
Cell(89,30): black,nobaggle,notopwall,noleftwall,
Cell(89,33): black,nobaggle,notopwall,noleftwall,
Cell(89,34): black,nobaggle,notopwall,noleftwall,
Cell(89,35): black,nobaggle,notopwall,noleftwall,
Cell(89,36): black,nobaggle,notopwall,noleftwall,
Cell(89,37): black,nobaggle,notopwall,noleftwall,
Cell(89,39): black,nobaggle,notopwall,noleftwall,
Cell(89,42): black,nobaggle,notopwall,noleftwall,
Cell(90,14): black,nobaggle,notopwall,noleftwall,
Cell(90,15): black,nobaggle,notopwall,noleftwall,
Cell(90,17): black,nobaggle,notopwall,noleftwall,
Cell(90,23): black,nobaggle,notopwall,noleftwall,
Cell(90,29): black,nobaggle,notopwall,noleftwall,
Cell(90,30): black,nobaggle,notopwall,noleftwall,
Cell(90,31): black,nobaggle,notopwall,noleftwall,
Cell(90,32): black,nobaggle,notopwall,noleftwall,
Cell(90,33): black,nobaggle,notopwall,noleftwall,
Cell(90,34): black,nobaggle,notopwall,noleftwall,
Cell(90,35): black,nobaggle,notopwall,noleftwall,
Cell(90,37): black,nobaggle,notopwall,noleftwall,
Cell(90,38): black,nobaggle,notopwall,noleftwall,
Cell(90,39): black,nobaggle,notopwall,noleftwall,
Cell(90,41): black,nobaggle,notopwall,noleftwall,
Cell(90,42): black,nobaggle,notopwall,noleftwall,
Cell(91,17): black,nobaggle,notopwall,noleftwall,
Cell(91,22): black,nobaggle,notopwall,noleftwall,
Cell(91,23): black,nobaggle,notopwall,noleftwall,
Cell(91,27): black,nobaggle,notopwall,noleftwall,
Cell(91,34): black,nobaggle,notopwall,noleftwall,
Cell(91,35): black,nobaggle,notopwall,noleftwall,
Cell(91,37): black,nobaggle,notopwall,noleftwall,
Cell(91,38): black,nobaggle,notopwall,noleftwall,
Cell(91,41): black,nobaggle,notopwall,noleftwall,
Cell(91,43): black,nobaggle,notopwall,noleftwall,
Cell(92,18): black,nobaggle,notopwall,noleftwall,
Cell(92,21): black,nobaggle,notopwall,noleftwall,
Cell(92,22): black,nobaggle,notopwall,noleftwall,
Cell(92,25): black,nobaggle,notopwall,noleftwall,
Cell(92,26): black,nobaggle,notopwall,noleftwall,
Cell(92,27): black,nobaggle,notopwall,noleftwall,
Cell(92,36): black,nobaggle,notopwall,noleftwall,
Cell(92,37): black,nobaggle,notopwall,noleftwall,
Cell(92,38): black,nobaggle,notopwall,noleftwall,
Cell(92,39): black,nobaggle,notopwall,noleftwall,
Cell(92,41): black,nobaggle,notopwall,noleftwall,
Cell(92,44): black,nobaggle,notopwall,noleftwall,
Cell(93,19): black,nobaggle,notopwall,noleftwall,
Cell(93,20): black,nobaggle,notopwall,noleftwall,
Cell(93,23): black,nobaggle,notopwall,noleftwall,
Cell(93,24): black,nobaggle,notopwall,noleftwall,
Cell(93,37): black,nobaggle,notopwall,noleftwall,
Cell(93,38): black,nobaggle,notopwall,noleftwall,
Cell(93,39): black,nobaggle,notopwall,noleftwall,
Cell(93,41): black,nobaggle,notopwall,noleftwall,
Cell(93,42): black,nobaggle,notopwall,noleftwall,
Cell(93,44): black,nobaggle,notopwall,noleftwall,
Cell(94,42): black,nobaggle,notopwall,noleftwall,
Cell(94,43): black,nobaggle,notopwall,noleftwall,
Cell(95,41): black,nobaggle,notopwall,noleftwall,
Cell(95,42): black,nobaggle,notopwall,noleftwall,
