BuggleWorld: Larger Forest
Size: 27x21
Buggle(13,19): north,black,black,buggle2,noBaggle,
Cell(1,1): white,nobaggle,topwall,leftwall,
Cell(1,2): white,baggle,notopwall,leftwall,
Cell(1,3): white,nobaggle,notopwall,leftwall,
Cell(1,4): white,baggle,notopwall,leftwall,
Cell(1,5): white,nobaggle,notopwall,leftwall,
Cell(1,6): white,nobaggle,notopwall,leftwall,
Cell(1,7): white,baggle,notopwall,leftwall,
Cell(1,8): white,nobaggle,notopwall,leftwall,
Cell(1,9): white,nobaggle,notopwall,leftwall,
Cell(1,10): white,nobaggle,notopwall,leftwall,
Cell(1,11): white,nobaggle,notopwall,leftwall,
Cell(1,12): white,nobaggle,notopwall,leftwall,
Cell(1,13): white,nobaggle,notopwall,leftwall,
Cell(1,14): white,nobaggle,notopwall,leftwall,
Cell(1,15): white,nobaggle,notopwall,leftwall,
Cell(1,16): white,baggle,notopwall,leftwall,
Cell(1,17): white,nobaggle,notopwall,leftwall,
Cell(1,18): white,baggle,notopwall,leftwall,
Cell(1,19): white,nobaggle,notopwall,leftwall,
Cell(1,20): white,nobaggle,topwall,noleftwall,
Cell(2,1): white,nobaggle,topwall,noleftwall,
Cell(2,2): white,nobaggle,topwall,leftwall,
Cell(2,3): white,nobaggle,notopwall,leftwall,
Cell(2,4): white,nobaggle,notopwall,leftwall,
Cell(2,5): white,nobaggle,notopwall,leftwall,
Cell(2,6): white,nobaggle,notopwall,leftwall,
Cell(2,7): white,nobaggle,topwall,noleftwall,
Cell(2,8): white,nobaggle,topwall,leftwall,
Cell(2,9): white,nobaggle,notopwall,leftwall,
Cell(2,10): white,nobaggle,notopwall,leftwall,
Cell(2,11): white,nobaggle,notopwall,leftwall,
Cell(2,12): white,nobaggle,notopwall,leftwall,
Cell(2,13): white,baggle,topwall,noleftwall,
Cell(2,14): white,nobaggle,topwall,leftwall,
Cell(2,15): white,nobaggle,notopwall,leftwall,
Cell(2,16): white,nobaggle,notopwall,leftwall,
Cell(2,17): white,nobaggle,notopwall,leftwall,
Cell(2,18): white,nobaggle,notopwall,leftwall,
Cell(2,19): white,nobaggle,topwall,noleftwall,
Cell(2,20): white,nobaggle,topwall,noleftwall,
Cell(3,1): white,baggle,topwall,noleftwall,
Cell(3,2): white,nobaggle,topwall,noleftwall,
Cell(3,7): white,nobaggle,topwall,noleftwall,
Cell(3,8): white,nobaggle,topwall,noleftwall,
Cell(3,13): white,baggle,topwall,noleftwall,
Cell(3,14): white,nobaggle,topwall,noleftwall,
Cell(3,19): white,baggle,topwall,noleftwall,
Cell(3,20): white,nobaggle,topwall,noleftwall,
Cell(4,1): white,nobaggle,topwall,noleftwall,
Cell(4,2): white,nobaggle,topwall,noleftwall,
Cell(4,7): white,nobaggle,topwall,noleftwall,
Cell(4,8): white,nobaggle,topwall,noleftwall,
Cell(4,13): white,baggle,topwall,noleftwall,
Cell(4,14): white,nobaggle,topwall,noleftwall,
Cell(4,19): white,nobaggle,topwall,noleftwall,
Cell(4,20): white,nobaggle,topwall,noleftwall,
Cell(5,1): white,nobaggle,topwall,noleftwall,
Cell(5,2): white,nobaggle,topwall,noleftwall,
Cell(5,7): white,nobaggle,topwall,noleftwall,
Cell(5,8): white,nobaggle,topwall,noleftwall,
Cell(5,13): white,baggle,topwall,noleftwall,
Cell(5,14): white,nobaggle,topwall,noleftwall,
Cell(5,19): white,nobaggle,topwall,noleftwall,
Cell(5,20): white,nobaggle,topwall,noleftwall,
Cell(6,1): white,nobaggle,topwall,noleftwall,
Cell(6,2): white,nobaggle,topwall,noleftwall,
Cell(6,7): white,nobaggle,topwall,noleftwall,
Cell(6,8): white,nobaggle,topwall,noleftwall,
Cell(6,13): white,nobaggle,topwall,noleftwall,
Cell(6,14): white,nobaggle,topwall,noleftwall,
Cell(6,19): white,nobaggle,topwall,noleftwall,
Cell(6,20): white,nobaggle,topwall,noleftwall,
Cell(7,1): white,nobaggle,topwall,noleftwall,
Cell(7,2): white,nobaggle,notopwall,leftwall,
Cell(7,3): white,baggle,notopwall,leftwall,
Cell(7,4): white,baggle,notopwall,leftwall,
Cell(7,5): white,baggle,notopwall,leftwall,
Cell(7,6): white,nobaggle,notopwall,leftwall,
Cell(7,7): white,baggle,notopwall,noleftwall,
Cell(7,8): white,baggle,notopwall,leftwall,
Cell(7,9): white,baggle,notopwall,leftwall,
Cell(7,10): white,nobaggle,notopwall,leftwall,
Cell(7,11): white,nobaggle,notopwall,leftwall,
Cell(7,12): white,nobaggle,notopwall,leftwall,
Cell(7,14): white,nobaggle,notopwall,leftwall,
Cell(7,15): white,nobaggle,notopwall,leftwall,
Cell(7,16): white,baggle,notopwall,leftwall,
Cell(7,17): white,nobaggle,notopwall,leftwall,
Cell(7,18): white,baggle,notopwall,leftwall,
Cell(7,20): white,nobaggle,topwall,noleftwall,
Cell(8,1): white,nobaggle,topwall,noleftwall,
Cell(8,2): white,nobaggle,topwall,leftwall,
Cell(8,3): white,nobaggle,notopwall,leftwall,
Cell(8,4): white,nobaggle,notopwall,leftwall,
Cell(8,5): white,nobaggle,notopwall,leftwall,
Cell(8,6): white,nobaggle,notopwall,leftwall,
Cell(8,7): white,nobaggle,topwall,noleftwall,
Cell(8,8): white,nobaggle,topwall,leftwall,
Cell(8,9): white,nobaggle,notopwall,leftwall,
Cell(8,10): white,nobaggle,notopwall,leftwall,
Cell(8,11): white,nobaggle,notopwall,leftwall,
Cell(8,12): white,nobaggle,notopwall,leftwall,
Cell(8,13): white,nobaggle,topwall,noleftwall,
Cell(8,14): white,nobaggle,topwall,leftwall,
Cell(8,15): white,nobaggle,notopwall,leftwall,
Cell(8,16): white,nobaggle,notopwall,leftwall,
Cell(8,17): white,nobaggle,notopwall,leftwall,
Cell(8,18): white,nobaggle,notopwall,leftwall,
Cell(8,19): white,nobaggle,topwall,noleftwall,
Cell(8,20): white,nobaggle,topwall,noleftwall,
Cell(9,1): white,nobaggle,topwall,noleftwall,
Cell(9,2): white,nobaggle,topwall,noleftwall,
Cell(9,7): white,nobaggle,topwall,noleftwall,
Cell(9,8): white,nobaggle,topwall,noleftwall,
Cell(9,13): white,baggle,topwall,noleftwall,
Cell(9,14): white,nobaggle,topwall,noleftwall,
Cell(9,19): white,baggle,topwall,noleftwall,
Cell(9,20): white,nobaggle,topwall,noleftwall,
Cell(10,1): white,nobaggle,topwall,noleftwall,
Cell(10,2): white,nobaggle,topwall,noleftwall,
Cell(10,7): white,nobaggle,topwall,noleftwall,
Cell(10,8): white,nobaggle,topwall,noleftwall,
Cell(10,13): white,baggle,topwall,noleftwall,
Cell(10,14): white,nobaggle,topwall,noleftwall,
Cell(10,19): white,nobaggle,topwall,noleftwall,
Cell(10,20): white,nobaggle,topwall,noleftwall,
Cell(11,1): white,baggle,topwall,noleftwall,
Cell(11,2): white,nobaggle,topwall,noleftwall,
Cell(11,7): white,baggle,topwall,noleftwall,
Cell(11,8): white,nobaggle,topwall,noleftwall,
Cell(11,13): white,baggle,topwall,noleftwall,
Cell(11,14): white,nobaggle,topwall,noleftwall,
Cell(11,19): white,nobaggle,topwall,noleftwall,
Cell(11,20): white,nobaggle,topwall,noleftwall,
Cell(12,1): white,nobaggle,topwall,noleftwall,
Cell(12,2): white,nobaggle,topwall,noleftwall,
Cell(12,7): white,nobaggle,topwall,noleftwall,
Cell(12,8): white,nobaggle,topwall,noleftwall,
Cell(12,13): white,baggle,topwall,noleftwall,
Cell(12,14): white,nobaggle,topwall,noleftwall,
Cell(12,19): white,nobaggle,topwall,noleftwall,
Cell(12,20): white,nobaggle,topwall,noleftwall,
Cell(13,1): white,baggle,topwall,noleftwall,
Cell(13,2): white,nobaggle,notopwall,leftwall,
Cell(13,3): white,baggle,notopwall,leftwall,
Cell(13,4): white,nobaggle,notopwall,leftwall,
Cell(13,5): white,nobaggle,notopwall,leftwall,
Cell(13,6): white,nobaggle,notopwall,leftwall,
Cell(13,7): white,baggle,notopwall,noleftwall,
Cell(13,8): white,baggle,notopwall,leftwall,
Cell(13,9): white,baggle,notopwall,leftwall,
Cell(13,10): white,nobaggle,notopwall,leftwall,
Cell(13,11): white,nobaggle,notopwall,leftwall,
Cell(13,12): white,nobaggle,notopwall,leftwall,
Cell(13,13): white,baggle,notopwall,noleftwall,
Cell(13,14): white,nobaggle,notopwall,leftwall,
Cell(13,15): white,nobaggle,notopwall,leftwall,
Cell(13,16): white,baggle,notopwall,leftwall,
Cell(13,17): white,nobaggle,notopwall,leftwall,
Cell(13,18): white,baggle,notopwall,leftwall,
Cell(13,19): white,baggle,notopwall,noleftwall,
Cell(13,20): white,nobaggle,topwall,noleftwall,
Cell(14,1): white,nobaggle,topwall,noleftwall,
Cell(14,2): white,nobaggle,topwall,leftwall,
Cell(14,3): white,nobaggle,notopwall,leftwall,
Cell(14,4): white,nobaggle,notopwall,leftwall,
Cell(14,5): white,nobaggle,notopwall,leftwall,
Cell(14,6): white,nobaggle,notopwall,leftwall,
Cell(14,7): white,nobaggle,topwall,noleftwall,
Cell(14,8): white,nobaggle,topwall,leftwall,
Cell(14,9): white,nobaggle,notopwall,leftwall,
Cell(14,10): white,nobaggle,notopwall,leftwall,
Cell(14,11): white,nobaggle,notopwall,leftwall,
Cell(14,12): white,nobaggle,notopwall,leftwall,
Cell(14,13): white,baggle,topwall,noleftwall,
Cell(14,14): white,nobaggle,topwall,leftwall,
Cell(14,15): white,nobaggle,notopwall,leftwall,
Cell(14,16): white,nobaggle,notopwall,leftwall,
Cell(14,17): white,nobaggle,notopwall,leftwall,
Cell(14,18): white,nobaggle,notopwall,leftwall,
Cell(14,19): white,nobaggle,topwall,noleftwall,
Cell(14,20): white,nobaggle,topwall,noleftwall,
Cell(15,1): white,baggle,topwall,noleftwall,
Cell(15,2): white,nobaggle,topwall,noleftwall,
Cell(15,7): white,baggle,topwall,noleftwall,
Cell(15,8): white,nobaggle,topwall,noleftwall,
Cell(15,13): white,nobaggle,topwall,noleftwall,
Cell(15,14): white,nobaggle,topwall,noleftwall,
Cell(15,19): white,baggle,topwall,noleftwall,
Cell(15,20): white,nobaggle,topwall,noleftwall,
Cell(16,1): white,nobaggle,topwall,noleftwall,
Cell(16,2): white,nobaggle,topwall,noleftwall,
Cell(16,7): white,nobaggle,topwall,noleftwall,
Cell(16,8): white,nobaggle,topwall,noleftwall,
Cell(16,13): white,nobaggle,topwall,noleftwall,
Cell(16,14): white,nobaggle,topwall,noleftwall,
Cell(16,19): white,nobaggle,topwall,noleftwall,
Cell(16,20): white,nobaggle,topwall,noleftwall,
Cell(17,1): white,nobaggle,topwall,noleftwall,
Cell(17,2): white,nobaggle,topwall,noleftwall,
Cell(17,7): white,nobaggle,topwall,noleftwall,
Cell(17,8): white,nobaggle,topwall,noleftwall,
Cell(17,13): white,baggle,topwall,noleftwall,
Cell(17,14): white,nobaggle,topwall,noleftwall,
Cell(17,19): white,nobaggle,topwall,noleftwall,
Cell(17,20): white,nobaggle,topwall,noleftwall,
Cell(18,1): white,nobaggle,topwall,noleftwall,
Cell(18,2): white,nobaggle,topwall,noleftwall,
Cell(18,7): white,nobaggle,topwall,noleftwall,
Cell(18,8): white,nobaggle,topwall,noleftwall,
Cell(18,13): white,nobaggle,topwall,noleftwall,
Cell(18,14): white,nobaggle,topwall,noleftwall,
Cell(18,19): white,nobaggle,topwall,noleftwall,
Cell(18,20): white,nobaggle,topwall,noleftwall,
Cell(19,1): white,baggle,topwall,noleftwall,
Cell(19,2): white,nobaggle,notopwall,leftwall,
Cell(19,3): white,baggle,notopwall,leftwall,
Cell(19,4): white,baggle,notopwall,leftwall,
Cell(19,5): white,baggle,notopwall,leftwall,
Cell(19,6): white,nobaggle,notopwall,leftwall,
Cell(19,7): white,baggle,notopwall,noleftwall,
Cell(19,8): white,baggle,notopwall,leftwall,
Cell(19,9): white,baggle,notopwall,leftwall,
Cell(19,10): white,nobaggle,notopwall,leftwall,
Cell(19,11): white,nobaggle,notopwall,leftwall,
Cell(19,12): white,nobaggle,notopwall,leftwall,
Cell(19,14): white,nobaggle,notopwall,leftwall,
Cell(19,15): white,nobaggle,notopwall,leftwall,
Cell(19,16): white,baggle,notopwall,leftwall,
Cell(19,17): white,nobaggle,notopwall,leftwall,
Cell(19,18): white,baggle,notopwall,leftwall,
Cell(19,19): white,baggle,notopwall,noleftwall,
Cell(19,20): white,nobaggle,topwall,noleftwall,
Cell(20,1): white,nobaggle,topwall,noleftwall,
Cell(20,2): white,nobaggle,topwall,leftwall,
Cell(20,3): white,nobaggle,notopwall,leftwall,
Cell(20,4): white,nobaggle,notopwall,leftwall,
Cell(20,5): white,nobaggle,notopwall,leftwall,
Cell(20,6): white,nobaggle,notopwall,leftwall,
Cell(20,7): white,nobaggle,topwall,noleftwall,
Cell(20,8): white,nobaggle,topwall,leftwall,
Cell(20,9): white,nobaggle,notopwall,leftwall,
Cell(20,10): white,nobaggle,notopwall,leftwall,
Cell(20,11): white,nobaggle,notopwall,leftwall,
Cell(20,12): white,nobaggle,notopwall,leftwall,
Cell(20,13): white,nobaggle,topwall,noleftwall,
Cell(20,14): white,nobaggle,topwall,leftwall,
Cell(20,15): white,nobaggle,notopwall,leftwall,
Cell(20,16): white,nobaggle,notopwall,leftwall,
Cell(20,17): white,nobaggle,notopwall,leftwall,
Cell(20,18): white,nobaggle,notopwall,leftwall,
Cell(20,19): white,nobaggle,topwall,noleftwall,
Cell(20,20): white,nobaggle,topwall,noleftwall,
Cell(21,1): white,nobaggle,topwall,noleftwall,
Cell(21,2): white,nobaggle,topwall,noleftwall,
Cell(21,7): white,nobaggle,topwall,noleftwall,
Cell(21,8): white,nobaggle,topwall,noleftwall,
Cell(21,13): white,nobaggle,topwall,noleftwall,
Cell(21,14): white,nobaggle,topwall,noleftwall,
Cell(21,19): white,nobaggle,topwall,noleftwall,
Cell(21,20): white,nobaggle,topwall,noleftwall,
Cell(22,1): white,nobaggle,topwall,noleftwall,
Cell(22,2): white,nobaggle,topwall,noleftwall,
Cell(22,7): white,nobaggle,topwall,noleftwall,
Cell(22,8): white,nobaggle,topwall,noleftwall,
Cell(22,13): white,nobaggle,topwall,noleftwall,
Cell(22,14): white,nobaggle,topwall,noleftwall,
Cell(22,19): white,nobaggle,topwall,noleftwall,
Cell(22,20): white,nobaggle,topwall,noleftwall,
Cell(23,1): white,baggle,topwall,noleftwall,
Cell(23,2): white,nobaggle,topwall,noleftwall,
Cell(23,7): white,baggle,topwall,noleftwall,
Cell(23,8): white,nobaggle,topwall,noleftwall,
Cell(23,13): white,baggle,topwall,noleftwall,
Cell(23,14): white,nobaggle,topwall,noleftwall,
Cell(23,19): white,baggle,topwall,noleftwall,
Cell(23,20): white,nobaggle,topwall,noleftwall,
Cell(24,1): white,nobaggle,topwall,noleftwall,
Cell(24,2): white,nobaggle,topwall,noleftwall,
Cell(24,7): white,baggle,topwall,noleftwall,
Cell(24,8): white,nobaggle,topwall,noleftwall,
Cell(24,13): white,nobaggle,topwall,noleftwall,
Cell(24,14): white,nobaggle,topwall,noleftwall,
Cell(24,19): white,baggle,topwall,noleftwall,
Cell(24,20): white,nobaggle,topwall,noleftwall,
Cell(25,1): orange,nobaggle,topwall,noleftwall,
Cell(25,2): white,baggle,notopwall,leftwall,
Cell(25,3): white,nobaggle,notopwall,leftwall,
Cell(25,4): white,baggle,notopwall,leftwall,
Cell(25,5): white,nobaggle,notopwall,leftwall,
Cell(25,6): white,nobaggle,notopwall,leftwall,
Cell(25,7): white,baggle,notopwall,noleftwall,
Cell(25,8): white,nobaggle,notopwall,leftwall,
Cell(25,9): white,nobaggle,notopwall,leftwall,
Cell(25,10): white,nobaggle,notopwall,leftwall,
Cell(25,11): white,nobaggle,notopwall,leftwall,
Cell(25,12): white,nobaggle,notopwall,leftwall,
Cell(25,13): white,baggle,notopwall,noleftwall,
Cell(25,14): white,nobaggle,notopwall,leftwall,
Cell(25,15): white,nobaggle,notopwall,leftwall,
Cell(25,16): white,baggle,notopwall,leftwall,
Cell(25,17): white,nobaggle,notopwall,leftwall,
Cell(25,18): white,baggle,notopwall,leftwall,
Cell(25,19): white,baggle,notopwall,noleftwall,
Cell(25,20): white,nobaggle,topwall,noleftwall,
Cell(26,1): orange,nobaggle,topwall,noleftwall,
Cell(26,2): white,nobaggle,topwall,leftwall,
Cell(26,3): white,nobaggle,notopwall,leftwall,
Cell(26,4): white,nobaggle,notopwall,leftwall,
Cell(26,5): white,nobaggle,notopwall,leftwall,
Cell(26,6): white,nobaggle,notopwall,leftwall,
Cell(26,7): white,nobaggle,notopwall,leftwall,
Cell(26,8): white,nobaggle,notopwall,leftwall,
Cell(26,9): white,nobaggle,notopwall,leftwall,
Cell(26,10): white,nobaggle,notopwall,leftwall,
Cell(26,11): white,nobaggle,notopwall,leftwall,
Cell(26,12): white,nobaggle,notopwall,leftwall,
Cell(26,13): white,nobaggle,notopwall,leftwall,
Cell(26,14): white,nobaggle,notopwall,leftwall,
Cell(26,15): white,nobaggle,notopwall,leftwall,
Cell(26,16): white,nobaggle,notopwall,leftwall,
Cell(26,17): white,nobaggle,notopwall,leftwall,
Cell(26,18): white,nobaggle,notopwall,leftwall,
Cell(26,19): white,nobaggle,notopwall,leftwall,
