BuggleWorld: Grid
Size: 7x7
Buggle(6,6): north,black,red,Walker,noBaggle,
Cell(0,0): white,nobaggle,topwall,leftwall,0
Cell(0,1): white,nobaggle,notopwall,leftwall,1
Cell(0,2): white,nobaggle,notopwall,leftwall,3
Cell(0,3): white,nobaggle,notopwall,leftwall,6
Cell(0,4): white,nobaggle,notopwall,leftwall,10
Cell(0,5): white,nobaggle,notopwall,leftwall,15
Cell(0,6): white,nobaggle,notopwall,leftwall,21
Cell(1,0): white,nobaggle,topwall,noleftwall,2
Cell(1,1): white,nobaggle,notopwall,noleftwall,4
Cell(1,2): white,nobaggle,notopwall,noleftwall,7
Cell(1,3): white,nobaggle,notopwall,noleftwall,11
Cell(1,4): white,nobaggle,notopwall,noleftwall,16
Cell(1,5): white,nobaggle,notopwall,noleftwall,22
Cell(1,6): white,nobaggle,notopwall,noleftwall,28
Cell(2,0): white,nobaggle,topwall,noleftwall,5
Cell(2,1): white,nobaggle,notopwall,noleftwall,8
Cell(2,2): white,nobaggle,notopwall,noleftwall,12
Cell(2,3): white,nobaggle,notopwall,noleftwall,17
Cell(2,4): white,nobaggle,notopwall,noleftwall,23
Cell(2,5): white,nobaggle,notopwall,noleftwall,29
Cell(2,6): white,nobaggle,notopwall,noleftwall,34
Cell(3,0): white,nobaggle,topwall,noleftwall,9
Cell(3,1): white,nobaggle,notopwall,noleftwall,13
Cell(3,2): white,nobaggle,notopwall,noleftwall,18
Cell(3,3): white,nobaggle,notopwall,noleftwall,24
Cell(3,4): white,nobaggle,notopwall,noleftwall,30
Cell(3,5): white,nobaggle,notopwall,noleftwall,35
Cell(3,6): white,nobaggle,notopwall,noleftwall,39
Cell(4,0): white,nobaggle,topwall,noleftwall,14
Cell(4,1): white,nobaggle,notopwall,noleftwall,19
Cell(4,2): white,nobaggle,notopwall,noleftwall,25
Cell(4,3): white,nobaggle,notopwall,noleftwall,31
Cell(4,4): white,nobaggle,notopwall,noleftwall,36
Cell(4,5): white,nobaggle,notopwall,noleftwall,40
Cell(4,6): white,nobaggle,notopwall,noleftwall,43
Cell(5,0): white,nobaggle,topwall,noleftwall,20
Cell(5,1): white,nobaggle,notopwall,noleftwall,26
Cell(5,2): white,nobaggle,notopwall,noleftwall,32
Cell(5,3): white,nobaggle,notopwall,noleftwall,37
Cell(5,4): white,nobaggle,notopwall,noleftwall,41
Cell(5,5): white,nobaggle,notopwall,noleftwall,44
Cell(5,6): white,nobaggle,notopwall,noleftwall,46
Cell(6,0): white,nobaggle,topwall,noleftwall,27
Cell(6,1): white,nobaggle,notopwall,noleftwall,33
Cell(6,2): white,nobaggle,notopwall,noleftwall,38
Cell(6,3): white,nobaggle,notopwall,noleftwall,42
Cell(6,4): white,nobaggle,notopwall,noleftwall,45
Cell(6,5): white,nobaggle,notopwall,noleftwall,47
Cell(6,6): white,nobaggle,notopwall,noleftwall,48
