BuggleWorld: World
Size: 45x45
Buggle(0,44): east,black,green,Picasso,noBaggle,
Cell(0,1): green,nobaggle,notopwall,noleftwall,
Cell(0,3): green,nobaggle,notopwall,noleftwall,
Cell(0,6): green,nobaggle,notopwall,noleftwall,
Cell(0,8): green,nobaggle,notopwall,noleftwall,
Cell(0,11): green,nobaggle,notopwall,noleftwall,
Cell(0,13): green,nobaggle,notopwall,noleftwall,
Cell(0,16): green,nobaggle,notopwall,noleftwall,
Cell(0,18): green,nobaggle,notopwall,noleftwall,
Cell(0,21): green,nobaggle,notopwall,noleftwall,
Cell(0,23): green,nobaggle,notopwall,noleftwall,
Cell(0,26): green,nobaggle,notopwall,noleftwall,
Cell(0,28): green,nobaggle,notopwall,noleftwall,
Cell(0,31): green,nobaggle,notopwall,noleftwall,
Cell(0,33): green,nobaggle,notopwall,noleftwall,
Cell(0,36): green,nobaggle,notopwall,noleftwall,
Cell(0,38): green,nobaggle,notopwall,noleftwall,
Cell(0,41): green,nobaggle,notopwall,noleftwall,
Cell(0,43): green,nobaggle,notopwall,noleftwall,
Cell(1,0): blue,nobaggle,notopwall,noleftwall,
Cell(1,2): green,nobaggle,notopwall,noleftwall,
Cell(1,4): yellow,nobaggle,notopwall,noleftwall,
Cell(1,5): blue,nobaggle,notopwall,noleftwall,
Cell(1,7): green,nobaggle,notopwall,noleftwall,
Cell(1,9): yellow,nobaggle,notopwall,noleftwall,
Cell(1,10): blue,nobaggle,notopwall,noleftwall,
Cell(1,12): green,nobaggle,notopwall,noleftwall,
Cell(1,14): yellow,nobaggle,notopwall,noleftwall,
Cell(1,15): blue,nobaggle,notopwall,noleftwall,
Cell(1,17): green,nobaggle,notopwall,noleftwall,
Cell(1,19): yellow,nobaggle,notopwall,noleftwall,
Cell(1,20): blue,nobaggle,notopwall,noleftwall,
Cell(1,22): green,nobaggle,notopwall,noleftwall,
Cell(1,24): yellow,nobaggle,notopwall,noleftwall,
Cell(1,25): blue,nobaggle,notopwall,noleftwall,
Cell(1,27): green,nobaggle,notopwall,noleftwall,
Cell(1,29): yellow,nobaggle,notopwall,noleftwall,
Cell(1,30): blue,nobaggle,notopwall,noleftwall,
Cell(1,32): green,nobaggle,notopwall,noleftwall,
Cell(1,34): yellow,nobaggle,notopwall,noleftwall,
Cell(1,35): blue,nobaggle,notopwall,noleftwall,
Cell(1,37): green,nobaggle,notopwall,noleftwall,
Cell(1,39): yellow,nobaggle,notopwall,noleftwall,
Cell(1,40): blue,nobaggle,notopwall,noleftwall,
Cell(1,42): green,nobaggle,notopwall,noleftwall,
Cell(1,44): yellow,nobaggle,notopwall,noleftwall,
Cell(2,1): blue,nobaggle,notopwall,noleftwall,
Cell(2,3): yellow,nobaggle,notopwall,noleftwall,
Cell(2,6): blue,nobaggle,notopwall,noleftwall,
Cell(2,8): yellow,nobaggle,notopwall,noleftwall,
Cell(2,11): blue,nobaggle,notopwall,noleftwall,
Cell(2,13): yellow,nobaggle,notopwall,noleftwall,
Cell(2,16): blue,nobaggle,notopwall,noleftwall,
Cell(2,18): yellow,nobaggle,notopwall,noleftwall,
Cell(2,21): blue,nobaggle,notopwall,noleftwall,
Cell(2,23): yellow,nobaggle,notopwall,noleftwall,
Cell(2,26): blue,nobaggle,notopwall,noleftwall,
Cell(2,28): yellow,nobaggle,notopwall,noleftwall,
Cell(2,31): blue,nobaggle,notopwall,noleftwall,
Cell(2,33): yellow,nobaggle,notopwall,noleftwall,
Cell(2,36): blue,nobaggle,notopwall,noleftwall,
Cell(2,38): yellow,nobaggle,notopwall,noleftwall,
Cell(2,41): blue,nobaggle,notopwall,noleftwall,
Cell(2,43): yellow,nobaggle,notopwall,noleftwall,
Cell(3,0): blue,nobaggle,notopwall,noleftwall,
Cell(3,2): red,nobaggle,notopwall,noleftwall,
Cell(3,4): yellow,nobaggle,notopwall,noleftwall,
Cell(3,5): blue,nobaggle,notopwall,noleftwall,
Cell(3,7): red,nobaggle,notopwall,noleftwall,
Cell(3,9): yellow,nobaggle,notopwall,noleftwall,
Cell(3,10): blue,nobaggle,notopwall,noleftwall,
Cell(3,12): red,nobaggle,notopwall,noleftwall,
Cell(3,14): yellow,nobaggle,notopwall,noleftwall,
Cell(3,15): blue,nobaggle,notopwall,noleftwall,
Cell(3,17): red,nobaggle,notopwall,noleftwall,
Cell(3,19): yellow,nobaggle,notopwall,noleftwall,
Cell(3,20): blue,nobaggle,notopwall,noleftwall,
Cell(3,22): red,nobaggle,notopwall,noleftwall,
Cell(3,24): yellow,nobaggle,notopwall,noleftwall,
Cell(3,25): blue,nobaggle,notopwall,noleftwall,
Cell(3,27): red,nobaggle,notopwall,noleftwall,
Cell(3,29): yellow,nobaggle,notopwall,noleftwall,
Cell(3,30): blue,nobaggle,notopwall,noleftwall,
Cell(3,32): red,nobaggle,notopwall,noleftwall,
Cell(3,34): yellow,nobaggle,notopwall,noleftwall,
Cell(3,35): blue,nobaggle,notopwall,noleftwall,
Cell(3,37): red,nobaggle,notopwall,noleftwall,
Cell(3,39): yellow,nobaggle,notopwall,noleftwall,
Cell(3,40): blue,nobaggle,notopwall,noleftwall,
Cell(3,42): red,nobaggle,notopwall,noleftwall,
Cell(3,44): yellow,nobaggle,notopwall,noleftwall,
Cell(4,1): red,nobaggle,notopwall,noleftwall,
Cell(4,3): red,nobaggle,notopwall,noleftwall,
Cell(4,6): red,nobaggle,notopwall,noleftwall,
Cell(4,8): red,nobaggle,notopwall,noleftwall,
Cell(4,11): red,nobaggle,notopwall,noleftwall,
Cell(4,13): red,nobaggle,notopwall,noleftwall,
Cell(4,16): red,nobaggle,notopwall,noleftwall,
Cell(4,18): red,nobaggle,notopwall,noleftwall,
Cell(4,21): red,nobaggle,notopwall,noleftwall,
Cell(4,23): red,nobaggle,notopwall,noleftwall,
Cell(4,26): red,nobaggle,notopwall,noleftwall,
Cell(4,28): red,nobaggle,notopwall,noleftwall,
Cell(4,31): red,nobaggle,notopwall,noleftwall,
Cell(4,33): red,nobaggle,notopwall,noleftwall,
Cell(4,36): red,nobaggle,notopwall,noleftwall,
Cell(4,38): red,nobaggle,notopwall,noleftwall,
Cell(4,41): red,nobaggle,notopwall,noleftwall,
Cell(4,43): red,nobaggle,notopwall,noleftwall,
Cell(5,1): green,nobaggle,notopwall,noleftwall,
Cell(5,3): green,nobaggle,notopwall,noleftwall,
Cell(5,6): green,nobaggle,notopwall,noleftwall,
Cell(5,8): green,nobaggle,notopwall,noleftwall,
Cell(5,11): green,nobaggle,notopwall,noleftwall,
Cell(5,13): green,nobaggle,notopwall,noleftwall,
Cell(5,16): green,nobaggle,notopwall,noleftwall,
Cell(5,18): green,nobaggle,notopwall,noleftwall,
Cell(5,21): green,nobaggle,notopwall,noleftwall,
Cell(5,23): green,nobaggle,notopwall,noleftwall,
Cell(5,26): green,nobaggle,notopwall,noleftwall,
Cell(5,28): green,nobaggle,notopwall,noleftwall,
Cell(5,31): green,nobaggle,notopwall,noleftwall,
Cell(5,33): green,nobaggle,notopwall,noleftwall,
Cell(5,36): green,nobaggle,notopwall,noleftwall,
Cell(5,38): green,nobaggle,notopwall,noleftwall,
Cell(5,41): green,nobaggle,notopwall,noleftwall,
Cell(5,43): green,nobaggle,notopwall,noleftwall,
Cell(6,0): blue,nobaggle,notopwall,noleftwall,
Cell(6,2): green,nobaggle,notopwall,noleftwall,
Cell(6,4): yellow,nobaggle,notopwall,noleftwall,
Cell(6,5): blue,nobaggle,notopwall,noleftwall,
Cell(6,7): green,nobaggle,notopwall,noleftwall,
Cell(6,9): yellow,nobaggle,notopwall,noleftwall,
Cell(6,10): blue,nobaggle,notopwall,noleftwall,
Cell(6,12): green,nobaggle,notopwall,noleftwall,
Cell(6,14): yellow,nobaggle,notopwall,noleftwall,
Cell(6,15): blue,nobaggle,notopwall,noleftwall,
Cell(6,17): green,nobaggle,notopwall,noleftwall,
Cell(6,19): yellow,nobaggle,notopwall,noleftwall,
Cell(6,20): blue,nobaggle,notopwall,noleftwall,
Cell(6,22): green,nobaggle,notopwall,noleftwall,
Cell(6,24): yellow,nobaggle,notopwall,noleftwall,
Cell(6,25): blue,nobaggle,notopwall,noleftwall,
Cell(6,27): green,nobaggle,notopwall,noleftwall,
Cell(6,29): yellow,nobaggle,notopwall,noleftwall,
Cell(6,30): blue,nobaggle,notopwall,noleftwall,
Cell(6,32): green,nobaggle,notopwall,noleftwall,
Cell(6,34): yellow,nobaggle,notopwall,noleftwall,
Cell(6,35): blue,nobaggle,notopwall,noleftwall,
Cell(6,37): green,nobaggle,notopwall,noleftwall,
Cell(6,39): yellow,nobaggle,notopwall,noleftwall,
Cell(6,40): blue,nobaggle,notopwall,noleftwall,
Cell(6,42): green,nobaggle,notopwall,noleftwall,
Cell(6,44): yellow,nobaggle,notopwall,noleftwall,
Cell(7,1): blue,nobaggle,notopwall,noleftwall,
Cell(7,3): yellow,nobaggle,notopwall,noleftwall,
Cell(7,6): blue,nobaggle,notopwall,noleftwall,
Cell(7,8): yellow,nobaggle,notopwall,noleftwall,
Cell(7,11): blue,nobaggle,notopwall,noleftwall,
Cell(7,13): yellow,nobaggle,notopwall,noleftwall,
Cell(7,16): blue,nobaggle,notopwall,noleftwall,
Cell(7,18): yellow,nobaggle,notopwall,noleftwall,
Cell(7,21): blue,nobaggle,notopwall,noleftwall,
Cell(7,23): yellow,nobaggle,notopwall,noleftwall,
Cell(7,26): blue,nobaggle,notopwall,noleftwall,
Cell(7,28): yellow,nobaggle,notopwall,noleftwall,
Cell(7,31): blue,nobaggle,notopwall,noleftwall,
Cell(7,33): yellow,nobaggle,notopwall,noleftwall,
Cell(7,36): blue,nobaggle,notopwall,noleftwall,
Cell(7,38): yellow,nobaggle,notopwall,noleftwall,
Cell(7,41): blue,nobaggle,notopwall,noleftwall,
Cell(7,43): yellow,nobaggle,notopwall,noleftwall,
Cell(8,0): blue,nobaggle,notopwall,noleftwall,
Cell(8,2): red,nobaggle,notopwall,noleftwall,
Cell(8,4): yellow,nobaggle,notopwall,noleftwall,
Cell(8,5): blue,nobaggle,notopwall,noleftwall,
Cell(8,7): red,nobaggle,notopwall,noleftwall,
Cell(8,9): yellow,nobaggle,notopwall,noleftwall,
Cell(8,10): blue,nobaggle,notopwall,noleftwall,
Cell(8,12): red,nobaggle,notopwall,noleftwall,
Cell(8,14): yellow,nobaggle,notopwall,noleftwall,
Cell(8,15): blue,nobaggle,notopwall,noleftwall,
Cell(8,17): red,nobaggle,notopwall,noleftwall,
Cell(8,19): yellow,nobaggle,notopwall,noleftwall,
Cell(8,20): blue,nobaggle,notopwall,noleftwall,
Cell(8,22): red,nobaggle,notopwall,noleftwall,
Cell(8,24): yellow,nobaggle,notopwall,noleftwall,
Cell(8,25): blue,nobaggle,notopwall,noleftwall,
Cell(8,27): red,nobaggle,notopwall,noleftwall,
Cell(8,29): yellow,nobaggle,notopwall,noleftwall,
Cell(8,30): blue,nobaggle,notopwall,noleftwall,
Cell(8,32): red,nobaggle,notopwall,noleftwall,
Cell(8,34): yellow,nobaggle,notopwall,noleftwall,
Cell(8,35): blue,nobaggle,notopwall,noleftwall,
Cell(8,37): red,nobaggle,notopwall,noleftwall,
Cell(8,39): yellow,nobaggle,notopwall,noleftwall,
Cell(8,40): blue,nobaggle,notopwall,noleftwall,
Cell(8,42): red,nobaggle,notopwall,noleftwall,
Cell(8,44): yellow,nobaggle,notopwall,noleftwall,
Cell(9,1): red,nobaggle,notopwall,noleftwall,
Cell(9,3): red,nobaggle,notopwall,noleftwall,
Cell(9,6): red,nobaggle,notopwall,noleftwall,
Cell(9,8): red,nobaggle,notopwall,noleftwall,
Cell(9,11): red,nobaggle,notopwall,noleftwall,
Cell(9,13): red,nobaggle,notopwall,noleftwall,
Cell(9,16): red,nobaggle,notopwall,noleftwall,
Cell(9,18): red,nobaggle,notopwall,noleftwall,
Cell(9,21): red,nobaggle,notopwall,noleftwall,
Cell(9,23): red,nobaggle,notopwall,noleftwall,
Cell(9,26): red,nobaggle,notopwall,noleftwall,
Cell(9,28): red,nobaggle,notopwall,noleftwall,
Cell(9,31): red,nobaggle,notopwall,noleftwall,
Cell(9,33): red,nobaggle,notopwall,noleftwall,
Cell(9,36): red,nobaggle,notopwall,noleftwall,
Cell(9,38): red,nobaggle,notopwall,noleftwall,
Cell(9,41): red,nobaggle,notopwall,noleftwall,
Cell(9,43): red,nobaggle,notopwall,noleftwall,
Cell(10,1): green,nobaggle,notopwall,noleftwall,
Cell(10,3): green,nobaggle,notopwall,noleftwall,
Cell(10,6): green,nobaggle,notopwall,noleftwall,
Cell(10,8): green,nobaggle,notopwall,noleftwall,
Cell(10,11): green,nobaggle,notopwall,noleftwall,
Cell(10,13): green,nobaggle,notopwall,noleftwall,
Cell(10,16): green,nobaggle,notopwall,noleftwall,
Cell(10,18): green,nobaggle,notopwall,noleftwall,
Cell(10,21): green,nobaggle,notopwall,noleftwall,
Cell(10,23): green,nobaggle,notopwall,noleftwall,
Cell(10,26): green,nobaggle,notopwall,noleftwall,
Cell(10,28): green,nobaggle,notopwall,noleftwall,
Cell(10,31): green,nobaggle,notopwall,noleftwall,
Cell(10,33): green,nobaggle,notopwall,noleftwall,
Cell(10,36): green,nobaggle,notopwall,noleftwall,
Cell(10,38): green,nobaggle,notopwall,noleftwall,
Cell(10,41): green,nobaggle,notopwall,noleftwall,
Cell(10,43): green,nobaggle,notopwall,noleftwall,
Cell(11,0): blue,nobaggle,notopwall,noleftwall,
Cell(11,2): green,nobaggle,notopwall,noleftwall,
Cell(11,4): yellow,nobaggle,notopwall,noleftwall,
Cell(11,5): blue,nobaggle,notopwall,noleftwall,
Cell(11,7): green,nobaggle,notopwall,noleftwall,
Cell(11,9): yellow,nobaggle,notopwall,noleftwall,
Cell(11,10): blue,nobaggle,notopwall,noleftwall,
Cell(11,12): green,nobaggle,notopwall,noleftwall,
Cell(11,14): yellow,nobaggle,notopwall,noleftwall,
Cell(11,15): blue,nobaggle,notopwall,noleftwall,
Cell(11,17): green,nobaggle,notopwall,noleftwall,
Cell(11,19): yellow,nobaggle,notopwall,noleftwall,
Cell(11,20): blue,nobaggle,notopwall,noleftwall,
Cell(11,22): green,nobaggle,notopwall,noleftwall,
Cell(11,24): yellow,nobaggle,notopwall,noleftwall,
Cell(11,25): blue,nobaggle,notopwall,noleftwall,
Cell(11,27): green,nobaggle,notopwall,noleftwall,
Cell(11,29): yellow,nobaggle,notopwall,noleftwall,
Cell(11,30): blue,nobaggle,notopwall,noleftwall,
Cell(11,32): green,nobaggle,notopwall,noleftwall,
Cell(11,34): yellow,nobaggle,notopwall,noleftwall,
Cell(11,35): blue,nobaggle,notopwall,noleftwall,
Cell(11,37): green,nobaggle,notopwall,noleftwall,
Cell(11,39): yellow,nobaggle,notopwall,noleftwall,
Cell(11,40): blue,nobaggle,notopwall,noleftwall,
Cell(11,42): green,nobaggle,notopwall,noleftwall,
Cell(11,44): yellow,nobaggle,notopwall,noleftwall,
Cell(12,1): blue,nobaggle,notopwall,noleftwall,
Cell(12,3): yellow,nobaggle,notopwall,noleftwall,
Cell(12,6): blue,nobaggle,notopwall,noleftwall,
Cell(12,8): yellow,nobaggle,notopwall,noleftwall,
Cell(12,11): blue,nobaggle,notopwall,noleftwall,
Cell(12,13): yellow,nobaggle,notopwall,noleftwall,
Cell(12,16): blue,nobaggle,notopwall,noleftwall,
Cell(12,18): yellow,nobaggle,notopwall,noleftwall,
Cell(12,21): blue,nobaggle,notopwall,noleftwall,
Cell(12,23): yellow,nobaggle,notopwall,noleftwall,
Cell(12,26): blue,nobaggle,notopwall,noleftwall,
Cell(12,28): yellow,nobaggle,notopwall,noleftwall,
Cell(12,31): blue,nobaggle,notopwall,noleftwall,
Cell(12,33): yellow,nobaggle,notopwall,noleftwall,
Cell(12,36): blue,nobaggle,notopwall,noleftwall,
Cell(12,38): yellow,nobaggle,notopwall,noleftwall,
Cell(12,41): blue,nobaggle,notopwall,noleftwall,
Cell(12,43): yellow,nobaggle,notopwall,noleftwall,
Cell(13,0): blue,nobaggle,notopwall,noleftwall,
Cell(13,2): red,nobaggle,notopwall,noleftwall,
Cell(13,4): yellow,nobaggle,notopwall,noleftwall,
Cell(13,5): blue,nobaggle,notopwall,noleftwall,
Cell(13,7): red,nobaggle,notopwall,noleftwall,
Cell(13,9): yellow,nobaggle,notopwall,noleftwall,
Cell(13,10): blue,nobaggle,notopwall,noleftwall,
Cell(13,12): red,nobaggle,notopwall,noleftwall,
Cell(13,14): yellow,nobaggle,notopwall,noleftwall,
Cell(13,15): blue,nobaggle,notopwall,noleftwall,
Cell(13,17): red,nobaggle,notopwall,noleftwall,
Cell(13,19): yellow,nobaggle,notopwall,noleftwall,
Cell(13,20): blue,nobaggle,notopwall,noleftwall,
Cell(13,22): red,nobaggle,notopwall,noleftwall,
Cell(13,24): yellow,nobaggle,notopwall,noleftwall,
Cell(13,25): blue,nobaggle,notopwall,noleftwall,
Cell(13,27): red,nobaggle,notopwall,noleftwall,
Cell(13,29): yellow,nobaggle,notopwall,noleftwall,
Cell(13,30): blue,nobaggle,notopwall,noleftwall,
Cell(13,32): red,nobaggle,notopwall,noleftwall,
Cell(13,34): yellow,nobaggle,notopwall,noleftwall,
Cell(13,35): blue,nobaggle,notopwall,noleftwall,
Cell(13,37): red,nobaggle,notopwall,noleftwall,
Cell(13,39): yellow,nobaggle,notopwall,noleftwall,
Cell(13,40): blue,nobaggle,notopwall,noleftwall,
Cell(13,42): red,nobaggle,notopwall,noleftwall,
Cell(13,44): yellow,nobaggle,notopwall,noleftwall,
Cell(14,1): red,nobaggle,notopwall,noleftwall,
Cell(14,3): red,nobaggle,notopwall,noleftwall,
Cell(14,6): red,nobaggle,notopwall,noleftwall,
Cell(14,8): red,nobaggle,notopwall,noleftwall,
Cell(14,11): red,nobaggle,notopwall,noleftwall,
Cell(14,13): red,nobaggle,notopwall,noleftwall,
Cell(14,16): red,nobaggle,notopwall,noleftwall,
Cell(14,18): red,nobaggle,notopwall,noleftwall,
Cell(14,21): red,nobaggle,notopwall,noleftwall,
Cell(14,23): red,nobaggle,notopwall,noleftwall,
Cell(14,26): red,nobaggle,notopwall,noleftwall,
Cell(14,28): red,nobaggle,notopwall,noleftwall,
Cell(14,31): red,nobaggle,notopwall,noleftwall,
Cell(14,33): red,nobaggle,notopwall,noleftwall,
Cell(14,36): red,nobaggle,notopwall,noleftwall,
Cell(14,38): red,nobaggle,notopwall,noleftwall,
Cell(14,41): red,nobaggle,notopwall,noleftwall,
Cell(14,43): red,nobaggle,notopwall,noleftwall,
Cell(15,1): green,nobaggle,notopwall,noleftwall,
Cell(15,3): green,nobaggle,notopwall,noleftwall,
Cell(15,6): green,nobaggle,notopwall,noleftwall,
Cell(15,8): green,nobaggle,notopwall,noleftwall,
Cell(15,11): green,nobaggle,notopwall,noleftwall,
Cell(15,13): green,nobaggle,notopwall,noleftwall,
Cell(15,16): green,nobaggle,notopwall,noleftwall,
Cell(15,18): green,nobaggle,notopwall,noleftwall,
Cell(15,21): green,nobaggle,notopwall,noleftwall,
Cell(15,23): green,nobaggle,notopwall,noleftwall,
Cell(15,26): green,nobaggle,notopwall,noleftwall,
Cell(15,28): green,nobaggle,notopwall,noleftwall,
Cell(15,31): green,nobaggle,notopwall,noleftwall,
Cell(15,33): green,nobaggle,notopwall,noleftwall,
Cell(15,36): green,nobaggle,notopwall,noleftwall,
Cell(15,38): green,nobaggle,notopwall,noleftwall,
Cell(15,41): green,nobaggle,notopwall,noleftwall,
Cell(15,43): green,nobaggle,notopwall,noleftwall,
Cell(16,0): blue,nobaggle,notopwall,noleftwall,
Cell(16,2): green,nobaggle,notopwall,noleftwall,
Cell(16,4): yellow,nobaggle,notopwall,noleftwall,
Cell(16,5): blue,nobaggle,notopwall,noleftwall,
Cell(16,7): green,nobaggle,notopwall,noleftwall,
Cell(16,9): yellow,nobaggle,notopwall,noleftwall,
Cell(16,10): blue,nobaggle,notopwall,noleftwall,
Cell(16,12): green,nobaggle,notopwall,noleftwall,
Cell(16,14): yellow,nobaggle,notopwall,noleftwall,
Cell(16,15): blue,nobaggle,notopwall,noleftwall,
Cell(16,17): green,nobaggle,notopwall,noleftwall,
Cell(16,19): yellow,nobaggle,notopwall,noleftwall,
Cell(16,20): blue,nobaggle,notopwall,noleftwall,
Cell(16,22): green,nobaggle,notopwall,noleftwall,
Cell(16,24): yellow,nobaggle,notopwall,noleftwall,
Cell(16,25): blue,nobaggle,notopwall,noleftwall,
Cell(16,27): green,nobaggle,notopwall,noleftwall,
Cell(16,29): yellow,nobaggle,notopwall,noleftwall,
Cell(16,30): blue,nobaggle,notopwall,noleftwall,
Cell(16,32): green,nobaggle,notopwall,noleftwall,
Cell(16,34): yellow,nobaggle,notopwall,noleftwall,
Cell(16,35): blue,nobaggle,notopwall,noleftwall,
Cell(16,37): green,nobaggle,notopwall,noleftwall,
Cell(16,39): yellow,nobaggle,notopwall,noleftwall,
Cell(16,40): blue,nobaggle,notopwall,noleftwall,
Cell(16,42): green,nobaggle,notopwall,noleftwall,
Cell(16,44): yellow,nobaggle,notopwall,noleftwall,
Cell(17,1): blue,nobaggle,notopwall,noleftwall,
Cell(17,3): yellow,nobaggle,notopwall,noleftwall,
Cell(17,6): blue,nobaggle,notopwall,noleftwall,
Cell(17,8): yellow,nobaggle,notopwall,noleftwall,
Cell(17,11): blue,nobaggle,notopwall,noleftwall,
Cell(17,13): yellow,nobaggle,notopwall,noleftwall,
Cell(17,16): blue,nobaggle,notopwall,noleftwall,
Cell(17,18): yellow,nobaggle,notopwall,noleftwall,
Cell(17,21): blue,nobaggle,notopwall,noleftwall,
Cell(17,23): yellow,nobaggle,notopwall,noleftwall,
Cell(17,26): blue,nobaggle,notopwall,noleftwall,
Cell(17,28): yellow,nobaggle,notopwall,noleftwall,
Cell(17,31): blue,nobaggle,notopwall,noleftwall,
Cell(17,33): yellow,nobaggle,notopwall,noleftwall,
Cell(17,36): blue,nobaggle,notopwall,noleftwall,
Cell(17,38): yellow,nobaggle,notopwall,noleftwall,
Cell(17,41): blue,nobaggle,notopwall,noleftwall,
Cell(17,43): yellow,nobaggle,notopwall,noleftwall,
Cell(18,0): blue,nobaggle,notopwall,noleftwall,
Cell(18,2): red,nobaggle,notopwall,noleftwall,
Cell(18,4): yellow,nobaggle,notopwall,noleftwall,
Cell(18,5): blue,nobaggle,notopwall,noleftwall,
Cell(18,7): red,nobaggle,notopwall,noleftwall,
Cell(18,9): yellow,nobaggle,notopwall,noleftwall,
Cell(18,10): blue,nobaggle,notopwall,noleftwall,
Cell(18,12): red,nobaggle,notopwall,noleftwall,
Cell(18,14): yellow,nobaggle,notopwall,noleftwall,
Cell(18,15): blue,nobaggle,notopwall,noleftwall,
Cell(18,17): red,nobaggle,notopwall,noleftwall,
Cell(18,19): yellow,nobaggle,notopwall,noleftwall,
Cell(18,20): blue,nobaggle,notopwall,noleftwall,
Cell(18,22): red,nobaggle,notopwall,noleftwall,
Cell(18,24): yellow,nobaggle,notopwall,noleftwall,
Cell(18,25): blue,nobaggle,notopwall,noleftwall,
Cell(18,27): red,nobaggle,notopwall,noleftwall,
Cell(18,29): yellow,nobaggle,notopwall,noleftwall,
Cell(18,30): blue,nobaggle,notopwall,noleftwall,
Cell(18,32): red,nobaggle,notopwall,noleftwall,
Cell(18,34): yellow,nobaggle,notopwall,noleftwall,
Cell(18,35): blue,nobaggle,notopwall,noleftwall,
Cell(18,37): red,nobaggle,notopwall,noleftwall,
Cell(18,39): yellow,nobaggle,notopwall,noleftwall,
Cell(18,40): blue,nobaggle,notopwall,noleftwall,
Cell(18,42): red,nobaggle,notopwall,noleftwall,
Cell(18,44): yellow,nobaggle,notopwall,noleftwall,
Cell(19,1): red,nobaggle,notopwall,noleftwall,
Cell(19,3): red,nobaggle,notopwall,noleftwall,
Cell(19,6): red,nobaggle,notopwall,noleftwall,
Cell(19,8): red,nobaggle,notopwall,noleftwall,
Cell(19,11): red,nobaggle,notopwall,noleftwall,
Cell(19,13): red,nobaggle,notopwall,noleftwall,
Cell(19,16): red,nobaggle,notopwall,noleftwall,
Cell(19,18): red,nobaggle,notopwall,noleftwall,
Cell(19,21): red,nobaggle,notopwall,noleftwall,
Cell(19,23): red,nobaggle,notopwall,noleftwall,
Cell(19,26): red,nobaggle,notopwall,noleftwall,
Cell(19,28): red,nobaggle,notopwall,noleftwall,
Cell(19,31): red,nobaggle,notopwall,noleftwall,
Cell(19,33): red,nobaggle,notopwall,noleftwall,
Cell(19,36): red,nobaggle,notopwall,noleftwall,
Cell(19,38): red,nobaggle,notopwall,noleftwall,
Cell(19,41): red,nobaggle,notopwall,noleftwall,
Cell(19,43): red,nobaggle,notopwall,noleftwall,
Cell(20,1): green,nobaggle,notopwall,noleftwall,
Cell(20,3): green,nobaggle,notopwall,noleftwall,
Cell(20,6): green,nobaggle,notopwall,noleftwall,
Cell(20,8): green,nobaggle,notopwall,noleftwall,
Cell(20,11): green,nobaggle,notopwall,noleftwall,
Cell(20,13): green,nobaggle,notopwall,noleftwall,
Cell(20,16): green,nobaggle,notopwall,noleftwall,
Cell(20,18): green,nobaggle,notopwall,noleftwall,
Cell(20,21): green,nobaggle,notopwall,noleftwall,
Cell(20,23): green,nobaggle,notopwall,noleftwall,
Cell(20,26): green,nobaggle,notopwall,noleftwall,
Cell(20,28): green,nobaggle,notopwall,noleftwall,
Cell(20,31): green,nobaggle,notopwall,noleftwall,
Cell(20,33): green,nobaggle,notopwall,noleftwall,
Cell(20,36): green,nobaggle,notopwall,noleftwall,
Cell(20,38): green,nobaggle,notopwall,noleftwall,
Cell(20,41): green,nobaggle,notopwall,noleftwall,
Cell(20,43): green,nobaggle,notopwall,noleftwall,
Cell(21,0): blue,nobaggle,notopwall,noleftwall,
Cell(21,2): green,nobaggle,notopwall,noleftwall,
Cell(21,4): yellow,nobaggle,notopwall,noleftwall,
Cell(21,5): blue,nobaggle,notopwall,noleftwall,
Cell(21,7): green,nobaggle,notopwall,noleftwall,
Cell(21,9): yellow,nobaggle,notopwall,noleftwall,
Cell(21,10): blue,nobaggle,notopwall,noleftwall,
Cell(21,12): green,nobaggle,notopwall,noleftwall,
Cell(21,14): yellow,nobaggle,notopwall,noleftwall,
Cell(21,15): blue,nobaggle,notopwall,noleftwall,
Cell(21,17): green,nobaggle,notopwall,noleftwall,
Cell(21,19): yellow,nobaggle,notopwall,noleftwall,
Cell(21,20): blue,nobaggle,notopwall,noleftwall,
Cell(21,22): green,nobaggle,notopwall,noleftwall,
Cell(21,24): yellow,nobaggle,notopwall,noleftwall,
Cell(21,25): blue,nobaggle,notopwall,noleftwall,
Cell(21,27): green,nobaggle,notopwall,noleftwall,
Cell(21,29): yellow,nobaggle,notopwall,noleftwall,
Cell(21,30): blue,nobaggle,notopwall,noleftwall,
Cell(21,32): green,nobaggle,notopwall,noleftwall,
Cell(21,34): yellow,nobaggle,notopwall,noleftwall,
Cell(21,35): blue,nobaggle,notopwall,noleftwall,
Cell(21,37): green,nobaggle,notopwall,noleftwall,
Cell(21,39): yellow,nobaggle,notopwall,noleftwall,
Cell(21,40): blue,nobaggle,notopwall,noleftwall,
Cell(21,42): green,nobaggle,notopwall,noleftwall,
Cell(21,44): yellow,nobaggle,notopwall,noleftwall,
Cell(22,1): blue,nobaggle,notopwall,noleftwall,
Cell(22,3): yellow,nobaggle,notopwall,noleftwall,
Cell(22,6): blue,nobaggle,notopwall,noleftwall,
Cell(22,8): yellow,nobaggle,notopwall,noleftwall,
Cell(22,11): blue,nobaggle,notopwall,noleftwall,
Cell(22,13): yellow,nobaggle,notopwall,noleftwall,
Cell(22,16): blue,nobaggle,notopwall,noleftwall,
Cell(22,18): yellow,nobaggle,notopwall,noleftwall,
Cell(22,21): blue,nobaggle,notopwall,noleftwall,
Cell(22,23): yellow,nobaggle,notopwall,noleftwall,
Cell(22,26): blue,nobaggle,notopwall,noleftwall,
Cell(22,28): yellow,nobaggle,notopwall,noleftwall,
Cell(22,31): blue,nobaggle,notopwall,noleftwall,
Cell(22,33): yellow,nobaggle,notopwall,noleftwall,
Cell(22,36): blue,nobaggle,notopwall,noleftwall,
Cell(22,38): yellow,nobaggle,notopwall,noleftwall,
Cell(22,41): blue,nobaggle,notopwall,noleftwall,
Cell(22,43): yellow,nobaggle,notopwall,noleftwall,
Cell(23,0): blue,nobaggle,notopwall,noleftwall,
Cell(23,2): red,nobaggle,notopwall,noleftwall,
Cell(23,4): yellow,nobaggle,notopwall,noleftwall,
Cell(23,5): blue,nobaggle,notopwall,noleftwall,
Cell(23,7): red,nobaggle,notopwall,noleftwall,
Cell(23,9): yellow,nobaggle,notopwall,noleftwall,
Cell(23,10): blue,nobaggle,notopwall,noleftwall,
Cell(23,12): red,nobaggle,notopwall,noleftwall,
Cell(23,14): yellow,nobaggle,notopwall,noleftwall,
Cell(23,15): blue,nobaggle,notopwall,noleftwall,
Cell(23,17): red,nobaggle,notopwall,noleftwall,
Cell(23,19): yellow,nobaggle,notopwall,noleftwall,
Cell(23,20): blue,nobaggle,notopwall,noleftwall,
Cell(23,22): red,nobaggle,notopwall,noleftwall,
Cell(23,24): yellow,nobaggle,notopwall,noleftwall,
Cell(23,25): blue,nobaggle,notopwall,noleftwall,
Cell(23,27): red,nobaggle,notopwall,noleftwall,
Cell(23,29): yellow,nobaggle,notopwall,noleftwall,
Cell(23,30): blue,nobaggle,notopwall,noleftwall,
Cell(23,32): red,nobaggle,notopwall,noleftwall,
Cell(23,34): yellow,nobaggle,notopwall,noleftwall,
Cell(23,35): blue,nobaggle,notopwall,noleftwall,
Cell(23,37): red,nobaggle,notopwall,noleftwall,
Cell(23,39): yellow,nobaggle,notopwall,noleftwall,
Cell(23,40): blue,nobaggle,notopwall,noleftwall,
Cell(23,42): red,nobaggle,notopwall,noleftwall,
Cell(23,44): yellow,nobaggle,notopwall,noleftwall,
Cell(24,1): red,nobaggle,notopwall,noleftwall,
Cell(24,3): red,nobaggle,notopwall,noleftwall,
Cell(24,6): red,nobaggle,notopwall,noleftwall,
Cell(24,8): red,nobaggle,notopwall,noleftwall,
Cell(24,11): red,nobaggle,notopwall,noleftwall,
Cell(24,13): red,nobaggle,notopwall,noleftwall,
Cell(24,16): red,nobaggle,notopwall,noleftwall,
Cell(24,18): red,nobaggle,notopwall,noleftwall,
Cell(24,21): red,nobaggle,notopwall,noleftwall,
Cell(24,23): red,nobaggle,notopwall,noleftwall,
Cell(24,26): red,nobaggle,notopwall,noleftwall,
Cell(24,28): red,nobaggle,notopwall,noleftwall,
Cell(24,31): red,nobaggle,notopwall,noleftwall,
Cell(24,33): red,nobaggle,notopwall,noleftwall,
Cell(24,36): red,nobaggle,notopwall,noleftwall,
Cell(24,38): red,nobaggle,notopwall,noleftwall,
Cell(24,41): red,nobaggle,notopwall,noleftwall,
Cell(24,43): red,nobaggle,notopwall,noleftwall,
Cell(25,1): green,nobaggle,notopwall,noleftwall,
Cell(25,3): green,nobaggle,notopwall,noleftwall,
Cell(25,6): green,nobaggle,notopwall,noleftwall,
Cell(25,8): green,nobaggle,notopwall,noleftwall,
Cell(25,11): green,nobaggle,notopwall,noleftwall,
Cell(25,13): green,nobaggle,notopwall,noleftwall,
Cell(25,16): green,nobaggle,notopwall,noleftwall,
Cell(25,18): green,nobaggle,notopwall,noleftwall,
Cell(25,21): green,nobaggle,notopwall,noleftwall,
Cell(25,23): green,nobaggle,notopwall,noleftwall,
Cell(25,26): green,nobaggle,notopwall,noleftwall,
Cell(25,28): green,nobaggle,notopwall,noleftwall,
Cell(25,31): green,nobaggle,notopwall,noleftwall,
Cell(25,33): green,nobaggle,notopwall,noleftwall,
Cell(25,36): green,nobaggle,notopwall,noleftwall,
Cell(25,38): green,nobaggle,notopwall,noleftwall,
Cell(25,41): green,nobaggle,notopwall,noleftwall,
Cell(25,43): green,nobaggle,notopwall,noleftwall,
Cell(26,0): blue,nobaggle,notopwall,noleftwall,
Cell(26,2): green,nobaggle,notopwall,noleftwall,
Cell(26,4): yellow,nobaggle,notopwall,noleftwall,
Cell(26,5): blue,nobaggle,notopwall,noleftwall,
Cell(26,7): green,nobaggle,notopwall,noleftwall,
Cell(26,9): yellow,nobaggle,notopwall,noleftwall,
Cell(26,10): blue,nobaggle,notopwall,noleftwall,
Cell(26,12): green,nobaggle,notopwall,noleftwall,
Cell(26,14): yellow,nobaggle,notopwall,noleftwall,
Cell(26,15): blue,nobaggle,notopwall,noleftwall,
Cell(26,17): green,nobaggle,notopwall,noleftwall,
Cell(26,19): yellow,nobaggle,notopwall,noleftwall,
Cell(26,20): blue,nobaggle,notopwall,noleftwall,
Cell(26,22): green,nobaggle,notopwall,noleftwall,
Cell(26,24): yellow,nobaggle,notopwall,noleftwall,
Cell(26,25): blue,nobaggle,notopwall,noleftwall,
Cell(26,27): green,nobaggle,notopwall,noleftwall,
Cell(26,29): yellow,nobaggle,notopwall,noleftwall,
Cell(26,30): blue,nobaggle,notopwall,noleftwall,
Cell(26,32): green,nobaggle,notopwall,noleftwall,
Cell(26,34): yellow,nobaggle,notopwall,noleftwall,
Cell(26,35): blue,nobaggle,notopwall,noleftwall,
Cell(26,37): green,nobaggle,notopwall,noleftwall,
Cell(26,39): yellow,nobaggle,notopwall,noleftwall,
Cell(26,40): blue,nobaggle,notopwall,noleftwall,
Cell(26,42): green,nobaggle,notopwall,noleftwall,
Cell(26,44): yellow,nobaggle,notopwall,noleftwall,
Cell(27,1): blue,nobaggle,notopwall,noleftwall,
Cell(27,3): yellow,nobaggle,notopwall,noleftwall,
Cell(27,6): blue,nobaggle,notopwall,noleftwall,
Cell(27,8): yellow,nobaggle,notopwall,noleftwall,
Cell(27,11): blue,nobaggle,notopwall,noleftwall,
Cell(27,13): yellow,nobaggle,notopwall,noleftwall,
Cell(27,16): blue,nobaggle,notopwall,noleftwall,
Cell(27,18): yellow,nobaggle,notopwall,noleftwall,
Cell(27,21): blue,nobaggle,notopwall,noleftwall,
Cell(27,23): yellow,nobaggle,notopwall,noleftwall,
Cell(27,26): blue,nobaggle,notopwall,noleftwall,
Cell(27,28): yellow,nobaggle,notopwall,noleftwall,
Cell(27,31): blue,nobaggle,notopwall,noleftwall,
Cell(27,33): yellow,nobaggle,notopwall,noleftwall,
Cell(27,36): blue,nobaggle,notopwall,noleftwall,
Cell(27,38): yellow,nobaggle,notopwall,noleftwall,
Cell(27,41): blue,nobaggle,notopwall,noleftwall,
Cell(27,43): yellow,nobaggle,notopwall,noleftwall,
Cell(28,0): blue,nobaggle,notopwall,noleftwall,
Cell(28,2): red,nobaggle,notopwall,noleftwall,
Cell(28,4): yellow,nobaggle,notopwall,noleftwall,
Cell(28,5): blue,nobaggle,notopwall,noleftwall,
Cell(28,7): red,nobaggle,notopwall,noleftwall,
Cell(28,9): yellow,nobaggle,notopwall,noleftwall,
Cell(28,10): blue,nobaggle,notopwall,noleftwall,
Cell(28,12): red,nobaggle,notopwall,noleftwall,
Cell(28,14): yellow,nobaggle,notopwall,noleftwall,
Cell(28,15): blue,nobaggle,notopwall,noleftwall,
Cell(28,17): red,nobaggle,notopwall,noleftwall,
Cell(28,19): yellow,nobaggle,notopwall,noleftwall,
Cell(28,20): blue,nobaggle,notopwall,noleftwall,
Cell(28,22): red,nobaggle,notopwall,noleftwall,
Cell(28,24): yellow,nobaggle,notopwall,noleftwall,
Cell(28,25): blue,nobaggle,notopwall,noleftwall,
Cell(28,27): red,nobaggle,notopwall,noleftwall,
Cell(28,29): yellow,nobaggle,notopwall,noleftwall,
Cell(28,30): blue,nobaggle,notopwall,noleftwall,
Cell(28,32): red,nobaggle,notopwall,noleftwall,
Cell(28,34): yellow,nobaggle,notopwall,noleftwall,
Cell(28,35): blue,nobaggle,notopwall,noleftwall,
Cell(28,37): red,nobaggle,notopwall,noleftwall,
Cell(28,39): yellow,nobaggle,notopwall,noleftwall,
Cell(28,40): blue,nobaggle,notopwall,noleftwall,
Cell(28,42): red,nobaggle,notopwall,noleftwall,
Cell(28,44): yellow,nobaggle,notopwall,noleftwall,
Cell(29,1): red,nobaggle,notopwall,noleftwall,
Cell(29,3): red,nobaggle,notopwall,noleftwall,
Cell(29,6): red,nobaggle,notopwall,noleftwall,
Cell(29,8): red,nobaggle,notopwall,noleftwall,
Cell(29,11): red,nobaggle,notopwall,noleftwall,
Cell(29,13): red,nobaggle,notopwall,noleftwall,
Cell(29,16): red,nobaggle,notopwall,noleftwall,
Cell(29,18): red,nobaggle,notopwall,noleftwall,
Cell(29,21): red,nobaggle,notopwall,noleftwall,
Cell(29,23): red,nobaggle,notopwall,noleftwall,
Cell(29,26): red,nobaggle,notopwall,noleftwall,
Cell(29,28): red,nobaggle,notopwall,noleftwall,
Cell(29,31): red,nobaggle,notopwall,noleftwall,
Cell(29,33): red,nobaggle,notopwall,noleftwall,
Cell(29,36): red,nobaggle,notopwall,noleftwall,
Cell(29,38): red,nobaggle,notopwall,noleftwall,
Cell(29,41): red,nobaggle,notopwall,noleftwall,
Cell(29,43): red,nobaggle,notopwall,noleftwall,
Cell(30,1): green,nobaggle,notopwall,noleftwall,
Cell(30,3): green,nobaggle,notopwall,noleftwall,
Cell(30,6): green,nobaggle,notopwall,noleftwall,
Cell(30,8): green,nobaggle,notopwall,noleftwall,
Cell(30,11): green,nobaggle,notopwall,noleftwall,
Cell(30,13): green,nobaggle,notopwall,noleftwall,
Cell(30,16): green,nobaggle,notopwall,noleftwall,
Cell(30,18): green,nobaggle,notopwall,noleftwall,
Cell(30,21): green,nobaggle,notopwall,noleftwall,
Cell(30,23): green,nobaggle,notopwall,noleftwall,
Cell(30,26): green,nobaggle,notopwall,noleftwall,
Cell(30,28): green,nobaggle,notopwall,noleftwall,
Cell(30,31): green,nobaggle,notopwall,noleftwall,
Cell(30,33): green,nobaggle,notopwall,noleftwall,
Cell(30,36): green,nobaggle,notopwall,noleftwall,
Cell(30,38): green,nobaggle,notopwall,noleftwall,
Cell(30,41): green,nobaggle,notopwall,noleftwall,
Cell(30,43): green,nobaggle,notopwall,noleftwall,
Cell(31,0): blue,nobaggle,notopwall,noleftwall,
Cell(31,2): green,nobaggle,notopwall,noleftwall,
Cell(31,4): yellow,nobaggle,notopwall,noleftwall,
Cell(31,5): blue,nobaggle,notopwall,noleftwall,
Cell(31,7): green,nobaggle,notopwall,noleftwall,
Cell(31,9): yellow,nobaggle,notopwall,noleftwall,
Cell(31,10): blue,nobaggle,notopwall,noleftwall,
Cell(31,12): green,nobaggle,notopwall,noleftwall,
Cell(31,14): yellow,nobaggle,notopwall,noleftwall,
Cell(31,15): blue,nobaggle,notopwall,noleftwall,
Cell(31,17): green,nobaggle,notopwall,noleftwall,
Cell(31,19): yellow,nobaggle,notopwall,noleftwall,
Cell(31,20): blue,nobaggle,notopwall,noleftwall,
Cell(31,22): green,nobaggle,notopwall,noleftwall,
Cell(31,24): yellow,nobaggle,notopwall,noleftwall,
Cell(31,25): blue,nobaggle,notopwall,noleftwall,
Cell(31,27): green,nobaggle,notopwall,noleftwall,
Cell(31,29): yellow,nobaggle,notopwall,noleftwall,
Cell(31,30): blue,nobaggle,notopwall,noleftwall,
Cell(31,32): green,nobaggle,notopwall,noleftwall,
Cell(31,34): yellow,nobaggle,notopwall,noleftwall,
Cell(31,35): blue,nobaggle,notopwall,noleftwall,
Cell(31,37): green,nobaggle,notopwall,noleftwall,
Cell(31,39): yellow,nobaggle,notopwall,noleftwall,
Cell(31,40): blue,nobaggle,notopwall,noleftwall,
Cell(31,42): green,nobaggle,notopwall,noleftwall,
Cell(31,44): yellow,nobaggle,notopwall,noleftwall,
Cell(32,1): blue,nobaggle,notopwall,noleftwall,
Cell(32,3): yellow,nobaggle,notopwall,noleftwall,
Cell(32,6): blue,nobaggle,notopwall,noleftwall,
Cell(32,8): yellow,nobaggle,notopwall,noleftwall,
Cell(32,11): blue,nobaggle,notopwall,noleftwall,
Cell(32,13): yellow,nobaggle,notopwall,noleftwall,
Cell(32,16): blue,nobaggle,notopwall,noleftwall,
Cell(32,18): yellow,nobaggle,notopwall,noleftwall,
Cell(32,21): blue,nobaggle,notopwall,noleftwall,
Cell(32,23): yellow,nobaggle,notopwall,noleftwall,
Cell(32,26): blue,nobaggle,notopwall,noleftwall,
Cell(32,28): yellow,nobaggle,notopwall,noleftwall,
Cell(32,31): blue,nobaggle,notopwall,noleftwall,
Cell(32,33): yellow,nobaggle,notopwall,noleftwall,
Cell(32,36): blue,nobaggle,notopwall,noleftwall,
Cell(32,38): yellow,nobaggle,notopwall,noleftwall,
Cell(32,41): blue,nobaggle,notopwall,noleftwall,
Cell(32,43): yellow,nobaggle,notopwall,noleftwall,
Cell(33,0): blue,nobaggle,notopwall,noleftwall,
Cell(33,2): red,nobaggle,notopwall,noleftwall,
Cell(33,4): yellow,nobaggle,notopwall,noleftwall,
Cell(33,5): blue,nobaggle,notopwall,noleftwall,
Cell(33,7): red,nobaggle,notopwall,noleftwall,
Cell(33,9): yellow,nobaggle,notopwall,noleftwall,
Cell(33,10): blue,nobaggle,notopwall,noleftwall,
Cell(33,12): red,nobaggle,notopwall,noleftwall,
Cell(33,14): yellow,nobaggle,notopwall,noleftwall,
Cell(33,15): blue,nobaggle,notopwall,noleftwall,
Cell(33,17): red,nobaggle,notopwall,noleftwall,
Cell(33,19): yellow,nobaggle,notopwall,noleftwall,
Cell(33,20): blue,nobaggle,notopwall,noleftwall,
Cell(33,22): red,nobaggle,notopwall,noleftwall,
Cell(33,24): yellow,nobaggle,notopwall,noleftwall,
Cell(33,25): blue,nobaggle,notopwall,noleftwall,
Cell(33,27): red,nobaggle,notopwall,noleftwall,
Cell(33,29): yellow,nobaggle,notopwall,noleftwall,
Cell(33,30): blue,nobaggle,notopwall,noleftwall,
Cell(33,32): red,nobaggle,notopwall,noleftwall,
Cell(33,34): yellow,nobaggle,notopwall,noleftwall,
Cell(33,35): blue,nobaggle,notopwall,noleftwall,
Cell(33,37): red,nobaggle,notopwall,noleftwall,
Cell(33,39): yellow,nobaggle,notopwall,noleftwall,
Cell(33,40): blue,nobaggle,notopwall,noleftwall,
Cell(33,42): red,nobaggle,notopwall,noleftwall,
Cell(33,44): yellow,nobaggle,notopwall,noleftwall,
Cell(34,1): red,nobaggle,notopwall,noleftwall,
Cell(34,3): red,nobaggle,notopwall,noleftwall,
Cell(34,6): red,nobaggle,notopwall,noleftwall,
Cell(34,8): red,nobaggle,notopwall,noleftwall,
Cell(34,11): red,nobaggle,notopwall,noleftwall,
Cell(34,13): red,nobaggle,notopwall,noleftwall,
Cell(34,16): red,nobaggle,notopwall,noleftwall,
Cell(34,18): red,nobaggle,notopwall,noleftwall,
Cell(34,21): red,nobaggle,notopwall,noleftwall,
Cell(34,23): red,nobaggle,notopwall,noleftwall,
Cell(34,26): red,nobaggle,notopwall,noleftwall,
Cell(34,28): red,nobaggle,notopwall,noleftwall,
Cell(34,31): red,nobaggle,notopwall,noleftwall,
Cell(34,33): red,nobaggle,notopwall,noleftwall,
Cell(34,36): red,nobaggle,notopwall,noleftwall,
Cell(34,38): red,nobaggle,notopwall,noleftwall,
Cell(34,41): red,nobaggle,notopwall,noleftwall,
Cell(34,43): red,nobaggle,notopwall,noleftwall,
Cell(35,1): green,nobaggle,notopwall,noleftwall,
Cell(35,3): green,nobaggle,notopwall,noleftwall,
Cell(35,6): green,nobaggle,notopwall,noleftwall,
Cell(35,8): green,nobaggle,notopwall,noleftwall,
Cell(35,11): green,nobaggle,notopwall,noleftwall,
Cell(35,13): green,nobaggle,notopwall,noleftwall,
Cell(35,16): green,nobaggle,notopwall,noleftwall,
Cell(35,18): green,nobaggle,notopwall,noleftwall,
Cell(35,21): green,nobaggle,notopwall,noleftwall,
Cell(35,23): green,nobaggle,notopwall,noleftwall,
Cell(35,26): green,nobaggle,notopwall,noleftwall,
Cell(35,28): green,nobaggle,notopwall,noleftwall,
Cell(35,31): green,nobaggle,notopwall,noleftwall,
Cell(35,33): green,nobaggle,notopwall,noleftwall,
Cell(35,36): green,nobaggle,notopwall,noleftwall,
Cell(35,38): green,nobaggle,notopwall,noleftwall,
Cell(35,41): green,nobaggle,notopwall,noleftwall,
Cell(35,43): green,nobaggle,notopwall,noleftwall,
Cell(36,0): blue,nobaggle,notopwall,noleftwall,
Cell(36,2): green,nobaggle,notopwall,noleftwall,
Cell(36,4): yellow,nobaggle,notopwall,noleftwall,
Cell(36,5): blue,nobaggle,notopwall,noleftwall,
Cell(36,7): green,nobaggle,notopwall,noleftwall,
Cell(36,9): yellow,nobaggle,notopwall,noleftwall,
Cell(36,10): blue,nobaggle,notopwall,noleftwall,
Cell(36,12): green,nobaggle,notopwall,noleftwall,
Cell(36,14): yellow,nobaggle,notopwall,noleftwall,
Cell(36,15): blue,nobaggle,notopwall,noleftwall,
Cell(36,17): green,nobaggle,notopwall,noleftwall,
Cell(36,19): yellow,nobaggle,notopwall,noleftwall,
Cell(36,20): blue,nobaggle,notopwall,noleftwall,
Cell(36,22): green,nobaggle,notopwall,noleftwall,
Cell(36,24): yellow,nobaggle,notopwall,noleftwall,
Cell(36,25): blue,nobaggle,notopwall,noleftwall,
Cell(36,27): green,nobaggle,notopwall,noleftwall,
Cell(36,29): yellow,nobaggle,notopwall,noleftwall,
Cell(36,30): blue,nobaggle,notopwall,noleftwall,
Cell(36,32): green,nobaggle,notopwall,noleftwall,
Cell(36,34): yellow,nobaggle,notopwall,noleftwall,
Cell(36,35): blue,nobaggle,notopwall,noleftwall,
Cell(36,37): green,nobaggle,notopwall,noleftwall,
Cell(36,39): yellow,nobaggle,notopwall,noleftwall,
Cell(36,40): blue,nobaggle,notopwall,noleftwall,
Cell(36,42): green,nobaggle,notopwall,noleftwall,
Cell(36,44): yellow,nobaggle,notopwall,noleftwall,
Cell(37,1): blue,nobaggle,notopwall,noleftwall,
Cell(37,3): yellow,nobaggle,notopwall,noleftwall,
Cell(37,6): blue,nobaggle,notopwall,noleftwall,
Cell(37,8): yellow,nobaggle,notopwall,noleftwall,
Cell(37,11): blue,nobaggle,notopwall,noleftwall,
Cell(37,13): yellow,nobaggle,notopwall,noleftwall,
Cell(37,16): blue,nobaggle,notopwall,noleftwall,
Cell(37,18): yellow,nobaggle,notopwall,noleftwall,
Cell(37,21): blue,nobaggle,notopwall,noleftwall,
Cell(37,23): yellow,nobaggle,notopwall,noleftwall,
Cell(37,26): blue,nobaggle,notopwall,noleftwall,
Cell(37,28): yellow,nobaggle,notopwall,noleftwall,
Cell(37,31): blue,nobaggle,notopwall,noleftwall,
Cell(37,33): yellow,nobaggle,notopwall,noleftwall,
Cell(37,36): blue,nobaggle,notopwall,noleftwall,
Cell(37,38): yellow,nobaggle,notopwall,noleftwall,
Cell(37,41): blue,nobaggle,notopwall,noleftwall,
Cell(37,43): yellow,nobaggle,notopwall,noleftwall,
Cell(38,0): blue,nobaggle,notopwall,noleftwall,
Cell(38,2): red,nobaggle,notopwall,noleftwall,
Cell(38,4): yellow,nobaggle,notopwall,noleftwall,
Cell(38,5): blue,nobaggle,notopwall,noleftwall,
Cell(38,7): red,nobaggle,notopwall,noleftwall,
Cell(38,9): yellow,nobaggle,notopwall,noleftwall,
Cell(38,10): blue,nobaggle,notopwall,noleftwall,
Cell(38,12): red,nobaggle,notopwall,noleftwall,
Cell(38,14): yellow,nobaggle,notopwall,noleftwall,
Cell(38,15): blue,nobaggle,notopwall,noleftwall,
Cell(38,17): red,nobaggle,notopwall,noleftwall,
Cell(38,19): yellow,nobaggle,notopwall,noleftwall,
Cell(38,20): blue,nobaggle,notopwall,noleftwall,
Cell(38,22): red,nobaggle,notopwall,noleftwall,
Cell(38,24): yellow,nobaggle,notopwall,noleftwall,
Cell(38,25): blue,nobaggle,notopwall,noleftwall,
Cell(38,27): red,nobaggle,notopwall,noleftwall,
Cell(38,29): yellow,nobaggle,notopwall,noleftwall,
Cell(38,30): blue,nobaggle,notopwall,noleftwall,
Cell(38,32): red,nobaggle,notopwall,noleftwall,
Cell(38,34): yellow,nobaggle,notopwall,noleftwall,
Cell(38,35): blue,nobaggle,notopwall,noleftwall,
Cell(38,37): red,nobaggle,notopwall,noleftwall,
Cell(38,39): yellow,nobaggle,notopwall,noleftwall,
Cell(38,40): blue,nobaggle,notopwall,noleftwall,
Cell(38,42): red,nobaggle,notopwall,noleftwall,
Cell(38,44): yellow,nobaggle,notopwall,noleftwall,
Cell(39,1): red,nobaggle,notopwall,noleftwall,
Cell(39,3): red,nobaggle,notopwall,noleftwall,
Cell(39,6): red,nobaggle,notopwall,noleftwall,
Cell(39,8): red,nobaggle,notopwall,noleftwall,
Cell(39,11): red,nobaggle,notopwall,noleftwall,
Cell(39,13): red,nobaggle,notopwall,noleftwall,
Cell(39,16): red,nobaggle,notopwall,noleftwall,
Cell(39,18): red,nobaggle,notopwall,noleftwall,
Cell(39,21): red,nobaggle,notopwall,noleftwall,
Cell(39,23): red,nobaggle,notopwall,noleftwall,
Cell(39,26): red,nobaggle,notopwall,noleftwall,
Cell(39,28): red,nobaggle,notopwall,noleftwall,
Cell(39,31): red,nobaggle,notopwall,noleftwall,
Cell(39,33): red,nobaggle,notopwall,noleftwall,
Cell(39,36): red,nobaggle,notopwall,noleftwall,
Cell(39,38): red,nobaggle,notopwall,noleftwall,
Cell(39,41): red,nobaggle,notopwall,noleftwall,
Cell(39,43): red,nobaggle,notopwall,noleftwall,
Cell(40,1): green,nobaggle,notopwall,noleftwall,
Cell(40,3): green,nobaggle,notopwall,noleftwall,
Cell(40,6): green,nobaggle,notopwall,noleftwall,
Cell(40,8): green,nobaggle,notopwall,noleftwall,
Cell(40,11): green,nobaggle,notopwall,noleftwall,
Cell(40,13): green,nobaggle,notopwall,noleftwall,
Cell(40,16): green,nobaggle,notopwall,noleftwall,
Cell(40,18): green,nobaggle,notopwall,noleftwall,
Cell(40,21): green,nobaggle,notopwall,noleftwall,
Cell(40,23): green,nobaggle,notopwall,noleftwall,
Cell(40,26): green,nobaggle,notopwall,noleftwall,
Cell(40,28): green,nobaggle,notopwall,noleftwall,
Cell(40,31): green,nobaggle,notopwall,noleftwall,
Cell(40,33): green,nobaggle,notopwall,noleftwall,
Cell(40,36): green,nobaggle,notopwall,noleftwall,
Cell(40,38): green,nobaggle,notopwall,noleftwall,
Cell(40,41): green,nobaggle,notopwall,noleftwall,
Cell(40,43): green,nobaggle,notopwall,noleftwall,
Cell(41,0): blue,nobaggle,notopwall,noleftwall,
Cell(41,2): green,nobaggle,notopwall,noleftwall,
Cell(41,4): yellow,nobaggle,notopwall,noleftwall,
Cell(41,5): blue,nobaggle,notopwall,noleftwall,
Cell(41,7): green,nobaggle,notopwall,noleftwall,
Cell(41,9): yellow,nobaggle,notopwall,noleftwall,
Cell(41,10): blue,nobaggle,notopwall,noleftwall,
Cell(41,12): green,nobaggle,notopwall,noleftwall,
Cell(41,14): yellow,nobaggle,notopwall,noleftwall,
Cell(41,15): blue,nobaggle,notopwall,noleftwall,
Cell(41,17): green,nobaggle,notopwall,noleftwall,
Cell(41,19): yellow,nobaggle,notopwall,noleftwall,
Cell(41,20): blue,nobaggle,notopwall,noleftwall,
Cell(41,22): green,nobaggle,notopwall,noleftwall,
Cell(41,24): yellow,nobaggle,notopwall,noleftwall,
Cell(41,25): blue,nobaggle,notopwall,noleftwall,
Cell(41,27): green,nobaggle,notopwall,noleftwall,
Cell(41,29): yellow,nobaggle,notopwall,noleftwall,
Cell(41,30): blue,nobaggle,notopwall,noleftwall,
Cell(41,32): green,nobaggle,notopwall,noleftwall,
Cell(41,34): yellow,nobaggle,notopwall,noleftwall,
Cell(41,35): blue,nobaggle,notopwall,noleftwall,
Cell(41,37): green,nobaggle,notopwall,noleftwall,
Cell(41,39): yellow,nobaggle,notopwall,noleftwall,
Cell(41,40): blue,nobaggle,notopwall,noleftwall,
Cell(41,42): green,nobaggle,notopwall,noleftwall,
Cell(41,44): yellow,nobaggle,notopwall,noleftwall,
Cell(42,1): blue,nobaggle,notopwall,noleftwall,
Cell(42,3): yellow,nobaggle,notopwall,noleftwall,
Cell(42,6): blue,nobaggle,notopwall,noleftwall,
Cell(42,8): yellow,nobaggle,notopwall,noleftwall,
Cell(42,11): blue,nobaggle,notopwall,noleftwall,
Cell(42,13): yellow,nobaggle,notopwall,noleftwall,
Cell(42,16): blue,nobaggle,notopwall,noleftwall,
Cell(42,18): yellow,nobaggle,notopwall,noleftwall,
Cell(42,21): blue,nobaggle,notopwall,noleftwall,
Cell(42,23): yellow,nobaggle,notopwall,noleftwall,
Cell(42,26): blue,nobaggle,notopwall,noleftwall,
Cell(42,28): yellow,nobaggle,notopwall,noleftwall,
Cell(42,31): blue,nobaggle,notopwall,noleftwall,
Cell(42,33): yellow,nobaggle,notopwall,noleftwall,
Cell(42,36): blue,nobaggle,notopwall,noleftwall,
Cell(42,38): yellow,nobaggle,notopwall,noleftwall,
Cell(42,41): blue,nobaggle,notopwall,noleftwall,
Cell(42,43): yellow,nobaggle,notopwall,noleftwall,
Cell(43,0): blue,nobaggle,notopwall,noleftwall,
Cell(43,2): red,nobaggle,notopwall,noleftwall,
Cell(43,4): yellow,nobaggle,notopwall,noleftwall,
Cell(43,5): blue,nobaggle,notopwall,noleftwall,
Cell(43,7): red,nobaggle,notopwall,noleftwall,
Cell(43,9): yellow,nobaggle,notopwall,noleftwall,
Cell(43,10): blue,nobaggle,notopwall,noleftwall,
Cell(43,12): red,nobaggle,notopwall,noleftwall,
Cell(43,14): yellow,nobaggle,notopwall,noleftwall,
Cell(43,15): blue,nobaggle,notopwall,noleftwall,
Cell(43,17): red,nobaggle,notopwall,noleftwall,
Cell(43,19): yellow,nobaggle,notopwall,noleftwall,
Cell(43,20): blue,nobaggle,notopwall,noleftwall,
Cell(43,22): red,nobaggle,notopwall,noleftwall,
Cell(43,24): yellow,nobaggle,notopwall,noleftwall,
Cell(43,25): blue,nobaggle,notopwall,noleftwall,
Cell(43,27): red,nobaggle,notopwall,noleftwall,
Cell(43,29): yellow,nobaggle,notopwall,noleftwall,
Cell(43,30): blue,nobaggle,notopwall,noleftwall,
Cell(43,32): red,nobaggle,notopwall,noleftwall,
Cell(43,34): yellow,nobaggle,notopwall,noleftwall,
Cell(43,35): blue,nobaggle,notopwall,noleftwall,
Cell(43,37): red,nobaggle,notopwall,noleftwall,
Cell(43,39): yellow,nobaggle,notopwall,noleftwall,
Cell(43,40): blue,nobaggle,notopwall,noleftwall,
Cell(43,42): red,nobaggle,notopwall,noleftwall,
Cell(43,44): yellow,nobaggle,notopwall,noleftwall,
Cell(44,1): red,nobaggle,notopwall,noleftwall,
Cell(44,3): red,nobaggle,notopwall,noleftwall,
Cell(44,6): red,nobaggle,notopwall,noleftwall,
Cell(44,8): red,nobaggle,notopwall,noleftwall,
Cell(44,11): red,nobaggle,notopwall,noleftwall,
Cell(44,13): red,nobaggle,notopwall,noleftwall,
Cell(44,16): red,nobaggle,notopwall,noleftwall,
Cell(44,18): red,nobaggle,notopwall,noleftwall,
Cell(44,21): red,nobaggle,notopwall,noleftwall,
Cell(44,23): red,nobaggle,notopwall,noleftwall,
Cell(44,26): red,nobaggle,notopwall,noleftwall,
Cell(44,28): red,nobaggle,notopwall,noleftwall,
Cell(44,31): red,nobaggle,notopwall,noleftwall,
Cell(44,33): red,nobaggle,notopwall,noleftwall,
Cell(44,36): red,nobaggle,notopwall,noleftwall,
Cell(44,38): red,nobaggle,notopwall,noleftwall,
Cell(44,41): red,nobaggle,notopwall,noleftwall,
Cell(44,43): red,nobaggle,notopwall,noleftwall,
