BuggleWorld: World
Size: 15x15
Buggle(0,14): east,black,green,Picasso,noBaggle,
Cell(0,1): green,nobaggle,notopwall,noleftwall,
Cell(0,3): green,nobaggle,notopwall,noleftwall,
Cell(0,6): green,nobaggle,notopwall,noleftwall,
Cell(0,8): green,nobaggle,notopwall,noleftwall,
Cell(0,11): green,nobaggle,notopwall,noleftwall,
Cell(0,13): green,nobaggle,notopwall,noleftwall,
Cell(1,0): blue,nobaggle,notopwall,noleftwall,
Cell(1,2): green,nobaggle,notopwall,noleftwall,
Cell(1,4): yellow,nobaggle,notopwall,noleftwall,
Cell(1,5): blue,nobaggle,notopwall,noleftwall,
Cell(1,7): green,nobaggle,notopwall,noleftwall,
Cell(1,9): yellow,nobaggle,notopwall,noleftwall,
Cell(1,10): blue,nobaggle,notopwall,noleftwall,
Cell(1,12): green,nobaggle,notopwall,noleftwall,
Cell(1,14): yellow,nobaggle,notopwall,noleftwall,
Cell(2,1): blue,nobaggle,notopwall,noleftwall,
Cell(2,3): yellow,nobaggle,notopwall,noleftwall,
Cell(2,6): blue,nobaggle,notopwall,noleftwall,
Cell(2,8): yellow,nobaggle,notopwall,noleftwall,
Cell(2,11): blue,nobaggle,notopwall,noleftwall,
Cell(2,13): yellow,nobaggle,notopwall,noleftwall,
Cell(3,0): blue,nobaggle,notopwall,noleftwall,
Cell(3,2): red,nobaggle,notopwall,noleftwall,
Cell(3,4): yellow,nobaggle,notopwall,noleftwall,
Cell(3,5): blue,nobaggle,notopwall,noleftwall,
Cell(3,7): red,nobaggle,notopwall,noleftwall,
Cell(3,9): yellow,nobaggle,notopwall,noleftwall,
Cell(3,10): blue,nobaggle,notopwall,noleftwall,
Cell(3,12): red,nobaggle,notopwall,noleftwall,
Cell(3,14): yellow,nobaggle,notopwall,noleftwall,
Cell(4,1): red,nobaggle,notopwall,noleftwall,
Cell(4,3): red,nobaggle,notopwall,noleftwall,
Cell(4,6): red,nobaggle,notopwall,noleftwall,
Cell(4,8): red,nobaggle,notopwall,noleftwall,
Cell(4,11): red,nobaggle,notopwall,noleftwall,
Cell(4,13): red,nobaggle,notopwall,noleftwall,
Cell(5,1): green,nobaggle,notopwall,noleftwall,
Cell(5,3): green,nobaggle,notopwall,noleftwall,
Cell(5,6): green,nobaggle,notopwall,noleftwall,
Cell(5,8): green,nobaggle,notopwall,noleftwall,
Cell(5,11): green,nobaggle,notopwall,noleftwall,
Cell(5,13): green,nobaggle,notopwall,noleftwall,
Cell(6,0): blue,nobaggle,notopwall,noleftwall,
Cell(6,2): green,nobaggle,notopwall,noleftwall,
Cell(6,4): yellow,nobaggle,notopwall,noleftwall,
Cell(6,5): blue,nobaggle,notopwall,noleftwall,
Cell(6,7): green,nobaggle,notopwall,noleftwall,
Cell(6,9): yellow,nobaggle,notopwall,noleftwall,
Cell(6,10): blue,nobaggle,notopwall,noleftwall,
Cell(6,12): green,nobaggle,notopwall,noleftwall,
Cell(6,14): yellow,nobaggle,notopwall,noleftwall,
Cell(7,1): blue,nobaggle,notopwall,noleftwall,
Cell(7,3): yellow,nobaggle,notopwall,noleftwall,
Cell(7,6): blue,nobaggle,notopwall,noleftwall,
Cell(7,8): yellow,nobaggle,notopwall,noleftwall,
Cell(7,11): blue,nobaggle,notopwall,noleftwall,
Cell(7,13): yellow,nobaggle,notopwall,noleftwall,
Cell(8,0): blue,nobaggle,notopwall,noleftwall,
Cell(8,2): red,nobaggle,notopwall,noleftwall,
Cell(8,4): yellow,nobaggle,notopwall,noleftwall,
Cell(8,5): blue,nobaggle,notopwall,noleftwall,
Cell(8,7): red,nobaggle,notopwall,noleftwall,
Cell(8,9): yellow,nobaggle,notopwall,noleftwall,
Cell(8,10): blue,nobaggle,notopwall,noleftwall,
Cell(8,12): red,nobaggle,notopwall,noleftwall,
Cell(8,14): yellow,nobaggle,notopwall,noleftwall,
Cell(9,1): red,nobaggle,notopwall,noleftwall,
Cell(9,3): red,nobaggle,notopwall,noleftwall,
Cell(9,6): red,nobaggle,notopwall,noleftwall,
Cell(9,8): red,nobaggle,notopwall,noleftwall,
Cell(9,11): red,nobaggle,notopwall,noleftwall,
Cell(9,13): red,nobaggle,notopwall,noleftwall,
Cell(10,1): green,nobaggle,notopwall,noleftwall,
Cell(10,3): green,nobaggle,notopwall,noleftwall,
Cell(10,6): green,nobaggle,notopwall,noleftwall,
Cell(10,8): green,nobaggle,notopwall,noleftwall,
Cell(10,11): green,nobaggle,notopwall,noleftwall,
Cell(10,13): green,nobaggle,notopwall,noleftwall,
Cell(11,0): blue,nobaggle,notopwall,noleftwall,
Cell(11,2): green,nobaggle,notopwall,noleftwall,
Cell(11,4): yellow,nobaggle,notopwall,noleftwall,
Cell(11,5): blue,nobaggle,notopwall,noleftwall,
Cell(11,7): green,nobaggle,notopwall,noleftwall,
Cell(11,9): yellow,nobaggle,notopwall,noleftwall,
Cell(11,10): blue,nobaggle,notopwall,noleftwall,
Cell(11,12): green,nobaggle,notopwall,noleftwall,
Cell(11,14): yellow,nobaggle,notopwall,noleftwall,
Cell(12,1): blue,nobaggle,notopwall,noleftwall,
Cell(12,3): yellow,nobaggle,notopwall,noleftwall,
Cell(12,6): blue,nobaggle,notopwall,noleftwall,
Cell(12,8): yellow,nobaggle,notopwall,noleftwall,
Cell(12,11): blue,nobaggle,notopwall,noleftwall,
Cell(12,13): yellow,nobaggle,notopwall,noleftwall,
Cell(13,0): blue,nobaggle,notopwall,noleftwall,
Cell(13,2): red,nobaggle,notopwall,noleftwall,
Cell(13,4): yellow,nobaggle,notopwall,noleftwall,
Cell(13,5): blue,nobaggle,notopwall,noleftwall,
Cell(13,7): red,nobaggle,notopwall,noleftwall,
Cell(13,9): yellow,nobaggle,notopwall,noleftwall,
Cell(13,10): blue,nobaggle,notopwall,noleftwall,
Cell(13,12): red,nobaggle,notopwall,noleftwall,
Cell(13,14): yellow,nobaggle,notopwall,noleftwall,
Cell(14,1): red,nobaggle,notopwall,noleftwall,
Cell(14,3): red,nobaggle,notopwall,noleftwall,
Cell(14,6): red,nobaggle,notopwall,noleftwall,
Cell(14,8): red,nobaggle,notopwall,noleftwall,
Cell(14,11): red,nobaggle,notopwall,noleftwall,
Cell(14,13): red,nobaggle,notopwall,noleftwall,
