BuggleWorld: World
Size: 8x8
Buggle(4,3): east,black,green,Picasso,noBaggle,
Cell(0,0): white,nobaggle,topwall,leftwall,
Cell(0,1): yellow,nobaggle,notopwall,leftwall,
Cell(0,2): red,nobaggle,notopwall,leftwall,
Cell(0,3): white,nobaggle,notopwall,leftwall,
Cell(0,4): white,nobaggle,notopwall,leftwall,
Cell(0,5): yellow,nobaggle,notopwall,leftwall,
Cell(0,6): red,nobaggle,notopwall,leftwall,
Cell(0,7): white,nobaggle,notopwall,leftwall,
Cell(1,0): yellow,nobaggle,topwall,noleftwall,
Cell(1,3): red,nobaggle,notopwall,noleftwall,
Cell(1,4): yellow,nobaggle,notopwall,noleftwall,
Cell(1,7): red,nobaggle,notopwall,noleftwall,
Cell(2,0): green,nobaggle,topwall,noleftwall,
Cell(2,3): blue,nobaggle,notopwall,noleftwall,
Cell(2,4): green,nobaggle,notopwall,noleftwall,
Cell(2,7): blue,nobaggle,notopwall,noleftwall,
Cell(3,0): white,nobaggle,topwall,noleftwall,
Cell(3,1): green,nobaggle,notopwall,noleftwall,
Cell(3,2): blue,nobaggle,notopwall,noleftwall,
Cell(3,5): green,nobaggle,notopwall,noleftwall,
Cell(3,6): blue,nobaggle,notopwall,noleftwall,
Cell(4,0): white,nobaggle,topwall,noleftwall,
Cell(4,1): yellow,nobaggle,notopwall,noleftwall,
Cell(4,2): red,nobaggle,notopwall,noleftwall,
Cell(4,5): yellow,nobaggle,notopwall,noleftwall,
Cell(4,6): red,nobaggle,notopwall,noleftwall,
Cell(5,0): yellow,nobaggle,topwall,noleftwall,
Cell(5,3): red,nobaggle,notopwall,noleftwall,
Cell(5,4): yellow,nobaggle,notopwall,noleftwall,
Cell(5,7): red,nobaggle,notopwall,noleftwall,
Cell(6,0): green,nobaggle,topwall,noleftwall,
Cell(6,3): blue,nobaggle,notopwall,noleftwall,
Cell(6,4): green,nobaggle,notopwall,noleftwall,
Cell(6,7): blue,nobaggle,notopwall,noleftwall,
Cell(7,0): white,nobaggle,topwall,noleftwall,
Cell(7,1): green,nobaggle,notopwall,noleftwall,
Cell(7,2): blue,nobaggle,notopwall,noleftwall,
Cell(7,5): green,nobaggle,notopwall,noleftwall,
Cell(7,6): blue,nobaggle,notopwall,noleftwall,
