BuggleWorld: Desert
Size: 8x7
Buggle(3,4): east,black,lightGray,Hunter,haveBaggle,
Cell(2,0): lightGray,nobaggle,notopwall,noleftwall,
Cell(2,1): lightGray,nobaggle,notopwall,noleftwall,
Cell(2,2): lightGray,nobaggle,notopwall,noleftwall,
Cell(2,3): lightGray,nobaggle,notopwall,noleftwall,
Cell(2,4): lightGray,nobaggle,notopwall,noleftwall,
Cell(3,0): lightGray,nobaggle,notopwall,noleftwall,
Cell(3,4): lightGray,nobaggle,notopwall,noleftwall,
Cell(4,0): lightGray,nobaggle,notopwall,noleftwall,
Cell(4,4): green,nobaggle,notopwall,noleftwall,
Cell(5,0): lightGray,nobaggle,notopwall,noleftwall,
Cell(5,1): lightGray,nobaggle,notopwall,noleftwall,
Cell(5,2): lightGray,nobaggle,notopwall,noleftwall,
Cell(6,2): lightGray,nobaggle,topwall,noleftwall,
Cell(6,3): lightGray,nobaggle,notopwall,leftwall,
Cell(6,4): lightGray,nobaggle,notopwall,noleftwall,
Cell(6,5): lightGray,nobaggle,notopwall,noleftwall,
Cell(6,6): lightGray,nobaggle,notopwall,noleftwall,
Cell(7,2): white,nobaggle,notopwall,leftwall,
