BuggleWorld: Desert
Size: 7x7
Buggle(6,0): east,red,red,Snake,noBaggle,
Cell(0,0): red,nobaggle,topwall,leftwall,
Cell(0,1): red,nobaggle,notopwall,leftwall,
Cell(0,2): red,nobaggle,notopwall,leftwall,
Cell(0,3): red,nobaggle,notopwall,leftwall,
Cell(0,4): red,nobaggle,notopwall,leftwall,
Cell(0,5): red,nobaggle,notopwall,leftwall,
Cell(0,6): red,nobaggle,notopwall,leftwall,
Cell(1,0): red,nobaggle,topwall,noleftwall,
Cell(1,1): red,nobaggle,notopwall,noleftwall,
Cell(1,2): red,nobaggle,notopwall,noleftwall,
Cell(1,3): red,nobaggle,notopwall,noleftwall,
Cell(1,4): red,nobaggle,notopwall,noleftwall,
Cell(1,5): red,nobaggle,notopwall,noleftwall,
Cell(1,6): red,nobaggle,notopwall,noleftwall,
Cell(2,0): red,nobaggle,topwall,noleftwall,
Cell(2,1): red,nobaggle,notopwall,noleftwall,
Cell(2,2): red,nobaggle,notopwall,noleftwall,
Cell(2,3): red,nobaggle,notopwall,noleftwall,
Cell(2,4): red,nobaggle,notopwall,noleftwall,
Cell(2,5): red,nobaggle,notopwall,noleftwall,
Cell(2,6): red,nobaggle,notopwall,noleftwall,
Cell(3,0): red,nobaggle,topwall,noleftwall,
Cell(3,1): red,nobaggle,notopwall,noleftwall,
Cell(3,2): red,nobaggle,notopwall,noleftwall,
Cell(3,3): red,nobaggle,notopwall,noleftwall,
Cell(3,4): red,nobaggle,notopwall,noleftwall,
Cell(3,5): red,nobaggle,notopwall,noleftwall,
Cell(3,6): red,nobaggle,notopwall,noleftwall,
Cell(4,0): red,nobaggle,topwall,noleftwall,
Cell(4,1): red,nobaggle,notopwall,noleftwall,
Cell(4,2): red,nobaggle,notopwall,noleftwall,
Cell(4,3): red,nobaggle,notopwall,noleftwall,
Cell(4,4): red,nobaggle,notopwall,noleftwall,
Cell(4,5): red,nobaggle,notopwall,noleftwall,
Cell(4,6): red,nobaggle,notopwall,noleftwall,
Cell(5,0): red,nobaggle,topwall,noleftwall,
Cell(5,1): red,nobaggle,notopwall,noleftwall,
Cell(5,2): red,nobaggle,notopwall,noleftwall,
Cell(5,3): red,nobaggle,notopwall,noleftwall,
Cell(5,4): red,nobaggle,notopwall,noleftwall,
Cell(5,5): red,nobaggle,notopwall,noleftwall,
Cell(5,6): red,nobaggle,notopwall,noleftwall,
Cell(6,0): red,nobaggle,topwall,noleftwall,
Cell(6,1): red,nobaggle,notopwall,noleftwall,
Cell(6,2): red,nobaggle,notopwall,noleftwall,
Cell(6,3): red,nobaggle,notopwall,noleftwall,
Cell(6,4): red,nobaggle,notopwall,noleftwall,
Cell(6,5): red,nobaggle,notopwall,noleftwall,
Cell(6,6): red,nobaggle,notopwall,noleftwall,
