BuggleWorld: World
Size: 7x7
Buggle(2,0): west,red,red,Puppy,noBaggle,
Cell(0,0): red,nobaggle,notopwall,noleftwall,
Cell(0,1): red,nobaggle,notopwall,noleftwall,
Cell(0,2): red,nobaggle,notopwall,noleftwall,
Cell(0,4): red,nobaggle,notopwall,noleftwall,
Cell(0,5): red,nobaggle,notopwall,noleftwall,
Cell(0,6): red,nobaggle,notopwall,noleftwall,
Cell(1,0): red,nobaggle,notopwall,noleftwall,
Cell(1,2): red,nobaggle,notopwall,noleftwall,
Cell(1,4): red,nobaggle,notopwall,noleftwall,
Cell(1,6): red,nobaggle,notopwall,noleftwall,
Cell(2,0): red,nobaggle,notopwall,noleftwall,
Cell(2,1): red,nobaggle,notopwall,noleftwall,
Cell(2,2): red,nobaggle,notopwall,noleftwall,
Cell(2,4): red,nobaggle,notopwall,noleftwall,
Cell(2,5): red,nobaggle,notopwall,noleftwall,
Cell(2,6): red,nobaggle,notopwall,noleftwall,
Cell(4,0): red,nobaggle,notopwall,noleftwall,
Cell(4,1): red,nobaggle,notopwall,noleftwall,
Cell(4,2): red,nobaggle,notopwall,noleftwall,
Cell(4,4): red,nobaggle,notopwall,noleftwall,
Cell(4,5): red,nobaggle,notopwall,noleftwall,
Cell(4,6): red,nobaggle,notopwall,noleftwall,
Cell(5,0): red,nobaggle,notopwall,noleftwall,
Cell(5,2): red,nobaggle,notopwall,noleftwall,
Cell(5,4): red,nobaggle,notopwall,noleftwall,
Cell(5,6): red,nobaggle,notopwall,noleftwall,
Cell(6,0): red,nobaggle,notopwall,noleftwall,
Cell(6,1): red,nobaggle,notopwall,noleftwall,
Cell(6,2): red,nobaggle,notopwall,noleftwall,
Cell(6,4): red,nobaggle,notopwall,noleftwall,
Cell(6,5): red,nobaggle,notopwall,noleftwall,
Cell(6,6): red,nobaggle,notopwall,noleftwall,
