TurmiteWorld: crabe (8342 steps)
Size: 78x72
Buggle(48,57): north,red,white,ant,noBaggle,
Cell(3,49): black,nobaggle,notopwall,noleftwall,
Cell(3,51): black,nobaggle,notopwall,noleftwall,
Cell(3,52): black,nobaggle,notopwall,noleftwall,
Cell(4,49): black,nobaggle,notopwall,noleftwall,
Cell(4,50): black,nobaggle,notopwall,noleftwall,
Cell(4,51): black,nobaggle,notopwall,noleftwall,
Cell(5,31): black,nobaggle,notopwall,noleftwall,
Cell(5,35): black,nobaggle,notopwall,noleftwall,
Cell(5,36): black,nobaggle,notopwall,noleftwall,
Cell(5,37): black,nobaggle,notopwall,noleftwall,
Cell(5,38): black,nobaggle,notopwall,noleftwall,
Cell(5,49): black,nobaggle,notopwall,noleftwall,
Cell(5,50): black,nobaggle,notopwall,noleftwall,
Cell(5,51): black,nobaggle,notopwall,noleftwall,
Cell(6,31): black,nobaggle,notopwall,noleftwall,
Cell(6,32): black,nobaggle,notopwall,noleftwall,
Cell(6,33): black,nobaggle,notopwall,noleftwall,
Cell(6,34): black,nobaggle,notopwall,noleftwall,
Cell(6,36): black,nobaggle,notopwall,noleftwall,
Cell(6,37): black,nobaggle,notopwall,noleftwall,
Cell(6,48): black,nobaggle,notopwall,noleftwall,
Cell(6,49): black,nobaggle,notopwall,noleftwall,
Cell(6,52): black,nobaggle,notopwall,noleftwall,
Cell(6,53): black,nobaggle,notopwall,noleftwall,
Cell(7,32): black,nobaggle,notopwall,noleftwall,
Cell(7,34): black,nobaggle,notopwall,noleftwall,
Cell(7,39): black,nobaggle,notopwall,noleftwall,
Cell(7,40): black,nobaggle,notopwall,noleftwall,
Cell(7,41): black,nobaggle,notopwall,noleftwall,
Cell(7,42): black,nobaggle,notopwall,noleftwall,
Cell(7,45): black,nobaggle,notopwall,noleftwall,
Cell(7,48): black,nobaggle,notopwall,noleftwall,
Cell(7,49): black,nobaggle,notopwall,noleftwall,
Cell(7,50): black,nobaggle,notopwall,noleftwall,
Cell(7,51): black,nobaggle,notopwall,noleftwall,
Cell(7,52): black,nobaggle,notopwall,noleftwall,
Cell(7,53): black,nobaggle,notopwall,noleftwall,
Cell(7,54): black,nobaggle,notopwall,noleftwall,
Cell(8,31): black,nobaggle,notopwall,noleftwall,
Cell(8,32): black,nobaggle,notopwall,noleftwall,
Cell(8,33): black,nobaggle,notopwall,noleftwall,
Cell(8,36): black,nobaggle,notopwall,noleftwall,
Cell(8,37): black,nobaggle,notopwall,noleftwall,
Cell(8,39): black,nobaggle,notopwall,noleftwall,
Cell(8,41): black,nobaggle,notopwall,noleftwall,
Cell(8,45): black,nobaggle,notopwall,noleftwall,
Cell(8,46): black,nobaggle,notopwall,noleftwall,
Cell(8,47): black,nobaggle,notopwall,noleftwall,
Cell(8,48): black,nobaggle,notopwall,noleftwall,
Cell(8,49): black,nobaggle,notopwall,noleftwall,
Cell(8,50): black,nobaggle,notopwall,noleftwall,
Cell(8,52): black,nobaggle,notopwall,noleftwall,
Cell(8,54): black,nobaggle,notopwall,noleftwall,
Cell(8,55): black,nobaggle,notopwall,noleftwall,
Cell(9,31): black,nobaggle,notopwall,noleftwall,
Cell(9,32): black,nobaggle,notopwall,noleftwall,
Cell(9,34): black,nobaggle,notopwall,noleftwall,
Cell(9,37): black,nobaggle,notopwall,noleftwall,
Cell(9,39): black,nobaggle,notopwall,noleftwall,
Cell(9,41): black,nobaggle,notopwall,noleftwall,
Cell(9,44): black,nobaggle,notopwall,noleftwall,
Cell(9,47): black,nobaggle,notopwall,noleftwall,
Cell(9,49): black,nobaggle,notopwall,noleftwall,
Cell(9,50): black,nobaggle,notopwall,noleftwall,
Cell(9,54): black,nobaggle,notopwall,noleftwall,
Cell(9,56): black,nobaggle,notopwall,noleftwall,
Cell(9,57): black,nobaggle,notopwall,noleftwall,
Cell(9,58): black,nobaggle,notopwall,noleftwall,
Cell(10,31): black,nobaggle,notopwall,noleftwall,
Cell(10,36): black,nobaggle,notopwall,noleftwall,
Cell(10,41): black,nobaggle,notopwall,noleftwall,
Cell(10,47): black,nobaggle,notopwall,noleftwall,
Cell(10,48): black,nobaggle,notopwall,noleftwall,
Cell(10,49): black,nobaggle,notopwall,noleftwall,
Cell(10,56): black,nobaggle,notopwall,noleftwall,
Cell(10,58): black,nobaggle,notopwall,noleftwall,
Cell(11,31): black,nobaggle,notopwall,noleftwall,
Cell(11,32): black,nobaggle,notopwall,noleftwall,
Cell(11,33): black,nobaggle,notopwall,noleftwall,
Cell(11,34): black,nobaggle,notopwall,noleftwall,
Cell(11,35): black,nobaggle,notopwall,noleftwall,
Cell(11,39): black,nobaggle,notopwall,noleftwall,
Cell(11,41): black,nobaggle,notopwall,noleftwall,
Cell(11,42): black,nobaggle,notopwall,noleftwall,
Cell(11,43): black,nobaggle,notopwall,noleftwall,
Cell(11,44): black,nobaggle,notopwall,noleftwall,
Cell(11,48): black,nobaggle,notopwall,noleftwall,
Cell(11,49): black,nobaggle,notopwall,noleftwall,
Cell(11,50): black,nobaggle,notopwall,noleftwall,
Cell(11,52): black,nobaggle,notopwall,noleftwall,
Cell(11,54): black,nobaggle,notopwall,noleftwall,
Cell(11,55): black,nobaggle,notopwall,noleftwall,
Cell(11,57): black,nobaggle,notopwall,noleftwall,
Cell(11,58): black,nobaggle,notopwall,noleftwall,
Cell(12,34): black,nobaggle,notopwall,noleftwall,
Cell(12,35): black,nobaggle,notopwall,noleftwall,
Cell(12,37): black,nobaggle,notopwall,noleftwall,
Cell(12,38): black,nobaggle,notopwall,noleftwall,
Cell(12,39): black,nobaggle,notopwall,noleftwall,
Cell(12,41): black,nobaggle,notopwall,noleftwall,
Cell(12,44): black,nobaggle,notopwall,noleftwall,
Cell(12,45): black,nobaggle,notopwall,noleftwall,
Cell(12,46): black,nobaggle,notopwall,noleftwall,
Cell(12,47): black,nobaggle,notopwall,noleftwall,
Cell(12,49): black,nobaggle,notopwall,noleftwall,
Cell(12,50): black,nobaggle,notopwall,noleftwall,
Cell(12,51): black,nobaggle,notopwall,noleftwall,
Cell(12,52): black,nobaggle,notopwall,noleftwall,
Cell(12,53): black,nobaggle,notopwall,noleftwall,
Cell(12,54): black,nobaggle,notopwall,noleftwall,
Cell(12,55): black,nobaggle,notopwall,noleftwall,
Cell(12,57): black,nobaggle,notopwall,noleftwall,
Cell(12,58): black,nobaggle,notopwall,noleftwall,
Cell(12,59): black,nobaggle,notopwall,noleftwall,
Cell(13,34): black,nobaggle,notopwall,noleftwall,
Cell(13,35): black,nobaggle,notopwall,noleftwall,
Cell(13,37): black,nobaggle,notopwall,noleftwall,
Cell(13,41): black,nobaggle,notopwall,noleftwall,
Cell(13,42): black,nobaggle,notopwall,noleftwall,
Cell(13,43): black,nobaggle,notopwall,noleftwall,
Cell(13,44): black,nobaggle,notopwall,noleftwall,
Cell(13,45): black,nobaggle,notopwall,noleftwall,
Cell(13,46): black,nobaggle,notopwall,noleftwall,
Cell(13,47): black,nobaggle,notopwall,noleftwall,
Cell(13,48): black,nobaggle,notopwall,noleftwall,
Cell(13,49): black,nobaggle,notopwall,noleftwall,
Cell(13,51): black,nobaggle,notopwall,noleftwall,
Cell(13,55): black,nobaggle,notopwall,noleftwall,
Cell(13,57): black,nobaggle,notopwall,noleftwall,
Cell(13,59): black,nobaggle,notopwall,noleftwall,
Cell(13,60): black,nobaggle,notopwall,noleftwall,
Cell(14,33): black,nobaggle,notopwall,noleftwall,
Cell(14,34): black,nobaggle,notopwall,noleftwall,
Cell(14,37): black,nobaggle,notopwall,noleftwall,
Cell(14,39): black,nobaggle,notopwall,noleftwall,
Cell(14,41): black,nobaggle,notopwall,noleftwall,
Cell(14,42): black,nobaggle,notopwall,noleftwall,
Cell(14,44): black,nobaggle,notopwall,noleftwall,
Cell(14,45): black,nobaggle,notopwall,noleftwall,
Cell(14,47): black,nobaggle,notopwall,noleftwall,
Cell(14,48): black,nobaggle,notopwall,noleftwall,
Cell(14,49): black,nobaggle,notopwall,noleftwall,
Cell(14,54): black,nobaggle,notopwall,noleftwall,
Cell(14,55): black,nobaggle,notopwall,noleftwall,
Cell(14,58): black,nobaggle,notopwall,noleftwall,
Cell(14,60): black,nobaggle,notopwall,noleftwall,
Cell(14,61): black,nobaggle,notopwall,noleftwall,
Cell(15,32): black,nobaggle,notopwall,noleftwall,
Cell(15,33): black,nobaggle,notopwall,noleftwall,
Cell(15,41): black,nobaggle,notopwall,noleftwall,
Cell(15,43): black,nobaggle,notopwall,noleftwall,
Cell(15,44): black,nobaggle,notopwall,noleftwall,
Cell(15,45): black,nobaggle,notopwall,noleftwall,
Cell(15,47): black,nobaggle,notopwall,noleftwall,
Cell(15,49): black,nobaggle,notopwall,noleftwall,
Cell(15,50): black,nobaggle,notopwall,noleftwall,
Cell(15,51): black,nobaggle,notopwall,noleftwall,
Cell(15,55): black,nobaggle,notopwall,noleftwall,
Cell(15,56): black,nobaggle,notopwall,noleftwall,
Cell(15,58): black,nobaggle,notopwall,noleftwall,
Cell(15,59): black,nobaggle,notopwall,noleftwall,
Cell(15,61): black,nobaggle,notopwall,noleftwall,
Cell(15,62): black,nobaggle,notopwall,noleftwall,
Cell(16,29): black,nobaggle,notopwall,noleftwall,
Cell(16,32): black,nobaggle,notopwall,noleftwall,
Cell(16,33): black,nobaggle,notopwall,noleftwall,
Cell(16,38): black,nobaggle,notopwall,noleftwall,
Cell(16,40): black,nobaggle,notopwall,noleftwall,
Cell(16,41): black,nobaggle,notopwall,noleftwall,
Cell(16,42): black,nobaggle,notopwall,noleftwall,
Cell(16,43): black,nobaggle,notopwall,noleftwall,
Cell(16,45): black,nobaggle,notopwall,noleftwall,
Cell(16,46): black,nobaggle,notopwall,noleftwall,
Cell(16,47): black,nobaggle,notopwall,noleftwall,
Cell(16,50): black,nobaggle,notopwall,noleftwall,
Cell(16,55): black,nobaggle,notopwall,noleftwall,
Cell(16,57): black,nobaggle,notopwall,noleftwall,
Cell(16,59): black,nobaggle,notopwall,noleftwall,
Cell(16,60): black,nobaggle,notopwall,noleftwall,
Cell(16,62): black,nobaggle,notopwall,noleftwall,
Cell(17,29): black,nobaggle,notopwall,noleftwall,
Cell(17,30): black,nobaggle,notopwall,noleftwall,
Cell(17,31): black,nobaggle,notopwall,noleftwall,
Cell(17,33): black,nobaggle,notopwall,noleftwall,
Cell(17,36): black,nobaggle,notopwall,noleftwall,
Cell(17,39): black,nobaggle,notopwall,noleftwall,
Cell(17,41): black,nobaggle,notopwall,noleftwall,
Cell(17,42): black,nobaggle,notopwall,noleftwall,
Cell(17,45): black,nobaggle,notopwall,noleftwall,
Cell(17,46): black,nobaggle,notopwall,noleftwall,
Cell(17,48): black,nobaggle,notopwall,noleftwall,
Cell(17,49): black,nobaggle,notopwall,noleftwall,
Cell(17,50): black,nobaggle,notopwall,noleftwall,
Cell(17,52): black,nobaggle,notopwall,noleftwall,
Cell(17,55): black,nobaggle,notopwall,noleftwall,
Cell(17,56): black,nobaggle,notopwall,noleftwall,
Cell(17,61): black,nobaggle,notopwall,noleftwall,
Cell(17,62): black,nobaggle,notopwall,noleftwall,
Cell(18,22): black,nobaggle,notopwall,noleftwall,
Cell(18,24): black,nobaggle,notopwall,noleftwall,
Cell(18,25): black,nobaggle,notopwall,noleftwall,
Cell(18,30): black,nobaggle,notopwall,noleftwall,
Cell(18,31): black,nobaggle,notopwall,noleftwall,
Cell(18,33): black,nobaggle,notopwall,noleftwall,
Cell(18,35): black,nobaggle,notopwall,noleftwall,
Cell(18,39): black,nobaggle,notopwall,noleftwall,
Cell(18,40): black,nobaggle,notopwall,noleftwall,
Cell(18,41): black,nobaggle,notopwall,noleftwall,
Cell(18,42): black,nobaggle,notopwall,noleftwall,
Cell(18,44): black,nobaggle,notopwall,noleftwall,
Cell(18,49): black,nobaggle,notopwall,noleftwall,
Cell(18,55): black,nobaggle,notopwall,noleftwall,
Cell(18,57): black,nobaggle,notopwall,noleftwall,
Cell(18,60): black,nobaggle,notopwall,noleftwall,
Cell(18,61): black,nobaggle,notopwall,noleftwall,
Cell(19,22): black,nobaggle,notopwall,noleftwall,
Cell(19,23): black,nobaggle,notopwall,noleftwall,
Cell(19,24): black,nobaggle,notopwall,noleftwall,
Cell(19,29): black,nobaggle,notopwall,noleftwall,
Cell(19,30): black,nobaggle,notopwall,noleftwall,
Cell(19,31): black,nobaggle,notopwall,noleftwall,
Cell(19,32): black,nobaggle,notopwall,noleftwall,
Cell(19,33): black,nobaggle,notopwall,noleftwall,
Cell(19,35): black,nobaggle,notopwall,noleftwall,
Cell(19,36): black,nobaggle,notopwall,noleftwall,
Cell(19,39): black,nobaggle,notopwall,noleftwall,
Cell(19,40): black,nobaggle,notopwall,noleftwall,
Cell(19,41): black,nobaggle,notopwall,noleftwall,
Cell(19,42): black,nobaggle,notopwall,noleftwall,
Cell(19,43): black,nobaggle,notopwall,noleftwall,
Cell(19,44): black,nobaggle,notopwall,noleftwall,
Cell(19,45): black,nobaggle,notopwall,noleftwall,
Cell(19,46): black,nobaggle,notopwall,noleftwall,
Cell(19,47): black,nobaggle,notopwall,noleftwall,
Cell(19,48): black,nobaggle,notopwall,noleftwall,
Cell(19,55): black,nobaggle,notopwall,noleftwall,
Cell(19,57): black,nobaggle,notopwall,noleftwall,
Cell(19,60): black,nobaggle,notopwall,noleftwall,
Cell(19,61): black,nobaggle,notopwall,noleftwall,
Cell(20,22): black,nobaggle,notopwall,noleftwall,
Cell(20,23): black,nobaggle,notopwall,noleftwall,
Cell(20,24): black,nobaggle,notopwall,noleftwall,
Cell(20,32): black,nobaggle,notopwall,noleftwall,
Cell(20,33): black,nobaggle,notopwall,noleftwall,
Cell(20,34): black,nobaggle,notopwall,noleftwall,
Cell(20,35): black,nobaggle,notopwall,noleftwall,
Cell(20,36): black,nobaggle,notopwall,noleftwall,
Cell(20,37): black,nobaggle,notopwall,noleftwall,
Cell(20,39): black,nobaggle,notopwall,noleftwall,
Cell(20,40): black,nobaggle,notopwall,noleftwall,
Cell(20,42): black,nobaggle,notopwall,noleftwall,
Cell(20,45): black,nobaggle,notopwall,noleftwall,
Cell(20,47): black,nobaggle,notopwall,noleftwall,
Cell(20,48): black,nobaggle,notopwall,noleftwall,
Cell(20,52): black,nobaggle,notopwall,noleftwall,
Cell(20,53): black,nobaggle,notopwall,noleftwall,
Cell(20,60): black,nobaggle,notopwall,noleftwall,
Cell(21,14): black,nobaggle,notopwall,noleftwall,
Cell(21,15): black,nobaggle,notopwall,noleftwall,
Cell(21,16): black,nobaggle,notopwall,noleftwall,
Cell(21,21): black,nobaggle,notopwall,noleftwall,
Cell(21,22): black,nobaggle,notopwall,noleftwall,
Cell(21,25): black,nobaggle,notopwall,noleftwall,
Cell(21,26): black,nobaggle,notopwall,noleftwall,
Cell(21,33): black,nobaggle,notopwall,noleftwall,
Cell(21,35): black,nobaggle,notopwall,noleftwall,
Cell(21,36): black,nobaggle,notopwall,noleftwall,
Cell(21,37): black,nobaggle,notopwall,noleftwall,
Cell(21,38): black,nobaggle,notopwall,noleftwall,
Cell(21,40): black,nobaggle,notopwall,noleftwall,
Cell(21,42): black,nobaggle,notopwall,noleftwall,
Cell(21,44): black,nobaggle,notopwall,noleftwall,
Cell(21,45): black,nobaggle,notopwall,noleftwall,
Cell(21,46): black,nobaggle,notopwall,noleftwall,
Cell(21,52): black,nobaggle,notopwall,noleftwall,
Cell(21,53): black,nobaggle,notopwall,noleftwall,
Cell(21,54): black,nobaggle,notopwall,noleftwall,
Cell(21,56): black,nobaggle,notopwall,noleftwall,
Cell(21,58): black,nobaggle,notopwall,noleftwall,
Cell(21,59): black,nobaggle,notopwall,noleftwall,
Cell(21,60): black,nobaggle,notopwall,noleftwall,
Cell(22,13): black,nobaggle,notopwall,noleftwall,
Cell(22,14): black,nobaggle,notopwall,noleftwall,
Cell(22,16): black,nobaggle,notopwall,noleftwall,
Cell(22,17): black,nobaggle,notopwall,noleftwall,
Cell(22,18): black,nobaggle,notopwall,noleftwall,
Cell(22,21): black,nobaggle,notopwall,noleftwall,
Cell(22,22): black,nobaggle,notopwall,noleftwall,
Cell(22,23): black,nobaggle,notopwall,noleftwall,
Cell(22,24): black,nobaggle,notopwall,noleftwall,
Cell(22,25): black,nobaggle,notopwall,noleftwall,
Cell(22,26): black,nobaggle,notopwall,noleftwall,
Cell(22,27): black,nobaggle,notopwall,noleftwall,
Cell(22,33): black,nobaggle,notopwall,noleftwall,
Cell(22,35): black,nobaggle,notopwall,noleftwall,
Cell(22,36): black,nobaggle,notopwall,noleftwall,
Cell(22,42): black,nobaggle,notopwall,noleftwall,
Cell(22,43): black,nobaggle,notopwall,noleftwall,
Cell(22,44): black,nobaggle,notopwall,noleftwall,
Cell(22,47): black,nobaggle,notopwall,noleftwall,
Cell(22,48): black,nobaggle,notopwall,noleftwall,
Cell(22,50): black,nobaggle,notopwall,noleftwall,
Cell(22,54): black,nobaggle,notopwall,noleftwall,
Cell(22,55): black,nobaggle,notopwall,noleftwall,
Cell(22,57): black,nobaggle,notopwall,noleftwall,
Cell(22,58): black,nobaggle,notopwall,noleftwall,
Cell(22,60): black,nobaggle,notopwall,noleftwall,
Cell(22,61): black,nobaggle,notopwall,noleftwall,
Cell(22,62): black,nobaggle,notopwall,noleftwall,
Cell(23,12): black,nobaggle,notopwall,noleftwall,
Cell(23,13): black,nobaggle,notopwall,noleftwall,
Cell(23,15): black,nobaggle,notopwall,noleftwall,
Cell(23,17): black,nobaggle,notopwall,noleftwall,
Cell(23,18): black,nobaggle,notopwall,noleftwall,
Cell(23,19): black,nobaggle,notopwall,noleftwall,
Cell(23,20): black,nobaggle,notopwall,noleftwall,
Cell(23,21): black,nobaggle,notopwall,noleftwall,
Cell(23,22): black,nobaggle,notopwall,noleftwall,
Cell(23,23): black,nobaggle,notopwall,noleftwall,
Cell(23,25): black,nobaggle,notopwall,noleftwall,
Cell(23,27): black,nobaggle,notopwall,noleftwall,
Cell(23,28): black,nobaggle,notopwall,noleftwall,
Cell(23,33): black,nobaggle,notopwall,noleftwall,
Cell(23,34): black,nobaggle,notopwall,noleftwall,
Cell(23,35): black,nobaggle,notopwall,noleftwall,
Cell(23,40): black,nobaggle,notopwall,noleftwall,
Cell(23,44): black,nobaggle,notopwall,noleftwall,
Cell(23,45): black,nobaggle,notopwall,noleftwall,
Cell(23,46): black,nobaggle,notopwall,noleftwall,
Cell(23,47): black,nobaggle,notopwall,noleftwall,
Cell(23,48): black,nobaggle,notopwall,noleftwall,
Cell(23,50): black,nobaggle,notopwall,noleftwall,
Cell(23,51): black,nobaggle,notopwall,noleftwall,
Cell(23,52): black,nobaggle,notopwall,noleftwall,
Cell(23,53): black,nobaggle,notopwall,noleftwall,
Cell(23,54): black,nobaggle,notopwall,noleftwall,
Cell(23,55): black,nobaggle,notopwall,noleftwall,
Cell(23,56): black,nobaggle,notopwall,noleftwall,
Cell(23,57): black,nobaggle,notopwall,noleftwall,
Cell(23,58): black,nobaggle,notopwall,noleftwall,
Cell(23,59): black,nobaggle,notopwall,noleftwall,
Cell(23,60): black,nobaggle,notopwall,noleftwall,
Cell(23,61): black,nobaggle,notopwall,noleftwall,
Cell(23,62): black,nobaggle,notopwall,noleftwall,
Cell(23,63): black,nobaggle,notopwall,noleftwall,
Cell(23,64): black,nobaggle,notopwall,noleftwall,
Cell(23,65): black,nobaggle,notopwall,noleftwall,
Cell(24,11): black,nobaggle,notopwall,noleftwall,
Cell(24,12): black,nobaggle,notopwall,noleftwall,
Cell(24,14): black,nobaggle,notopwall,noleftwall,
Cell(24,15): black,nobaggle,notopwall,noleftwall,
Cell(24,20): black,nobaggle,notopwall,noleftwall,
Cell(24,22): black,nobaggle,notopwall,noleftwall,
Cell(24,23): black,nobaggle,notopwall,noleftwall,
Cell(24,27): black,nobaggle,notopwall,noleftwall,
Cell(24,36): black,nobaggle,notopwall,noleftwall,
Cell(24,39): black,nobaggle,notopwall,noleftwall,
Cell(24,40): black,nobaggle,notopwall,noleftwall,
Cell(24,42): black,nobaggle,notopwall,noleftwall,
Cell(24,43): black,nobaggle,notopwall,noleftwall,
Cell(24,46): black,nobaggle,notopwall,noleftwall,
Cell(24,47): black,nobaggle,notopwall,noleftwall,
Cell(24,52): black,nobaggle,notopwall,noleftwall,
Cell(24,56): black,nobaggle,notopwall,noleftwall,
Cell(24,57): black,nobaggle,notopwall,noleftwall,
Cell(24,59): black,nobaggle,notopwall,noleftwall,
Cell(24,60): black,nobaggle,notopwall,noleftwall,
Cell(24,61): black,nobaggle,notopwall,noleftwall,
Cell(24,63): black,nobaggle,notopwall,noleftwall,
Cell(24,64): black,nobaggle,notopwall,noleftwall,
Cell(25,8): black,nobaggle,notopwall,noleftwall,
Cell(25,9): black,nobaggle,notopwall,noleftwall,
Cell(25,10): black,nobaggle,notopwall,noleftwall,
Cell(25,11): black,nobaggle,notopwall,noleftwall,
Cell(25,13): black,nobaggle,notopwall,noleftwall,
Cell(25,14): black,nobaggle,notopwall,noleftwall,
Cell(25,20): black,nobaggle,notopwall,noleftwall,
Cell(25,21): black,nobaggle,notopwall,noleftwall,
Cell(25,22): black,nobaggle,notopwall,noleftwall,
Cell(25,31): black,nobaggle,notopwall,noleftwall,
Cell(25,32): black,nobaggle,notopwall,noleftwall,
Cell(25,33): black,nobaggle,notopwall,noleftwall,
Cell(25,36): black,nobaggle,notopwall,noleftwall,
Cell(25,37): black,nobaggle,notopwall,noleftwall,
Cell(25,38): black,nobaggle,notopwall,noleftwall,
Cell(25,39): black,nobaggle,notopwall,noleftwall,
Cell(25,41): black,nobaggle,notopwall,noleftwall,
Cell(25,42): black,nobaggle,notopwall,noleftwall,
Cell(25,43): black,nobaggle,notopwall,noleftwall,
Cell(25,44): black,nobaggle,notopwall,noleftwall,
Cell(25,45): black,nobaggle,notopwall,noleftwall,
Cell(25,47): black,nobaggle,notopwall,noleftwall,
Cell(25,49): black,nobaggle,notopwall,noleftwall,
Cell(25,50): black,nobaggle,notopwall,noleftwall,
Cell(25,51): black,nobaggle,notopwall,noleftwall,
Cell(25,55): black,nobaggle,notopwall,noleftwall,
Cell(25,56): black,nobaggle,notopwall,noleftwall,
Cell(25,61): black,nobaggle,notopwall,noleftwall,
Cell(25,63): black,nobaggle,notopwall,noleftwall,
Cell(25,64): black,nobaggle,notopwall,noleftwall,
Cell(25,65): black,nobaggle,notopwall,noleftwall,
Cell(26,8): black,nobaggle,notopwall,noleftwall,
Cell(26,10): black,nobaggle,notopwall,noleftwall,
Cell(26,11): black,nobaggle,notopwall,noleftwall,
Cell(26,12): black,nobaggle,notopwall,noleftwall,
Cell(26,15): black,nobaggle,notopwall,noleftwall,
Cell(26,17): black,nobaggle,notopwall,noleftwall,
Cell(26,18): black,nobaggle,notopwall,noleftwall,
Cell(26,21): black,nobaggle,notopwall,noleftwall,
Cell(26,22): black,nobaggle,notopwall,noleftwall,
Cell(26,23): black,nobaggle,notopwall,noleftwall,
Cell(26,25): black,nobaggle,notopwall,noleftwall,
Cell(26,27): black,nobaggle,notopwall,noleftwall,
Cell(26,28): black,nobaggle,notopwall,noleftwall,
Cell(26,31): black,nobaggle,notopwall,noleftwall,
Cell(26,32): black,nobaggle,notopwall,noleftwall,
Cell(26,33): black,nobaggle,notopwall,noleftwall,
Cell(26,34): black,nobaggle,notopwall,noleftwall,
Cell(26,35): black,nobaggle,notopwall,noleftwall,
Cell(26,37): black,nobaggle,notopwall,noleftwall,
Cell(26,40): black,nobaggle,notopwall,noleftwall,
Cell(26,42): black,nobaggle,notopwall,noleftwall,
Cell(26,45): black,nobaggle,notopwall,noleftwall,
Cell(26,49): black,nobaggle,notopwall,noleftwall,
Cell(26,51): black,nobaggle,notopwall,noleftwall,
Cell(26,56): black,nobaggle,notopwall,noleftwall,
Cell(26,57): black,nobaggle,notopwall,noleftwall,
Cell(26,60): black,nobaggle,notopwall,noleftwall,
Cell(26,61): black,nobaggle,notopwall,noleftwall,
Cell(26,62): black,nobaggle,notopwall,noleftwall,
Cell(26,65): black,nobaggle,notopwall,noleftwall,
Cell(27,8): black,nobaggle,notopwall,noleftwall,
Cell(27,9): black,nobaggle,notopwall,noleftwall,
Cell(27,14): black,nobaggle,notopwall,noleftwall,
Cell(27,16): black,nobaggle,notopwall,noleftwall,
Cell(27,20): black,nobaggle,notopwall,noleftwall,
Cell(27,22): black,nobaggle,notopwall,noleftwall,
Cell(27,23): black,nobaggle,notopwall,noleftwall,
Cell(27,24): black,nobaggle,notopwall,noleftwall,
Cell(27,25): black,nobaggle,notopwall,noleftwall,
Cell(27,26): black,nobaggle,notopwall,noleftwall,
Cell(27,27): black,nobaggle,notopwall,noleftwall,
Cell(27,28): black,nobaggle,notopwall,noleftwall,
Cell(27,30): black,nobaggle,notopwall,noleftwall,
Cell(27,31): black,nobaggle,notopwall,noleftwall,
Cell(27,32): black,nobaggle,notopwall,noleftwall,
Cell(27,33): black,nobaggle,notopwall,noleftwall,
Cell(27,34): black,nobaggle,notopwall,noleftwall,
Cell(27,35): black,nobaggle,notopwall,noleftwall,
Cell(27,36): black,nobaggle,notopwall,noleftwall,
Cell(27,38): black,nobaggle,notopwall,noleftwall,
Cell(27,43): black,nobaggle,notopwall,noleftwall,
Cell(27,44): black,nobaggle,notopwall,noleftwall,
Cell(27,47): black,nobaggle,notopwall,noleftwall,
Cell(27,49): black,nobaggle,notopwall,noleftwall,
Cell(27,50): black,nobaggle,notopwall,noleftwall,
Cell(27,51): black,nobaggle,notopwall,noleftwall,
Cell(27,56): black,nobaggle,notopwall,noleftwall,
Cell(27,61): black,nobaggle,notopwall,noleftwall,
Cell(27,62): black,nobaggle,notopwall,noleftwall,
Cell(28,7): black,nobaggle,notopwall,noleftwall,
Cell(28,10): black,nobaggle,notopwall,noleftwall,
Cell(28,11): black,nobaggle,notopwall,noleftwall,
Cell(28,12): black,nobaggle,notopwall,noleftwall,
Cell(28,13): black,nobaggle,notopwall,noleftwall,
Cell(28,14): black,nobaggle,notopwall,noleftwall,
Cell(28,15): black,nobaggle,notopwall,noleftwall,
Cell(28,16): black,nobaggle,notopwall,noleftwall,
Cell(28,17): black,nobaggle,notopwall,noleftwall,
Cell(28,18): black,nobaggle,notopwall,noleftwall,
Cell(28,21): black,nobaggle,notopwall,noleftwall,
Cell(28,22): black,nobaggle,notopwall,noleftwall,
Cell(28,24): black,nobaggle,notopwall,noleftwall,
Cell(28,28): black,nobaggle,notopwall,noleftwall,
Cell(28,29): black,nobaggle,notopwall,noleftwall,
Cell(28,30): black,nobaggle,notopwall,noleftwall,
Cell(28,32): black,nobaggle,notopwall,noleftwall,
Cell(28,33): black,nobaggle,notopwall,noleftwall,
Cell(28,39): black,nobaggle,notopwall,noleftwall,
Cell(28,44): black,nobaggle,notopwall,noleftwall,
Cell(28,47): black,nobaggle,notopwall,noleftwall,
Cell(28,48): black,nobaggle,notopwall,noleftwall,
Cell(28,49): black,nobaggle,notopwall,noleftwall,
Cell(28,50): black,nobaggle,notopwall,noleftwall,
Cell(28,54): black,nobaggle,notopwall,noleftwall,
Cell(28,56): black,nobaggle,notopwall,noleftwall,
Cell(28,57): black,nobaggle,notopwall,noleftwall,
Cell(28,59): black,nobaggle,notopwall,noleftwall,
Cell(28,60): black,nobaggle,notopwall,noleftwall,
Cell(28,61): black,nobaggle,notopwall,noleftwall,
Cell(29,6): black,nobaggle,notopwall,noleftwall,
Cell(29,7): black,nobaggle,notopwall,noleftwall,
Cell(29,8): black,nobaggle,notopwall,noleftwall,
Cell(29,10): black,nobaggle,notopwall,noleftwall,
Cell(29,11): black,nobaggle,notopwall,noleftwall,
Cell(29,13): black,nobaggle,notopwall,noleftwall,
Cell(29,20): black,nobaggle,notopwall,noleftwall,
Cell(29,21): black,nobaggle,notopwall,noleftwall,
Cell(29,22): black,nobaggle,notopwall,noleftwall,
Cell(29,27): black,nobaggle,notopwall,noleftwall,
Cell(29,28): black,nobaggle,notopwall,noleftwall,
Cell(29,33): black,nobaggle,notopwall,noleftwall,
Cell(29,36): black,nobaggle,notopwall,noleftwall,
Cell(29,38): black,nobaggle,notopwall,noleftwall,
Cell(29,39): black,nobaggle,notopwall,noleftwall,
Cell(29,41): black,nobaggle,notopwall,noleftwall,
Cell(29,42): black,nobaggle,notopwall,noleftwall,
Cell(29,44): black,nobaggle,notopwall,noleftwall,
Cell(29,45): black,nobaggle,notopwall,noleftwall,
Cell(29,46): black,nobaggle,notopwall,noleftwall,
Cell(29,49): black,nobaggle,notopwall,noleftwall,
Cell(29,50): black,nobaggle,notopwall,noleftwall,
Cell(29,51): black,nobaggle,notopwall,noleftwall,
Cell(29,52): black,nobaggle,notopwall,noleftwall,
Cell(29,53): black,nobaggle,notopwall,noleftwall,
Cell(29,54): black,nobaggle,notopwall,noleftwall,
Cell(29,55): black,nobaggle,notopwall,noleftwall,
Cell(29,56): black,nobaggle,notopwall,noleftwall,
Cell(29,57): black,nobaggle,notopwall,noleftwall,
Cell(29,60): black,nobaggle,notopwall,noleftwall,
Cell(30,5): black,nobaggle,notopwall,noleftwall,
Cell(30,6): black,nobaggle,notopwall,noleftwall,
Cell(30,11): black,nobaggle,notopwall,noleftwall,
Cell(30,19): black,nobaggle,notopwall,noleftwall,
Cell(30,20): black,nobaggle,notopwall,noleftwall,
Cell(30,22): black,nobaggle,notopwall,noleftwall,
Cell(30,28): black,nobaggle,notopwall,noleftwall,
Cell(30,30): black,nobaggle,notopwall,noleftwall,
Cell(30,31): black,nobaggle,notopwall,noleftwall,
Cell(30,32): black,nobaggle,notopwall,noleftwall,
Cell(30,33): black,nobaggle,notopwall,noleftwall,
Cell(30,38): black,nobaggle,notopwall,noleftwall,
Cell(30,39): black,nobaggle,notopwall,noleftwall,
Cell(30,42): black,nobaggle,notopwall,noleftwall,
Cell(30,44): black,nobaggle,notopwall,noleftwall,
Cell(30,47): black,nobaggle,notopwall,noleftwall,
Cell(30,48): black,nobaggle,notopwall,noleftwall,
Cell(30,51): black,nobaggle,notopwall,noleftwall,
Cell(30,53): black,nobaggle,notopwall,noleftwall,
Cell(30,58): black,nobaggle,notopwall,noleftwall,
Cell(30,59): black,nobaggle,notopwall,noleftwall,
Cell(31,2): black,nobaggle,notopwall,noleftwall,
Cell(31,5): black,nobaggle,notopwall,noleftwall,
Cell(31,6): black,nobaggle,notopwall,noleftwall,
Cell(31,7): black,nobaggle,notopwall,noleftwall,
Cell(31,10): black,nobaggle,notopwall,noleftwall,
Cell(31,11): black,nobaggle,notopwall,noleftwall,
Cell(31,30): black,nobaggle,notopwall,noleftwall,
Cell(31,31): black,nobaggle,notopwall,noleftwall,
Cell(31,32): black,nobaggle,notopwall,noleftwall,
Cell(31,33): black,nobaggle,notopwall,noleftwall,
Cell(31,37): black,nobaggle,notopwall,noleftwall,
Cell(31,42): black,nobaggle,notopwall,noleftwall,
Cell(31,44): black,nobaggle,notopwall,noleftwall,
Cell(31,45): black,nobaggle,notopwall,noleftwall,
Cell(31,48): black,nobaggle,notopwall,noleftwall,
Cell(31,49): black,nobaggle,notopwall,noleftwall,
Cell(31,50): black,nobaggle,notopwall,noleftwall,
Cell(31,52): black,nobaggle,notopwall,noleftwall,
Cell(31,55): black,nobaggle,notopwall,noleftwall,
Cell(31,59): black,nobaggle,notopwall,noleftwall,
Cell(32,2): black,nobaggle,notopwall,noleftwall,
Cell(32,3): black,nobaggle,notopwall,noleftwall,
Cell(32,4): black,nobaggle,notopwall,noleftwall,
Cell(32,6): black,nobaggle,notopwall,noleftwall,
Cell(32,11): black,nobaggle,notopwall,noleftwall,
Cell(32,12): black,nobaggle,notopwall,noleftwall,
Cell(32,30): black,nobaggle,notopwall,noleftwall,
Cell(32,36): black,nobaggle,notopwall,noleftwall,
Cell(32,37): black,nobaggle,notopwall,noleftwall,
Cell(32,41): black,nobaggle,notopwall,noleftwall,
Cell(32,43): black,nobaggle,notopwall,noleftwall,
Cell(32,44): black,nobaggle,notopwall,noleftwall,
Cell(32,46): black,nobaggle,notopwall,noleftwall,
Cell(32,47): black,nobaggle,notopwall,noleftwall,
Cell(32,50): black,nobaggle,notopwall,noleftwall,
Cell(32,52): black,nobaggle,notopwall,noleftwall,
Cell(32,55): black,nobaggle,notopwall,noleftwall,
Cell(32,56): black,nobaggle,notopwall,noleftwall,
Cell(32,57): black,nobaggle,notopwall,noleftwall,
Cell(32,58): black,nobaggle,notopwall,noleftwall,
Cell(33,3): black,nobaggle,notopwall,noleftwall,
Cell(33,4): black,nobaggle,notopwall,noleftwall,
Cell(33,6): black,nobaggle,notopwall,noleftwall,
Cell(33,7): black,nobaggle,notopwall,noleftwall,
Cell(33,8): black,nobaggle,notopwall,noleftwall,
Cell(33,10): black,nobaggle,notopwall,noleftwall,
Cell(33,11): black,nobaggle,notopwall,noleftwall,
Cell(33,28): black,nobaggle,notopwall,noleftwall,
Cell(33,29): black,nobaggle,notopwall,noleftwall,
Cell(33,30): black,nobaggle,notopwall,noleftwall,
Cell(33,32): black,nobaggle,notopwall,noleftwall,
Cell(33,34): black,nobaggle,notopwall,noleftwall,
Cell(33,35): black,nobaggle,notopwall,noleftwall,
Cell(33,37): black,nobaggle,notopwall,noleftwall,
Cell(33,40): black,nobaggle,notopwall,noleftwall,
Cell(33,41): black,nobaggle,notopwall,noleftwall,
Cell(33,43): black,nobaggle,notopwall,noleftwall,
Cell(33,45): black,nobaggle,notopwall,noleftwall,
Cell(33,46): black,nobaggle,notopwall,noleftwall,
Cell(33,47): black,nobaggle,notopwall,noleftwall,
Cell(33,49): black,nobaggle,notopwall,noleftwall,
Cell(33,50): black,nobaggle,notopwall,noleftwall,
Cell(33,51): black,nobaggle,notopwall,noleftwall,
Cell(33,54): black,nobaggle,notopwall,noleftwall,
Cell(33,57): black,nobaggle,notopwall,noleftwall,
Cell(33,58): black,nobaggle,notopwall,noleftwall,
Cell(33,59): black,nobaggle,notopwall,noleftwall,
Cell(34,2): black,nobaggle,notopwall,noleftwall,
Cell(34,3): black,nobaggle,notopwall,noleftwall,
Cell(34,4): black,nobaggle,notopwall,noleftwall,
Cell(34,5): black,nobaggle,notopwall,noleftwall,
Cell(34,6): black,nobaggle,notopwall,noleftwall,
Cell(34,7): black,nobaggle,notopwall,noleftwall,
Cell(34,8): black,nobaggle,notopwall,noleftwall,
Cell(34,9): black,nobaggle,notopwall,noleftwall,
Cell(34,10): black,nobaggle,notopwall,noleftwall,
Cell(34,11): black,nobaggle,notopwall,noleftwall,
Cell(34,12): black,nobaggle,notopwall,noleftwall,
Cell(34,13): black,nobaggle,notopwall,noleftwall,
Cell(34,14): black,nobaggle,notopwall,noleftwall,
Cell(34,28): black,nobaggle,notopwall,noleftwall,
Cell(34,29): black,nobaggle,notopwall,noleftwall,
Cell(34,33): black,nobaggle,notopwall,noleftwall,
Cell(34,34): black,nobaggle,notopwall,noleftwall,
Cell(34,35): black,nobaggle,notopwall,noleftwall,
Cell(34,36): black,nobaggle,notopwall,noleftwall,
Cell(34,37): black,nobaggle,notopwall,noleftwall,
Cell(34,39): black,nobaggle,notopwall,noleftwall,
Cell(34,40): black,nobaggle,notopwall,noleftwall,
Cell(34,44): black,nobaggle,notopwall,noleftwall,
Cell(34,47): black,nobaggle,notopwall,noleftwall,
Cell(34,51): black,nobaggle,notopwall,noleftwall,
Cell(34,52): black,nobaggle,notopwall,noleftwall,
Cell(34,53): black,nobaggle,notopwall,noleftwall,
Cell(34,54): black,nobaggle,notopwall,noleftwall,
Cell(34,55): black,nobaggle,notopwall,noleftwall,
Cell(34,59): black,nobaggle,notopwall,noleftwall,
Cell(35,5): black,nobaggle,notopwall,noleftwall,
Cell(35,6): black,nobaggle,notopwall,noleftwall,
Cell(35,7): black,nobaggle,notopwall,noleftwall,
Cell(35,9): black,nobaggle,notopwall,noleftwall,
Cell(35,10): black,nobaggle,notopwall,noleftwall,
Cell(35,12): black,nobaggle,notopwall,noleftwall,
Cell(35,13): black,nobaggle,notopwall,noleftwall,
Cell(35,26): black,nobaggle,notopwall,noleftwall,
Cell(35,29): black,nobaggle,notopwall,noleftwall,
Cell(35,33): black,nobaggle,notopwall,noleftwall,
Cell(35,40): black,nobaggle,notopwall,noleftwall,
Cell(35,41): black,nobaggle,notopwall,noleftwall,
Cell(35,43): black,nobaggle,notopwall,noleftwall,
Cell(35,49): black,nobaggle,notopwall,noleftwall,
Cell(35,50): black,nobaggle,notopwall,noleftwall,
Cell(35,51): black,nobaggle,notopwall,noleftwall,
Cell(35,56): black,nobaggle,notopwall,noleftwall,
Cell(35,57): black,nobaggle,notopwall,noleftwall,
Cell(36,7): black,nobaggle,notopwall,noleftwall,
Cell(36,8): black,nobaggle,notopwall,noleftwall,
Cell(36,9): black,nobaggle,notopwall,noleftwall,
Cell(36,11): black,nobaggle,notopwall,noleftwall,
Cell(36,13): black,nobaggle,notopwall,noleftwall,
Cell(36,14): black,nobaggle,notopwall,noleftwall,
Cell(36,26): black,nobaggle,notopwall,noleftwall,
Cell(36,27): black,nobaggle,notopwall,noleftwall,
Cell(36,29): black,nobaggle,notopwall,noleftwall,
Cell(36,31): black,nobaggle,notopwall,noleftwall,
Cell(36,32): black,nobaggle,notopwall,noleftwall,
Cell(36,33): black,nobaggle,notopwall,noleftwall,
Cell(36,36): black,nobaggle,notopwall,noleftwall,
Cell(36,40): black,nobaggle,notopwall,noleftwall,
Cell(36,43): black,nobaggle,notopwall,noleftwall,
Cell(36,46): black,nobaggle,notopwall,noleftwall,
Cell(36,47): black,nobaggle,notopwall,noleftwall,
Cell(36,49): black,nobaggle,notopwall,noleftwall,
Cell(36,51): black,nobaggle,notopwall,noleftwall,
Cell(36,52): black,nobaggle,notopwall,noleftwall,
Cell(36,53): black,nobaggle,notopwall,noleftwall,
Cell(37,7): black,nobaggle,notopwall,noleftwall,
Cell(37,14): black,nobaggle,notopwall,noleftwall,
Cell(37,27): black,nobaggle,notopwall,noleftwall,
Cell(37,28): black,nobaggle,notopwall,noleftwall,
Cell(37,30): black,nobaggle,notopwall,noleftwall,
Cell(37,31): black,nobaggle,notopwall,noleftwall,
Cell(37,33): black,nobaggle,notopwall,noleftwall,
Cell(37,34): black,nobaggle,notopwall,noleftwall,
Cell(37,35): black,nobaggle,notopwall,noleftwall,
Cell(37,41): black,nobaggle,notopwall,noleftwall,
Cell(37,44): black,nobaggle,notopwall,noleftwall,
Cell(37,45): black,nobaggle,notopwall,noleftwall,
Cell(37,46): black,nobaggle,notopwall,noleftwall,
Cell(37,51): black,nobaggle,notopwall,noleftwall,
Cell(37,52): black,nobaggle,notopwall,noleftwall,
Cell(38,6): black,nobaggle,notopwall,noleftwall,
Cell(38,7): black,nobaggle,notopwall,noleftwall,
Cell(38,10): black,nobaggle,notopwall,noleftwall,
Cell(38,12): black,nobaggle,notopwall,noleftwall,
Cell(38,26): black,nobaggle,notopwall,noleftwall,
Cell(38,27): black,nobaggle,notopwall,noleftwall,
Cell(38,28): black,nobaggle,notopwall,noleftwall,
Cell(38,29): black,nobaggle,notopwall,noleftwall,
Cell(38,30): black,nobaggle,notopwall,noleftwall,
Cell(38,31): black,nobaggle,notopwall,noleftwall,
Cell(38,32): black,nobaggle,notopwall,noleftwall,
Cell(38,33): black,nobaggle,notopwall,noleftwall,
Cell(38,34): black,nobaggle,notopwall,noleftwall,
Cell(38,35): black,nobaggle,notopwall,noleftwall,
Cell(38,36): black,nobaggle,notopwall,noleftwall,
Cell(38,37): black,nobaggle,notopwall,noleftwall,
Cell(38,38): black,nobaggle,notopwall,noleftwall,
Cell(38,39): black,nobaggle,notopwall,noleftwall,
Cell(38,41): black,nobaggle,notopwall,noleftwall,
Cell(38,43): black,nobaggle,notopwall,noleftwall,
Cell(38,47): black,nobaggle,notopwall,noleftwall,
Cell(38,48): black,nobaggle,notopwall,noleftwall,
Cell(38,52): black,nobaggle,notopwall,noleftwall,
Cell(39,6): black,nobaggle,notopwall,noleftwall,
Cell(39,7): black,nobaggle,notopwall,noleftwall,
Cell(39,10): black,nobaggle,notopwall,noleftwall,
Cell(39,12): black,nobaggle,notopwall,noleftwall,
Cell(39,29): black,nobaggle,notopwall,noleftwall,
Cell(39,30): black,nobaggle,notopwall,noleftwall,
Cell(39,32): black,nobaggle,notopwall,noleftwall,
Cell(39,33): black,nobaggle,notopwall,noleftwall,
Cell(39,34): black,nobaggle,notopwall,noleftwall,
Cell(39,36): black,nobaggle,notopwall,noleftwall,
Cell(39,39): black,nobaggle,notopwall,noleftwall,
Cell(39,41): black,nobaggle,notopwall,noleftwall,
Cell(39,43): black,nobaggle,notopwall,noleftwall,
Cell(39,47): black,nobaggle,notopwall,noleftwall,
Cell(39,48): black,nobaggle,notopwall,noleftwall,
Cell(39,51): black,nobaggle,notopwall,noleftwall,
Cell(39,52): black,nobaggle,notopwall,noleftwall,
Cell(40,5): black,nobaggle,notopwall,noleftwall,
Cell(40,6): black,nobaggle,notopwall,noleftwall,
Cell(40,11): black,nobaggle,notopwall,noleftwall,
Cell(40,12): black,nobaggle,notopwall,noleftwall,
Cell(40,28): black,nobaggle,notopwall,noleftwall,
Cell(40,29): black,nobaggle,notopwall,noleftwall,
Cell(40,34): black,nobaggle,notopwall,noleftwall,
Cell(40,36): black,nobaggle,notopwall,noleftwall,
Cell(40,39): black,nobaggle,notopwall,noleftwall,
Cell(40,40): black,nobaggle,notopwall,noleftwall,
Cell(40,43): black,nobaggle,notopwall,noleftwall,
Cell(40,45): black,nobaggle,notopwall,noleftwall,
Cell(40,46): black,nobaggle,notopwall,noleftwall,
Cell(40,48): black,nobaggle,notopwall,noleftwall,
Cell(40,49): black,nobaggle,notopwall,noleftwall,
Cell(40,50): black,nobaggle,notopwall,noleftwall,
Cell(41,5): black,nobaggle,notopwall,noleftwall,
Cell(41,7): black,nobaggle,notopwall,noleftwall,
Cell(41,8): black,nobaggle,notopwall,noleftwall,
Cell(41,10): black,nobaggle,notopwall,noleftwall,
Cell(41,12): black,nobaggle,notopwall,noleftwall,
Cell(41,29): black,nobaggle,notopwall,noleftwall,
Cell(41,30): black,nobaggle,notopwall,noleftwall,
Cell(41,33): black,nobaggle,notopwall,noleftwall,
Cell(41,34): black,nobaggle,notopwall,noleftwall,
Cell(41,35): black,nobaggle,notopwall,noleftwall,
Cell(41,38): black,nobaggle,notopwall,noleftwall,
Cell(41,40): black,nobaggle,notopwall,noleftwall,
Cell(41,41): black,nobaggle,notopwall,noleftwall,
Cell(41,43): black,nobaggle,notopwall,noleftwall,
Cell(41,44): black,nobaggle,notopwall,noleftwall,
Cell(41,50): black,nobaggle,notopwall,noleftwall,
Cell(42,5): black,nobaggle,notopwall,noleftwall,
Cell(42,6): black,nobaggle,notopwall,noleftwall,
Cell(42,8): black,nobaggle,notopwall,noleftwall,
Cell(42,9): black,nobaggle,notopwall,noleftwall,
Cell(42,11): black,nobaggle,notopwall,noleftwall,
Cell(42,12): black,nobaggle,notopwall,noleftwall,
Cell(42,18): black,nobaggle,notopwall,noleftwall,
Cell(42,20): black,nobaggle,notopwall,noleftwall,
Cell(42,21): black,nobaggle,notopwall,noleftwall,
Cell(42,29): black,nobaggle,notopwall,noleftwall,
Cell(42,34): black,nobaggle,notopwall,noleftwall,
Cell(42,35): black,nobaggle,notopwall,noleftwall,
Cell(42,37): black,nobaggle,notopwall,noleftwall,
Cell(42,38): black,nobaggle,notopwall,noleftwall,
Cell(42,41): black,nobaggle,notopwall,noleftwall,
Cell(42,45): black,nobaggle,notopwall,noleftwall,
Cell(43,6): black,nobaggle,notopwall,noleftwall,
Cell(43,7): black,nobaggle,notopwall,noleftwall,
Cell(43,9): black,nobaggle,notopwall,noleftwall,
Cell(43,12): black,nobaggle,notopwall,noleftwall,
Cell(43,13): black,nobaggle,notopwall,noleftwall,
Cell(43,18): black,nobaggle,notopwall,noleftwall,
Cell(43,19): black,nobaggle,notopwall,noleftwall,
Cell(43,20): black,nobaggle,notopwall,noleftwall,
Cell(43,27): black,nobaggle,notopwall,noleftwall,
Cell(43,29): black,nobaggle,notopwall,noleftwall,
Cell(43,30): black,nobaggle,notopwall,noleftwall,
Cell(43,32): black,nobaggle,notopwall,noleftwall,
Cell(43,33): black,nobaggle,notopwall,noleftwall,
Cell(43,34): black,nobaggle,notopwall,noleftwall,
Cell(43,35): black,nobaggle,notopwall,noleftwall,
Cell(43,36): black,nobaggle,notopwall,noleftwall,
Cell(43,43): black,nobaggle,notopwall,noleftwall,
Cell(43,45): black,nobaggle,notopwall,noleftwall,
Cell(44,7): black,nobaggle,notopwall,noleftwall,
Cell(44,8): black,nobaggle,notopwall,noleftwall,
Cell(44,10): black,nobaggle,notopwall,noleftwall,
Cell(44,12): black,nobaggle,notopwall,noleftwall,
Cell(44,16): black,nobaggle,notopwall,noleftwall,
Cell(44,18): black,nobaggle,notopwall,noleftwall,
Cell(44,19): black,nobaggle,notopwall,noleftwall,
Cell(44,22): black,nobaggle,notopwall,noleftwall,
Cell(44,23): black,nobaggle,notopwall,noleftwall,
Cell(44,24): black,nobaggle,notopwall,noleftwall,
Cell(44,25): black,nobaggle,notopwall,noleftwall,
Cell(44,26): black,nobaggle,notopwall,noleftwall,
Cell(44,27): black,nobaggle,notopwall,noleftwall,
Cell(44,28): black,nobaggle,notopwall,noleftwall,
Cell(44,29): black,nobaggle,notopwall,noleftwall,
Cell(44,30): black,nobaggle,notopwall,noleftwall,
Cell(44,33): black,nobaggle,notopwall,noleftwall,
Cell(44,37): black,nobaggle,notopwall,noleftwall,
Cell(44,38): black,nobaggle,notopwall,noleftwall,
Cell(44,40): black,nobaggle,notopwall,noleftwall,
Cell(44,41): black,nobaggle,notopwall,noleftwall,
Cell(44,44): black,nobaggle,notopwall,noleftwall,
Cell(44,45): black,nobaggle,notopwall,noleftwall,
Cell(45,8): black,nobaggle,notopwall,noleftwall,
Cell(45,9): black,nobaggle,notopwall,noleftwall,
Cell(45,10): black,nobaggle,notopwall,noleftwall,
Cell(45,12): black,nobaggle,notopwall,noleftwall,
Cell(45,13): black,nobaggle,notopwall,noleftwall,
Cell(45,14): black,nobaggle,notopwall,noleftwall,
Cell(45,15): black,nobaggle,notopwall,noleftwall,
Cell(45,16): black,nobaggle,notopwall,noleftwall,
Cell(45,17): black,nobaggle,notopwall,noleftwall,
Cell(45,18): black,nobaggle,notopwall,noleftwall,
Cell(45,20): black,nobaggle,notopwall,noleftwall,
Cell(45,24): black,nobaggle,notopwall,noleftwall,
Cell(45,26): black,nobaggle,notopwall,noleftwall,
Cell(45,31): black,nobaggle,notopwall,noleftwall,
Cell(45,32): black,nobaggle,notopwall,noleftwall,
Cell(45,34): black,nobaggle,notopwall,noleftwall,
Cell(45,35): black,nobaggle,notopwall,noleftwall,
Cell(45,38): black,nobaggle,notopwall,noleftwall,
Cell(45,39): black,nobaggle,notopwall,noleftwall,
Cell(45,40): black,nobaggle,notopwall,noleftwall,
Cell(45,42): black,nobaggle,notopwall,noleftwall,
Cell(45,43): black,nobaggle,notopwall,noleftwall,
Cell(46,9): black,nobaggle,notopwall,noleftwall,
Cell(46,10): black,nobaggle,notopwall,noleftwall,
Cell(46,12): black,nobaggle,notopwall,noleftwall,
Cell(46,13): black,nobaggle,notopwall,noleftwall,
Cell(46,15): black,nobaggle,notopwall,noleftwall,
Cell(46,17): black,nobaggle,notopwall,noleftwall,
Cell(46,18): black,nobaggle,notopwall,noleftwall,
Cell(46,19): black,nobaggle,notopwall,noleftwall,
Cell(46,22): black,nobaggle,notopwall,noleftwall,
Cell(46,23): black,nobaggle,notopwall,noleftwall,
Cell(46,25): black,nobaggle,notopwall,noleftwall,
Cell(46,28): black,nobaggle,notopwall,noleftwall,
Cell(46,29): black,nobaggle,notopwall,noleftwall,
Cell(46,30): black,nobaggle,notopwall,noleftwall,
Cell(46,32): black,nobaggle,notopwall,noleftwall,
Cell(46,34): black,nobaggle,notopwall,noleftwall,
Cell(46,36): black,nobaggle,notopwall,noleftwall,
Cell(46,37): black,nobaggle,notopwall,noleftwall,
Cell(46,39): black,nobaggle,notopwall,noleftwall,
Cell(46,40): black,nobaggle,notopwall,noleftwall,
Cell(46,41): black,nobaggle,notopwall,noleftwall,
Cell(46,42): black,nobaggle,notopwall,noleftwall,
Cell(46,43): black,nobaggle,notopwall,noleftwall,
Cell(46,44): black,nobaggle,notopwall,noleftwall,
Cell(46,45): black,nobaggle,notopwall,noleftwall,
Cell(46,46): black,nobaggle,notopwall,noleftwall,
Cell(46,60): black,nobaggle,notopwall,noleftwall,
Cell(46,61): black,nobaggle,notopwall,noleftwall,
Cell(46,62): black,nobaggle,notopwall,noleftwall,
Cell(47,9): black,nobaggle,notopwall,noleftwall,
Cell(47,11): black,nobaggle,notopwall,noleftwall,
Cell(47,18): black,nobaggle,notopwall,noleftwall,
Cell(47,19): black,nobaggle,notopwall,noleftwall,
Cell(47,20): black,nobaggle,notopwall,noleftwall,
Cell(47,26): black,nobaggle,notopwall,noleftwall,
Cell(47,27): black,nobaggle,notopwall,noleftwall,
Cell(47,29): black,nobaggle,notopwall,noleftwall,
Cell(47,30): black,nobaggle,notopwall,noleftwall,
Cell(47,31): black,nobaggle,notopwall,noleftwall,
Cell(47,32): black,nobaggle,notopwall,noleftwall,
Cell(47,33): black,nobaggle,notopwall,noleftwall,
Cell(47,34): black,nobaggle,notopwall,noleftwall,
Cell(47,35): black,nobaggle,notopwall,noleftwall,
Cell(47,36): black,nobaggle,notopwall,noleftwall,
Cell(47,37): black,nobaggle,notopwall,noleftwall,
Cell(47,40): black,nobaggle,notopwall,noleftwall,
Cell(47,41): black,nobaggle,notopwall,noleftwall,
Cell(47,42): black,nobaggle,notopwall,noleftwall,
Cell(47,44): black,nobaggle,notopwall,noleftwall,
Cell(47,45): black,nobaggle,notopwall,noleftwall,
Cell(47,59): black,nobaggle,notopwall,noleftwall,
Cell(47,60): black,nobaggle,notopwall,noleftwall,
Cell(47,62): black,nobaggle,notopwall,noleftwall,
Cell(48,9): black,nobaggle,notopwall,noleftwall,
Cell(48,10): black,nobaggle,notopwall,noleftwall,
Cell(48,11): black,nobaggle,notopwall,noleftwall,
Cell(48,13): black,nobaggle,notopwall,noleftwall,
Cell(48,17): black,nobaggle,notopwall,noleftwall,
Cell(48,18): black,nobaggle,notopwall,noleftwall,
Cell(48,20): black,nobaggle,notopwall,noleftwall,
Cell(48,25): black,nobaggle,notopwall,noleftwall,
Cell(48,26): black,nobaggle,notopwall,noleftwall,
Cell(48,28): black,nobaggle,notopwall,noleftwall,
Cell(48,29): black,nobaggle,notopwall,noleftwall,
Cell(48,34): black,nobaggle,notopwall,noleftwall,
Cell(48,35): black,nobaggle,notopwall,noleftwall,
Cell(48,37): black,nobaggle,notopwall,noleftwall,
Cell(48,42): black,nobaggle,notopwall,noleftwall,
Cell(48,43): black,nobaggle,notopwall,noleftwall,
Cell(48,45): black,nobaggle,notopwall,noleftwall,
Cell(48,46): black,nobaggle,notopwall,noleftwall,
Cell(48,61): black,nobaggle,notopwall,noleftwall,
Cell(48,62): black,nobaggle,notopwall,noleftwall,
Cell(49,12): black,nobaggle,notopwall,noleftwall,
Cell(49,13): black,nobaggle,notopwall,noleftwall,
Cell(49,15): black,nobaggle,notopwall,noleftwall,
Cell(49,17): black,nobaggle,notopwall,noleftwall,
Cell(49,18): black,nobaggle,notopwall,noleftwall,
Cell(49,19): black,nobaggle,notopwall,noleftwall,
Cell(49,20): black,nobaggle,notopwall,noleftwall,
Cell(49,21): black,nobaggle,notopwall,noleftwall,
Cell(49,22): black,nobaggle,notopwall,noleftwall,
Cell(49,23): black,nobaggle,notopwall,noleftwall,
Cell(49,25): black,nobaggle,notopwall,noleftwall,
Cell(49,27): black,nobaggle,notopwall,noleftwall,
Cell(49,28): black,nobaggle,notopwall,noleftwall,
Cell(49,43): black,nobaggle,notopwall,noleftwall,
Cell(49,46): black,nobaggle,notopwall,noleftwall,
Cell(49,58): black,nobaggle,notopwall,noleftwall,
Cell(49,59): black,nobaggle,notopwall,noleftwall,
Cell(49,61): black,nobaggle,notopwall,noleftwall,
Cell(49,62): black,nobaggle,notopwall,noleftwall,
Cell(49,63): black,nobaggle,notopwall,noleftwall,
Cell(50,13): black,nobaggle,notopwall,noleftwall,
Cell(50,14): black,nobaggle,notopwall,noleftwall,
Cell(50,15): black,nobaggle,notopwall,noleftwall,
Cell(50,16): black,nobaggle,notopwall,noleftwall,
Cell(50,17): black,nobaggle,notopwall,noleftwall,
Cell(50,18): black,nobaggle,notopwall,noleftwall,
Cell(50,19): black,nobaggle,notopwall,noleftwall,
Cell(50,22): black,nobaggle,notopwall,noleftwall,
Cell(50,23): black,nobaggle,notopwall,noleftwall,
Cell(50,24): black,nobaggle,notopwall,noleftwall,
Cell(50,26): black,nobaggle,notopwall,noleftwall,
Cell(50,27): black,nobaggle,notopwall,noleftwall,
Cell(50,38): black,nobaggle,notopwall,noleftwall,
Cell(50,41): black,nobaggle,notopwall,noleftwall,
Cell(50,42): black,nobaggle,notopwall,noleftwall,
Cell(50,43): black,nobaggle,notopwall,noleftwall,
Cell(50,44): black,nobaggle,notopwall,noleftwall,
Cell(50,59): black,nobaggle,notopwall,noleftwall,
Cell(50,61): black,nobaggle,notopwall,noleftwall,
Cell(50,63): black,nobaggle,notopwall,noleftwall,
Cell(50,64): black,nobaggle,notopwall,noleftwall,
Cell(51,14): black,nobaggle,notopwall,noleftwall,
Cell(51,15): black,nobaggle,notopwall,noleftwall,
Cell(51,18): black,nobaggle,notopwall,noleftwall,
Cell(51,19): black,nobaggle,notopwall,noleftwall,
Cell(51,24): black,nobaggle,notopwall,noleftwall,
Cell(51,25): black,nobaggle,notopwall,noleftwall,
Cell(51,26): black,nobaggle,notopwall,noleftwall,
Cell(51,37): black,nobaggle,notopwall,noleftwall,
Cell(51,38): black,nobaggle,notopwall,noleftwall,
Cell(51,39): black,nobaggle,notopwall,noleftwall,
Cell(51,41): black,nobaggle,notopwall,noleftwall,
Cell(51,42): black,nobaggle,notopwall,noleftwall,
Cell(51,44): black,nobaggle,notopwall,noleftwall,
Cell(51,58): black,nobaggle,notopwall,noleftwall,
Cell(51,59): black,nobaggle,notopwall,noleftwall,
Cell(51,62): black,nobaggle,notopwall,noleftwall,
Cell(51,64): black,nobaggle,notopwall,noleftwall,
Cell(51,65): black,nobaggle,notopwall,noleftwall,
Cell(52,16): black,nobaggle,notopwall,noleftwall,
Cell(52,17): black,nobaggle,notopwall,noleftwall,
Cell(52,18): black,nobaggle,notopwall,noleftwall,
Cell(52,36): black,nobaggle,notopwall,noleftwall,
Cell(52,37): black,nobaggle,notopwall,noleftwall,
Cell(52,42): black,nobaggle,notopwall,noleftwall,
Cell(52,59): black,nobaggle,notopwall,noleftwall,
Cell(52,60): black,nobaggle,notopwall,noleftwall,
Cell(52,62): black,nobaggle,notopwall,noleftwall,
Cell(52,63): black,nobaggle,notopwall,noleftwall,
Cell(52,65): black,nobaggle,notopwall,noleftwall,
Cell(52,66): black,nobaggle,notopwall,noleftwall,
Cell(53,16): black,nobaggle,notopwall,noleftwall,
Cell(53,17): black,nobaggle,notopwall,noleftwall,
Cell(53,18): black,nobaggle,notopwall,noleftwall,
Cell(53,33): black,nobaggle,notopwall,noleftwall,
Cell(53,36): black,nobaggle,notopwall,noleftwall,
Cell(53,37): black,nobaggle,notopwall,noleftwall,
Cell(53,38): black,nobaggle,notopwall,noleftwall,
Cell(53,41): black,nobaggle,notopwall,noleftwall,
Cell(53,42): black,nobaggle,notopwall,noleftwall,
Cell(53,59): black,nobaggle,notopwall,noleftwall,
Cell(53,61): black,nobaggle,notopwall,noleftwall,
Cell(53,63): black,nobaggle,notopwall,noleftwall,
Cell(53,64): black,nobaggle,notopwall,noleftwall,
Cell(53,66): black,nobaggle,notopwall,noleftwall,
Cell(54,15): black,nobaggle,notopwall,noleftwall,
Cell(54,16): black,nobaggle,notopwall,noleftwall,
Cell(54,18): black,nobaggle,notopwall,noleftwall,
Cell(54,33): black,nobaggle,notopwall,noleftwall,
Cell(54,34): black,nobaggle,notopwall,noleftwall,
Cell(54,35): black,nobaggle,notopwall,noleftwall,
Cell(54,37): black,nobaggle,notopwall,noleftwall,
Cell(54,42): black,nobaggle,notopwall,noleftwall,
Cell(54,43): black,nobaggle,notopwall,noleftwall,
Cell(54,59): black,nobaggle,notopwall,noleftwall,
Cell(54,60): black,nobaggle,notopwall,noleftwall,
Cell(54,65): black,nobaggle,notopwall,noleftwall,
Cell(54,66): black,nobaggle,notopwall,noleftwall,
Cell(55,34): black,nobaggle,notopwall,noleftwall,
Cell(55,35): black,nobaggle,notopwall,noleftwall,
Cell(55,37): black,nobaggle,notopwall,noleftwall,
Cell(55,38): black,nobaggle,notopwall,noleftwall,
Cell(55,39): black,nobaggle,notopwall,noleftwall,
Cell(55,41): black,nobaggle,notopwall,noleftwall,
Cell(55,42): black,nobaggle,notopwall,noleftwall,
Cell(55,59): black,nobaggle,notopwall,noleftwall,
Cell(55,61): black,nobaggle,notopwall,noleftwall,
Cell(55,64): black,nobaggle,notopwall,noleftwall,
Cell(55,65): black,nobaggle,notopwall,noleftwall,
Cell(56,33): black,nobaggle,notopwall,noleftwall,
Cell(56,34): black,nobaggle,notopwall,noleftwall,
Cell(56,35): black,nobaggle,notopwall,noleftwall,
Cell(56,36): black,nobaggle,notopwall,noleftwall,
Cell(56,37): black,nobaggle,notopwall,noleftwall,
Cell(56,38): black,nobaggle,notopwall,noleftwall,
Cell(56,39): black,nobaggle,notopwall,noleftwall,
Cell(56,40): black,nobaggle,notopwall,noleftwall,
Cell(56,41): black,nobaggle,notopwall,noleftwall,
Cell(56,42): black,nobaggle,notopwall,noleftwall,
Cell(56,43): black,nobaggle,notopwall,noleftwall,
Cell(56,44): black,nobaggle,notopwall,noleftwall,
Cell(56,45): black,nobaggle,notopwall,noleftwall,
Cell(56,59): black,nobaggle,notopwall,noleftwall,
Cell(56,61): black,nobaggle,notopwall,noleftwall,
Cell(56,64): black,nobaggle,notopwall,noleftwall,
Cell(56,65): black,nobaggle,notopwall,noleftwall,
Cell(57,36): black,nobaggle,notopwall,noleftwall,
Cell(57,37): black,nobaggle,notopwall,noleftwall,
Cell(57,38): black,nobaggle,notopwall,noleftwall,
Cell(57,40): black,nobaggle,notopwall,noleftwall,
Cell(57,41): black,nobaggle,notopwall,noleftwall,
Cell(57,43): black,nobaggle,notopwall,noleftwall,
Cell(57,44): black,nobaggle,notopwall,noleftwall,
Cell(57,57): black,nobaggle,notopwall,noleftwall,
Cell(57,64): black,nobaggle,notopwall,noleftwall,
Cell(58,38): black,nobaggle,notopwall,noleftwall,
Cell(58,39): black,nobaggle,notopwall,noleftwall,
Cell(58,40): black,nobaggle,notopwall,noleftwall,
Cell(58,42): black,nobaggle,notopwall,noleftwall,
Cell(58,44): black,nobaggle,notopwall,noleftwall,
Cell(58,45): black,nobaggle,notopwall,noleftwall,
Cell(58,57): black,nobaggle,notopwall,noleftwall,
Cell(58,58): black,nobaggle,notopwall,noleftwall,
Cell(58,60): black,nobaggle,notopwall,noleftwall,
Cell(58,62): black,nobaggle,notopwall,noleftwall,
Cell(58,63): black,nobaggle,notopwall,noleftwall,
Cell(58,64): black,nobaggle,notopwall,noleftwall,
Cell(59,38): black,nobaggle,notopwall,noleftwall,
Cell(59,45): black,nobaggle,notopwall,noleftwall,
Cell(59,58): black,nobaggle,notopwall,noleftwall,
Cell(59,59): black,nobaggle,notopwall,noleftwall,
Cell(59,61): black,nobaggle,notopwall,noleftwall,
Cell(59,62): black,nobaggle,notopwall,noleftwall,
Cell(59,64): black,nobaggle,notopwall,noleftwall,
Cell(59,65): black,nobaggle,notopwall,noleftwall,
Cell(59,66): black,nobaggle,notopwall,noleftwall,
Cell(60,37): black,nobaggle,notopwall,noleftwall,
Cell(60,38): black,nobaggle,notopwall,noleftwall,
Cell(60,41): black,nobaggle,notopwall,noleftwall,
Cell(60,43): black,nobaggle,notopwall,noleftwall,
Cell(60,57): black,nobaggle,notopwall,noleftwall,
Cell(60,58): black,nobaggle,notopwall,noleftwall,
Cell(60,59): black,nobaggle,notopwall,noleftwall,
Cell(60,60): black,nobaggle,notopwall,noleftwall,
Cell(60,61): black,nobaggle,notopwall,noleftwall,
Cell(60,62): black,nobaggle,notopwall,noleftwall,
Cell(60,63): black,nobaggle,notopwall,noleftwall,
Cell(60,64): black,nobaggle,notopwall,noleftwall,
Cell(60,65): black,nobaggle,notopwall,noleftwall,
Cell(60,66): black,nobaggle,notopwall,noleftwall,
Cell(60,67): black,nobaggle,notopwall,noleftwall,
Cell(60,68): black,nobaggle,notopwall,noleftwall,
Cell(60,69): black,nobaggle,notopwall,noleftwall,
Cell(61,37): black,nobaggle,notopwall,noleftwall,
Cell(61,38): black,nobaggle,notopwall,noleftwall,
Cell(61,41): black,nobaggle,notopwall,noleftwall,
Cell(61,43): black,nobaggle,notopwall,noleftwall,
Cell(61,60): black,nobaggle,notopwall,noleftwall,
Cell(61,61): black,nobaggle,notopwall,noleftwall,
Cell(61,63): black,nobaggle,notopwall,noleftwall,
Cell(61,64): black,nobaggle,notopwall,noleftwall,
Cell(61,65): black,nobaggle,notopwall,noleftwall,
Cell(61,67): black,nobaggle,notopwall,noleftwall,
Cell(61,68): black,nobaggle,notopwall,noleftwall,
Cell(62,36): black,nobaggle,notopwall,noleftwall,
Cell(62,37): black,nobaggle,notopwall,noleftwall,
Cell(62,42): black,nobaggle,notopwall,noleftwall,
Cell(62,43): black,nobaggle,notopwall,noleftwall,
Cell(62,59): black,nobaggle,notopwall,noleftwall,
Cell(62,60): black,nobaggle,notopwall,noleftwall,
Cell(62,65): black,nobaggle,notopwall,noleftwall,
Cell(62,67): black,nobaggle,notopwall,noleftwall,
Cell(62,68): black,nobaggle,notopwall,noleftwall,
Cell(62,69): black,nobaggle,notopwall,noleftwall,
Cell(63,36): black,nobaggle,notopwall,noleftwall,
Cell(63,38): black,nobaggle,notopwall,noleftwall,
Cell(63,39): black,nobaggle,notopwall,noleftwall,
Cell(63,41): black,nobaggle,notopwall,noleftwall,
Cell(63,43): black,nobaggle,notopwall,noleftwall,
Cell(63,60): black,nobaggle,notopwall,noleftwall,
Cell(63,61): black,nobaggle,notopwall,noleftwall,
Cell(63,64): black,nobaggle,notopwall,noleftwall,
Cell(63,65): black,nobaggle,notopwall,noleftwall,
Cell(63,66): black,nobaggle,notopwall,noleftwall,
Cell(63,69): black,nobaggle,notopwall,noleftwall,
Cell(64,36): black,nobaggle,notopwall,noleftwall,
Cell(64,37): black,nobaggle,notopwall,noleftwall,
Cell(64,39): black,nobaggle,notopwall,noleftwall,
Cell(64,40): black,nobaggle,notopwall,noleftwall,
Cell(64,42): black,nobaggle,notopwall,noleftwall,
Cell(64,43): black,nobaggle,notopwall,noleftwall,
Cell(64,49): black,nobaggle,notopwall,noleftwall,
Cell(64,51): black,nobaggle,notopwall,noleftwall,
Cell(64,52): black,nobaggle,notopwall,noleftwall,
Cell(64,60): black,nobaggle,notopwall,noleftwall,
Cell(64,65): black,nobaggle,notopwall,noleftwall,
Cell(64,66): black,nobaggle,notopwall,noleftwall,
Cell(65,37): black,nobaggle,notopwall,noleftwall,
Cell(65,38): black,nobaggle,notopwall,noleftwall,
Cell(65,40): black,nobaggle,notopwall,noleftwall,
Cell(65,43): black,nobaggle,notopwall,noleftwall,
Cell(65,44): black,nobaggle,notopwall,noleftwall,
Cell(65,49): black,nobaggle,notopwall,noleftwall,
Cell(65,50): black,nobaggle,notopwall,noleftwall,
Cell(65,51): black,nobaggle,notopwall,noleftwall,
Cell(65,58): black,nobaggle,notopwall,noleftwall,
Cell(65,60): black,nobaggle,notopwall,noleftwall,
Cell(65,61): black,nobaggle,notopwall,noleftwall,
Cell(65,63): black,nobaggle,notopwall,noleftwall,
Cell(65,64): black,nobaggle,notopwall,noleftwall,
Cell(65,65): black,nobaggle,notopwall,noleftwall,
Cell(66,38): black,nobaggle,notopwall,noleftwall,
Cell(66,39): black,nobaggle,notopwall,noleftwall,
Cell(66,41): black,nobaggle,notopwall,noleftwall,
Cell(66,43): black,nobaggle,notopwall,noleftwall,
Cell(66,47): black,nobaggle,notopwall,noleftwall,
Cell(66,49): black,nobaggle,notopwall,noleftwall,
Cell(66,50): black,nobaggle,notopwall,noleftwall,
Cell(66,53): black,nobaggle,notopwall,noleftwall,
Cell(66,54): black,nobaggle,notopwall,noleftwall,
Cell(66,55): black,nobaggle,notopwall,noleftwall,
Cell(66,56): black,nobaggle,notopwall,noleftwall,
Cell(66,57): black,nobaggle,notopwall,noleftwall,
Cell(66,58): black,nobaggle,notopwall,noleftwall,
Cell(66,59): black,nobaggle,notopwall,noleftwall,
Cell(66,60): black,nobaggle,notopwall,noleftwall,
Cell(66,61): black,nobaggle,notopwall,noleftwall,
Cell(66,64): black,nobaggle,notopwall,noleftwall,
Cell(67,39): black,nobaggle,notopwall,noleftwall,
Cell(67,40): black,nobaggle,notopwall,noleftwall,
Cell(67,41): black,nobaggle,notopwall,noleftwall,
Cell(67,43): black,nobaggle,notopwall,noleftwall,
Cell(67,44): black,nobaggle,notopwall,noleftwall,
Cell(67,45): black,nobaggle,notopwall,noleftwall,
Cell(67,46): black,nobaggle,notopwall,noleftwall,
Cell(67,47): black,nobaggle,notopwall,noleftwall,
Cell(67,48): black,nobaggle,notopwall,noleftwall,
Cell(67,49): black,nobaggle,notopwall,noleftwall,
Cell(67,51): black,nobaggle,notopwall,noleftwall,
Cell(67,55): black,nobaggle,notopwall,noleftwall,
Cell(67,57): black,nobaggle,notopwall,noleftwall,
Cell(67,62): black,nobaggle,notopwall,noleftwall,
Cell(67,63): black,nobaggle,notopwall,noleftwall,
Cell(68,40): black,nobaggle,notopwall,noleftwall,
Cell(68,41): black,nobaggle,notopwall,noleftwall,
Cell(68,43): black,nobaggle,notopwall,noleftwall,
Cell(68,44): black,nobaggle,notopwall,noleftwall,
Cell(68,46): black,nobaggle,notopwall,noleftwall,
Cell(68,48): black,nobaggle,notopwall,noleftwall,
Cell(68,49): black,nobaggle,notopwall,noleftwall,
Cell(68,50): black,nobaggle,notopwall,noleftwall,
Cell(68,53): black,nobaggle,notopwall,noleftwall,
Cell(68,54): black,nobaggle,notopwall,noleftwall,
Cell(68,56): black,nobaggle,notopwall,noleftwall,
Cell(68,59): black,nobaggle,notopwall,noleftwall,
Cell(68,60): black,nobaggle,notopwall,noleftwall,
Cell(68,61): black,nobaggle,notopwall,noleftwall,
Cell(68,63): black,nobaggle,notopwall,noleftwall,
Cell(69,40): black,nobaggle,notopwall,noleftwall,
Cell(69,42): black,nobaggle,notopwall,noleftwall,
Cell(69,49): black,nobaggle,notopwall,noleftwall,
Cell(69,50): black,nobaggle,notopwall,noleftwall,
Cell(69,51): black,nobaggle,notopwall,noleftwall,
Cell(69,57): black,nobaggle,notopwall,noleftwall,
Cell(69,58): black,nobaggle,notopwall,noleftwall,
Cell(69,60): black,nobaggle,notopwall,noleftwall,
Cell(69,61): black,nobaggle,notopwall,noleftwall,
Cell(69,62): black,nobaggle,notopwall,noleftwall,
Cell(69,63): black,nobaggle,notopwall,noleftwall,
Cell(70,40): black,nobaggle,notopwall,noleftwall,
Cell(70,41): black,nobaggle,notopwall,noleftwall,
Cell(70,42): black,nobaggle,notopwall,noleftwall,
Cell(70,44): black,nobaggle,notopwall,noleftwall,
Cell(70,48): black,nobaggle,notopwall,noleftwall,
Cell(70,49): black,nobaggle,notopwall,noleftwall,
Cell(70,51): black,nobaggle,notopwall,noleftwall,
Cell(70,56): black,nobaggle,notopwall,noleftwall,
Cell(70,57): black,nobaggle,notopwall,noleftwall,
Cell(70,59): black,nobaggle,notopwall,noleftwall,
Cell(70,60): black,nobaggle,notopwall,noleftwall,
Cell(71,43): black,nobaggle,notopwall,noleftwall,
Cell(71,44): black,nobaggle,notopwall,noleftwall,
Cell(71,46): black,nobaggle,notopwall,noleftwall,
Cell(71,48): black,nobaggle,notopwall,noleftwall,
Cell(71,49): black,nobaggle,notopwall,noleftwall,
Cell(71,50): black,nobaggle,notopwall,noleftwall,
Cell(71,51): black,nobaggle,notopwall,noleftwall,
Cell(71,52): black,nobaggle,notopwall,noleftwall,
Cell(71,53): black,nobaggle,notopwall,noleftwall,
Cell(71,54): black,nobaggle,notopwall,noleftwall,
Cell(71,56): black,nobaggle,notopwall,noleftwall,
Cell(71,58): black,nobaggle,notopwall,noleftwall,
Cell(71,59): black,nobaggle,notopwall,noleftwall,
Cell(72,44): black,nobaggle,notopwall,noleftwall,
Cell(72,45): black,nobaggle,notopwall,noleftwall,
Cell(72,46): black,nobaggle,notopwall,noleftwall,
Cell(72,47): black,nobaggle,notopwall,noleftwall,
Cell(72,48): black,nobaggle,notopwall,noleftwall,
Cell(72,49): black,nobaggle,notopwall,noleftwall,
Cell(72,50): black,nobaggle,notopwall,noleftwall,
Cell(72,53): black,nobaggle,notopwall,noleftwall,
Cell(72,54): black,nobaggle,notopwall,noleftwall,
Cell(72,55): black,nobaggle,notopwall,noleftwall,
Cell(72,57): black,nobaggle,notopwall,noleftwall,
Cell(72,58): black,nobaggle,notopwall,noleftwall,
Cell(73,45): black,nobaggle,notopwall,noleftwall,
Cell(73,46): black,nobaggle,notopwall,noleftwall,
Cell(73,49): black,nobaggle,notopwall,noleftwall,
Cell(73,50): black,nobaggle,notopwall,noleftwall,
Cell(73,55): black,nobaggle,notopwall,noleftwall,
Cell(73,56): black,nobaggle,notopwall,noleftwall,
Cell(73,57): black,nobaggle,notopwall,noleftwall,
Cell(74,47): black,nobaggle,notopwall,noleftwall,
Cell(74,48): black,nobaggle,notopwall,noleftwall,
Cell(74,49): black,nobaggle,notopwall,noleftwall,
Cell(75,47): black,nobaggle,notopwall,noleftwall,
Cell(75,48): black,nobaggle,notopwall,noleftwall,
Cell(75,49): black,nobaggle,notopwall,noleftwall,
Cell(76,46): black,nobaggle,notopwall,noleftwall,
Cell(76,47): black,nobaggle,notopwall,noleftwall,
Cell(76,49): black,nobaggle,notopwall,noleftwall,
