edited world; name
12; width
12; height
[(255,255,255),false,true,true] ; cell
[(255,255,255),false,false,true] ; cell
[(255,255,255),false,false,true] ; cell
[(255,255,255),false,false,true] ; cell
[(255,255,255),false,false,true] ; cell
[(255,255,255),false,false,true] ; cell
[(255,255,255),false,false,true] ; cell
[(255,255,255),false,false,true] ; cell
[(255,255,255),false,false,true] ; cell
[(255,255,255),false,true,true] ; cell
[(255,255,255),false,false,true] ; cell
[(255,255,255),false,true,true] ; cell
[(255,255,255),false,true,false] ; cell
[(255,255,255),false,false,true] ; cell
[(255,255,255),false,false,true] ; cell
[(255,255,255),false,false,true] ; cell
[(255,255,255),false,false,true] ; cell
[(255,255,255),false,false,true] ; cell
[(255,255,255),false,false,true] ; cell
[(255,255,255),false,false,true] ; cell
[(255,255,255),false,true,false] ; cell
[(255,255,255),false,true,false] ; cell
[(255,255,255),false,true,false] ; cell
[(255,255,255),false,false,false] ; cell
[(255,255,255),false,true,false] ; cell
[(255,255,255),false,true,true] ; cell
[(255,255,255),false,false,true] ; cell
[(255,255,255),false,false,true] ; cell
[(255,255,255),false,true,true] ; cell
[(255,255,255),false,false,true] ; cell
[(255,255,255),false,false,true] ; cell
[(255,255,255),false,false,true] ; cell
[(255,255,255),false,false,false] ; cell
[(255,255,255),false,false,false] ; cell
[(255,255,255),false,true,false] ; cell
[(255,255,255),false,true,false] ; cell
[(255,255,255),false,true,false] ; cell
[(255,255,255),false,true,false] ; cell
[(255,255,255),false,true,true] ; cell
[(255,255,255),false,true,false] ; cell
[(255,255,255),false,true,false] ; cell
[(255,255,255),false,true,true] ; cell
[(255,255,255),false,false,true] ; cell
[(255,255,255),false,false,true] ; cell
[(255,255,255),false,true,false] ; cell
[(255,255,255),false,true,true] ; cell
[(255,255,255),false,false,true] ; cell
[(255,255,255),false,true,false] ; cell
[(255,255,255),false,true,true] ; cell
[(255,255,255),false,true,false] ; cell
[(255,255,255),false,true,false] ; cell
[(255,255,255),false,true,false] ; cell
[(255,255,255),false,true,false] ; cell
[(255,255,255),false,true,false] ; cell
[(255,255,255),false,true,true] ; cell
[(255,255,255),false,true,false] ; cell
[(255,255,255),false,true,false] ; cell
[(255,255,255),false,true,false] ; cell
[(255,255,255),false,false,false] ; cell
[(255,255,255),false,true,false] ; cell
[(255,255,255),false,true,false] ; cell
[(255,255,255),false,false,false] ; cell
[(255,255,255),false,true,false] ; cell
[(255,255,255),false,false,false] ; cell
[(255,255,255),false,false,false] ; cell
[(255,255,255),false,true,false] ; cell
[(255,255,255),false,false,false] ; cell
[(255,255,255),false,true,false] ; cell
[(255,255,255),false,false,false] ; cell
[(255,255,255),false,true,false] ; cell
[(255,255,255),false,false,false] ; cell
[(255,255,255),false,true,false] ; cell
[(255,255,255),false,true,true] ; cell
[(255,255,255),false,true,false] ; cell
[(255,255,255),false,false,true] ; cell
[(255,255,255),false,false,true] ; cell
[(255,255,255),false,true,true] ; cell
[(255,255,255),false,false,true] ; cell
[(255,255,255),false,false,true] ; cell
[(255,255,255),false,false,true] ; cell
[(255,255,255),false,false,true] ; cell
[(255,255,255),false,true,false] ; cell
[(255,255,255),false,true,false] ; cell
[(255,255,255),false,true,false] ; cell
[(255,255,255),false,true,true] ; cell
[(255,255,255),false,false,false] ; cell
[(255,255,255),false,true,true] ; cell
[(255,255,255),false,true,false] ; cell
[(255,255,255),false,false,true] ; cell
[(255,255,255),false,false,true] ; cell
[(255,255,255),false,true,false] ; cell
[(255,255,255),false,false,true] ; cell
[(255,255,255),false,true,false] ; cell
[(255,255,255),false,true,false] ; cell
[(255,255,255),false,true,true] ; cell
[(255,255,255),false,true,false] ; cell
[(255,255,255),false,true,true] ; cell
[(255,255,255),false,true,false] ; cell
[(255,255,255),false,false,false] ; cell
[(255,255,255),false,false,true] ; cell
[(255,255,255),false,true,false] ; cell
[(255,255,255),false,false,true] ; cell
[(255,255,255),false,false,true] ; cell
[(255,255,255),false,true,false] ; cell
[(255,255,255),false,true,false] ; cell
[(255,255,255),false,true,false] ; cell
[(255,255,255),false,true,false] ; cell
[(255,255,255),false,true,false] ; cell
[(255,255,255),false,true,false] ; cell
[(255,255,255),false,true,true] ; cell
[(255,255,255),false,false,true] ; cell
[(255,255,255),false,false,false] ; cell
[(255,255,255),false,true,false] ; cell
[(255,255,255),false,false,true] ; cell
[(255,255,255),false,false,true] ; cell
[(255,255,255),false,true,false] ; cell
[(255,255,255),false,true,false] ; cell
[(255,255,255),false,true,false] ; cell
[(255,255,255),false,true,false] ; cell
[(255,255,255),false,true,false] ; cell
[(255,255,255),false,true,false] ; cell
[(255,255,255),false,true,false] ; cell
[(255,255,255),false,false,true] ; cell
[(255,255,255),false,false,true] ; cell
[(255,255,255),false,true,true] ; cell
[(255,255,255),false,false,true] ; cell
[(255,255,255),false,false,true] ; cell
[(255,255,255),false,false,false] ; cell
[(255,255,255),false,true,false] ; cell
[(255,255,255),false,true,false] ; cell
[(255,255,255),false,true,false] ; cell
[(255,255,255),false,false,false] ; cell
[(255,255,255),false,true,false] ; cell
[(255,255,255),false,false,true] ; cell
[(255,255,255),false,false,true] ; cell
[(255,255,255),false,true,false] ; cell
[(255,255,255),false,false,false] ; cell
[(255,255,153),true,true,false] ; cell
[(255,255,255),false,true,true] ; cell
[(255,255,255),false,false,true] ; cell
[(255,255,255),false,false,false] ; cell
[(255,255,255),false,true,false] ; cell
[(255,255,255),false,false,true] ; cell
[(255,255,255),false,false,false] ; cell
