BuggleWorld: Labyrinth
Size: 12x12
Buggle(11,5): north,black,lightGray,Thesee,haveBaggle,
Cell(0,0): white,nobaggle,topwall,leftwall,56
Cell(0,1): white,nobaggle,notopwall,leftwall,57
Cell(0,2): white,nobaggle,notopwall,leftwall,58
Cell(0,3): white,nobaggle,notopwall,leftwall,59
Cell(0,4): white,nobaggle,notopwall,leftwall,60
Cell(0,5): white,nobaggle,notopwall,leftwall,61
Cell(0,6): white,nobaggle,notopwall,leftwall,62
Cell(0,7): white,nobaggle,notopwall,leftwall,63
Cell(0,8): white,nobaggle,notopwall,leftwall,64
Cell(0,9): white,nobaggle,notopwall,leftwall,65
Cell(0,10): white,nobaggle,notopwall,leftwall,66
Cell(0,11): white,nobaggle,topwall,leftwall,69
Cell(1,0): white,nobaggle,topwall,noleftwall,55
Cell(1,1): white,nobaggle,notopwall,leftwall,54
Cell(1,2): white,nobaggle,notopwall,leftwall,53
Cell(1,3): white,nobaggle,notopwall,leftwall,52
Cell(1,4): white,nobaggle,notopwall,leftwall,51
Cell(1,5): white,nobaggle,notopwall,leftwall,50
Cell(1,6): white,nobaggle,notopwall,leftwall,49
Cell(1,7): white,nobaggle,notopwall,leftwall,48
Cell(1,8): white,nobaggle,notopwall,leftwall,47
Cell(1,9): white,nobaggle,topwall,noleftwall,66
Cell(1,10): white,nobaggle,topwall,noleftwall,67
Cell(1,11): white,nobaggle,notopwall,noleftwall,68
Cell(2,0): white,nobaggle,topwall,noleftwall,56
Cell(2,1): white,nobaggle,topwall,leftwall,35
Cell(2,2): white,nobaggle,notopwall,leftwall,36
Cell(2,3): white,nobaggle,notopwall,leftwall,37
Cell(2,4): white,nobaggle,topwall,leftwall,42
Cell(2,5): white,nobaggle,notopwall,leftwall,43
Cell(2,6): white,nobaggle,notopwall,leftwall,44
Cell(2,7): white,nobaggle,notopwall,leftwall,45
Cell(2,8): white,nobaggle,notopwall,noleftwall,46
Cell(2,9): white,nobaggle,topwall,noleftwall,67
Cell(2,10): white,nobaggle,topwall,noleftwall,68
Cell(2,11): white,nobaggle,topwall,noleftwall,69
Cell(3,0): white,nobaggle,topwall,noleftwall,57
Cell(3,1): white,nobaggle,topwall,noleftwall,34
Cell(3,2): white,nobaggle,topwall,leftwall,43
Cell(3,3): white,nobaggle,topwall,noleftwall,38
Cell(3,4): white,nobaggle,topwall,noleftwall,41
Cell(3,5): white,nobaggle,topwall,leftwall,54
Cell(3,6): white,nobaggle,notopwall,leftwall,53
Cell(3,7): white,nobaggle,notopwall,leftwall,52
Cell(3,8): white,nobaggle,topwall,noleftwall,47
Cell(3,9): white,nobaggle,topwall,leftwall,86
Cell(3,10): white,nobaggle,notopwall,leftwall,87
Cell(3,11): white,nobaggle,topwall,noleftwall,70
Cell(4,0): white,nobaggle,topwall,leftwall,34
Cell(4,1): white,nobaggle,topwall,noleftwall,33
Cell(4,2): white,nobaggle,topwall,noleftwall,42
Cell(4,3): white,nobaggle,topwall,noleftwall,39
Cell(4,4): white,nobaggle,notopwall,noleftwall,40
Cell(4,5): white,nobaggle,topwall,noleftwall,55
Cell(4,6): white,nobaggle,topwall,leftwall,58
Cell(4,7): white,nobaggle,topwall,noleftwall,51
Cell(4,8): white,nobaggle,topwall,noleftwall,48
Cell(4,9): white,nobaggle,topwall,noleftwall,85
Cell(4,10): white,nobaggle,notopwall,noleftwall,86
Cell(4,11): white,nobaggle,topwall,noleftwall,71
Cell(5,0): white,nobaggle,topwall,noleftwall,33
Cell(5,1): white,nobaggle,notopwall,noleftwall,32
Cell(5,2): white,nobaggle,topwall,noleftwall,41
Cell(5,3): white,nobaggle,notopwall,leftwall,40
Cell(5,4): white,nobaggle,notopwall,leftwall,39
Cell(5,5): white,nobaggle,topwall,noleftwall,56
Cell(5,6): white,nobaggle,notopwall,noleftwall,57
Cell(5,7): white,nobaggle,topwall,noleftwall,50
Cell(5,8): white,nobaggle,notopwall,noleftwall,49
Cell(5,9): white,nobaggle,topwall,noleftwall,84
Cell(5,10): white,nobaggle,notopwall,noleftwall,85
Cell(5,11): white,nobaggle,topwall,noleftwall,72
Cell(6,0): white,nobaggle,topwall,leftwall,
Cell(6,1): white,nobaggle,topwall,noleftwall,31
Cell(6,2): white,nobaggle,notopwall,leftwall,32
Cell(6,3): white,nobaggle,notopwall,leftwall,33
Cell(6,4): white,nobaggle,topwall,noleftwall,38
Cell(6,5): white,nobaggle,notopwall,leftwall,37
Cell(6,6): white,nobaggle,topwall,leftwall,10
Cell(6,7): white,nobaggle,notopwall,leftwall,9
Cell(6,8): white,nobaggle,notopwall,leftwall,8
Cell(6,9): white,nobaggle,topwall,noleftwall,83
Cell(6,10): white,nobaggle,topwall,noleftwall,86
Cell(6,11): white,nobaggle,topwall,noleftwall,73
Cell(7,0): white,nobaggle,topwall,leftwall,31
Cell(7,1): white,nobaggle,notopwall,noleftwall,30
Cell(7,2): white,nobaggle,topwall,leftwall,29
Cell(7,3): white,nobaggle,topwall,noleftwall,34
Cell(7,4): white,nobaggle,notopwall,leftwall,35
Cell(7,5): white,nobaggle,notopwall,noleftwall,36
Cell(7,6): white,nobaggle,topwall,noleftwall,11
Cell(7,7): white,nobaggle,notopwall,leftwall,12
Cell(7,8): white,nobaggle,topwall,noleftwall,7
Cell(7,9): white,nobaggle,topwall,noleftwall,82
Cell(7,10): white,nobaggle,notopwall,leftwall,81
Cell(7,11): white,nobaggle,topwall,noleftwall,74
Cell(8,0): white,nobaggle,topwall,leftwall,
Cell(8,1): white,nobaggle,topwall,noleftwall,29
Cell(8,2): white,nobaggle,notopwall,noleftwall,28
Cell(8,3): white,nobaggle,notopwall,leftwall,27
Cell(8,4): white,nobaggle,topwall,leftwall,20
Cell(8,5): white,nobaggle,notopwall,leftwall,21
Cell(8,6): white,nobaggle,notopwall,leftwall,22
Cell(8,7): white,nobaggle,topwall,noleftwall,13
Cell(8,8): white,nobaggle,topwall,noleftwall,6
Cell(8,9): white,nobaggle,topwall,noleftwall,83
Cell(8,10): white,nobaggle,topwall,noleftwall,80
Cell(8,11): white,nobaggle,topwall,noleftwall,75
Cell(9,0): white,nobaggle,topwall,noleftwall,
Cell(9,1): white,nobaggle,topwall,leftwall,24
Cell(9,2): white,nobaggle,notopwall,leftwall,25
Cell(9,3): white,nobaggle,notopwall,noleftwall,26
Cell(9,4): white,nobaggle,topwall,noleftwall,19
Cell(9,5): white,nobaggle,notopwall,leftwall,18
Cell(9,6): white,nobaggle,notopwall,leftwall,17
Cell(9,7): white,nobaggle,topwall,noleftwall,14
Cell(9,8): white,nobaggle,topwall,noleftwall,5
Cell(9,9): white,nobaggle,topwall,noleftwall,84
Cell(9,10): white,nobaggle,topwall,noleftwall,79
Cell(9,11): white,nobaggle,topwall,noleftwall,76
Cell(10,0): white,nobaggle,topwall,noleftwall,
Cell(10,1): white,nobaggle,topwall,noleftwall,23
Cell(10,2): white,nobaggle,notopwall,leftwall,22
Cell(10,3): white,nobaggle,notopwall,leftwall,21
Cell(10,4): white,nobaggle,topwall,leftwall,18
Cell(10,5): white,nobaggle,notopwall,leftwall,17
Cell(10,6): white,nobaggle,notopwall,noleftwall,16
Cell(10,7): white,nobaggle,notopwall,noleftwall,15
Cell(10,8): white,nobaggle,topwall,noleftwall,4
Cell(10,9): white,nobaggle,topwall,noleftwall,85
Cell(10,10): white,nobaggle,topwall,noleftwall,78
Cell(10,11): white,nobaggle,notopwall,noleftwall,77
Cell(11,0): white,nobaggle,topwall,noleftwall,
Cell(11,1): white,nobaggle,notopwall,leftwall,
Cell(11,2): white,nobaggle,notopwall,leftwall,
Cell(11,3): white,nobaggle,topwall,noleftwall,20
Cell(11,4): white,nobaggle,notopwall,noleftwall,19
Cell(11,5): 255/255/153,nobaggle,topwall,leftwall,0
Cell(11,6): white,nobaggle,notopwall,leftwall,1
Cell(11,7): white,nobaggle,notopwall,leftwall,2
Cell(11,8): white,nobaggle,notopwall,noleftwall,3
Cell(11,9): white,nobaggle,topwall,leftwall,80
Cell(11,10): white,nobaggle,notopwall,leftwall,79
Cell(11,11): white,nobaggle,notopwall,noleftwall,78
