BuggleWorld: Labyrinth
Size: 12x12
Buggle(7,10): north,black,lightGray,Thesee,noBaggle,
Cell(0,0): white,nobaggle,topwall,leftwall,
Cell(0,1): white,nobaggle,notopwall,leftwall,
Cell(0,2): white,nobaggle,notopwall,leftwall,
Cell(0,3): white,nobaggle,notopwall,leftwall,
Cell(0,4): white,nobaggle,notopwall,leftwall,
Cell(0,5): white,nobaggle,notopwall,leftwall,
Cell(0,6): white,nobaggle,notopwall,leftwall,
Cell(0,7): white,nobaggle,notopwall,leftwall,
Cell(0,8): white,nobaggle,notopwall,leftwall,
Cell(0,9): white,nobaggle,notopwall,leftwall,
Cell(0,10): white,nobaggle,notopwall,leftwall,
Cell(0,11): white,nobaggle,topwall,leftwall,
Cell(1,0): white,nobaggle,topwall,noleftwall,
Cell(1,1): white,nobaggle,notopwall,leftwall,
Cell(1,2): white,nobaggle,notopwall,leftwall,
Cell(1,3): white,nobaggle,notopwall,leftwall,
Cell(1,4): white,nobaggle,notopwall,leftwall,
Cell(1,5): white,nobaggle,notopwall,leftwall,
Cell(1,6): white,nobaggle,notopwall,leftwall,
Cell(1,7): white,nobaggle,notopwall,leftwall,
Cell(1,8): white,nobaggle,notopwall,leftwall,
Cell(1,9): white,nobaggle,topwall,noleftwall,
Cell(1,10): white,nobaggle,topwall,noleftwall,
Cell(2,0): white,nobaggle,topwall,noleftwall,
Cell(2,1): white,nobaggle,topwall,leftwall,
Cell(2,2): white,nobaggle,notopwall,leftwall,
Cell(2,3): white,nobaggle,notopwall,leftwall,
Cell(2,4): white,nobaggle,topwall,leftwall,
Cell(2,5): white,nobaggle,notopwall,leftwall,
Cell(2,6): white,nobaggle,notopwall,leftwall,
Cell(2,7): white,nobaggle,notopwall,leftwall,
Cell(2,9): white,nobaggle,topwall,noleftwall,
Cell(2,10): white,nobaggle,topwall,noleftwall,
Cell(2,11): white,nobaggle,topwall,noleftwall,
Cell(3,0): white,nobaggle,topwall,noleftwall,
Cell(3,1): white,nobaggle,topwall,noleftwall,
Cell(3,2): white,nobaggle,topwall,leftwall,
Cell(3,3): white,nobaggle,topwall,noleftwall,
Cell(3,4): white,nobaggle,topwall,noleftwall,
Cell(3,5): white,nobaggle,topwall,leftwall,
Cell(3,6): white,nobaggle,notopwall,leftwall,
Cell(3,7): white,nobaggle,notopwall,leftwall,
Cell(3,8): white,nobaggle,topwall,noleftwall,
Cell(3,9): white,nobaggle,topwall,leftwall,
Cell(3,10): white,nobaggle,notopwall,leftwall,
Cell(3,11): white,nobaggle,topwall,noleftwall,
Cell(4,0): white,nobaggle,topwall,leftwall,
Cell(4,1): white,nobaggle,topwall,noleftwall,
Cell(4,2): white,nobaggle,topwall,noleftwall,
Cell(4,3): white,nobaggle,topwall,noleftwall,
Cell(4,5): white,nobaggle,topwall,noleftwall,
Cell(4,6): white,nobaggle,topwall,leftwall,
Cell(4,7): white,nobaggle,topwall,noleftwall,
Cell(4,8): white,nobaggle,topwall,noleftwall,
Cell(4,9): white,nobaggle,topwall,noleftwall,
Cell(4,11): white,nobaggle,topwall,noleftwall,
Cell(5,0): white,nobaggle,topwall,noleftwall,
Cell(5,2): white,nobaggle,topwall,noleftwall,
Cell(5,3): white,nobaggle,notopwall,leftwall,
Cell(5,4): white,nobaggle,notopwall,leftwall,
Cell(5,5): white,nobaggle,topwall,noleftwall,
Cell(5,7): white,nobaggle,topwall,noleftwall,
Cell(5,9): white,nobaggle,topwall,noleftwall,
Cell(5,11): white,nobaggle,topwall,noleftwall,
Cell(6,0): white,nobaggle,topwall,leftwall,
Cell(6,1): white,nobaggle,topwall,noleftwall,
Cell(6,2): white,nobaggle,notopwall,leftwall,
Cell(6,3): white,nobaggle,notopwall,leftwall,
Cell(6,4): white,nobaggle,topwall,noleftwall,
Cell(6,5): white,nobaggle,notopwall,leftwall,
Cell(6,6): white,nobaggle,topwall,leftwall,
Cell(6,7): white,nobaggle,notopwall,leftwall,
Cell(6,8): white,nobaggle,notopwall,leftwall,
Cell(6,9): white,nobaggle,topwall,noleftwall,
Cell(6,10): white,nobaggle,topwall,noleftwall,
Cell(6,11): white,nobaggle,topwall,noleftwall,
Cell(7,0): white,nobaggle,topwall,leftwall,
Cell(7,2): white,nobaggle,topwall,leftwall,
Cell(7,3): white,nobaggle,topwall,noleftwall,
Cell(7,4): white,nobaggle,notopwall,leftwall,
Cell(7,6): white,nobaggle,topwall,noleftwall,
Cell(7,7): white,nobaggle,notopwall,leftwall,
Cell(7,8): white,nobaggle,topwall,noleftwall,
Cell(7,9): white,nobaggle,topwall,noleftwall,
Cell(7,10): white,nobaggle,notopwall,leftwall,
Cell(7,11): white,nobaggle,topwall,noleftwall,
Cell(8,0): white,nobaggle,topwall,leftwall,
Cell(8,1): white,nobaggle,topwall,noleftwall,
Cell(8,3): white,nobaggle,notopwall,leftwall,
Cell(8,4): white,nobaggle,topwall,leftwall,
Cell(8,5): white,nobaggle,notopwall,leftwall,
Cell(8,6): white,nobaggle,notopwall,leftwall,
Cell(8,7): white,nobaggle,topwall,noleftwall,
Cell(8,8): white,nobaggle,topwall,noleftwall,
Cell(8,9): white,nobaggle,topwall,noleftwall,
Cell(8,10): white,nobaggle,topwall,noleftwall,
Cell(8,11): white,nobaggle,topwall,noleftwall,
Cell(9,0): white,nobaggle,topwall,noleftwall,
Cell(9,1): white,nobaggle,topwall,leftwall,
Cell(9,2): white,nobaggle,notopwall,leftwall,
Cell(9,4): white,nobaggle,topwall,noleftwall,
Cell(9,5): white,nobaggle,notopwall,leftwall,
Cell(9,6): white,nobaggle,notopwall,leftwall,
Cell(9,7): white,nobaggle,topwall,noleftwall,
Cell(9,8): white,nobaggle,topwall,noleftwall,
Cell(9,9): white,nobaggle,topwall,noleftwall,
Cell(9,10): white,nobaggle,topwall,noleftwall,
Cell(9,11): white,nobaggle,topwall,noleftwall,
Cell(10,0): white,nobaggle,topwall,noleftwall,
Cell(10,1): white,nobaggle,topwall,noleftwall,
Cell(10,2): white,nobaggle,notopwall,leftwall,
Cell(10,3): white,nobaggle,notopwall,leftwall,
Cell(10,4): white,nobaggle,topwall,leftwall,
Cell(10,5): white,nobaggle,notopwall,leftwall,
Cell(10,8): white,nobaggle,topwall,noleftwall,
Cell(10,9): white,nobaggle,topwall,noleftwall,
Cell(10,10): white,nobaggle,topwall,noleftwall,
Cell(11,0): white,nobaggle,topwall,noleftwall,
Cell(11,1): white,nobaggle,notopwall,leftwall,
Cell(11,2): white,nobaggle,notopwall,leftwall,
Cell(11,3): white,nobaggle,topwall,noleftwall,
Cell(11,5): 255/255/153,baggle,topwall,leftwall,
Cell(11,6): white,nobaggle,notopwall,leftwall,
Cell(11,7): white,nobaggle,notopwall,leftwall,
Cell(11,9): white,nobaggle,topwall,leftwall,
Cell(11,10): white,nobaggle,notopwall,leftwall,
