BuggleWorld: Closed world
Size: 7x7
Buggle(0,6): north,black,lightGray,Joker 1,noBaggle,
Buggle(1,5): north,black,lightGray,Joker 2,noBaggle,
Buggle(2,4): north,black,lightGray,Joker 3,noBaggle,
Buggle(3,3): north,black,lightGray,Joker 4,noBaggle,
Buggle(4,2): north,black,lightGray,Joker 5,noBaggle,
Buggle(5,1): north,black,lightGray,Joker 6,noBaggle,
Buggle(6,0): north,black,lightGray,Joker 7,noBaggle,
Cell(0,0): white,nobaggle,topwall,leftwall,
Cell(0,1): white,nobaggle,notopwall,leftwall,
Cell(0,2): white,nobaggle,notopwall,leftwall,
Cell(0,3): white,nobaggle,notopwall,leftwall,
Cell(0,4): white,nobaggle,notopwall,leftwall,
Cell(0,5): white,nobaggle,notopwall,leftwall,
Cell(0,6): white,nobaggle,topwall,leftwall,
Cell(1,0): white,nobaggle,topwall,noleftwall,
Cell(1,5): white,nobaggle,topwall,leftwall,
Cell(2,0): white,nobaggle,topwall,noleftwall,
Cell(2,4): white,nobaggle,topwall,leftwall,
Cell(3,0): white,nobaggle,topwall,noleftwall,
Cell(3,3): white,nobaggle,topwall,leftwall,
Cell(4,0): white,nobaggle,topwall,noleftwall,
Cell(4,2): white,nobaggle,topwall,leftwall,
Cell(5,0): white,nobaggle,topwall,noleftwall,
Cell(5,1): white,nobaggle,topwall,leftwall,
Cell(6,0): white,nobaggle,topwall,leftwall,
