edited world; name
20; width
20; height
[(255,255,255),false,true,true] ; cell
[(255,255,255),false,false,true] ; cell
[(255,255,255),false,false,true] ; cell
[(255,255,255),false,false,true] ; cell
[(255,255,255),false,false,true] ; cell
[(255,255,255),false,false,true] ; cell
[(255,255,255),false,false,true] ; cell
[(255,255,255),false,false,true] ; cell
[(255,255,255),false,false,true] ; cell
[(255,255,255),false,false,true] ; cell
[(255,255,255),false,false,true] ; cell
[(255,255,255),false,false,true] ; cell
[(255,255,255),false,false,true] ; cell
[(255,255,255),false,false,true] ; cell
[(255,255,255),false,false,true] ; cell
[(255,255,255),false,false,true] ; cell
[(255,255,255),false,false,true] ; cell
[(255,255,255),false,false,true] ; cell
[(255,255,255),false,false,true] ; cell
[(255,255,255),false,false,true] ; cell
[(255,255,255),false,true,false] ; cell
[(255,255,255),false,false,false] ; cell
[(255,255,255),false,false,false] ; cell
[(255,255,255),false,false,false] ; cell
[(255,255,255),false,false,false] ; cell
[(255,255,255),false,false,false] ; cell
[(255,255,255),false,false,false] ; cell
[(255,255,255),false,false,false] ; cell
[(255,255,255),false,false,false] ; cell
[(255,255,255),false,false,false] ; cell
[(255,255,255),false,false,false] ; cell
[(255,255,255),false,false,false] ; cell
[(255,255,255),false,false,false] ; cell
[(255,255,255),false,false,false] ; cell
[(255,255,255),false,false,false] ; cell
[(255,255,255),false,false,false] ; cell
[(255,255,255),false,false,false] ; cell
[(255,255,255),false,false,false] ; cell
[(255,255,255),false,false,false] ; cell
[(255,255,255),false,false,false] ; cell
[(255,255,255),false,true,false] ; cell
[(255,255,255),false,false,false] ; cell
[(255,255,255),false,true,true] ; cell
[(255,255,255),false,false,true] ; cell
[(255,255,255),false,false,true] ; cell
[(255,255,255),false,false,true] ; cell
[(255,255,255),false,false,true] ; cell
[(255,255,255),false,false,true] ; cell
[(255,255,255),false,false,true] ; cell
[(255,255,255),false,true,false] ; cell
[(255,255,255),false,false,false] ; cell
[(255,255,255),false,true,true] ; cell
[(255,255,255),false,false,true] ; cell
[(255,255,255),false,false,true] ; cell
[(255,255,255),false,false,true] ; cell
[(255,255,255),false,false,true] ; cell
[(255,255,255),false,false,true] ; cell
[(255,255,255),false,false,true] ; cell
[(255,255,255),false,true,false] ; cell
[(255,255,255),false,false,false] ; cell
[(255,255,255),false,true,false] ; cell
[(255,255,255),false,false,false] ; cell
[(255,255,255),false,true,false] ; cell
[(255,255,255),false,false,false] ; cell
[(255,255,255),false,false,false] ; cell
[(255,255,255),false,false,false] ; cell
[(255,255,255),false,false,false] ; cell
[(255,255,255),false,true,false] ; cell
[(255,255,255),false,false,false] ; cell
[(255,255,255),false,true,false] ; cell
[(255,255,255),false,false,false] ; cell
[(255,255,255),false,true,false] ; cell
[(255,255,255),false,false,false] ; cell
[(255,255,255),false,true,false] ; cell
[(255,255,255),false,false,false] ; cell
[(255,255,255),false,false,false] ; cell
[(255,255,255),false,false,false] ; cell
[(255,255,255),false,false,false] ; cell
[(255,255,255),false,true,false] ; cell
[(255,255,255),false,false,false] ; cell
[(255,255,255),false,true,false] ; cell
[(255,255,255),false,false,false] ; cell
[(255,255,255),false,true,false] ; cell
[(255,255,255),false,false,false] ; cell
[(255,255,255),false,false,false] ; cell
[(255,255,255),false,false,false] ; cell
[(255,255,255),false,false,false] ; cell
[(255,255,255),false,false,true] ; cell
[(255,255,255),false,false,true] ; cell
[(255,255,255),false,false,false] ; cell
[(255,255,255),false,false,false] ; cell
[(255,255,255),false,false,true] ; cell
[(255,255,255),false,false,true] ; cell
[(255,255,255),false,false,false] ; cell
[(255,255,255),false,false,false] ; cell
[(255,255,255),false,false,false] ; cell
[(255,255,255),false,false,false] ; cell
[(255,255,255),false,false,false] ; cell
[(255,255,255),false,true,false] ; cell
[(255,255,255),false,false,false] ; cell
[(255,255,255),false,true,false] ; cell
[(255,255,255),false,false,false] ; cell
[(255,255,255),false,true,false] ; cell
[(255,255,255),false,false,false] ; cell
[(255,255,255),false,false,false] ; cell
[(255,255,255),false,false,false] ; cell
[(255,255,255),false,false,false] ; cell
[(255,255,255),false,false,false] ; cell
[(255,255,255),false,false,false] ; cell
[(255,255,255),false,false,false] ; cell
[(255,255,255),false,false,false] ; cell
[(255,255,255),false,false,false] ; cell
[(255,255,255),false,false,false] ; cell
[(255,255,255),false,false,false] ; cell
[(255,255,255),false,false,false] ; cell
[(255,255,255),false,false,false] ; cell
[(255,255,255),false,false,false] ; cell
[(255,255,255),false,false,false] ; cell
[(255,255,255),false,true,false] ; cell
[(255,255,255),false,false,false] ; cell
[(255,255,255),false,true,false] ; cell
[(255,255,255),false,false,false] ; cell
[(255,255,255),false,true,false] ; cell
[(255,255,255),false,false,false] ; cell
[(255,255,255),false,false,false] ; cell
[(255,255,255),false,true,true] ; cell
[(255,255,255),false,false,true] ; cell
[(255,255,255),false,false,true] ; cell
[(255,255,255),false,false,true] ; cell
[(255,255,255),false,false,true] ; cell
[(255,255,255),false,false,true] ; cell
[(255,255,255),false,false,true] ; cell
[(255,255,255),false,false,true] ; cell
[(255,255,255),false,false,true] ; cell
[(255,255,255),false,false,true] ; cell
[(255,255,255),false,false,true] ; cell
[(255,255,255),false,true,false] ; cell
[(255,255,255),false,false,false] ; cell
[(255,255,255),false,true,false] ; cell
[(255,255,255),false,false,false] ; cell
[(255,255,255),false,true,false] ; cell
[(255,255,255),false,false,false] ; cell
[(255,255,255),false,true,false] ; cell
[(255,255,255),false,false,false] ; cell
[(255,255,255),false,false,false] ; cell
[(255,255,255),false,true,false] ; cell
[(255,255,255),false,false,false] ; cell
[(255,255,255),false,false,false] ; cell
[(255,255,255),false,false,false] ; cell
[(255,255,255),false,false,false] ; cell
[(255,255,255),false,false,false] ; cell
[(255,255,255),false,false,false] ; cell
[(255,255,255),false,false,false] ; cell
[(255,255,255),false,false,false] ; cell
[(255,255,255),false,false,false] ; cell
[(255,255,255),false,false,false] ; cell
[(255,255,255),false,true,false] ; cell
[(255,255,255),false,false,false] ; cell
[(255,255,255),false,true,false] ; cell
[(255,255,255),false,false,false] ; cell
[(255,255,255),false,true,false] ; cell
[(255,255,255),false,false,false] ; cell
[(255,255,255),false,true,false] ; cell
[(255,255,255),false,false,false] ; cell
[(255,255,255),false,false,false] ; cell
[(255,255,255),false,true,false] ; cell
[(255,255,255),false,false,false] ; cell
[(255,255,255),false,true,true] ; cell
[(255,255,255),false,false,false] ; cell
[(255,255,255),false,false,false] ; cell
[(255,255,255),false,false,false] ; cell
[(255,255,255),false,false,false] ; cell
[(255,255,255),false,false,false] ; cell
[(255,255,255),false,false,true] ; cell
[(255,255,255),false,true,false] ; cell
[(255,255,255),false,false,false] ; cell
[(255,255,255),false,true,false] ; cell
[(255,255,255),false,false,false] ; cell
[(255,255,255),false,true,false] ; cell
[(255,255,255),false,false,false] ; cell
[(255,255,255),false,true,false] ; cell
[(255,255,255),false,false,false] ; cell
[(255,255,255),false,true,false] ; cell
[(255,255,255),false,false,false] ; cell
[(255,255,255),false,false,false] ; cell
[(255,255,255),false,false,true] ; cell
[(255,255,255),false,false,true] ; cell
[(255,255,255),false,false,false] ; cell
[(255,255,255),false,false,false] ; cell
[(255,255,255),false,false,false] ; cell
[(255,255,255),false,false,false] ; cell
[(255,255,255),false,false,false] ; cell
[(255,255,255),false,false,false] ; cell
[(255,255,255),false,false,false] ; cell
[(255,255,255),false,false,true] ; cell
[(255,255,255),false,false,true] ; cell
[(255,255,255),false,false,false] ; cell
[(255,255,255),false,false,false] ; cell
[(255,255,255),false,true,false] ; cell
[(255,255,255),false,false,false] ; cell
[(255,255,255),false,true,false] ; cell
[(255,255,255),false,false,false] ; cell
[(255,255,255),false,true,false] ; cell
[(255,255,255),false,false,false] ; cell
[(255,255,255),false,false,false] ; cell
[(255,255,255),false,false,false] ; cell
[(255,255,255),false,false,false] ; cell
[(255,255,255),false,false,false] ; cell
[(255,255,255),false,false,false] ; cell
[(255,255,255),false,false,false] ; cell
[(255,255,255),false,false,false] ; cell
[(255,255,255),false,false,false] ; cell
[(255,255,255),false,false,false] ; cell
[(255,255,255),false,false,false] ; cell
[(255,255,255),false,false,false] ; cell
[(255,255,255),false,false,false] ; cell
[(255,255,255),false,false,false] ; cell
[(255,255,255),false,false,false] ; cell
[(255,255,255),false,true,false] ; cell
[(255,255,255),false,false,false] ; cell
[(255,255,255),false,true,false] ; cell
[(255,255,255),false,false,false] ; cell
[(255,255,255),false,true,false] ; cell
[(255,255,255),false,false,false] ; cell
[(255,255,255),false,false,false] ; cell
[(255,255,255),false,true,true] ; cell
[(255,255,255),false,false,true] ; cell
[(255,255,255),false,true,false] ; cell
[(255,255,255),false,false,false] ; cell
[(255,255,255),false,false,false] ; cell
[(255,255,255),false,false,false] ; cell
[(255,255,255),false,false,false] ; cell
[(255,255,255),false,false,false] ; cell
[(255,255,255),false,false,false] ; cell
[(255,255,255),false,true,true] ; cell
[(255,255,255),false,false,true] ; cell
[(255,255,255),false,true,false] ; cell
[(255,255,255),false,false,false] ; cell
[(255,255,255),false,true,false] ; cell
[(255,255,255),false,false,false] ; cell
[(255,255,255),false,true,false] ; cell
[(255,255,255),false,false,false] ; cell
[(255,255,255),false,true,false] ; cell
[(255,255,255),false,false,false] ; cell
[(255,255,255),false,false,false] ; cell
[(255,255,255),false,true,false] ; cell
[(255,255,255),false,false,false] ; cell
[(255,255,255),false,false,true] ; cell
[(255,255,255),false,false,false] ; cell
[(255,255,255),false,false,false] ; cell
[(255,255,255),false,false,false] ; cell
[(255,255,255),false,false,false] ; cell
[(255,255,255),false,false,false] ; cell
[(255,255,255),false,false,true] ; cell
[(0,0,255),false,false,false] ; cell
[(255,255,255),false,false,false] ; cell
[(255,255,255),false,true,false] ; cell
[(255,255,255),false,false,false] ; cell
[(255,255,255),false,true,false] ; cell
[(255,255,255),false,false,false] ; cell
[(255,255,255),false,true,false] ; cell
[(255,255,255),false,false,false] ; cell
[(255,255,255),false,true,false] ; cell
[(255,255,255),false,false,false] ; cell
[(255,255,255),false,false,false] ; cell
[(255,255,255),false,true,false] ; cell
[(255,255,255),false,false,false] ; cell
[(255,255,255),false,false,false] ; cell
[(255,255,255),false,false,false] ; cell
[(255,255,255),false,false,false] ; cell
[(255,255,255),false,false,false] ; cell
[(255,255,255),false,false,false] ; cell
[(255,255,255),false,false,false] ; cell
[(255,255,255),false,false,false] ; cell
[(255,255,255),false,false,false] ; cell
[(255,255,255),false,false,false] ; cell
[(255,255,255),false,true,false] ; cell
[(255,255,255),false,false,false] ; cell
[(255,255,255),false,true,false] ; cell
[(255,255,255),false,false,false] ; cell
[(255,255,255),false,true,false] ; cell
[(255,255,255),false,false,false] ; cell
[(255,255,255),false,true,false] ; cell
[(255,255,255),false,false,false] ; cell
[(255,255,255),false,false,false] ; cell
[(255,255,255),false,false,true] ; cell
[(255,255,255),false,false,true] ; cell
[(255,255,255),false,false,true] ; cell
[(255,255,255),false,false,true] ; cell
[(255,255,255),false,false,true] ; cell
[(255,255,255),false,false,true] ; cell
[(255,255,255),false,false,true] ; cell
[(255,255,255),false,false,true] ; cell
[(255,255,255),false,false,true] ; cell
[(255,255,255),false,false,true] ; cell
[(255,255,255),false,false,true] ; cell
[(255,255,255),false,false,false] ; cell
[(255,255,255),false,false,false] ; cell
[(255,255,255),false,true,false] ; cell
[(255,255,255),false,false,false] ; cell
[(255,255,255),false,true,false] ; cell
[(255,255,255),false,false,false] ; cell
[(255,255,255),false,true,false] ; cell
[(255,255,255),false,false,false] ; cell
[(255,255,255),false,false,false] ; cell
[(255,255,255),false,false,false] ; cell
[(255,255,255),false,false,false] ; cell
[(255,255,255),false,false,false] ; cell
[(255,255,255),false,false,false] ; cell
[(255,255,255),false,false,false] ; cell
[(255,255,255),false,false,false] ; cell
[(255,255,255),false,false,false] ; cell
[(255,255,255),false,false,false] ; cell
[(255,255,255),false,false,false] ; cell
[(255,255,255),false,false,false] ; cell
[(255,255,255),false,false,false] ; cell
[(255,255,255),false,false,false] ; cell
[(255,255,255),false,false,false] ; cell
[(255,255,255),false,true,false] ; cell
[(255,255,255),false,false,false] ; cell
[(255,255,255),false,true,false] ; cell
[(255,255,255),false,false,false] ; cell
[(255,255,255),false,true,false] ; cell
[(255,255,255),false,false,false] ; cell
[(255,255,255),false,false,false] ; cell
[(255,255,255),false,false,false] ; cell
[(255,255,255),false,false,false] ; cell
[(255,255,255),false,true,true] ; cell
[(255,255,255),false,false,true] ; cell
[(255,255,255),false,true,false] ; cell
[(255,255,255),false,false,false] ; cell
[(255,255,255),false,true,true] ; cell
[(255,255,255),false,false,true] ; cell
[(255,255,255),false,true,false] ; cell
[(255,255,255),false,false,false] ; cell
[(255,255,255),false,false,false] ; cell
[(255,255,255),false,false,false] ; cell
[(255,255,255),false,false,false] ; cell
[(255,255,255),false,true,false] ; cell
[(255,255,255),false,false,false] ; cell
[(255,255,255),false,true,false] ; cell
[(255,255,255),false,false,false] ; cell
[(255,255,255),false,true,false] ; cell
[(255,255,255),false,false,false] ; cell
[(255,255,255),false,false,false] ; cell
[(255,255,255),false,false,false] ; cell
[(255,255,255),false,false,false] ; cell
[(255,255,255),false,false,false] ; cell
[(255,255,255),false,false,false] ; cell
[(255,255,255),false,true,false] ; cell
[(255,255,255),false,false,false] ; cell
[(255,255,255),false,true,false] ; cell
[(255,255,255),false,false,false] ; cell
[(255,255,255),false,false,false] ; cell
[(255,255,255),false,false,false] ; cell
[(255,255,255),false,false,false] ; cell
[(255,255,255),false,false,false] ; cell
[(255,255,255),false,false,false] ; cell
[(255,255,255),false,true,false] ; cell
[(255,255,255),false,false,false] ; cell
[(255,255,255),false,true,false] ; cell
[(255,255,255),false,false,false] ; cell
[(255,255,255),false,false,true] ; cell
[(255,255,255),false,false,true] ; cell
[(255,255,255),false,false,true] ; cell
[(255,255,255),false,false,true] ; cell
[(255,255,255),false,false,true] ; cell
[(255,255,255),false,false,true] ; cell
[(255,255,255),false,false,true] ; cell
[(255,255,255),false,false,false] ; cell
[(255,255,255),false,false,false] ; cell
[(255,255,255),false,false,true] ; cell
[(255,255,255),false,false,true] ; cell
[(255,255,255),false,false,true] ; cell
[(255,255,255),false,false,true] ; cell
[(255,255,255),false,false,true] ; cell
[(255,255,255),false,false,true] ; cell
[(255,255,255),false,false,true] ; cell
[(255,255,255),false,false,false] ; cell
[(255,255,255),false,false,true] ; cell
[(255,255,255),false,true,false] ; cell
[(255,255,255),false,false,false] ; cell
[(255,255,255),false,false,false] ; cell
[(255,255,255),false,false,false] ; cell
[(255,255,255),false,false,false] ; cell
[(255,255,255),false,false,false] ; cell
[(255,255,255),false,false,false] ; cell
[(255,255,255),false,false,false] ; cell
[(255,255,255),false,false,false] ; cell
[(255,255,255),false,false,false] ; cell
[(255,255,255),false,false,false] ; cell
[(255,255,255),false,false,false] ; cell
[(255,255,255),false,false,false] ; cell
[(255,255,255),false,false,false] ; cell
[(255,255,255),false,false,false] ; cell
[(255,255,255),false,false,false] ; cell
[(255,255,255),false,false,false] ; cell
[(255,255,255),false,false,false] ; cell
[(255,255,255),false,false,false] ; cell
[(255,255,0),true,true,false] ; cell
