BuggleWorld: Stairway to heaven
Size: 15x9
Buggle(0,8): east,black,black,buggle2,noBaggle,
Cell(0,0): white,nobaggle,topwall,noleftwall,
Cell(0,8): lightGray,nobaggle,notopwall,noleftwall,
Cell(1,0): white,nobaggle,topwall,noleftwall,
Cell(2,0): white,nobaggle,topwall,noleftwall,
Cell(3,0): white,nobaggle,topwall,noleftwall,
Cell(4,0): white,nobaggle,topwall,noleftwall,
Cell(4,8): white,nobaggle,topwall,leftwall,
Cell(5,0): white,nobaggle,topwall,noleftwall,
Cell(5,7): white,nobaggle,topwall,leftwall,
Cell(6,0): white,nobaggle,topwall,noleftwall,
Cell(6,6): white,nobaggle,topwall,leftwall,
Cell(7,0): white,nobaggle,topwall,noleftwall,
Cell(7,5): white,nobaggle,topwall,leftwall,
Cell(8,0): white,nobaggle,topwall,noleftwall,
Cell(8,4): white,nobaggle,topwall,leftwall,
Cell(9,0): white,nobaggle,topwall,noleftwall,
Cell(9,3): white,nobaggle,topwall,leftwall,
Cell(10,0): white,nobaggle,topwall,noleftwall,
Cell(10,2): white,nobaggle,topwall,leftwall,
Cell(11,0): white,nobaggle,topwall,noleftwall,
Cell(11,1): white,nobaggle,topwall,leftwall,
Cell(12,0): white,nobaggle,topwall,noleftwall,
Cell(12,1): white,nobaggle,topwall,noleftwall,
Cell(13,0): white,nobaggle,topwall,noleftwall,
Cell(13,1): white,nobaggle,topwall,noleftwall,
Cell(14,0): white,nobaggle,topwall,noleftwall,
Cell(14,1): white,nobaggle,topwall,noleftwall,
