TurmiteWorld: blah
Size: 100x100
Buggle(48,57): north,red,white,ant,noBaggle,
Cell(3,49): yellow,nobaggle,notopwall,noleftwall,
Cell(3,51): yellow,nobaggle,notopwall,noleftwall,
Cell(3,52): yellow,nobaggle,notopwall,noleftwall,
Cell(4,49): yellow,nobaggle,notopwall,noleftwall,
Cell(4,50): yellow,nobaggle,notopwall,noleftwall,
Cell(4,51): yellow,nobaggle,notopwall,noleftwall,
Cell(5,31): yellow,nobaggle,notopwall,noleftwall,
Cell(5,35): yellow,nobaggle,notopwall,noleftwall,
Cell(5,36): yellow,nobaggle,notopwall,noleftwall,
Cell(5,37): yellow,nobaggle,notopwall,noleftwall,
Cell(5,38): yellow,nobaggle,notopwall,noleftwall,
Cell(5,49): yellow,nobaggle,notopwall,noleftwall,
Cell(5,50): yellow,nobaggle,notopwall,noleftwall,
Cell(5,51): yellow,nobaggle,notopwall,noleftwall,
Cell(6,31): yellow,nobaggle,notopwall,noleftwall,
Cell(6,32): yellow,nobaggle,notopwall,noleftwall,
Cell(6,33): yellow,nobaggle,notopwall,noleftwall,
Cell(6,34): yellow,nobaggle,notopwall,noleftwall,
Cell(6,36): yellow,nobaggle,notopwall,noleftwall,
Cell(6,37): yellow,nobaggle,notopwall,noleftwall,
Cell(6,48): yellow,nobaggle,notopwall,noleftwall,
Cell(6,49): yellow,nobaggle,notopwall,noleftwall,
Cell(6,52): yellow,nobaggle,notopwall,noleftwall,
Cell(6,53): yellow,nobaggle,notopwall,noleftwall,
Cell(7,32): yellow,nobaggle,notopwall,noleftwall,
Cell(7,34): yellow,nobaggle,notopwall,noleftwall,
Cell(7,39): yellow,nobaggle,notopwall,noleftwall,
Cell(7,40): yellow,nobaggle,notopwall,noleftwall,
Cell(7,41): yellow,nobaggle,notopwall,noleftwall,
Cell(7,42): yellow,nobaggle,notopwall,noleftwall,
Cell(7,45): yellow,nobaggle,notopwall,noleftwall,
Cell(7,48): yellow,nobaggle,notopwall,noleftwall,
Cell(7,49): yellow,nobaggle,notopwall,noleftwall,
Cell(7,50): yellow,nobaggle,notopwall,noleftwall,
Cell(7,51): yellow,nobaggle,notopwall,noleftwall,
Cell(7,52): yellow,nobaggle,notopwall,noleftwall,
Cell(7,53): yellow,nobaggle,notopwall,noleftwall,
Cell(7,54): yellow,nobaggle,notopwall,noleftwall,
Cell(8,31): yellow,nobaggle,notopwall,noleftwall,
Cell(8,32): yellow,nobaggle,notopwall,noleftwall,
Cell(8,33): yellow,nobaggle,notopwall,noleftwall,
Cell(8,36): yellow,nobaggle,notopwall,noleftwall,
Cell(8,37): yellow,nobaggle,notopwall,noleftwall,
Cell(8,39): yellow,nobaggle,notopwall,noleftwall,
Cell(8,41): yellow,nobaggle,notopwall,noleftwall,
Cell(8,45): yellow,nobaggle,notopwall,noleftwall,
Cell(8,46): yellow,nobaggle,notopwall,noleftwall,
Cell(8,47): yellow,nobaggle,notopwall,noleftwall,
Cell(8,48): yellow,nobaggle,notopwall,noleftwall,
Cell(8,49): yellow,nobaggle,notopwall,noleftwall,
Cell(8,50): yellow,nobaggle,notopwall,noleftwall,
Cell(8,52): yellow,nobaggle,notopwall,noleftwall,
Cell(8,54): yellow,nobaggle,notopwall,noleftwall,
Cell(8,55): yellow,nobaggle,notopwall,noleftwall,
Cell(9,31): yellow,nobaggle,notopwall,noleftwall,
Cell(9,32): yellow,nobaggle,notopwall,noleftwall,
Cell(9,34): yellow,nobaggle,notopwall,noleftwall,
Cell(9,37): yellow,nobaggle,notopwall,noleftwall,
Cell(9,39): yellow,nobaggle,notopwall,noleftwall,
Cell(9,41): yellow,nobaggle,notopwall,noleftwall,
Cell(9,44): yellow,nobaggle,notopwall,noleftwall,
Cell(9,47): yellow,nobaggle,notopwall,noleftwall,
Cell(9,49): yellow,nobaggle,notopwall,noleftwall,
Cell(9,50): yellow,nobaggle,notopwall,noleftwall,
Cell(9,54): yellow,nobaggle,notopwall,noleftwall,
Cell(9,56): yellow,nobaggle,notopwall,noleftwall,
Cell(9,57): yellow,nobaggle,notopwall,noleftwall,
Cell(9,58): yellow,nobaggle,notopwall,noleftwall,
Cell(10,31): yellow,nobaggle,notopwall,noleftwall,
Cell(10,36): yellow,nobaggle,notopwall,noleftwall,
Cell(10,41): yellow,nobaggle,notopwall,noleftwall,
Cell(10,47): yellow,nobaggle,notopwall,noleftwall,
Cell(10,48): yellow,nobaggle,notopwall,noleftwall,
Cell(10,49): yellow,nobaggle,notopwall,noleftwall,
Cell(10,56): yellow,nobaggle,notopwall,noleftwall,
Cell(10,58): yellow,nobaggle,notopwall,noleftwall,
Cell(11,31): yellow,nobaggle,notopwall,noleftwall,
Cell(11,32): yellow,nobaggle,notopwall,noleftwall,
Cell(11,33): yellow,nobaggle,notopwall,noleftwall,
Cell(11,34): yellow,nobaggle,notopwall,noleftwall,
Cell(11,35): yellow,nobaggle,notopwall,noleftwall,
Cell(11,39): yellow,nobaggle,notopwall,noleftwall,
Cell(11,41): yellow,nobaggle,notopwall,noleftwall,
Cell(11,42): yellow,nobaggle,notopwall,noleftwall,
Cell(11,43): yellow,nobaggle,notopwall,noleftwall,
Cell(11,44): yellow,nobaggle,notopwall,noleftwall,
Cell(11,48): yellow,nobaggle,notopwall,noleftwall,
Cell(11,49): yellow,nobaggle,notopwall,noleftwall,
Cell(11,50): yellow,nobaggle,notopwall,noleftwall,
Cell(11,52): yellow,nobaggle,notopwall,noleftwall,
Cell(11,54): yellow,nobaggle,notopwall,noleftwall,
Cell(11,55): yellow,nobaggle,notopwall,noleftwall,
Cell(11,57): yellow,nobaggle,notopwall,noleftwall,
Cell(11,58): yellow,nobaggle,notopwall,noleftwall,
Cell(12,34): yellow,nobaggle,notopwall,noleftwall,
Cell(12,35): yellow,nobaggle,notopwall,noleftwall,
Cell(12,37): yellow,nobaggle,notopwall,noleftwall,
Cell(12,38): yellow,nobaggle,notopwall,noleftwall,
Cell(12,39): yellow,nobaggle,notopwall,noleftwall,
Cell(12,41): yellow,nobaggle,notopwall,noleftwall,
Cell(12,44): yellow,nobaggle,notopwall,noleftwall,
Cell(12,45): yellow,nobaggle,notopwall,noleftwall,
Cell(12,46): yellow,nobaggle,notopwall,noleftwall,
Cell(12,47): yellow,nobaggle,notopwall,noleftwall,
Cell(12,49): yellow,nobaggle,notopwall,noleftwall,
Cell(12,50): yellow,nobaggle,notopwall,noleftwall,
Cell(12,51): yellow,nobaggle,notopwall,noleftwall,
Cell(12,52): yellow,nobaggle,notopwall,noleftwall,
Cell(12,53): yellow,nobaggle,notopwall,noleftwall,
Cell(12,54): yellow,nobaggle,notopwall,noleftwall,
Cell(12,55): yellow,nobaggle,notopwall,noleftwall,
Cell(12,57): yellow,nobaggle,notopwall,noleftwall,
Cell(12,58): yellow,nobaggle,notopwall,noleftwall,
Cell(12,59): yellow,nobaggle,notopwall,noleftwall,
Cell(13,34): yellow,nobaggle,notopwall,noleftwall,
Cell(13,35): yellow,nobaggle,notopwall,noleftwall,
Cell(13,37): yellow,nobaggle,notopwall,noleftwall,
Cell(13,41): yellow,nobaggle,notopwall,noleftwall,
Cell(13,42): yellow,nobaggle,notopwall,noleftwall,
Cell(13,43): yellow,nobaggle,notopwall,noleftwall,
Cell(13,44): yellow,nobaggle,notopwall,noleftwall,
Cell(13,45): yellow,nobaggle,notopwall,noleftwall,
Cell(13,46): yellow,nobaggle,notopwall,noleftwall,
Cell(13,47): yellow,nobaggle,notopwall,noleftwall,
Cell(13,48): yellow,nobaggle,notopwall,noleftwall,
Cell(13,49): yellow,nobaggle,notopwall,noleftwall,
Cell(13,51): yellow,nobaggle,notopwall,noleftwall,
Cell(13,55): yellow,nobaggle,notopwall,noleftwall,
Cell(13,57): yellow,nobaggle,notopwall,noleftwall,
Cell(13,59): yellow,nobaggle,notopwall,noleftwall,
Cell(13,60): yellow,nobaggle,notopwall,noleftwall,
Cell(14,33): yellow,nobaggle,notopwall,noleftwall,
Cell(14,34): yellow,nobaggle,notopwall,noleftwall,
Cell(14,37): yellow,nobaggle,notopwall,noleftwall,
Cell(14,39): yellow,nobaggle,notopwall,noleftwall,
Cell(14,41): yellow,nobaggle,notopwall,noleftwall,
Cell(14,42): yellow,nobaggle,notopwall,noleftwall,
Cell(14,44): yellow,nobaggle,notopwall,noleftwall,
Cell(14,45): yellow,nobaggle,notopwall,noleftwall,
Cell(14,47): yellow,nobaggle,notopwall,noleftwall,
Cell(14,48): yellow,nobaggle,notopwall,noleftwall,
Cell(14,49): yellow,nobaggle,notopwall,noleftwall,
Cell(14,54): yellow,nobaggle,notopwall,noleftwall,
Cell(14,55): yellow,nobaggle,notopwall,noleftwall,
Cell(14,58): yellow,nobaggle,notopwall,noleftwall,
Cell(14,60): yellow,nobaggle,notopwall,noleftwall,
Cell(14,61): yellow,nobaggle,notopwall,noleftwall,
Cell(15,32): yellow,nobaggle,notopwall,noleftwall,
Cell(15,33): yellow,nobaggle,notopwall,noleftwall,
Cell(15,41): yellow,nobaggle,notopwall,noleftwall,
Cell(15,43): yellow,nobaggle,notopwall,noleftwall,
Cell(15,44): yellow,nobaggle,notopwall,noleftwall,
Cell(15,45): yellow,nobaggle,notopwall,noleftwall,
Cell(15,47): yellow,nobaggle,notopwall,noleftwall,
Cell(15,49): yellow,nobaggle,notopwall,noleftwall,
Cell(15,50): yellow,nobaggle,notopwall,noleftwall,
Cell(15,51): yellow,nobaggle,notopwall,noleftwall,
Cell(15,55): yellow,nobaggle,notopwall,noleftwall,
Cell(15,56): yellow,nobaggle,notopwall,noleftwall,
Cell(15,58): yellow,nobaggle,notopwall,noleftwall,
Cell(15,59): yellow,nobaggle,notopwall,noleftwall,
Cell(15,61): yellow,nobaggle,notopwall,noleftwall,
Cell(15,62): yellow,nobaggle,notopwall,noleftwall,
Cell(16,29): yellow,nobaggle,notopwall,noleftwall,
Cell(16,32): yellow,nobaggle,notopwall,noleftwall,
Cell(16,33): yellow,nobaggle,notopwall,noleftwall,
Cell(16,38): yellow,nobaggle,notopwall,noleftwall,
Cell(16,40): yellow,nobaggle,notopwall,noleftwall,
Cell(16,41): yellow,nobaggle,notopwall,noleftwall,
Cell(16,42): yellow,nobaggle,notopwall,noleftwall,
Cell(16,43): yellow,nobaggle,notopwall,noleftwall,
Cell(16,45): yellow,nobaggle,notopwall,noleftwall,
Cell(16,46): yellow,nobaggle,notopwall,noleftwall,
Cell(16,47): yellow,nobaggle,notopwall,noleftwall,
Cell(16,50): yellow,nobaggle,notopwall,noleftwall,
Cell(16,55): yellow,nobaggle,notopwall,noleftwall,
Cell(16,57): yellow,nobaggle,notopwall,noleftwall,
Cell(16,59): yellow,nobaggle,notopwall,noleftwall,
Cell(16,60): yellow,nobaggle,notopwall,noleftwall,
Cell(16,62): yellow,nobaggle,notopwall,noleftwall,
Cell(17,29): yellow,nobaggle,notopwall,noleftwall,
Cell(17,30): yellow,nobaggle,notopwall,noleftwall,
Cell(17,31): yellow,nobaggle,notopwall,noleftwall,
Cell(17,33): yellow,nobaggle,notopwall,noleftwall,
Cell(17,36): yellow,nobaggle,notopwall,noleftwall,
Cell(17,39): yellow,nobaggle,notopwall,noleftwall,
Cell(17,41): yellow,nobaggle,notopwall,noleftwall,
Cell(17,42): yellow,nobaggle,notopwall,noleftwall,
Cell(17,45): yellow,nobaggle,notopwall,noleftwall,
Cell(17,46): yellow,nobaggle,notopwall,noleftwall,
Cell(17,48): yellow,nobaggle,notopwall,noleftwall,
Cell(17,49): yellow,nobaggle,notopwall,noleftwall,
Cell(17,50): yellow,nobaggle,notopwall,noleftwall,
Cell(17,52): yellow,nobaggle,notopwall,noleftwall,
Cell(17,55): yellow,nobaggle,notopwall,noleftwall,
Cell(17,56): yellow,nobaggle,notopwall,noleftwall,
Cell(17,61): yellow,nobaggle,notopwall,noleftwall,
Cell(17,62): yellow,nobaggle,notopwall,noleftwall,
Cell(18,22): yellow,nobaggle,notopwall,noleftwall,
Cell(18,24): yellow,nobaggle,notopwall,noleftwall,
Cell(18,25): yellow,nobaggle,notopwall,noleftwall,
Cell(18,30): yellow,nobaggle,notopwall,noleftwall,
Cell(18,31): yellow,nobaggle,notopwall,noleftwall,
Cell(18,33): yellow,nobaggle,notopwall,noleftwall,
Cell(18,35): yellow,nobaggle,notopwall,noleftwall,
Cell(18,39): yellow,nobaggle,notopwall,noleftwall,
Cell(18,40): yellow,nobaggle,notopwall,noleftwall,
Cell(18,41): yellow,nobaggle,notopwall,noleftwall,
Cell(18,42): yellow,nobaggle,notopwall,noleftwall,
Cell(18,44): yellow,nobaggle,notopwall,noleftwall,
Cell(18,49): yellow,nobaggle,notopwall,noleftwall,
Cell(18,55): yellow,nobaggle,notopwall,noleftwall,
Cell(18,57): yellow,nobaggle,notopwall,noleftwall,
Cell(18,60): yellow,nobaggle,notopwall,noleftwall,
Cell(18,61): yellow,nobaggle,notopwall,noleftwall,
Cell(19,22): yellow,nobaggle,notopwall,noleftwall,
Cell(19,23): yellow,nobaggle,notopwall,noleftwall,
Cell(19,24): yellow,nobaggle,notopwall,noleftwall,
Cell(19,29): yellow,nobaggle,notopwall,noleftwall,
Cell(19,30): yellow,nobaggle,notopwall,noleftwall,
Cell(19,31): yellow,nobaggle,notopwall,noleftwall,
Cell(19,32): yellow,nobaggle,notopwall,noleftwall,
Cell(19,33): yellow,nobaggle,notopwall,noleftwall,
Cell(19,35): yellow,nobaggle,notopwall,noleftwall,
Cell(19,36): yellow,nobaggle,notopwall,noleftwall,
Cell(19,39): yellow,nobaggle,notopwall,noleftwall,
Cell(19,40): yellow,nobaggle,notopwall,noleftwall,
Cell(19,41): yellow,nobaggle,notopwall,noleftwall,
Cell(19,42): yellow,nobaggle,notopwall,noleftwall,
Cell(19,43): yellow,nobaggle,notopwall,noleftwall,
Cell(19,44): yellow,nobaggle,notopwall,noleftwall,
Cell(19,45): yellow,nobaggle,notopwall,noleftwall,
Cell(19,46): yellow,nobaggle,notopwall,noleftwall,
Cell(19,47): yellow,nobaggle,notopwall,noleftwall,
Cell(19,48): yellow,nobaggle,notopwall,noleftwall,
Cell(19,55): yellow,nobaggle,notopwall,noleftwall,
Cell(19,57): yellow,nobaggle,notopwall,noleftwall,
Cell(19,60): yellow,nobaggle,notopwall,noleftwall,
Cell(19,61): yellow,nobaggle,notopwall,noleftwall,
Cell(20,22): yellow,nobaggle,notopwall,noleftwall,
Cell(20,23): yellow,nobaggle,notopwall,noleftwall,
Cell(20,24): yellow,nobaggle,notopwall,noleftwall,
Cell(20,32): yellow,nobaggle,notopwall,noleftwall,
Cell(20,33): yellow,nobaggle,notopwall,noleftwall,
Cell(20,34): yellow,nobaggle,notopwall,noleftwall,
Cell(20,35): yellow,nobaggle,notopwall,noleftwall,
Cell(20,36): yellow,nobaggle,notopwall,noleftwall,
Cell(20,37): yellow,nobaggle,notopwall,noleftwall,
Cell(20,39): yellow,nobaggle,notopwall,noleftwall,
Cell(20,40): yellow,nobaggle,notopwall,noleftwall,
Cell(20,42): yellow,nobaggle,notopwall,noleftwall,
Cell(20,45): yellow,nobaggle,notopwall,noleftwall,
Cell(20,47): yellow,nobaggle,notopwall,noleftwall,
Cell(20,48): yellow,nobaggle,notopwall,noleftwall,
Cell(20,52): yellow,nobaggle,notopwall,noleftwall,
Cell(20,53): yellow,nobaggle,notopwall,noleftwall,
Cell(20,60): yellow,nobaggle,notopwall,noleftwall,
Cell(21,14): yellow,nobaggle,notopwall,noleftwall,
Cell(21,15): yellow,nobaggle,notopwall,noleftwall,
Cell(21,16): yellow,nobaggle,notopwall,noleftwall,
Cell(21,21): yellow,nobaggle,notopwall,noleftwall,
Cell(21,22): yellow,nobaggle,notopwall,noleftwall,
Cell(21,25): yellow,nobaggle,notopwall,noleftwall,
Cell(21,26): yellow,nobaggle,notopwall,noleftwall,
Cell(21,33): yellow,nobaggle,notopwall,noleftwall,
Cell(21,35): yellow,nobaggle,notopwall,noleftwall,
Cell(21,36): yellow,nobaggle,notopwall,noleftwall,
Cell(21,37): yellow,nobaggle,notopwall,noleftwall,
Cell(21,38): yellow,nobaggle,notopwall,noleftwall,
Cell(21,40): yellow,nobaggle,notopwall,noleftwall,
Cell(21,42): yellow,nobaggle,notopwall,noleftwall,
Cell(21,44): yellow,nobaggle,notopwall,noleftwall,
Cell(21,45): yellow,nobaggle,notopwall,noleftwall,
Cell(21,46): yellow,nobaggle,notopwall,noleftwall,
Cell(21,52): yellow,nobaggle,notopwall,noleftwall,
Cell(21,53): yellow,nobaggle,notopwall,noleftwall,
Cell(21,54): yellow,nobaggle,notopwall,noleftwall,
Cell(21,56): yellow,nobaggle,notopwall,noleftwall,
Cell(21,58): yellow,nobaggle,notopwall,noleftwall,
Cell(21,59): yellow,nobaggle,notopwall,noleftwall,
Cell(21,60): yellow,nobaggle,notopwall,noleftwall,
Cell(22,13): yellow,nobaggle,notopwall,noleftwall,
Cell(22,14): yellow,nobaggle,notopwall,noleftwall,
Cell(22,16): yellow,nobaggle,notopwall,noleftwall,
Cell(22,17): yellow,nobaggle,notopwall,noleftwall,
Cell(22,18): yellow,nobaggle,notopwall,noleftwall,
Cell(22,21): yellow,nobaggle,notopwall,noleftwall,
Cell(22,22): yellow,nobaggle,notopwall,noleftwall,
Cell(22,23): yellow,nobaggle,notopwall,noleftwall,
Cell(22,24): yellow,nobaggle,notopwall,noleftwall,
Cell(22,25): yellow,nobaggle,notopwall,noleftwall,
Cell(22,26): yellow,nobaggle,notopwall,noleftwall,
Cell(22,27): yellow,nobaggle,notopwall,noleftwall,
Cell(22,33): yellow,nobaggle,notopwall,noleftwall,
Cell(22,35): yellow,nobaggle,notopwall,noleftwall,
Cell(22,36): yellow,nobaggle,notopwall,noleftwall,
Cell(22,42): yellow,nobaggle,notopwall,noleftwall,
Cell(22,43): yellow,nobaggle,notopwall,noleftwall,
Cell(22,44): yellow,nobaggle,notopwall,noleftwall,
Cell(22,47): yellow,nobaggle,notopwall,noleftwall,
Cell(22,48): yellow,nobaggle,notopwall,noleftwall,
Cell(22,50): yellow,nobaggle,notopwall,noleftwall,
Cell(22,54): yellow,nobaggle,notopwall,noleftwall,
Cell(22,55): yellow,nobaggle,notopwall,noleftwall,
Cell(22,57): yellow,nobaggle,notopwall,noleftwall,
Cell(22,58): yellow,nobaggle,notopwall,noleftwall,
Cell(22,60): yellow,nobaggle,notopwall,noleftwall,
Cell(22,61): yellow,nobaggle,notopwall,noleftwall,
Cell(22,62): yellow,nobaggle,notopwall,noleftwall,
Cell(23,12): yellow,nobaggle,notopwall,noleftwall,
Cell(23,13): yellow,nobaggle,notopwall,noleftwall,
Cell(23,15): yellow,nobaggle,notopwall,noleftwall,
Cell(23,17): yellow,nobaggle,notopwall,noleftwall,
Cell(23,18): yellow,nobaggle,notopwall,noleftwall,
Cell(23,19): yellow,nobaggle,notopwall,noleftwall,
Cell(23,20): yellow,nobaggle,notopwall,noleftwall,
Cell(23,21): yellow,nobaggle,notopwall,noleftwall,
Cell(23,22): yellow,nobaggle,notopwall,noleftwall,
Cell(23,23): yellow,nobaggle,notopwall,noleftwall,
Cell(23,25): yellow,nobaggle,notopwall,noleftwall,
Cell(23,27): yellow,nobaggle,notopwall,noleftwall,
Cell(23,28): yellow,nobaggle,notopwall,noleftwall,
Cell(23,33): yellow,nobaggle,notopwall,noleftwall,
Cell(23,34): yellow,nobaggle,notopwall,noleftwall,
Cell(23,35): yellow,nobaggle,notopwall,noleftwall,
Cell(23,40): yellow,nobaggle,notopwall,noleftwall,
Cell(23,44): yellow,nobaggle,notopwall,noleftwall,
Cell(23,45): yellow,nobaggle,notopwall,noleftwall,
Cell(23,46): yellow,nobaggle,notopwall,noleftwall,
Cell(23,47): yellow,nobaggle,notopwall,noleftwall,
Cell(23,48): yellow,nobaggle,notopwall,noleftwall,
Cell(23,50): yellow,nobaggle,notopwall,noleftwall,
Cell(23,51): yellow,nobaggle,notopwall,noleftwall,
Cell(23,52): yellow,nobaggle,notopwall,noleftwall,
Cell(23,53): yellow,nobaggle,notopwall,noleftwall,
Cell(23,54): yellow,nobaggle,notopwall,noleftwall,
Cell(23,55): yellow,nobaggle,notopwall,noleftwall,
Cell(23,56): yellow,nobaggle,notopwall,noleftwall,
Cell(23,57): yellow,nobaggle,notopwall,noleftwall,
Cell(23,58): yellow,nobaggle,notopwall,noleftwall,
Cell(23,59): yellow,nobaggle,notopwall,noleftwall,
Cell(23,60): yellow,nobaggle,notopwall,noleftwall,
Cell(23,61): yellow,nobaggle,notopwall,noleftwall,
Cell(23,62): yellow,nobaggle,notopwall,noleftwall,
Cell(23,63): yellow,nobaggle,notopwall,noleftwall,
Cell(23,64): yellow,nobaggle,notopwall,noleftwall,
Cell(23,65): yellow,nobaggle,notopwall,noleftwall,
Cell(24,11): yellow,nobaggle,notopwall,noleftwall,
Cell(24,12): yellow,nobaggle,notopwall,noleftwall,
Cell(24,14): yellow,nobaggle,notopwall,noleftwall,
Cell(24,15): yellow,nobaggle,notopwall,noleftwall,
Cell(24,20): yellow,nobaggle,notopwall,noleftwall,
Cell(24,22): yellow,nobaggle,notopwall,noleftwall,
Cell(24,23): yellow,nobaggle,notopwall,noleftwall,
Cell(24,27): yellow,nobaggle,notopwall,noleftwall,
Cell(24,36): yellow,nobaggle,notopwall,noleftwall,
Cell(24,39): yellow,nobaggle,notopwall,noleftwall,
Cell(24,40): yellow,nobaggle,notopwall,noleftwall,
Cell(24,42): yellow,nobaggle,notopwall,noleftwall,
Cell(24,43): yellow,nobaggle,notopwall,noleftwall,
Cell(24,46): yellow,nobaggle,notopwall,noleftwall,
Cell(24,47): yellow,nobaggle,notopwall,noleftwall,
Cell(24,52): yellow,nobaggle,notopwall,noleftwall,
Cell(24,56): yellow,nobaggle,notopwall,noleftwall,
Cell(24,57): yellow,nobaggle,notopwall,noleftwall,
Cell(24,59): yellow,nobaggle,notopwall,noleftwall,
Cell(24,60): yellow,nobaggle,notopwall,noleftwall,
Cell(24,61): yellow,nobaggle,notopwall,noleftwall,
Cell(24,63): yellow,nobaggle,notopwall,noleftwall,
Cell(24,64): yellow,nobaggle,notopwall,noleftwall,
Cell(25,8): yellow,nobaggle,notopwall,noleftwall,
Cell(25,9): yellow,nobaggle,notopwall,noleftwall,
Cell(25,10): yellow,nobaggle,notopwall,noleftwall,
Cell(25,11): yellow,nobaggle,notopwall,noleftwall,
Cell(25,13): yellow,nobaggle,notopwall,noleftwall,
Cell(25,14): yellow,nobaggle,notopwall,noleftwall,
Cell(25,20): yellow,nobaggle,notopwall,noleftwall,
Cell(25,21): yellow,nobaggle,notopwall,noleftwall,
Cell(25,22): yellow,nobaggle,notopwall,noleftwall,
Cell(25,31): yellow,nobaggle,notopwall,noleftwall,
Cell(25,32): yellow,nobaggle,notopwall,noleftwall,
Cell(25,33): yellow,nobaggle,notopwall,noleftwall,
Cell(25,36): yellow,nobaggle,notopwall,noleftwall,
Cell(25,37): yellow,nobaggle,notopwall,noleftwall,
Cell(25,38): yellow,nobaggle,notopwall,noleftwall,
Cell(25,39): yellow,nobaggle,notopwall,noleftwall,
Cell(25,41): yellow,nobaggle,notopwall,noleftwall,
Cell(25,42): yellow,nobaggle,notopwall,noleftwall,
Cell(25,43): yellow,nobaggle,notopwall,noleftwall,
Cell(25,44): yellow,nobaggle,notopwall,noleftwall,
Cell(25,45): yellow,nobaggle,notopwall,noleftwall,
Cell(25,47): yellow,nobaggle,notopwall,noleftwall,
Cell(25,49): yellow,nobaggle,notopwall,noleftwall,
Cell(25,50): yellow,nobaggle,notopwall,noleftwall,
Cell(25,51): yellow,nobaggle,notopwall,noleftwall,
Cell(25,55): yellow,nobaggle,notopwall,noleftwall,
Cell(25,56): yellow,nobaggle,notopwall,noleftwall,
Cell(25,61): yellow,nobaggle,notopwall,noleftwall,
Cell(25,63): yellow,nobaggle,notopwall,noleftwall,
Cell(25,64): yellow,nobaggle,notopwall,noleftwall,
Cell(25,65): yellow,nobaggle,notopwall,noleftwall,
Cell(26,8): yellow,nobaggle,notopwall,noleftwall,
Cell(26,10): yellow,nobaggle,notopwall,noleftwall,
Cell(26,11): yellow,nobaggle,notopwall,noleftwall,
Cell(26,12): yellow,nobaggle,notopwall,noleftwall,
Cell(26,15): yellow,nobaggle,notopwall,noleftwall,
Cell(26,17): yellow,nobaggle,notopwall,noleftwall,
Cell(26,18): yellow,nobaggle,notopwall,noleftwall,
Cell(26,21): yellow,nobaggle,notopwall,noleftwall,
Cell(26,22): yellow,nobaggle,notopwall,noleftwall,
Cell(26,23): yellow,nobaggle,notopwall,noleftwall,
Cell(26,25): yellow,nobaggle,notopwall,noleftwall,
Cell(26,27): yellow,nobaggle,notopwall,noleftwall,
Cell(26,28): yellow,nobaggle,notopwall,noleftwall,
Cell(26,31): yellow,nobaggle,notopwall,noleftwall,
Cell(26,32): yellow,nobaggle,notopwall,noleftwall,
Cell(26,33): yellow,nobaggle,notopwall,noleftwall,
Cell(26,34): yellow,nobaggle,notopwall,noleftwall,
Cell(26,35): yellow,nobaggle,notopwall,noleftwall,
Cell(26,37): yellow,nobaggle,notopwall,noleftwall,
Cell(26,40): yellow,nobaggle,notopwall,noleftwall,
Cell(26,42): yellow,nobaggle,notopwall,noleftwall,
Cell(26,45): yellow,nobaggle,notopwall,noleftwall,
Cell(26,49): yellow,nobaggle,notopwall,noleftwall,
Cell(26,51): yellow,nobaggle,notopwall,noleftwall,
Cell(26,56): yellow,nobaggle,notopwall,noleftwall,
Cell(26,57): yellow,nobaggle,notopwall,noleftwall,
Cell(26,60): yellow,nobaggle,notopwall,noleftwall,
Cell(26,61): yellow,nobaggle,notopwall,noleftwall,
Cell(26,62): yellow,nobaggle,notopwall,noleftwall,
Cell(26,65): yellow,nobaggle,notopwall,noleftwall,
Cell(27,8): yellow,nobaggle,notopwall,noleftwall,
Cell(27,9): yellow,nobaggle,notopwall,noleftwall,
Cell(27,14): yellow,nobaggle,notopwall,noleftwall,
Cell(27,16): yellow,nobaggle,notopwall,noleftwall,
Cell(27,20): yellow,nobaggle,notopwall,noleftwall,
Cell(27,22): yellow,nobaggle,notopwall,noleftwall,
Cell(27,23): yellow,nobaggle,notopwall,noleftwall,
Cell(27,24): yellow,nobaggle,notopwall,noleftwall,
Cell(27,25): yellow,nobaggle,notopwall,noleftwall,
Cell(27,26): yellow,nobaggle,notopwall,noleftwall,
Cell(27,27): yellow,nobaggle,notopwall,noleftwall,
Cell(27,28): yellow,nobaggle,notopwall,noleftwall,
Cell(27,30): yellow,nobaggle,notopwall,noleftwall,
Cell(27,31): yellow,nobaggle,notopwall,noleftwall,
Cell(27,32): yellow,nobaggle,notopwall,noleftwall,
Cell(27,33): yellow,nobaggle,notopwall,noleftwall,
Cell(27,34): yellow,nobaggle,notopwall,noleftwall,
Cell(27,35): yellow,nobaggle,notopwall,noleftwall,
Cell(27,36): yellow,nobaggle,notopwall,noleftwall,
Cell(27,38): yellow,nobaggle,notopwall,noleftwall,
Cell(27,43): yellow,nobaggle,notopwall,noleftwall,
Cell(27,44): yellow,nobaggle,notopwall,noleftwall,
Cell(27,47): yellow,nobaggle,notopwall,noleftwall,
Cell(27,49): yellow,nobaggle,notopwall,noleftwall,
Cell(27,50): yellow,nobaggle,notopwall,noleftwall,
Cell(27,51): yellow,nobaggle,notopwall,noleftwall,
Cell(27,56): yellow,nobaggle,notopwall,noleftwall,
Cell(27,61): yellow,nobaggle,notopwall,noleftwall,
Cell(27,62): yellow,nobaggle,notopwall,noleftwall,
Cell(28,7): yellow,nobaggle,notopwall,noleftwall,
Cell(28,10): yellow,nobaggle,notopwall,noleftwall,
Cell(28,11): yellow,nobaggle,notopwall,noleftwall,
Cell(28,12): yellow,nobaggle,notopwall,noleftwall,
Cell(28,13): yellow,nobaggle,notopwall,noleftwall,
Cell(28,14): yellow,nobaggle,notopwall,noleftwall,
Cell(28,15): yellow,nobaggle,notopwall,noleftwall,
Cell(28,16): yellow,nobaggle,notopwall,noleftwall,
Cell(28,17): yellow,nobaggle,notopwall,noleftwall,
Cell(28,18): yellow,nobaggle,notopwall,noleftwall,
Cell(28,21): yellow,nobaggle,notopwall,noleftwall,
Cell(28,22): yellow,nobaggle,notopwall,noleftwall,
Cell(28,24): yellow,nobaggle,notopwall,noleftwall,
Cell(28,28): yellow,nobaggle,notopwall,noleftwall,
Cell(28,29): yellow,nobaggle,notopwall,noleftwall,
Cell(28,30): yellow,nobaggle,notopwall,noleftwall,
Cell(28,32): yellow,nobaggle,notopwall,noleftwall,
Cell(28,33): yellow,nobaggle,notopwall,noleftwall,
Cell(28,39): yellow,nobaggle,notopwall,noleftwall,
Cell(28,44): yellow,nobaggle,notopwall,noleftwall,
Cell(28,47): yellow,nobaggle,notopwall,noleftwall,
Cell(28,48): yellow,nobaggle,notopwall,noleftwall,
Cell(28,49): yellow,nobaggle,notopwall,noleftwall,
Cell(28,50): yellow,nobaggle,notopwall,noleftwall,
Cell(28,54): yellow,nobaggle,notopwall,noleftwall,
Cell(28,56): yellow,nobaggle,notopwall,noleftwall,
Cell(28,57): yellow,nobaggle,notopwall,noleftwall,
Cell(28,59): yellow,nobaggle,notopwall,noleftwall,
Cell(28,60): yellow,nobaggle,notopwall,noleftwall,
Cell(28,61): yellow,nobaggle,notopwall,noleftwall,
Cell(29,6): yellow,nobaggle,notopwall,noleftwall,
Cell(29,7): yellow,nobaggle,notopwall,noleftwall,
Cell(29,8): yellow,nobaggle,notopwall,noleftwall,
Cell(29,10): yellow,nobaggle,notopwall,noleftwall,
Cell(29,11): yellow,nobaggle,notopwall,noleftwall,
Cell(29,13): yellow,nobaggle,notopwall,noleftwall,
Cell(29,20): yellow,nobaggle,notopwall,noleftwall,
Cell(29,21): yellow,nobaggle,notopwall,noleftwall,
Cell(29,22): yellow,nobaggle,notopwall,noleftwall,
Cell(29,27): yellow,nobaggle,notopwall,noleftwall,
Cell(29,28): yellow,nobaggle,notopwall,noleftwall,
Cell(29,33): yellow,nobaggle,notopwall,noleftwall,
Cell(29,36): yellow,nobaggle,notopwall,noleftwall,
Cell(29,38): yellow,nobaggle,notopwall,noleftwall,
Cell(29,39): yellow,nobaggle,notopwall,noleftwall,
Cell(29,41): yellow,nobaggle,notopwall,noleftwall,
Cell(29,42): yellow,nobaggle,notopwall,noleftwall,
Cell(29,44): yellow,nobaggle,notopwall,noleftwall,
Cell(29,45): yellow,nobaggle,notopwall,noleftwall,
Cell(29,46): yellow,nobaggle,notopwall,noleftwall,
Cell(29,49): yellow,nobaggle,notopwall,noleftwall,
Cell(29,50): yellow,nobaggle,notopwall,noleftwall,
Cell(29,51): yellow,nobaggle,notopwall,noleftwall,
Cell(29,52): yellow,nobaggle,notopwall,noleftwall,
Cell(29,53): yellow,nobaggle,notopwall,noleftwall,
Cell(29,54): yellow,nobaggle,notopwall,noleftwall,
Cell(29,55): yellow,nobaggle,notopwall,noleftwall,
Cell(29,56): yellow,nobaggle,notopwall,noleftwall,
Cell(29,57): yellow,nobaggle,notopwall,noleftwall,
Cell(29,60): yellow,nobaggle,notopwall,noleftwall,
Cell(30,5): yellow,nobaggle,notopwall,noleftwall,
Cell(30,6): yellow,nobaggle,notopwall,noleftwall,
Cell(30,11): yellow,nobaggle,notopwall,noleftwall,
Cell(30,19): yellow,nobaggle,notopwall,noleftwall,
Cell(30,20): yellow,nobaggle,notopwall,noleftwall,
Cell(30,22): yellow,nobaggle,notopwall,noleftwall,
Cell(30,28): yellow,nobaggle,notopwall,noleftwall,
Cell(30,30): yellow,nobaggle,notopwall,noleftwall,
Cell(30,31): yellow,nobaggle,notopwall,noleftwall,
Cell(30,32): yellow,nobaggle,notopwall,noleftwall,
Cell(30,33): yellow,nobaggle,notopwall,noleftwall,
Cell(30,38): yellow,nobaggle,notopwall,noleftwall,
Cell(30,39): yellow,nobaggle,notopwall,noleftwall,
Cell(30,42): yellow,nobaggle,notopwall,noleftwall,
Cell(30,44): yellow,nobaggle,notopwall,noleftwall,
Cell(30,47): yellow,nobaggle,notopwall,noleftwall,
Cell(30,48): yellow,nobaggle,notopwall,noleftwall,
Cell(30,51): yellow,nobaggle,notopwall,noleftwall,
Cell(30,53): yellow,nobaggle,notopwall,noleftwall,
Cell(30,58): yellow,nobaggle,notopwall,noleftwall,
Cell(30,59): yellow,nobaggle,notopwall,noleftwall,
Cell(31,2): yellow,nobaggle,notopwall,noleftwall,
Cell(31,5): yellow,nobaggle,notopwall,noleftwall,
Cell(31,6): yellow,nobaggle,notopwall,noleftwall,
Cell(31,7): yellow,nobaggle,notopwall,noleftwall,
Cell(31,10): yellow,nobaggle,notopwall,noleftwall,
Cell(31,11): yellow,nobaggle,notopwall,noleftwall,
Cell(31,30): yellow,nobaggle,notopwall,noleftwall,
Cell(31,31): yellow,nobaggle,notopwall,noleftwall,
Cell(31,32): yellow,nobaggle,notopwall,noleftwall,
Cell(31,33): yellow,nobaggle,notopwall,noleftwall,
Cell(31,37): yellow,nobaggle,notopwall,noleftwall,
Cell(31,42): yellow,nobaggle,notopwall,noleftwall,
Cell(31,44): yellow,nobaggle,notopwall,noleftwall,
Cell(31,45): yellow,nobaggle,notopwall,noleftwall,
Cell(31,48): yellow,nobaggle,notopwall,noleftwall,
Cell(31,49): yellow,nobaggle,notopwall,noleftwall,
Cell(31,50): yellow,nobaggle,notopwall,noleftwall,
Cell(31,52): yellow,nobaggle,notopwall,noleftwall,
Cell(31,55): yellow,nobaggle,notopwall,noleftwall,
Cell(31,59): yellow,nobaggle,notopwall,noleftwall,
Cell(32,2): yellow,nobaggle,notopwall,noleftwall,
Cell(32,3): yellow,nobaggle,notopwall,noleftwall,
Cell(32,4): yellow,nobaggle,notopwall,noleftwall,
Cell(32,6): yellow,nobaggle,notopwall,noleftwall,
Cell(32,11): yellow,nobaggle,notopwall,noleftwall,
Cell(32,12): yellow,nobaggle,notopwall,noleftwall,
Cell(32,30): yellow,nobaggle,notopwall,noleftwall,
Cell(32,36): yellow,nobaggle,notopwall,noleftwall,
Cell(32,37): yellow,nobaggle,notopwall,noleftwall,
Cell(32,41): yellow,nobaggle,notopwall,noleftwall,
Cell(32,43): yellow,nobaggle,notopwall,noleftwall,
Cell(32,44): yellow,nobaggle,notopwall,noleftwall,
Cell(32,46): yellow,nobaggle,notopwall,noleftwall,
Cell(32,47): yellow,nobaggle,notopwall,noleftwall,
Cell(32,50): yellow,nobaggle,notopwall,noleftwall,
Cell(32,52): yellow,nobaggle,notopwall,noleftwall,
Cell(32,55): yellow,nobaggle,notopwall,noleftwall,
Cell(32,56): yellow,nobaggle,notopwall,noleftwall,
Cell(32,57): yellow,nobaggle,notopwall,noleftwall,
Cell(32,58): yellow,nobaggle,notopwall,noleftwall,
Cell(33,3): yellow,nobaggle,notopwall,noleftwall,
Cell(33,4): yellow,nobaggle,notopwall,noleftwall,
Cell(33,6): yellow,nobaggle,notopwall,noleftwall,
Cell(33,7): yellow,nobaggle,notopwall,noleftwall,
Cell(33,8): yellow,nobaggle,notopwall,noleftwall,
Cell(33,10): yellow,nobaggle,notopwall,noleftwall,
Cell(33,11): yellow,nobaggle,notopwall,noleftwall,
Cell(33,28): yellow,nobaggle,notopwall,noleftwall,
Cell(33,29): yellow,nobaggle,notopwall,noleftwall,
Cell(33,30): yellow,nobaggle,notopwall,noleftwall,
Cell(33,32): yellow,nobaggle,notopwall,noleftwall,
Cell(33,34): yellow,nobaggle,notopwall,noleftwall,
Cell(33,35): yellow,nobaggle,notopwall,noleftwall,
Cell(33,37): yellow,nobaggle,notopwall,noleftwall,
Cell(33,40): yellow,nobaggle,notopwall,noleftwall,
Cell(33,41): yellow,nobaggle,notopwall,noleftwall,
Cell(33,43): yellow,nobaggle,notopwall,noleftwall,
Cell(33,45): yellow,nobaggle,notopwall,noleftwall,
Cell(33,46): yellow,nobaggle,notopwall,noleftwall,
Cell(33,47): yellow,nobaggle,notopwall,noleftwall,
Cell(33,49): yellow,nobaggle,notopwall,noleftwall,
Cell(33,50): yellow,nobaggle,notopwall,noleftwall,
Cell(33,51): yellow,nobaggle,notopwall,noleftwall,
Cell(33,54): yellow,nobaggle,notopwall,noleftwall,
Cell(33,57): yellow,nobaggle,notopwall,noleftwall,
Cell(33,58): yellow,nobaggle,notopwall,noleftwall,
Cell(33,59): yellow,nobaggle,notopwall,noleftwall,
Cell(34,2): yellow,nobaggle,notopwall,noleftwall,
Cell(34,3): yellow,nobaggle,notopwall,noleftwall,
Cell(34,4): yellow,nobaggle,notopwall,noleftwall,
Cell(34,5): yellow,nobaggle,notopwall,noleftwall,
Cell(34,6): yellow,nobaggle,notopwall,noleftwall,
Cell(34,7): yellow,nobaggle,notopwall,noleftwall,
Cell(34,8): yellow,nobaggle,notopwall,noleftwall,
Cell(34,9): yellow,nobaggle,notopwall,noleftwall,
Cell(34,10): yellow,nobaggle,notopwall,noleftwall,
Cell(34,11): yellow,nobaggle,notopwall,noleftwall,
Cell(34,12): yellow,nobaggle,notopwall,noleftwall,
Cell(34,13): yellow,nobaggle,notopwall,noleftwall,
Cell(34,14): yellow,nobaggle,notopwall,noleftwall,
Cell(34,28): yellow,nobaggle,notopwall,noleftwall,
Cell(34,29): yellow,nobaggle,notopwall,noleftwall,
Cell(34,33): yellow,nobaggle,notopwall,noleftwall,
Cell(34,34): yellow,nobaggle,notopwall,noleftwall,
Cell(34,35): yellow,nobaggle,notopwall,noleftwall,
Cell(34,36): yellow,nobaggle,notopwall,noleftwall,
Cell(34,37): yellow,nobaggle,notopwall,noleftwall,
Cell(34,39): yellow,nobaggle,notopwall,noleftwall,
Cell(34,40): yellow,nobaggle,notopwall,noleftwall,
Cell(34,44): yellow,nobaggle,notopwall,noleftwall,
Cell(34,47): yellow,nobaggle,notopwall,noleftwall,
Cell(34,51): yellow,nobaggle,notopwall,noleftwall,
Cell(34,52): yellow,nobaggle,notopwall,noleftwall,
Cell(34,53): yellow,nobaggle,notopwall,noleftwall,
Cell(34,54): yellow,nobaggle,notopwall,noleftwall,
Cell(34,55): yellow,nobaggle,notopwall,noleftwall,
Cell(34,59): yellow,nobaggle,notopwall,noleftwall,
Cell(35,5): yellow,nobaggle,notopwall,noleftwall,
Cell(35,6): yellow,nobaggle,notopwall,noleftwall,
Cell(35,7): yellow,nobaggle,notopwall,noleftwall,
Cell(35,9): yellow,nobaggle,notopwall,noleftwall,
Cell(35,10): yellow,nobaggle,notopwall,noleftwall,
Cell(35,12): yellow,nobaggle,notopwall,noleftwall,
Cell(35,13): yellow,nobaggle,notopwall,noleftwall,
Cell(35,26): yellow,nobaggle,notopwall,noleftwall,
Cell(35,29): yellow,nobaggle,notopwall,noleftwall,
Cell(35,33): yellow,nobaggle,notopwall,noleftwall,
Cell(35,40): yellow,nobaggle,notopwall,noleftwall,
Cell(35,41): yellow,nobaggle,notopwall,noleftwall,
Cell(35,43): yellow,nobaggle,notopwall,noleftwall,
Cell(35,49): yellow,nobaggle,notopwall,noleftwall,
Cell(35,50): yellow,nobaggle,notopwall,noleftwall,
Cell(35,51): yellow,nobaggle,notopwall,noleftwall,
Cell(35,56): yellow,nobaggle,notopwall,noleftwall,
Cell(35,57): yellow,nobaggle,notopwall,noleftwall,
Cell(36,7): yellow,nobaggle,notopwall,noleftwall,
Cell(36,8): yellow,nobaggle,notopwall,noleftwall,
Cell(36,9): yellow,nobaggle,notopwall,noleftwall,
Cell(36,11): yellow,nobaggle,notopwall,noleftwall,
Cell(36,13): yellow,nobaggle,notopwall,noleftwall,
Cell(36,14): yellow,nobaggle,notopwall,noleftwall,
Cell(36,26): yellow,nobaggle,notopwall,noleftwall,
Cell(36,27): yellow,nobaggle,notopwall,noleftwall,
Cell(36,29): yellow,nobaggle,notopwall,noleftwall,
Cell(36,31): yellow,nobaggle,notopwall,noleftwall,
Cell(36,32): yellow,nobaggle,notopwall,noleftwall,
Cell(36,33): yellow,nobaggle,notopwall,noleftwall,
Cell(36,36): yellow,nobaggle,notopwall,noleftwall,
Cell(36,40): yellow,nobaggle,notopwall,noleftwall,
Cell(36,43): yellow,nobaggle,notopwall,noleftwall,
Cell(36,46): yellow,nobaggle,notopwall,noleftwall,
Cell(36,47): yellow,nobaggle,notopwall,noleftwall,
Cell(36,49): yellow,nobaggle,notopwall,noleftwall,
Cell(36,51): yellow,nobaggle,notopwall,noleftwall,
Cell(36,52): yellow,nobaggle,notopwall,noleftwall,
Cell(36,53): yellow,nobaggle,notopwall,noleftwall,
Cell(37,7): yellow,nobaggle,notopwall,noleftwall,
Cell(37,14): yellow,nobaggle,notopwall,noleftwall,
Cell(37,27): yellow,nobaggle,notopwall,noleftwall,
Cell(37,28): yellow,nobaggle,notopwall,noleftwall,
Cell(37,30): yellow,nobaggle,notopwall,noleftwall,
Cell(37,31): yellow,nobaggle,notopwall,noleftwall,
Cell(37,33): yellow,nobaggle,notopwall,noleftwall,
Cell(37,34): yellow,nobaggle,notopwall,noleftwall,
Cell(37,35): yellow,nobaggle,notopwall,noleftwall,
Cell(37,41): yellow,nobaggle,notopwall,noleftwall,
Cell(37,44): yellow,nobaggle,notopwall,noleftwall,
Cell(37,45): yellow,nobaggle,notopwall,noleftwall,
Cell(37,46): yellow,nobaggle,notopwall,noleftwall,
Cell(37,51): yellow,nobaggle,notopwall,noleftwall,
Cell(37,52): yellow,nobaggle,notopwall,noleftwall,
Cell(38,6): yellow,nobaggle,notopwall,noleftwall,
Cell(38,7): yellow,nobaggle,notopwall,noleftwall,
Cell(38,10): yellow,nobaggle,notopwall,noleftwall,
Cell(38,12): yellow,nobaggle,notopwall,noleftwall,
Cell(38,26): yellow,nobaggle,notopwall,noleftwall,
Cell(38,27): yellow,nobaggle,notopwall,noleftwall,
Cell(38,28): yellow,nobaggle,notopwall,noleftwall,
Cell(38,29): yellow,nobaggle,notopwall,noleftwall,
Cell(38,30): yellow,nobaggle,notopwall,noleftwall,
Cell(38,31): yellow,nobaggle,notopwall,noleftwall,
Cell(38,32): yellow,nobaggle,notopwall,noleftwall,
Cell(38,33): yellow,nobaggle,notopwall,noleftwall,
Cell(38,34): yellow,nobaggle,notopwall,noleftwall,
Cell(38,35): yellow,nobaggle,notopwall,noleftwall,
Cell(38,36): yellow,nobaggle,notopwall,noleftwall,
Cell(38,37): yellow,nobaggle,notopwall,noleftwall,
Cell(38,38): yellow,nobaggle,notopwall,noleftwall,
Cell(38,39): yellow,nobaggle,notopwall,noleftwall,
Cell(38,41): yellow,nobaggle,notopwall,noleftwall,
Cell(38,43): yellow,nobaggle,notopwall,noleftwall,
Cell(38,47): yellow,nobaggle,notopwall,noleftwall,
Cell(38,48): yellow,nobaggle,notopwall,noleftwall,
Cell(38,52): yellow,nobaggle,notopwall,noleftwall,
Cell(39,6): yellow,nobaggle,notopwall,noleftwall,
Cell(39,7): yellow,nobaggle,notopwall,noleftwall,
Cell(39,10): yellow,nobaggle,notopwall,noleftwall,
Cell(39,12): yellow,nobaggle,notopwall,noleftwall,
Cell(39,29): yellow,nobaggle,notopwall,noleftwall,
Cell(39,30): yellow,nobaggle,notopwall,noleftwall,
Cell(39,32): yellow,nobaggle,notopwall,noleftwall,
Cell(39,33): yellow,nobaggle,notopwall,noleftwall,
Cell(39,34): yellow,nobaggle,notopwall,noleftwall,
Cell(39,36): yellow,nobaggle,notopwall,noleftwall,
Cell(39,39): yellow,nobaggle,notopwall,noleftwall,
Cell(39,41): yellow,nobaggle,notopwall,noleftwall,
Cell(39,43): yellow,nobaggle,notopwall,noleftwall,
Cell(39,47): yellow,nobaggle,notopwall,noleftwall,
Cell(39,48): yellow,nobaggle,notopwall,noleftwall,
Cell(39,51): yellow,nobaggle,notopwall,noleftwall,
Cell(39,52): yellow,nobaggle,notopwall,noleftwall,
Cell(40,5): yellow,nobaggle,notopwall,noleftwall,
Cell(40,6): yellow,nobaggle,notopwall,noleftwall,
Cell(40,11): yellow,nobaggle,notopwall,noleftwall,
Cell(40,12): yellow,nobaggle,notopwall,noleftwall,
Cell(40,28): yellow,nobaggle,notopwall,noleftwall,
Cell(40,29): yellow,nobaggle,notopwall,noleftwall,
Cell(40,34): yellow,nobaggle,notopwall,noleftwall,
Cell(40,36): yellow,nobaggle,notopwall,noleftwall,
Cell(40,39): yellow,nobaggle,notopwall,noleftwall,
Cell(40,40): yellow,nobaggle,notopwall,noleftwall,
Cell(40,43): yellow,nobaggle,notopwall,noleftwall,
Cell(40,45): yellow,nobaggle,notopwall,noleftwall,
Cell(40,46): yellow,nobaggle,notopwall,noleftwall,
Cell(40,48): yellow,nobaggle,notopwall,noleftwall,
Cell(40,49): yellow,nobaggle,notopwall,noleftwall,
Cell(40,50): yellow,nobaggle,notopwall,noleftwall,
Cell(41,5): yellow,nobaggle,notopwall,noleftwall,
Cell(41,7): yellow,nobaggle,notopwall,noleftwall,
Cell(41,8): yellow,nobaggle,notopwall,noleftwall,
Cell(41,10): yellow,nobaggle,notopwall,noleftwall,
Cell(41,12): yellow,nobaggle,notopwall,noleftwall,
Cell(41,29): yellow,nobaggle,notopwall,noleftwall,
Cell(41,30): yellow,nobaggle,notopwall,noleftwall,
Cell(41,33): yellow,nobaggle,notopwall,noleftwall,
Cell(41,34): yellow,nobaggle,notopwall,noleftwall,
Cell(41,35): yellow,nobaggle,notopwall,noleftwall,
Cell(41,38): yellow,nobaggle,notopwall,noleftwall,
Cell(41,40): yellow,nobaggle,notopwall,noleftwall,
Cell(41,41): yellow,nobaggle,notopwall,noleftwall,
Cell(41,43): yellow,nobaggle,notopwall,noleftwall,
Cell(41,44): yellow,nobaggle,notopwall,noleftwall,
Cell(41,50): yellow,nobaggle,notopwall,noleftwall,
Cell(42,5): yellow,nobaggle,notopwall,noleftwall,
Cell(42,6): yellow,nobaggle,notopwall,noleftwall,
Cell(42,8): yellow,nobaggle,notopwall,noleftwall,
Cell(42,9): yellow,nobaggle,notopwall,noleftwall,
Cell(42,11): yellow,nobaggle,notopwall,noleftwall,
Cell(42,12): yellow,nobaggle,notopwall,noleftwall,
Cell(42,18): yellow,nobaggle,notopwall,noleftwall,
Cell(42,20): yellow,nobaggle,notopwall,noleftwall,
Cell(42,21): yellow,nobaggle,notopwall,noleftwall,
Cell(42,29): yellow,nobaggle,notopwall,noleftwall,
Cell(42,34): yellow,nobaggle,notopwall,noleftwall,
Cell(42,35): yellow,nobaggle,notopwall,noleftwall,
Cell(42,37): yellow,nobaggle,notopwall,noleftwall,
Cell(42,38): yellow,nobaggle,notopwall,noleftwall,
Cell(42,41): yellow,nobaggle,notopwall,noleftwall,
Cell(42,45): yellow,nobaggle,notopwall,noleftwall,
Cell(43,6): yellow,nobaggle,notopwall,noleftwall,
Cell(43,7): yellow,nobaggle,notopwall,noleftwall,
Cell(43,9): yellow,nobaggle,notopwall,noleftwall,
Cell(43,12): yellow,nobaggle,notopwall,noleftwall,
Cell(43,13): yellow,nobaggle,notopwall,noleftwall,
Cell(43,18): yellow,nobaggle,notopwall,noleftwall,
Cell(43,19): yellow,nobaggle,notopwall,noleftwall,
Cell(43,20): yellow,nobaggle,notopwall,noleftwall,
Cell(43,27): yellow,nobaggle,notopwall,noleftwall,
Cell(43,29): yellow,nobaggle,notopwall,noleftwall,
Cell(43,30): yellow,nobaggle,notopwall,noleftwall,
Cell(43,32): yellow,nobaggle,notopwall,noleftwall,
Cell(43,33): yellow,nobaggle,notopwall,noleftwall,
Cell(43,34): yellow,nobaggle,notopwall,noleftwall,
Cell(43,35): yellow,nobaggle,notopwall,noleftwall,
Cell(43,36): yellow,nobaggle,notopwall,noleftwall,
Cell(43,43): yellow,nobaggle,notopwall,noleftwall,
Cell(43,45): yellow,nobaggle,notopwall,noleftwall,
Cell(44,7): yellow,nobaggle,notopwall,noleftwall,
Cell(44,8): yellow,nobaggle,notopwall,noleftwall,
Cell(44,10): yellow,nobaggle,notopwall,noleftwall,
Cell(44,12): yellow,nobaggle,notopwall,noleftwall,
Cell(44,16): yellow,nobaggle,notopwall,noleftwall,
Cell(44,18): yellow,nobaggle,notopwall,noleftwall,
Cell(44,19): yellow,nobaggle,notopwall,noleftwall,
Cell(44,22): yellow,nobaggle,notopwall,noleftwall,
Cell(44,23): yellow,nobaggle,notopwall,noleftwall,
Cell(44,24): yellow,nobaggle,notopwall,noleftwall,
Cell(44,25): yellow,nobaggle,notopwall,noleftwall,
Cell(44,26): yellow,nobaggle,notopwall,noleftwall,
Cell(44,27): yellow,nobaggle,notopwall,noleftwall,
Cell(44,28): yellow,nobaggle,notopwall,noleftwall,
Cell(44,29): yellow,nobaggle,notopwall,noleftwall,
Cell(44,30): yellow,nobaggle,notopwall,noleftwall,
Cell(44,33): yellow,nobaggle,notopwall,noleftwall,
Cell(44,37): yellow,nobaggle,notopwall,noleftwall,
Cell(44,38): yellow,nobaggle,notopwall,noleftwall,
Cell(44,40): yellow,nobaggle,notopwall,noleftwall,
Cell(44,41): yellow,nobaggle,notopwall,noleftwall,
Cell(44,44): yellow,nobaggle,notopwall,noleftwall,
Cell(44,45): yellow,nobaggle,notopwall,noleftwall,
Cell(45,8): yellow,nobaggle,notopwall,noleftwall,
Cell(45,9): yellow,nobaggle,notopwall,noleftwall,
Cell(45,10): yellow,nobaggle,notopwall,noleftwall,
Cell(45,12): yellow,nobaggle,notopwall,noleftwall,
Cell(45,13): yellow,nobaggle,notopwall,noleftwall,
Cell(45,14): yellow,nobaggle,notopwall,noleftwall,
Cell(45,15): yellow,nobaggle,notopwall,noleftwall,
Cell(45,16): yellow,nobaggle,notopwall,noleftwall,
Cell(45,17): yellow,nobaggle,notopwall,noleftwall,
Cell(45,18): yellow,nobaggle,notopwall,noleftwall,
Cell(45,20): yellow,nobaggle,notopwall,noleftwall,
Cell(45,24): yellow,nobaggle,notopwall,noleftwall,
Cell(45,26): yellow,nobaggle,notopwall,noleftwall,
Cell(45,31): yellow,nobaggle,notopwall,noleftwall,
Cell(45,32): yellow,nobaggle,notopwall,noleftwall,
Cell(45,34): yellow,nobaggle,notopwall,noleftwall,
Cell(45,35): yellow,nobaggle,notopwall,noleftwall,
Cell(45,38): yellow,nobaggle,notopwall,noleftwall,
Cell(45,39): yellow,nobaggle,notopwall,noleftwall,
Cell(45,40): yellow,nobaggle,notopwall,noleftwall,
Cell(45,42): yellow,nobaggle,notopwall,noleftwall,
Cell(45,43): yellow,nobaggle,notopwall,noleftwall,
Cell(46,9): yellow,nobaggle,notopwall,noleftwall,
Cell(46,10): yellow,nobaggle,notopwall,noleftwall,
Cell(46,12): yellow,nobaggle,notopwall,noleftwall,
Cell(46,13): yellow,nobaggle,notopwall,noleftwall,
Cell(46,15): yellow,nobaggle,notopwall,noleftwall,
Cell(46,17): yellow,nobaggle,notopwall,noleftwall,
Cell(46,18): yellow,nobaggle,notopwall,noleftwall,
Cell(46,19): yellow,nobaggle,notopwall,noleftwall,
Cell(46,22): yellow,nobaggle,notopwall,noleftwall,
Cell(46,23): yellow,nobaggle,notopwall,noleftwall,
Cell(46,25): yellow,nobaggle,notopwall,noleftwall,
Cell(46,28): yellow,nobaggle,notopwall,noleftwall,
Cell(46,29): yellow,nobaggle,notopwall,noleftwall,
Cell(46,30): yellow,nobaggle,notopwall,noleftwall,
Cell(46,32): yellow,nobaggle,notopwall,noleftwall,
Cell(46,34): yellow,nobaggle,notopwall,noleftwall,
Cell(46,36): yellow,nobaggle,notopwall,noleftwall,
Cell(46,37): yellow,nobaggle,notopwall,noleftwall,
Cell(46,39): yellow,nobaggle,notopwall,noleftwall,
Cell(46,40): yellow,nobaggle,notopwall,noleftwall,
Cell(46,41): yellow,nobaggle,notopwall,noleftwall,
Cell(46,42): yellow,nobaggle,notopwall,noleftwall,
Cell(46,43): yellow,nobaggle,notopwall,noleftwall,
Cell(46,44): yellow,nobaggle,notopwall,noleftwall,
Cell(46,45): yellow,nobaggle,notopwall,noleftwall,
Cell(46,46): yellow,nobaggle,notopwall,noleftwall,
Cell(46,60): yellow,nobaggle,notopwall,noleftwall,
Cell(46,61): yellow,nobaggle,notopwall,noleftwall,
Cell(46,62): yellow,nobaggle,notopwall,noleftwall,
Cell(47,9): yellow,nobaggle,notopwall,noleftwall,
Cell(47,11): yellow,nobaggle,notopwall,noleftwall,
Cell(47,18): yellow,nobaggle,notopwall,noleftwall,
Cell(47,19): yellow,nobaggle,notopwall,noleftwall,
Cell(47,20): yellow,nobaggle,notopwall,noleftwall,
Cell(47,26): yellow,nobaggle,notopwall,noleftwall,
Cell(47,27): yellow,nobaggle,notopwall,noleftwall,
Cell(47,29): yellow,nobaggle,notopwall,noleftwall,
Cell(47,30): yellow,nobaggle,notopwall,noleftwall,
Cell(47,31): yellow,nobaggle,notopwall,noleftwall,
Cell(47,32): yellow,nobaggle,notopwall,noleftwall,
Cell(47,33): yellow,nobaggle,notopwall,noleftwall,
Cell(47,34): yellow,nobaggle,notopwall,noleftwall,
Cell(47,35): yellow,nobaggle,notopwall,noleftwall,
Cell(47,36): yellow,nobaggle,notopwall,noleftwall,
Cell(47,37): yellow,nobaggle,notopwall,noleftwall,
Cell(47,40): yellow,nobaggle,notopwall,noleftwall,
Cell(47,41): yellow,nobaggle,notopwall,noleftwall,
Cell(47,42): yellow,nobaggle,notopwall,noleftwall,
Cell(47,44): yellow,nobaggle,notopwall,noleftwall,
Cell(47,45): yellow,nobaggle,notopwall,noleftwall,
Cell(47,59): yellow,nobaggle,notopwall,noleftwall,
Cell(47,60): yellow,nobaggle,notopwall,noleftwall,
Cell(47,62): yellow,nobaggle,notopwall,noleftwall,
Cell(48,9): yellow,nobaggle,notopwall,noleftwall,
Cell(48,10): yellow,nobaggle,notopwall,noleftwall,
Cell(48,11): yellow,nobaggle,notopwall,noleftwall,
Cell(48,13): yellow,nobaggle,notopwall,noleftwall,
Cell(48,17): yellow,nobaggle,notopwall,noleftwall,
Cell(48,18): yellow,nobaggle,notopwall,noleftwall,
Cell(48,20): yellow,nobaggle,notopwall,noleftwall,
Cell(48,25): yellow,nobaggle,notopwall,noleftwall,
Cell(48,26): yellow,nobaggle,notopwall,noleftwall,
Cell(48,28): yellow,nobaggle,notopwall,noleftwall,
Cell(48,29): yellow,nobaggle,notopwall,noleftwall,
Cell(48,34): yellow,nobaggle,notopwall,noleftwall,
Cell(48,35): yellow,nobaggle,notopwall,noleftwall,
Cell(48,37): yellow,nobaggle,notopwall,noleftwall,
Cell(48,42): yellow,nobaggle,notopwall,noleftwall,
Cell(48,43): yellow,nobaggle,notopwall,noleftwall,
Cell(48,45): yellow,nobaggle,notopwall,noleftwall,
Cell(48,46): yellow,nobaggle,notopwall,noleftwall,
Cell(48,61): yellow,nobaggle,notopwall,noleftwall,
Cell(48,62): yellow,nobaggle,notopwall,noleftwall,
Cell(49,12): yellow,nobaggle,notopwall,noleftwall,
Cell(49,13): yellow,nobaggle,notopwall,noleftwall,
Cell(49,15): yellow,nobaggle,notopwall,noleftwall,
Cell(49,17): yellow,nobaggle,notopwall,noleftwall,
Cell(49,18): yellow,nobaggle,notopwall,noleftwall,
Cell(49,19): yellow,nobaggle,notopwall,noleftwall,
Cell(49,20): yellow,nobaggle,notopwall,noleftwall,
Cell(49,21): yellow,nobaggle,notopwall,noleftwall,
Cell(49,22): yellow,nobaggle,notopwall,noleftwall,
Cell(49,23): yellow,nobaggle,notopwall,noleftwall,
Cell(49,25): yellow,nobaggle,notopwall,noleftwall,
Cell(49,27): yellow,nobaggle,notopwall,noleftwall,
Cell(49,28): yellow,nobaggle,notopwall,noleftwall,
Cell(49,43): yellow,nobaggle,notopwall,noleftwall,
Cell(49,46): yellow,nobaggle,notopwall,noleftwall,
Cell(49,58): yellow,nobaggle,notopwall,noleftwall,
Cell(49,59): yellow,nobaggle,notopwall,noleftwall,
Cell(49,61): yellow,nobaggle,notopwall,noleftwall,
Cell(49,62): yellow,nobaggle,notopwall,noleftwall,
Cell(49,63): yellow,nobaggle,notopwall,noleftwall,
Cell(50,13): yellow,nobaggle,notopwall,noleftwall,
Cell(50,14): yellow,nobaggle,notopwall,noleftwall,
Cell(50,15): yellow,nobaggle,notopwall,noleftwall,
Cell(50,16): yellow,nobaggle,notopwall,noleftwall,
Cell(50,17): yellow,nobaggle,notopwall,noleftwall,
Cell(50,18): yellow,nobaggle,notopwall,noleftwall,
Cell(50,19): yellow,nobaggle,notopwall,noleftwall,
Cell(50,22): yellow,nobaggle,notopwall,noleftwall,
Cell(50,23): yellow,nobaggle,notopwall,noleftwall,
Cell(50,24): yellow,nobaggle,notopwall,noleftwall,
Cell(50,26): yellow,nobaggle,notopwall,noleftwall,
Cell(50,27): yellow,nobaggle,notopwall,noleftwall,
Cell(50,38): yellow,nobaggle,notopwall,noleftwall,
Cell(50,41): yellow,nobaggle,notopwall,noleftwall,
Cell(50,42): yellow,nobaggle,notopwall,noleftwall,
Cell(50,43): yellow,nobaggle,notopwall,noleftwall,
Cell(50,44): yellow,nobaggle,notopwall,noleftwall,
Cell(50,59): yellow,nobaggle,notopwall,noleftwall,
Cell(50,61): yellow,nobaggle,notopwall,noleftwall,
Cell(50,63): yellow,nobaggle,notopwall,noleftwall,
Cell(50,64): yellow,nobaggle,notopwall,noleftwall,
Cell(51,14): yellow,nobaggle,notopwall,noleftwall,
Cell(51,15): yellow,nobaggle,notopwall,noleftwall,
Cell(51,18): yellow,nobaggle,notopwall,noleftwall,
Cell(51,19): yellow,nobaggle,notopwall,noleftwall,
Cell(51,24): yellow,nobaggle,notopwall,noleftwall,
Cell(51,25): yellow,nobaggle,notopwall,noleftwall,
Cell(51,26): yellow,nobaggle,notopwall,noleftwall,
Cell(51,37): yellow,nobaggle,notopwall,noleftwall,
Cell(51,38): yellow,nobaggle,notopwall,noleftwall,
Cell(51,39): yellow,nobaggle,notopwall,noleftwall,
Cell(51,41): yellow,nobaggle,notopwall,noleftwall,
Cell(51,42): yellow,nobaggle,notopwall,noleftwall,
Cell(51,44): yellow,nobaggle,notopwall,noleftwall,
Cell(51,58): yellow,nobaggle,notopwall,noleftwall,
Cell(51,59): yellow,nobaggle,notopwall,noleftwall,
Cell(51,62): yellow,nobaggle,notopwall,noleftwall,
Cell(51,64): yellow,nobaggle,notopwall,noleftwall,
Cell(51,65): yellow,nobaggle,notopwall,noleftwall,
Cell(52,16): yellow,nobaggle,notopwall,noleftwall,
Cell(52,17): yellow,nobaggle,notopwall,noleftwall,
Cell(52,18): yellow,nobaggle,notopwall,noleftwall,
Cell(52,36): yellow,nobaggle,notopwall,noleftwall,
Cell(52,37): yellow,nobaggle,notopwall,noleftwall,
Cell(52,42): yellow,nobaggle,notopwall,noleftwall,
Cell(52,59): yellow,nobaggle,notopwall,noleftwall,
Cell(52,60): yellow,nobaggle,notopwall,noleftwall,
Cell(52,62): yellow,nobaggle,notopwall,noleftwall,
Cell(52,63): yellow,nobaggle,notopwall,noleftwall,
Cell(52,65): yellow,nobaggle,notopwall,noleftwall,
Cell(52,66): yellow,nobaggle,notopwall,noleftwall,
Cell(53,16): yellow,nobaggle,notopwall,noleftwall,
Cell(53,17): yellow,nobaggle,notopwall,noleftwall,
Cell(53,18): yellow,nobaggle,notopwall,noleftwall,
Cell(53,33): yellow,nobaggle,notopwall,noleftwall,
Cell(53,36): yellow,nobaggle,notopwall,noleftwall,
Cell(53,37): yellow,nobaggle,notopwall,noleftwall,
Cell(53,38): yellow,nobaggle,notopwall,noleftwall,
Cell(53,41): yellow,nobaggle,notopwall,noleftwall,
Cell(53,42): yellow,nobaggle,notopwall,noleftwall,
Cell(53,59): yellow,nobaggle,notopwall,noleftwall,
Cell(53,61): yellow,nobaggle,notopwall,noleftwall,
Cell(53,63): yellow,nobaggle,notopwall,noleftwall,
Cell(53,64): yellow,nobaggle,notopwall,noleftwall,
Cell(53,66): yellow,nobaggle,notopwall,noleftwall,
Cell(54,15): yellow,nobaggle,notopwall,noleftwall,
Cell(54,16): yellow,nobaggle,notopwall,noleftwall,
Cell(54,18): yellow,nobaggle,notopwall,noleftwall,
Cell(54,33): yellow,nobaggle,notopwall,noleftwall,
Cell(54,34): yellow,nobaggle,notopwall,noleftwall,
Cell(54,35): yellow,nobaggle,notopwall,noleftwall,
Cell(54,37): yellow,nobaggle,notopwall,noleftwall,
Cell(54,42): yellow,nobaggle,notopwall,noleftwall,
Cell(54,43): yellow,nobaggle,notopwall,noleftwall,
Cell(54,59): yellow,nobaggle,notopwall,noleftwall,
Cell(54,60): yellow,nobaggle,notopwall,noleftwall,
Cell(54,65): yellow,nobaggle,notopwall,noleftwall,
Cell(54,66): yellow,nobaggle,notopwall,noleftwall,
Cell(55,34): yellow,nobaggle,notopwall,noleftwall,
Cell(55,35): yellow,nobaggle,notopwall,noleftwall,
Cell(55,37): yellow,nobaggle,notopwall,noleftwall,
Cell(55,38): yellow,nobaggle,notopwall,noleftwall,
Cell(55,39): yellow,nobaggle,notopwall,noleftwall,
Cell(55,41): yellow,nobaggle,notopwall,noleftwall,
Cell(55,42): yellow,nobaggle,notopwall,noleftwall,
Cell(55,59): yellow,nobaggle,notopwall,noleftwall,
Cell(55,61): yellow,nobaggle,notopwall,noleftwall,
Cell(55,64): yellow,nobaggle,notopwall,noleftwall,
Cell(55,65): yellow,nobaggle,notopwall,noleftwall,
Cell(56,33): yellow,nobaggle,notopwall,noleftwall,
Cell(56,34): yellow,nobaggle,notopwall,noleftwall,
Cell(56,35): yellow,nobaggle,notopwall,noleftwall,
Cell(56,36): yellow,nobaggle,notopwall,noleftwall,
Cell(56,37): yellow,nobaggle,notopwall,noleftwall,
Cell(56,38): yellow,nobaggle,notopwall,noleftwall,
Cell(56,39): yellow,nobaggle,notopwall,noleftwall,
Cell(56,40): yellow,nobaggle,notopwall,noleftwall,
Cell(56,41): yellow,nobaggle,notopwall,noleftwall,
Cell(56,42): yellow,nobaggle,notopwall,noleftwall,
Cell(56,43): yellow,nobaggle,notopwall,noleftwall,
Cell(56,44): yellow,nobaggle,notopwall,noleftwall,
Cell(56,45): yellow,nobaggle,notopwall,noleftwall,
Cell(56,59): yellow,nobaggle,notopwall,noleftwall,
Cell(56,61): yellow,nobaggle,notopwall,noleftwall,
Cell(56,64): yellow,nobaggle,notopwall,noleftwall,
Cell(56,65): yellow,nobaggle,notopwall,noleftwall,
Cell(57,36): yellow,nobaggle,notopwall,noleftwall,
Cell(57,37): yellow,nobaggle,notopwall,noleftwall,
Cell(57,38): yellow,nobaggle,notopwall,noleftwall,
Cell(57,40): yellow,nobaggle,notopwall,noleftwall,
Cell(57,41): yellow,nobaggle,notopwall,noleftwall,
Cell(57,43): yellow,nobaggle,notopwall,noleftwall,
Cell(57,44): yellow,nobaggle,notopwall,noleftwall,
Cell(57,57): yellow,nobaggle,notopwall,noleftwall,
Cell(57,64): yellow,nobaggle,notopwall,noleftwall,
Cell(58,38): yellow,nobaggle,notopwall,noleftwall,
Cell(58,39): yellow,nobaggle,notopwall,noleftwall,
Cell(58,40): yellow,nobaggle,notopwall,noleftwall,
Cell(58,42): yellow,nobaggle,notopwall,noleftwall,
Cell(58,44): yellow,nobaggle,notopwall,noleftwall,
Cell(58,45): yellow,nobaggle,notopwall,noleftwall,
Cell(58,57): yellow,nobaggle,notopwall,noleftwall,
Cell(58,58): yellow,nobaggle,notopwall,noleftwall,
Cell(58,60): yellow,nobaggle,notopwall,noleftwall,
Cell(58,62): yellow,nobaggle,notopwall,noleftwall,
Cell(58,63): yellow,nobaggle,notopwall,noleftwall,
Cell(58,64): yellow,nobaggle,notopwall,noleftwall,
Cell(59,38): yellow,nobaggle,notopwall,noleftwall,
Cell(59,45): yellow,nobaggle,notopwall,noleftwall,
Cell(59,58): yellow,nobaggle,notopwall,noleftwall,
Cell(59,59): yellow,nobaggle,notopwall,noleftwall,
Cell(59,61): yellow,nobaggle,notopwall,noleftwall,
Cell(59,62): yellow,nobaggle,notopwall,noleftwall,
Cell(59,64): yellow,nobaggle,notopwall,noleftwall,
Cell(59,65): yellow,nobaggle,notopwall,noleftwall,
Cell(59,66): yellow,nobaggle,notopwall,noleftwall,
Cell(60,37): yellow,nobaggle,notopwall,noleftwall,
Cell(60,38): yellow,nobaggle,notopwall,noleftwall,
Cell(60,41): yellow,nobaggle,notopwall,noleftwall,
Cell(60,43): yellow,nobaggle,notopwall,noleftwall,
Cell(60,57): yellow,nobaggle,notopwall,noleftwall,
Cell(60,58): yellow,nobaggle,notopwall,noleftwall,
Cell(60,59): yellow,nobaggle,notopwall,noleftwall,
Cell(60,60): yellow,nobaggle,notopwall,noleftwall,
Cell(60,61): yellow,nobaggle,notopwall,noleftwall,
Cell(60,62): yellow,nobaggle,notopwall,noleftwall,
Cell(60,63): yellow,nobaggle,notopwall,noleftwall,
Cell(60,64): yellow,nobaggle,notopwall,noleftwall,
Cell(60,65): yellow,nobaggle,notopwall,noleftwall,
Cell(60,66): yellow,nobaggle,notopwall,noleftwall,
Cell(60,67): yellow,nobaggle,notopwall,noleftwall,
Cell(60,68): yellow,nobaggle,notopwall,noleftwall,
Cell(60,69): yellow,nobaggle,notopwall,noleftwall,
Cell(61,37): yellow,nobaggle,notopwall,noleftwall,
Cell(61,38): yellow,nobaggle,notopwall,noleftwall,
Cell(61,41): yellow,nobaggle,notopwall,noleftwall,
Cell(61,43): yellow,nobaggle,notopwall,noleftwall,
Cell(61,60): yellow,nobaggle,notopwall,noleftwall,
Cell(61,61): yellow,nobaggle,notopwall,noleftwall,
Cell(61,63): yellow,nobaggle,notopwall,noleftwall,
Cell(61,64): yellow,nobaggle,notopwall,noleftwall,
Cell(61,65): yellow,nobaggle,notopwall,noleftwall,
Cell(61,67): yellow,nobaggle,notopwall,noleftwall,
Cell(61,68): yellow,nobaggle,notopwall,noleftwall,
Cell(62,36): yellow,nobaggle,notopwall,noleftwall,
Cell(62,37): yellow,nobaggle,notopwall,noleftwall,
Cell(62,42): yellow,nobaggle,notopwall,noleftwall,
Cell(62,43): yellow,nobaggle,notopwall,noleftwall,
Cell(62,59): yellow,nobaggle,notopwall,noleftwall,
Cell(62,60): yellow,nobaggle,notopwall,noleftwall,
Cell(62,65): yellow,nobaggle,notopwall,noleftwall,
Cell(62,67): yellow,nobaggle,notopwall,noleftwall,
Cell(62,68): yellow,nobaggle,notopwall,noleftwall,
Cell(62,69): yellow,nobaggle,notopwall,noleftwall,
Cell(63,36): yellow,nobaggle,notopwall,noleftwall,
Cell(63,38): yellow,nobaggle,notopwall,noleftwall,
Cell(63,39): yellow,nobaggle,notopwall,noleftwall,
Cell(63,41): yellow,nobaggle,notopwall,noleftwall,
Cell(63,43): yellow,nobaggle,notopwall,noleftwall,
Cell(63,60): yellow,nobaggle,notopwall,noleftwall,
Cell(63,61): yellow,nobaggle,notopwall,noleftwall,
Cell(63,64): yellow,nobaggle,notopwall,noleftwall,
Cell(63,65): yellow,nobaggle,notopwall,noleftwall,
Cell(63,66): yellow,nobaggle,notopwall,noleftwall,
Cell(63,69): yellow,nobaggle,notopwall,noleftwall,
Cell(64,36): yellow,nobaggle,notopwall,noleftwall,
Cell(64,37): yellow,nobaggle,notopwall,noleftwall,
Cell(64,39): yellow,nobaggle,notopwall,noleftwall,
Cell(64,40): yellow,nobaggle,notopwall,noleftwall,
Cell(64,42): yellow,nobaggle,notopwall,noleftwall,
Cell(64,43): yellow,nobaggle,notopwall,noleftwall,
Cell(64,49): yellow,nobaggle,notopwall,noleftwall,
Cell(64,51): yellow,nobaggle,notopwall,noleftwall,
Cell(64,52): yellow,nobaggle,notopwall,noleftwall,
Cell(64,60): yellow,nobaggle,notopwall,noleftwall,
Cell(64,65): yellow,nobaggle,notopwall,noleftwall,
Cell(64,66): yellow,nobaggle,notopwall,noleftwall,
Cell(65,37): yellow,nobaggle,notopwall,noleftwall,
Cell(65,38): yellow,nobaggle,notopwall,noleftwall,
Cell(65,40): yellow,nobaggle,notopwall,noleftwall,
Cell(65,43): yellow,nobaggle,notopwall,noleftwall,
Cell(65,44): yellow,nobaggle,notopwall,noleftwall,
Cell(65,49): yellow,nobaggle,notopwall,noleftwall,
Cell(65,50): yellow,nobaggle,notopwall,noleftwall,
Cell(65,51): yellow,nobaggle,notopwall,noleftwall,
Cell(65,58): yellow,nobaggle,notopwall,noleftwall,
Cell(65,60): yellow,nobaggle,notopwall,noleftwall,
Cell(65,61): yellow,nobaggle,notopwall,noleftwall,
Cell(65,63): yellow,nobaggle,notopwall,noleftwall,
Cell(65,64): yellow,nobaggle,notopwall,noleftwall,
Cell(65,65): yellow,nobaggle,notopwall,noleftwall,
Cell(66,38): yellow,nobaggle,notopwall,noleftwall,
Cell(66,39): yellow,nobaggle,notopwall,noleftwall,
Cell(66,41): yellow,nobaggle,notopwall,noleftwall,
Cell(66,43): yellow,nobaggle,notopwall,noleftwall,
Cell(66,47): yellow,nobaggle,notopwall,noleftwall,
Cell(66,49): yellow,nobaggle,notopwall,noleftwall,
Cell(66,50): yellow,nobaggle,notopwall,noleftwall,
Cell(66,53): yellow,nobaggle,notopwall,noleftwall,
Cell(66,54): yellow,nobaggle,notopwall,noleftwall,
Cell(66,55): yellow,nobaggle,notopwall,noleftwall,
Cell(66,56): yellow,nobaggle,notopwall,noleftwall,
Cell(66,57): yellow,nobaggle,notopwall,noleftwall,
Cell(66,58): yellow,nobaggle,notopwall,noleftwall,
Cell(66,59): yellow,nobaggle,notopwall,noleftwall,
Cell(66,60): yellow,nobaggle,notopwall,noleftwall,
Cell(66,61): yellow,nobaggle,notopwall,noleftwall,
Cell(66,64): yellow,nobaggle,notopwall,noleftwall,
Cell(67,39): yellow,nobaggle,notopwall,noleftwall,
Cell(67,40): yellow,nobaggle,notopwall,noleftwall,
Cell(67,41): yellow,nobaggle,notopwall,noleftwall,
Cell(67,43): yellow,nobaggle,notopwall,noleftwall,
Cell(67,44): yellow,nobaggle,notopwall,noleftwall,
Cell(67,45): yellow,nobaggle,notopwall,noleftwall,
Cell(67,46): yellow,nobaggle,notopwall,noleftwall,
Cell(67,47): yellow,nobaggle,notopwall,noleftwall,
Cell(67,48): yellow,nobaggle,notopwall,noleftwall,
Cell(67,49): yellow,nobaggle,notopwall,noleftwall,
Cell(67,51): yellow,nobaggle,notopwall,noleftwall,
Cell(67,55): yellow,nobaggle,notopwall,noleftwall,
Cell(67,57): yellow,nobaggle,notopwall,noleftwall,
Cell(67,62): yellow,nobaggle,notopwall,noleftwall,
Cell(67,63): yellow,nobaggle,notopwall,noleftwall,
Cell(68,40): yellow,nobaggle,notopwall,noleftwall,
Cell(68,41): yellow,nobaggle,notopwall,noleftwall,
Cell(68,43): yellow,nobaggle,notopwall,noleftwall,
Cell(68,44): yellow,nobaggle,notopwall,noleftwall,
Cell(68,46): yellow,nobaggle,notopwall,noleftwall,
Cell(68,48): yellow,nobaggle,notopwall,noleftwall,
Cell(68,49): yellow,nobaggle,notopwall,noleftwall,
Cell(68,50): yellow,nobaggle,notopwall,noleftwall,
Cell(68,53): yellow,nobaggle,notopwall,noleftwall,
Cell(68,54): yellow,nobaggle,notopwall,noleftwall,
Cell(68,56): yellow,nobaggle,notopwall,noleftwall,
Cell(68,59): yellow,nobaggle,notopwall,noleftwall,
Cell(68,60): yellow,nobaggle,notopwall,noleftwall,
Cell(68,61): yellow,nobaggle,notopwall,noleftwall,
Cell(68,63): yellow,nobaggle,notopwall,noleftwall,
Cell(69,40): yellow,nobaggle,notopwall,noleftwall,
Cell(69,42): yellow,nobaggle,notopwall,noleftwall,
Cell(69,49): yellow,nobaggle,notopwall,noleftwall,
Cell(69,50): yellow,nobaggle,notopwall,noleftwall,
Cell(69,51): yellow,nobaggle,notopwall,noleftwall,
Cell(69,57): yellow,nobaggle,notopwall,noleftwall,
Cell(69,58): yellow,nobaggle,notopwall,noleftwall,
Cell(69,60): yellow,nobaggle,notopwall,noleftwall,
Cell(69,61): yellow,nobaggle,notopwall,noleftwall,
Cell(69,62): yellow,nobaggle,notopwall,noleftwall,
Cell(69,63): yellow,nobaggle,notopwall,noleftwall,
Cell(70,40): yellow,nobaggle,notopwall,noleftwall,
Cell(70,41): yellow,nobaggle,notopwall,noleftwall,
Cell(70,42): yellow,nobaggle,notopwall,noleftwall,
Cell(70,44): yellow,nobaggle,notopwall,noleftwall,
Cell(70,48): yellow,nobaggle,notopwall,noleftwall,
Cell(70,49): yellow,nobaggle,notopwall,noleftwall,
Cell(70,51): yellow,nobaggle,notopwall,noleftwall,
Cell(70,56): yellow,nobaggle,notopwall,noleftwall,
Cell(70,57): yellow,nobaggle,notopwall,noleftwall,
Cell(70,59): yellow,nobaggle,notopwall,noleftwall,
Cell(70,60): yellow,nobaggle,notopwall,noleftwall,
Cell(71,43): yellow,nobaggle,notopwall,noleftwall,
Cell(71,44): yellow,nobaggle,notopwall,noleftwall,
Cell(71,46): yellow,nobaggle,notopwall,noleftwall,
Cell(71,48): yellow,nobaggle,notopwall,noleftwall,
Cell(71,49): yellow,nobaggle,notopwall,noleftwall,
Cell(71,50): yellow,nobaggle,notopwall,noleftwall,
Cell(71,51): yellow,nobaggle,notopwall,noleftwall,
Cell(71,52): yellow,nobaggle,notopwall,noleftwall,
Cell(71,53): yellow,nobaggle,notopwall,noleftwall,
Cell(71,54): yellow,nobaggle,notopwall,noleftwall,
Cell(71,56): yellow,nobaggle,notopwall,noleftwall,
Cell(71,58): yellow,nobaggle,notopwall,noleftwall,
Cell(71,59): yellow,nobaggle,notopwall,noleftwall,
Cell(72,44): yellow,nobaggle,notopwall,noleftwall,
Cell(72,45): yellow,nobaggle,notopwall,noleftwall,
Cell(72,46): yellow,nobaggle,notopwall,noleftwall,
Cell(72,47): yellow,nobaggle,notopwall,noleftwall,
Cell(72,48): yellow,nobaggle,notopwall,noleftwall,
Cell(72,49): yellow,nobaggle,notopwall,noleftwall,
Cell(72,50): yellow,nobaggle,notopwall,noleftwall,
Cell(72,53): yellow,nobaggle,notopwall,noleftwall,
Cell(72,54): yellow,nobaggle,notopwall,noleftwall,
Cell(72,55): yellow,nobaggle,notopwall,noleftwall,
Cell(72,57): yellow,nobaggle,notopwall,noleftwall,
Cell(72,58): yellow,nobaggle,notopwall,noleftwall,
Cell(73,45): yellow,nobaggle,notopwall,noleftwall,
Cell(73,46): yellow,nobaggle,notopwall,noleftwall,
Cell(73,49): yellow,nobaggle,notopwall,noleftwall,
Cell(73,50): yellow,nobaggle,notopwall,noleftwall,
Cell(73,55): yellow,nobaggle,notopwall,noleftwall,
Cell(73,56): yellow,nobaggle,notopwall,noleftwall,
Cell(73,57): yellow,nobaggle,notopwall,noleftwall,
Cell(74,47): yellow,nobaggle,notopwall,noleftwall,
Cell(74,48): yellow,nobaggle,notopwall,noleftwall,
Cell(74,49): yellow,nobaggle,notopwall,noleftwall,
Cell(75,47): yellow,nobaggle,notopwall,noleftwall,
Cell(75,48): yellow,nobaggle,notopwall,noleftwall,
Cell(75,49): yellow,nobaggle,notopwall,noleftwall,
Cell(76,46): yellow,nobaggle,notopwall,noleftwall,
Cell(76,47): yellow,nobaggle,notopwall,noleftwall,
Cell(76,49): yellow,nobaggle,notopwall,noleftwall,
