BuggleWorld: Deep Forest
Size: 23x18
Buggle(22,1): east,black,black,buggle2,noBaggle,
Cell(1,1): white,nobaggle,topwall,leftwall,
Cell(1,2): white,baggle,notopwall,leftwall,
Cell(1,3): white,nobaggle,notopwall,leftwall,
Cell(1,4): white,baggle,notopwall,leftwall,
Cell(1,5): white,nobaggle,notopwall,leftwall,
Cell(1,6): white,baggle,notopwall,leftwall,
Cell(1,7): white,nobaggle,notopwall,leftwall,
Cell(1,8): white,nobaggle,notopwall,leftwall,
Cell(1,9): white,nobaggle,notopwall,leftwall,
Cell(1,10): white,nobaggle,notopwall,leftwall,
Cell(1,11): white,nobaggle,notopwall,leftwall,
Cell(1,12): white,nobaggle,notopwall,leftwall,
Cell(1,13): white,baggle,notopwall,leftwall,
Cell(1,14): white,nobaggle,notopwall,leftwall,
Cell(1,15): white,baggle,notopwall,leftwall,
Cell(1,16): white,nobaggle,notopwall,leftwall,
Cell(1,17): white,nobaggle,topwall,noleftwall,
Cell(2,1): white,nobaggle,topwall,noleftwall,
Cell(2,2): white,nobaggle,topwall,leftwall,
Cell(2,3): white,nobaggle,notopwall,leftwall,
Cell(2,4): white,nobaggle,notopwall,leftwall,
Cell(2,5): white,nobaggle,notopwall,leftwall,
Cell(2,6): white,nobaggle,topwall,noleftwall,
Cell(2,7): white,nobaggle,topwall,leftwall,
Cell(2,8): white,nobaggle,notopwall,leftwall,
Cell(2,9): white,nobaggle,notopwall,leftwall,
Cell(2,10): white,nobaggle,notopwall,leftwall,
Cell(2,11): white,baggle,topwall,noleftwall,
Cell(2,12): white,nobaggle,topwall,leftwall,
Cell(2,13): white,nobaggle,notopwall,leftwall,
Cell(2,14): white,nobaggle,notopwall,leftwall,
Cell(2,15): white,nobaggle,notopwall,leftwall,
Cell(2,16): white,nobaggle,topwall,noleftwall,
Cell(2,17): white,nobaggle,topwall,noleftwall,
Cell(3,1): white,baggle,topwall,noleftwall,
Cell(3,2): white,nobaggle,topwall,noleftwall,
Cell(3,6): white,nobaggle,topwall,noleftwall,
Cell(3,7): white,nobaggle,topwall,noleftwall,
Cell(3,11): white,baggle,topwall,noleftwall,
Cell(3,12): white,nobaggle,topwall,noleftwall,
Cell(3,16): white,baggle,topwall,noleftwall,
Cell(3,17): white,nobaggle,topwall,noleftwall,
Cell(4,1): white,nobaggle,topwall,noleftwall,
Cell(4,2): white,nobaggle,topwall,noleftwall,
Cell(4,6): white,nobaggle,topwall,noleftwall,
Cell(4,7): white,nobaggle,topwall,noleftwall,
Cell(4,11): white,baggle,topwall,noleftwall,
Cell(4,12): white,nobaggle,topwall,noleftwall,
Cell(4,16): white,nobaggle,topwall,noleftwall,
Cell(4,17): white,nobaggle,topwall,noleftwall,
Cell(5,1): white,nobaggle,topwall,noleftwall,
Cell(5,2): white,nobaggle,topwall,noleftwall,
Cell(5,6): white,nobaggle,topwall,noleftwall,
Cell(5,7): white,nobaggle,topwall,noleftwall,
Cell(5,11): white,baggle,topwall,noleftwall,
Cell(5,12): white,nobaggle,topwall,noleftwall,
Cell(5,16): white,nobaggle,topwall,noleftwall,
Cell(5,17): white,nobaggle,topwall,noleftwall,
Cell(6,1): white,nobaggle,topwall,noleftwall,
Cell(6,2): white,nobaggle,notopwall,leftwall,
Cell(6,3): white,baggle,notopwall,leftwall,
Cell(6,4): white,baggle,notopwall,leftwall,
Cell(6,5): white,baggle,notopwall,leftwall,
Cell(6,6): white,baggle,notopwall,noleftwall,
Cell(6,7): white,baggle,notopwall,leftwall,
Cell(6,8): white,baggle,notopwall,leftwall,
Cell(6,9): white,nobaggle,notopwall,leftwall,
Cell(6,10): white,nobaggle,notopwall,leftwall,
Cell(6,11): white,baggle,notopwall,noleftwall,
Cell(6,12): white,nobaggle,notopwall,leftwall,
Cell(6,13): white,baggle,notopwall,leftwall,
Cell(6,14): white,nobaggle,notopwall,leftwall,
Cell(6,15): white,baggle,notopwall,leftwall,
Cell(6,17): white,nobaggle,topwall,noleftwall,
Cell(7,1): white,nobaggle,topwall,noleftwall,
Cell(7,2): white,nobaggle,topwall,leftwall,
Cell(7,3): white,nobaggle,notopwall,leftwall,
Cell(7,4): white,nobaggle,notopwall,leftwall,
Cell(7,5): white,nobaggle,notopwall,leftwall,
Cell(7,6): white,nobaggle,topwall,noleftwall,
Cell(7,7): white,nobaggle,topwall,leftwall,
Cell(7,8): white,nobaggle,notopwall,leftwall,
Cell(7,9): white,nobaggle,notopwall,leftwall,
Cell(7,10): white,nobaggle,notopwall,leftwall,
Cell(7,11): white,baggle,topwall,noleftwall,
Cell(7,12): white,nobaggle,topwall,leftwall,
Cell(7,13): white,nobaggle,notopwall,leftwall,
Cell(7,14): white,nobaggle,notopwall,leftwall,
Cell(7,15): white,nobaggle,notopwall,leftwall,
Cell(7,16): white,nobaggle,topwall,noleftwall,
Cell(7,17): white,nobaggle,topwall,noleftwall,
Cell(8,1): white,nobaggle,topwall,noleftwall,
Cell(8,2): white,nobaggle,topwall,noleftwall,
Cell(8,6): white,nobaggle,topwall,noleftwall,
Cell(8,7): white,nobaggle,topwall,noleftwall,
Cell(8,11): white,baggle,topwall,noleftwall,
Cell(8,12): white,nobaggle,topwall,noleftwall,
Cell(8,16): white,nobaggle,topwall,noleftwall,
Cell(8,17): white,nobaggle,topwall,noleftwall,
Cell(9,1): white,baggle,topwall,noleftwall,
Cell(9,2): white,nobaggle,topwall,noleftwall,
Cell(9,6): white,baggle,topwall,noleftwall,
Cell(9,7): white,nobaggle,topwall,noleftwall,
Cell(9,11): white,baggle,topwall,noleftwall,
Cell(9,12): white,nobaggle,topwall,noleftwall,
Cell(9,16): white,baggle,topwall,noleftwall,
Cell(9,17): white,nobaggle,topwall,noleftwall,
Cell(10,1): white,nobaggle,topwall,noleftwall,
Cell(10,2): white,nobaggle,topwall,noleftwall,
Cell(10,6): white,nobaggle,topwall,noleftwall,
Cell(10,7): white,nobaggle,topwall,noleftwall,
Cell(10,11): white,baggle,topwall,noleftwall,
Cell(10,12): white,nobaggle,topwall,noleftwall,
Cell(10,16): white,nobaggle,topwall,noleftwall,
Cell(10,17): white,nobaggle,topwall,noleftwall,
Cell(11,1): white,baggle,topwall,noleftwall,
Cell(11,2): white,nobaggle,notopwall,leftwall,
Cell(11,3): white,baggle,notopwall,leftwall,
Cell(11,4): white,nobaggle,notopwall,leftwall,
Cell(11,5): white,nobaggle,notopwall,leftwall,
Cell(11,6): white,baggle,notopwall,noleftwall,
Cell(11,7): white,baggle,notopwall,leftwall,
Cell(11,8): white,baggle,notopwall,leftwall,
Cell(11,9): white,nobaggle,notopwall,leftwall,
Cell(11,10): white,nobaggle,notopwall,leftwall,
Cell(11,11): white,baggle,notopwall,noleftwall,
Cell(11,12): white,nobaggle,notopwall,leftwall,
Cell(11,13): white,baggle,notopwall,leftwall,
Cell(11,14): white,nobaggle,notopwall,leftwall,
Cell(11,15): white,baggle,notopwall,leftwall,
Cell(11,16): white,baggle,notopwall,noleftwall,
Cell(11,17): white,nobaggle,topwall,noleftwall,
Cell(12,1): white,nobaggle,topwall,noleftwall,
Cell(12,2): white,nobaggle,topwall,leftwall,
Cell(12,3): white,nobaggle,notopwall,leftwall,
Cell(12,4): white,nobaggle,notopwall,leftwall,
Cell(12,5): white,nobaggle,notopwall,leftwall,
Cell(12,6): white,nobaggle,topwall,noleftwall,
Cell(12,7): white,nobaggle,topwall,leftwall,
Cell(12,8): white,nobaggle,notopwall,leftwall,
Cell(12,9): white,nobaggle,notopwall,leftwall,
Cell(12,10): white,nobaggle,notopwall,leftwall,
Cell(12,11): white,nobaggle,topwall,noleftwall,
Cell(12,12): white,nobaggle,topwall,leftwall,
Cell(12,13): white,nobaggle,notopwall,leftwall,
Cell(12,14): white,nobaggle,notopwall,leftwall,
Cell(12,15): white,nobaggle,notopwall,leftwall,
Cell(12,16): white,nobaggle,topwall,noleftwall,
Cell(12,17): white,nobaggle,topwall,noleftwall,
Cell(13,1): white,baggle,topwall,noleftwall,
Cell(13,2): white,nobaggle,topwall,noleftwall,
Cell(13,6): white,baggle,topwall,noleftwall,
Cell(13,7): white,nobaggle,topwall,noleftwall,
Cell(13,11): white,nobaggle,topwall,noleftwall,
Cell(13,12): white,nobaggle,topwall,noleftwall,
Cell(13,16): white,baggle,topwall,noleftwall,
Cell(13,17): white,nobaggle,topwall,noleftwall,
Cell(14,1): white,nobaggle,topwall,noleftwall,
Cell(14,2): white,nobaggle,topwall,noleftwall,
Cell(14,6): white,nobaggle,topwall,noleftwall,
Cell(14,7): white,nobaggle,topwall,noleftwall,
Cell(14,11): white,baggle,topwall,noleftwall,
Cell(14,12): white,nobaggle,topwall,noleftwall,
Cell(14,16): white,nobaggle,topwall,noleftwall,
Cell(14,17): white,nobaggle,topwall,noleftwall,
Cell(15,1): white,nobaggle,topwall,noleftwall,
Cell(15,2): white,nobaggle,topwall,noleftwall,
Cell(15,6): white,nobaggle,topwall,noleftwall,
Cell(15,7): white,nobaggle,topwall,noleftwall,
Cell(15,11): white,nobaggle,topwall,noleftwall,
Cell(15,12): white,nobaggle,topwall,noleftwall,
Cell(15,16): white,nobaggle,topwall,noleftwall,
Cell(15,17): white,nobaggle,topwall,noleftwall,
Cell(16,1): white,baggle,topwall,noleftwall,
Cell(16,2): white,nobaggle,notopwall,leftwall,
Cell(16,3): white,baggle,notopwall,leftwall,
Cell(16,4): white,baggle,notopwall,leftwall,
Cell(16,5): white,baggle,notopwall,leftwall,
Cell(16,6): white,baggle,notopwall,noleftwall,
Cell(16,7): white,baggle,notopwall,leftwall,
Cell(16,8): white,baggle,notopwall,leftwall,
Cell(16,9): white,nobaggle,notopwall,leftwall,
Cell(16,10): white,nobaggle,notopwall,leftwall,
Cell(16,12): white,nobaggle,notopwall,leftwall,
Cell(16,13): white,baggle,notopwall,leftwall,
Cell(16,14): white,nobaggle,notopwall,leftwall,
Cell(16,15): white,baggle,notopwall,leftwall,
Cell(16,16): white,baggle,notopwall,noleftwall,
Cell(16,17): white,nobaggle,topwall,noleftwall,
Cell(17,1): white,nobaggle,topwall,noleftwall,
Cell(17,2): white,nobaggle,topwall,leftwall,
Cell(17,3): white,nobaggle,notopwall,leftwall,
Cell(17,4): white,nobaggle,notopwall,leftwall,
Cell(17,5): white,nobaggle,notopwall,leftwall,
Cell(17,6): white,nobaggle,topwall,noleftwall,
Cell(17,7): white,nobaggle,topwall,leftwall,
Cell(17,8): white,nobaggle,notopwall,leftwall,
Cell(17,9): white,nobaggle,notopwall,leftwall,
Cell(17,10): white,nobaggle,notopwall,leftwall,
Cell(17,11): white,nobaggle,topwall,noleftwall,
Cell(17,12): white,nobaggle,topwall,leftwall,
Cell(17,13): white,nobaggle,notopwall,leftwall,
Cell(17,14): white,nobaggle,notopwall,leftwall,
Cell(17,15): white,nobaggle,notopwall,leftwall,
Cell(17,16): white,nobaggle,topwall,noleftwall,
Cell(17,17): white,nobaggle,topwall,noleftwall,
Cell(18,1): white,nobaggle,topwall,noleftwall,
Cell(18,2): white,nobaggle,topwall,noleftwall,
Cell(18,6): white,nobaggle,topwall,noleftwall,
Cell(18,7): white,nobaggle,topwall,noleftwall,
Cell(18,11): white,nobaggle,topwall,noleftwall,
Cell(18,12): white,nobaggle,topwall,noleftwall,
Cell(18,16): white,nobaggle,topwall,noleftwall,
Cell(18,17): white,nobaggle,topwall,noleftwall,
Cell(19,1): white,baggle,topwall,noleftwall,
Cell(19,2): white,nobaggle,topwall,noleftwall,
Cell(19,6): white,baggle,topwall,noleftwall,
Cell(19,7): white,nobaggle,topwall,noleftwall,
Cell(19,11): white,baggle,topwall,noleftwall,
Cell(19,12): white,nobaggle,topwall,noleftwall,
Cell(19,16): white,baggle,topwall,noleftwall,
Cell(19,17): white,nobaggle,topwall,noleftwall,
Cell(20,1): white,nobaggle,topwall,noleftwall,
Cell(20,2): white,nobaggle,topwall,noleftwall,
Cell(20,6): white,baggle,topwall,noleftwall,
Cell(20,7): white,nobaggle,topwall,noleftwall,
Cell(20,11): white,nobaggle,topwall,noleftwall,
Cell(20,12): white,nobaggle,topwall,noleftwall,
Cell(20,16): white,baggle,topwall,noleftwall,
Cell(20,17): white,nobaggle,topwall,noleftwall,
Cell(21,1): orange,nobaggle,topwall,noleftwall,
Cell(21,2): white,baggle,notopwall,leftwall,
Cell(21,3): white,nobaggle,notopwall,leftwall,
Cell(21,4): white,baggle,notopwall,leftwall,
Cell(21,5): white,nobaggle,notopwall,leftwall,
Cell(21,6): white,baggle,notopwall,noleftwall,
Cell(21,7): white,nobaggle,notopwall,leftwall,
Cell(21,8): white,nobaggle,notopwall,leftwall,
Cell(21,9): white,nobaggle,notopwall,leftwall,
Cell(21,10): white,nobaggle,notopwall,leftwall,
Cell(21,11): white,baggle,notopwall,noleftwall,
Cell(21,12): white,nobaggle,notopwall,leftwall,
Cell(21,13): white,baggle,notopwall,leftwall,
Cell(21,14): white,nobaggle,notopwall,leftwall,
Cell(21,15): white,baggle,notopwall,leftwall,
Cell(21,16): white,baggle,notopwall,noleftwall,
Cell(21,17): white,nobaggle,topwall,noleftwall,
Cell(22,1): orange,nobaggle,topwall,noleftwall,
Cell(22,2): white,nobaggle,topwall,leftwall,
Cell(22,3): white,nobaggle,notopwall,leftwall,
Cell(22,4): white,nobaggle,notopwall,leftwall,
Cell(22,5): white,nobaggle,notopwall,leftwall,
Cell(22,6): white,nobaggle,notopwall,leftwall,
Cell(22,7): white,nobaggle,notopwall,leftwall,
Cell(22,8): white,nobaggle,notopwall,leftwall,
Cell(22,9): white,nobaggle,notopwall,leftwall,
Cell(22,10): white,nobaggle,notopwall,leftwall,
Cell(22,11): white,nobaggle,notopwall,leftwall,
Cell(22,12): white,nobaggle,notopwall,leftwall,
Cell(22,13): white,nobaggle,notopwall,leftwall,
Cell(22,14): white,nobaggle,notopwall,leftwall,
Cell(22,15): white,nobaggle,notopwall,leftwall,
Cell(22,16): white,nobaggle,notopwall,leftwall,
