BuggleWorld: Pattern 3
Size: 8x8
Buggle(7,0): south,black,magenta,Ingres,noBaggle,
Cell(0,0): red,nobaggle,topwall,leftwall,
Cell(0,1): green,nobaggle,notopwall,leftwall,
Cell(0,2): orange,nobaggle,notopwall,leftwall,
Cell(0,3): yellow,nobaggle,notopwall,leftwall,
Cell(0,4): black,nobaggle,notopwall,leftwall,
Cell(0,5): pink,nobaggle,notopwall,leftwall,
Cell(0,6): magenta,nobaggle,notopwall,leftwall,
Cell(0,7): cyan,nobaggle,notopwall,leftwall,
Cell(1,0): cyan,nobaggle,topwall,noleftwall,7
Cell(1,1): red,nobaggle,notopwall,noleftwall,
Cell(1,2): green,nobaggle,notopwall,noleftwall,
Cell(1,3): orange,nobaggle,notopwall,noleftwall,
Cell(1,4): yellow,nobaggle,notopwall,noleftwall,
Cell(1,5): black,nobaggle,notopwall,noleftwall,
Cell(1,6): pink,nobaggle,notopwall,noleftwall,
Cell(1,7): magenta,nobaggle,notopwall,noleftwall,
Cell(2,0): magenta,nobaggle,topwall,noleftwall,6
Cell(2,1): cyan,nobaggle,notopwall,noleftwall,
Cell(2,2): red,nobaggle,notopwall,noleftwall,
Cell(2,3): green,nobaggle,notopwall,noleftwall,
Cell(2,4): orange,nobaggle,notopwall,noleftwall,
Cell(2,5): yellow,nobaggle,notopwall,noleftwall,
Cell(2,6): black,nobaggle,notopwall,noleftwall,
Cell(2,7): pink,nobaggle,notopwall,noleftwall,
Cell(3,0): pink,nobaggle,topwall,noleftwall,5
Cell(3,1): magenta,nobaggle,notopwall,noleftwall,
Cell(3,2): cyan,nobaggle,notopwall,noleftwall,
Cell(3,3): red,nobaggle,notopwall,noleftwall,
Cell(3,4): green,nobaggle,notopwall,noleftwall,
Cell(3,5): orange,nobaggle,notopwall,noleftwall,
Cell(3,6): yellow,nobaggle,notopwall,noleftwall,
Cell(3,7): black,nobaggle,notopwall,noleftwall,
Cell(4,0): black,nobaggle,topwall,noleftwall,4
Cell(4,1): pink,nobaggle,notopwall,noleftwall,
Cell(4,2): magenta,nobaggle,notopwall,noleftwall,
Cell(4,3): cyan,nobaggle,notopwall,noleftwall,
Cell(4,4): red,nobaggle,notopwall,noleftwall,
Cell(4,5): green,nobaggle,notopwall,noleftwall,
Cell(4,6): orange,nobaggle,notopwall,noleftwall,
Cell(4,7): yellow,nobaggle,notopwall,noleftwall,
Cell(5,0): pink,nobaggle,topwall,noleftwall,5
Cell(5,1): magenta,nobaggle,notopwall,noleftwall,
Cell(5,2): cyan,nobaggle,notopwall,noleftwall,
Cell(5,3): red,nobaggle,notopwall,noleftwall,
Cell(5,4): green,nobaggle,notopwall,noleftwall,
Cell(5,5): orange,nobaggle,notopwall,noleftwall,
Cell(5,6): yellow,nobaggle,notopwall,noleftwall,
Cell(5,7): black,nobaggle,notopwall,noleftwall,
Cell(6,0): magenta,nobaggle,topwall,noleftwall,6
Cell(6,1): cyan,nobaggle,notopwall,noleftwall,
Cell(6,2): red,nobaggle,notopwall,noleftwall,
Cell(6,3): green,nobaggle,notopwall,noleftwall,
Cell(6,4): orange,nobaggle,notopwall,noleftwall,
Cell(6,5): yellow,nobaggle,notopwall,noleftwall,
Cell(6,6): black,nobaggle,notopwall,noleftwall,
Cell(6,7): pink,nobaggle,notopwall,noleftwall,
Cell(7,0): cyan,nobaggle,topwall,noleftwall,7
Cell(7,1): red,nobaggle,notopwall,noleftwall,
Cell(7,2): green,nobaggle,notopwall,noleftwall,
Cell(7,3): orange,nobaggle,notopwall,noleftwall,
Cell(7,4): yellow,nobaggle,notopwall,noleftwall,
Cell(7,5): black,nobaggle,notopwall,noleftwall,
Cell(7,6): pink,nobaggle,notopwall,noleftwall,
Cell(7,7): magenta,nobaggle,notopwall,noleftwall,
