BuggleWorld: Pattern 1
Size: 6x6
Buggle(5,0): south,black,orange,Picasso,noBaggle,
Cell(0,0): red,nobaggle,topwall,leftwall,
Cell(0,1): cyan,nobaggle,notopwall,leftwall,
Cell(0,2): green,nobaggle,notopwall,leftwall,
Cell(0,3): magenta,nobaggle,notopwall,leftwall,
Cell(0,4): orange,nobaggle,notopwall,leftwall,
Cell(0,5): pink,nobaggle,notopwall,leftwall,
Cell(1,0): cyan,nobaggle,topwall,noleftwall,1
Cell(1,1): green,nobaggle,notopwall,noleftwall,
Cell(1,2): magenta,nobaggle,notopwall,noleftwall,
Cell(1,3): orange,nobaggle,notopwall,noleftwall,
Cell(1,4): pink,nobaggle,notopwall,noleftwall,
Cell(1,5): red,nobaggle,notopwall,noleftwall,
Cell(2,0): green,nobaggle,topwall,noleftwall,2
Cell(2,1): magenta,nobaggle,notopwall,noleftwall,
Cell(2,2): orange,nobaggle,notopwall,noleftwall,
Cell(2,3): pink,nobaggle,notopwall,noleftwall,
Cell(2,4): red,nobaggle,notopwall,noleftwall,
Cell(2,5): cyan,nobaggle,notopwall,noleftwall,
Cell(3,0): magenta,nobaggle,topwall,noleftwall,3
Cell(3,1): orange,nobaggle,notopwall,noleftwall,
Cell(3,2): pink,nobaggle,notopwall,noleftwall,
Cell(3,3): red,nobaggle,notopwall,noleftwall,
Cell(3,4): cyan,nobaggle,notopwall,noleftwall,
Cell(3,5): green,nobaggle,notopwall,noleftwall,
Cell(4,0): orange,nobaggle,topwall,noleftwall,4
Cell(4,1): pink,nobaggle,notopwall,noleftwall,
Cell(4,2): red,nobaggle,notopwall,noleftwall,
Cell(4,3): cyan,nobaggle,notopwall,noleftwall,
Cell(4,4): green,nobaggle,notopwall,noleftwall,
Cell(4,5): magenta,nobaggle,notopwall,noleftwall,
Cell(5,0): pink,nobaggle,topwall,noleftwall,5
Cell(5,1): red,nobaggle,notopwall,noleftwall,
Cell(5,2): cyan,nobaggle,notopwall,noleftwall,
Cell(5,3): green,nobaggle,notopwall,noleftwall,
Cell(5,4): magenta,nobaggle,notopwall,noleftwall,
Cell(5,5): orange,nobaggle,notopwall,noleftwall,
