BuggleWorld: Moria
Size: 20x3
Buggle(19,2): east,black,black,Balin
Cell(0,0): 90/90/80,nobaggle,notopwall,noleftwall,
Cell(0,1): 222/205/135,baggle,topwall,noleftwall,
Cell(0,2): 90/90/80,nobaggle,topwall,noleftwall,
Cell(1,0): 108/93/83,nobaggle,notopwall,noleftwall,
Cell(1,1): 211/188/95,baggle,topwall,noleftwall,
Cell(1,2): 108/93/83,nobaggle,topwall,noleftwall,
Cell(2,0): 90/90/80,nobaggle,notopwall,noleftwall,
Cell(2,1): 222/205/135,baggle,topwall,noleftwall,
Cell(2,2): 90/90/80,nobaggle,topwall,noleftwall,
Cell(3,0): 108/93/83,nobaggle,notopwall,noleftwall,
Cell(3,1): 211/188/95,baggle,topwall,noleftwall,
Cell(3,2): 108/93/83,nobaggle,topwall,noleftwall,
Cell(4,0): 90/90/80,nobaggle,notopwall,noleftwall,
Cell(4,1): 222/205/135,baggle,topwall,noleftwall,
Cell(4,2): 90/90/80,nobaggle,topwall,noleftwall,
Cell(5,0): 108/93/83,nobaggle,notopwall,noleftwall,
Cell(5,1): 211/188/95,baggle,topwall,noleftwall,
Cell(5,2): 108/93/83,nobaggle,topwall,noleftwall,
Cell(6,0): 90/90/80,nobaggle,notopwall,noleftwall,
Cell(6,1): 222/205/135,baggle,topwall,noleftwall,
Cell(6,2): 90/90/80,nobaggle,topwall,noleftwall,
Cell(7,0): 108/93/83,nobaggle,notopwall,noleftwall,
Cell(7,1): 211/188/95,baggle,topwall,noleftwall,
Cell(7,2): 108/93/83,nobaggle,topwall,noleftwall,
Cell(8,0): 90/90/80,nobaggle,notopwall,noleftwall,
Cell(8,1): 222/205/135,baggle,topwall,noleftwall,
Cell(8,2): 90/90/80,nobaggle,topwall,noleftwall,
Cell(9,0): 108/93/83,nobaggle,notopwall,noleftwall,
Cell(9,1): 211/188/95,baggle,topwall,noleftwall,
Cell(9,2): 108/93/83,nobaggle,topwall,noleftwall,
Cell(10,0): 90/90/80,nobaggle,notopwall,noleftwall,
Cell(10,1): 222/205/135,baggle,topwall,noleftwall,
Cell(10,2): 90/90/80,nobaggle,topwall,noleftwall,
Cell(11,0): 108/93/83,nobaggle,notopwall,noleftwall,
Cell(11,1): 211/188/95,baggle,topwall,noleftwall,
Cell(11,2): 108/93/83,nobaggle,topwall,noleftwall,
Cell(12,0): 90/90/80,nobaggle,notopwall,noleftwall,
Cell(12,1): 222/205/135,baggle,topwall,noleftwall,
Cell(12,2): 90/90/80,nobaggle,topwall,noleftwall,
Cell(13,0): 108/93/83,nobaggle,notopwall,noleftwall,
Cell(13,1): 211/188/95,nobaggle,topwall,noleftwall,
Cell(13,2): 108/93/83,nobaggle,topwall,noleftwall,
Cell(14,0): 90/90/80,nobaggle,notopwall,noleftwall,
Cell(14,1): 222/205/135,nobaggle,topwall,noleftwall,
Cell(14,2): 90/90/80,nobaggle,topwall,noleftwall,
Cell(15,0): 108/93/83,nobaggle,notopwall,noleftwall,
Cell(15,1): 211/188/95,nobaggle,topwall,noleftwall,
Cell(15,2): 108/93/83,nobaggle,topwall,noleftwall,
Cell(16,0): 90/90/80,nobaggle,notopwall,noleftwall,
Cell(16,1): 222/205/135,nobaggle,topwall,noleftwall,
Cell(16,2): 90/90/80,nobaggle,topwall,noleftwall,
Cell(17,0): 108/93/83,nobaggle,notopwall,noleftwall,
Cell(17,1): 211/188/95,nobaggle,topwall,noleftwall,
Cell(17,2): 108/93/83,nobaggle,topwall,noleftwall,
Cell(18,0): 211/188/95,nobaggle,topwall,leftwall,
Cell(18,1): 222/205/135,nobaggle,notopwall,noleftwall,
Cell(18,2): 211/188/95,nobaggle,notopwall,leftwall,
Cell(19,0): 0/155/0,nobaggle,notopwall,leftwall,
Cell(19,1): 0/155/0,nobaggle,notopwall,leftwall,
Cell(19,2): 0/155/0,nobaggle,notopwall,noleftwall,
