BuggleWorld: World
Size: 15x15
Buggle(0,14): east,black,lightGray,Picasso
Cell(0,1): lightGray,nobaggle,notopwall,noleftwall,
Cell(0,3): lightGray,nobaggle,notopwall,noleftwall,
Cell(0,6): lightGray,nobaggle,notopwall,noleftwall,
Cell(0,8): lightGray,nobaggle,notopwall,noleftwall,
Cell(0,11): lightGray,nobaggle,notopwall,noleftwall,
Cell(0,13): lightGray,nobaggle,notopwall,noleftwall,
Cell(1,0): lightGray,nobaggle,notopwall,noleftwall,
Cell(1,2): lightGray,nobaggle,notopwall,noleftwall,
Cell(1,4): lightGray,nobaggle,notopwall,noleftwall,
Cell(1,5): lightGray,nobaggle,notopwall,noleftwall,
Cell(1,7): lightGray,nobaggle,notopwall,noleftwall,
Cell(1,9): lightGray,nobaggle,notopwall,noleftwall,
Cell(1,10): lightGray,nobaggle,notopwall,noleftwall,
Cell(1,12): lightGray,nobaggle,notopwall,noleftwall,
Cell(1,14): lightGray,nobaggle,notopwall,noleftwall,
Cell(2,1): lightGray,nobaggle,notopwall,noleftwall,
Cell(2,3): lightGray,nobaggle,notopwall,noleftwall,
Cell(2,6): lightGray,nobaggle,notopwall,noleftwall,
Cell(2,8): lightGray,nobaggle,notopwall,noleftwall,
Cell(2,11): lightGray,nobaggle,notopwall,noleftwall,
Cell(2,13): lightGray,nobaggle,notopwall,noleftwall,
Cell(3,0): lightGray,nobaggle,notopwall,noleftwall,
Cell(3,2): lightGray,nobaggle,notopwall,noleftwall,
Cell(3,4): lightGray,nobaggle,notopwall,noleftwall,
Cell(3,5): lightGray,nobaggle,notopwall,noleftwall,
Cell(3,7): lightGray,nobaggle,notopwall,noleftwall,
Cell(3,9): lightGray,nobaggle,notopwall,noleftwall,
Cell(3,10): lightGray,nobaggle,notopwall,noleftwall,
Cell(3,12): lightGray,nobaggle,notopwall,noleftwall,
Cell(3,14): lightGray,nobaggle,notopwall,noleftwall,
Cell(4,1): lightGray,nobaggle,notopwall,noleftwall,
Cell(4,3): lightGray,nobaggle,notopwall,noleftwall,
Cell(4,6): lightGray,nobaggle,notopwall,noleftwall,
Cell(4,8): lightGray,nobaggle,notopwall,noleftwall,
Cell(4,11): lightGray,nobaggle,notopwall,noleftwall,
Cell(4,13): lightGray,nobaggle,notopwall,noleftwall,
Cell(5,1): lightGray,nobaggle,notopwall,noleftwall,
Cell(5,3): lightGray,nobaggle,notopwall,noleftwall,
Cell(5,6): lightGray,nobaggle,notopwall,noleftwall,
Cell(5,8): lightGray,nobaggle,notopwall,noleftwall,
Cell(5,11): lightGray,nobaggle,notopwall,noleftwall,
Cell(5,13): lightGray,nobaggle,notopwall,noleftwall,
Cell(6,0): lightGray,nobaggle,notopwall,noleftwall,
Cell(6,2): lightGray,nobaggle,notopwall,noleftwall,
Cell(6,4): lightGray,nobaggle,notopwall,noleftwall,
Cell(6,5): lightGray,nobaggle,notopwall,noleftwall,
Cell(6,7): lightGray,nobaggle,notopwall,noleftwall,
Cell(6,9): lightGray,nobaggle,notopwall,noleftwall,
Cell(6,10): lightGray,nobaggle,notopwall,noleftwall,
Cell(6,12): lightGray,nobaggle,notopwall,noleftwall,
Cell(6,14): lightGray,nobaggle,notopwall,noleftwall,
Cell(7,1): lightGray,nobaggle,notopwall,noleftwall,
Cell(7,3): lightGray,nobaggle,notopwall,noleftwall,
Cell(7,6): lightGray,nobaggle,notopwall,noleftwall,
Cell(7,8): lightGray,nobaggle,notopwall,noleftwall,
Cell(7,11): lightGray,nobaggle,notopwall,noleftwall,
Cell(7,13): lightGray,nobaggle,notopwall,noleftwall,
Cell(8,0): lightGray,nobaggle,notopwall,noleftwall,
Cell(8,2): lightGray,nobaggle,notopwall,noleftwall,
Cell(8,4): lightGray,nobaggle,notopwall,noleftwall,
Cell(8,5): lightGray,nobaggle,notopwall,noleftwall,
Cell(8,7): lightGray,nobaggle,notopwall,noleftwall,
Cell(8,9): lightGray,nobaggle,notopwall,noleftwall,
Cell(8,10): lightGray,nobaggle,notopwall,noleftwall,
Cell(8,12): lightGray,nobaggle,notopwall,noleftwall,
Cell(8,14): lightGray,nobaggle,notopwall,noleftwall,
Cell(9,1): lightGray,nobaggle,notopwall,noleftwall,
Cell(9,3): lightGray,nobaggle,notopwall,noleftwall,
Cell(9,6): lightGray,nobaggle,notopwall,noleftwall,
Cell(9,8): lightGray,nobaggle,notopwall,noleftwall,
Cell(9,11): lightGray,nobaggle,notopwall,noleftwall,
Cell(9,13): lightGray,nobaggle,notopwall,noleftwall,
Cell(10,1): lightGray,nobaggle,notopwall,noleftwall,
Cell(10,3): lightGray,nobaggle,notopwall,noleftwall,
Cell(10,6): lightGray,nobaggle,notopwall,noleftwall,
Cell(10,8): lightGray,nobaggle,notopwall,noleftwall,
Cell(10,11): lightGray,nobaggle,notopwall,noleftwall,
Cell(10,13): lightGray,nobaggle,notopwall,noleftwall,
Cell(11,0): lightGray,nobaggle,notopwall,noleftwall,
Cell(11,2): lightGray,nobaggle,notopwall,noleftwall,
Cell(11,4): lightGray,nobaggle,notopwall,noleftwall,
Cell(11,5): lightGray,nobaggle,notopwall,noleftwall,
Cell(11,7): lightGray,nobaggle,notopwall,noleftwall,
Cell(11,9): lightGray,nobaggle,notopwall,noleftwall,
Cell(11,10): lightGray,nobaggle,notopwall,noleftwall,
Cell(11,12): lightGray,nobaggle,notopwall,noleftwall,
Cell(11,14): lightGray,nobaggle,notopwall,noleftwall,
Cell(12,1): lightGray,nobaggle,notopwall,noleftwall,
Cell(12,3): lightGray,nobaggle,notopwall,noleftwall,
Cell(12,6): lightGray,nobaggle,notopwall,noleftwall,
Cell(12,8): lightGray,nobaggle,notopwall,noleftwall,
Cell(12,11): lightGray,nobaggle,notopwall,noleftwall,
Cell(12,13): lightGray,nobaggle,notopwall,noleftwall,
Cell(13,0): lightGray,nobaggle,notopwall,noleftwall,
Cell(13,2): lightGray,nobaggle,notopwall,noleftwall,
Cell(13,4): lightGray,nobaggle,notopwall,noleftwall,
Cell(13,5): lightGray,nobaggle,notopwall,noleftwall,
Cell(13,7): lightGray,nobaggle,notopwall,noleftwall,
Cell(13,9): lightGray,nobaggle,notopwall,noleftwall,
Cell(13,10): lightGray,nobaggle,notopwall,noleftwall,
Cell(13,12): lightGray,nobaggle,notopwall,noleftwall,
Cell(13,14): lightGray,nobaggle,notopwall,noleftwall,
Cell(14,1): lightGray,nobaggle,notopwall,noleftwall,
Cell(14,3): lightGray,nobaggle,notopwall,noleftwall,
Cell(14,6): lightGray,nobaggle,notopwall,noleftwall,
Cell(14,8): lightGray,nobaggle,notopwall,noleftwall,
Cell(14,11): lightGray,nobaggle,notopwall,noleftwall,
Cell(14,13): lightGray,nobaggle,notopwall,noleftwall,
