BuggleWorld: World
Size: 21x21
Buggle(0,20): east,black,lightGray,Picasso,noBaggle,
Cell(0,2): lightGray,nobaggle,notopwall,noleftwall,
Cell(0,4): lightGray,nobaggle,notopwall,noleftwall,
Cell(0,9): lightGray,nobaggle,notopwall,noleftwall,
Cell(0,11): lightGray,nobaggle,notopwall,noleftwall,
Cell(0,16): lightGray,nobaggle,notopwall,noleftwall,
Cell(0,18): lightGray,nobaggle,notopwall,noleftwall,
Cell(1,3): lightGray,nobaggle,notopwall,noleftwall,
Cell(1,10): lightGray,nobaggle,notopwall,noleftwall,
Cell(1,17): lightGray,nobaggle,notopwall,noleftwall,
Cell(2,0): lightGray,nobaggle,notopwall,noleftwall,
Cell(2,6): lightGray,nobaggle,notopwall,noleftwall,
Cell(2,7): lightGray,nobaggle,notopwall,noleftwall,
Cell(2,13): lightGray,nobaggle,notopwall,noleftwall,
Cell(2,14): lightGray,nobaggle,notopwall,noleftwall,
Cell(2,20): lightGray,nobaggle,notopwall,noleftwall,
Cell(3,1): lightGray,nobaggle,notopwall,noleftwall,
Cell(3,5): lightGray,nobaggle,notopwall,noleftwall,
Cell(3,8): lightGray,nobaggle,notopwall,noleftwall,
Cell(3,12): lightGray,nobaggle,notopwall,noleftwall,
Cell(3,15): lightGray,nobaggle,notopwall,noleftwall,
Cell(3,19): lightGray,nobaggle,notopwall,noleftwall,
Cell(4,0): lightGray,nobaggle,notopwall,noleftwall,
Cell(4,6): lightGray,nobaggle,notopwall,noleftwall,
Cell(4,7): lightGray,nobaggle,notopwall,noleftwall,
Cell(4,13): lightGray,nobaggle,notopwall,noleftwall,
Cell(4,14): lightGray,nobaggle,notopwall,noleftwall,
Cell(4,20): lightGray,nobaggle,notopwall,noleftwall,
Cell(5,3): lightGray,nobaggle,notopwall,noleftwall,
Cell(5,10): lightGray,nobaggle,notopwall,noleftwall,
Cell(5,17): lightGray,nobaggle,notopwall,noleftwall,
Cell(6,2): lightGray,nobaggle,notopwall,noleftwall,
Cell(6,4): lightGray,nobaggle,notopwall,noleftwall,
Cell(6,9): lightGray,nobaggle,notopwall,noleftwall,
Cell(6,11): lightGray,nobaggle,notopwall,noleftwall,
Cell(6,16): lightGray,nobaggle,notopwall,noleftwall,
Cell(6,18): lightGray,nobaggle,notopwall,noleftwall,
Cell(7,2): lightGray,nobaggle,notopwall,noleftwall,
Cell(7,4): lightGray,nobaggle,notopwall,noleftwall,
Cell(7,9): lightGray,nobaggle,notopwall,noleftwall,
Cell(7,11): lightGray,nobaggle,notopwall,noleftwall,
Cell(7,16): lightGray,nobaggle,notopwall,noleftwall,
Cell(7,18): lightGray,nobaggle,notopwall,noleftwall,
Cell(8,3): lightGray,nobaggle,notopwall,noleftwall,
Cell(8,10): lightGray,nobaggle,notopwall,noleftwall,
Cell(8,17): lightGray,nobaggle,notopwall,noleftwall,
Cell(9,0): lightGray,nobaggle,notopwall,noleftwall,
Cell(9,6): lightGray,nobaggle,notopwall,noleftwall,
Cell(9,7): lightGray,nobaggle,notopwall,noleftwall,
Cell(9,13): lightGray,nobaggle,notopwall,noleftwall,
Cell(9,14): lightGray,nobaggle,notopwall,noleftwall,
Cell(9,20): lightGray,nobaggle,notopwall,noleftwall,
Cell(10,1): lightGray,nobaggle,notopwall,noleftwall,
Cell(10,5): lightGray,nobaggle,notopwall,noleftwall,
Cell(10,8): lightGray,nobaggle,notopwall,noleftwall,
Cell(10,12): lightGray,nobaggle,notopwall,noleftwall,
Cell(10,15): lightGray,nobaggle,notopwall,noleftwall,
Cell(10,19): lightGray,nobaggle,notopwall,noleftwall,
Cell(11,0): lightGray,nobaggle,notopwall,noleftwall,
Cell(11,6): lightGray,nobaggle,notopwall,noleftwall,
Cell(11,7): lightGray,nobaggle,notopwall,noleftwall,
Cell(11,13): lightGray,nobaggle,notopwall,noleftwall,
Cell(11,14): lightGray,nobaggle,notopwall,noleftwall,
Cell(11,20): lightGray,nobaggle,notopwall,noleftwall,
Cell(12,3): lightGray,nobaggle,notopwall,noleftwall,
Cell(12,10): lightGray,nobaggle,notopwall,noleftwall,
Cell(12,17): lightGray,nobaggle,notopwall,noleftwall,
Cell(13,2): lightGray,nobaggle,notopwall,noleftwall,
Cell(13,4): lightGray,nobaggle,notopwall,noleftwall,
Cell(13,9): lightGray,nobaggle,notopwall,noleftwall,
Cell(13,11): lightGray,nobaggle,notopwall,noleftwall,
Cell(13,16): lightGray,nobaggle,notopwall,noleftwall,
Cell(13,18): lightGray,nobaggle,notopwall,noleftwall,
Cell(14,2): lightGray,nobaggle,notopwall,noleftwall,
Cell(14,4): lightGray,nobaggle,notopwall,noleftwall,
Cell(14,9): lightGray,nobaggle,notopwall,noleftwall,
Cell(14,11): lightGray,nobaggle,notopwall,noleftwall,
Cell(14,16): lightGray,nobaggle,notopwall,noleftwall,
Cell(14,18): lightGray,nobaggle,notopwall,noleftwall,
Cell(15,3): lightGray,nobaggle,notopwall,noleftwall,
Cell(15,10): lightGray,nobaggle,notopwall,noleftwall,
Cell(15,17): lightGray,nobaggle,notopwall,noleftwall,
Cell(16,0): lightGray,nobaggle,notopwall,noleftwall,
Cell(16,6): lightGray,nobaggle,notopwall,noleftwall,
Cell(16,7): lightGray,nobaggle,notopwall,noleftwall,
Cell(16,13): lightGray,nobaggle,notopwall,noleftwall,
Cell(16,14): lightGray,nobaggle,notopwall,noleftwall,
Cell(16,20): lightGray,nobaggle,notopwall,noleftwall,
Cell(17,1): lightGray,nobaggle,notopwall,noleftwall,
Cell(17,5): lightGray,nobaggle,notopwall,noleftwall,
Cell(17,8): lightGray,nobaggle,notopwall,noleftwall,
Cell(17,12): lightGray,nobaggle,notopwall,noleftwall,
Cell(17,15): lightGray,nobaggle,notopwall,noleftwall,
Cell(17,19): lightGray,nobaggle,notopwall,noleftwall,
Cell(18,0): lightGray,nobaggle,notopwall,noleftwall,
Cell(18,6): lightGray,nobaggle,notopwall,noleftwall,
Cell(18,7): lightGray,nobaggle,notopwall,noleftwall,
Cell(18,13): lightGray,nobaggle,notopwall,noleftwall,
Cell(18,14): lightGray,nobaggle,notopwall,noleftwall,
Cell(18,20): lightGray,nobaggle,notopwall,noleftwall,
Cell(19,3): lightGray,nobaggle,notopwall,noleftwall,
Cell(19,10): lightGray,nobaggle,notopwall,noleftwall,
Cell(19,17): lightGray,nobaggle,notopwall,noleftwall,
Cell(20,2): lightGray,nobaggle,notopwall,noleftwall,
Cell(20,4): lightGray,nobaggle,notopwall,noleftwall,
Cell(20,9): lightGray,nobaggle,notopwall,noleftwall,
Cell(20,11): lightGray,nobaggle,notopwall,noleftwall,
Cell(20,16): lightGray,nobaggle,notopwall,noleftwall,
Cell(20,18): lightGray,nobaggle,notopwall,noleftwall,
