BuggleWorld: World
Size: 63x63
Buggle(0,62): east,black,lightGray,Picasso,noBaggle,
Cell(0,2): lightGray,nobaggle,notopwall,noleftwall,
Cell(0,4): lightGray,nobaggle,notopwall,noleftwall,
Cell(0,9): lightGray,nobaggle,notopwall,noleftwall,
Cell(0,11): lightGray,nobaggle,notopwall,noleftwall,
Cell(0,16): lightGray,nobaggle,notopwall,noleftwall,
Cell(0,18): lightGray,nobaggle,notopwall,noleftwall,
Cell(0,23): lightGray,nobaggle,notopwall,noleftwall,
Cell(0,25): lightGray,nobaggle,notopwall,noleftwall,
Cell(0,30): lightGray,nobaggle,notopwall,noleftwall,
Cell(0,32): lightGray,nobaggle,notopwall,noleftwall,
Cell(0,37): lightGray,nobaggle,notopwall,noleftwall,
Cell(0,39): lightGray,nobaggle,notopwall,noleftwall,
Cell(0,44): lightGray,nobaggle,notopwall,noleftwall,
Cell(0,46): lightGray,nobaggle,notopwall,noleftwall,
Cell(0,51): lightGray,nobaggle,notopwall,noleftwall,
Cell(0,53): lightGray,nobaggle,notopwall,noleftwall,
Cell(0,58): lightGray,nobaggle,notopwall,noleftwall,
Cell(0,60): lightGray,nobaggle,notopwall,noleftwall,
Cell(1,3): lightGray,nobaggle,notopwall,noleftwall,
Cell(1,10): lightGray,nobaggle,notopwall,noleftwall,
Cell(1,17): lightGray,nobaggle,notopwall,noleftwall,
Cell(1,24): lightGray,nobaggle,notopwall,noleftwall,
Cell(1,31): lightGray,nobaggle,notopwall,noleftwall,
Cell(1,38): lightGray,nobaggle,notopwall,noleftwall,
Cell(1,45): lightGray,nobaggle,notopwall,noleftwall,
Cell(1,52): lightGray,nobaggle,notopwall,noleftwall,
Cell(1,59): lightGray,nobaggle,notopwall,noleftwall,
Cell(2,0): lightGray,nobaggle,notopwall,noleftwall,
Cell(2,6): lightGray,nobaggle,notopwall,noleftwall,
Cell(2,7): lightGray,nobaggle,notopwall,noleftwall,
Cell(2,13): lightGray,nobaggle,notopwall,noleftwall,
Cell(2,14): lightGray,nobaggle,notopwall,noleftwall,
Cell(2,20): lightGray,nobaggle,notopwall,noleftwall,
Cell(2,21): lightGray,nobaggle,notopwall,noleftwall,
Cell(2,27): lightGray,nobaggle,notopwall,noleftwall,
Cell(2,28): lightGray,nobaggle,notopwall,noleftwall,
Cell(2,34): lightGray,nobaggle,notopwall,noleftwall,
Cell(2,35): lightGray,nobaggle,notopwall,noleftwall,
Cell(2,41): lightGray,nobaggle,notopwall,noleftwall,
Cell(2,42): lightGray,nobaggle,notopwall,noleftwall,
Cell(2,48): lightGray,nobaggle,notopwall,noleftwall,
Cell(2,49): lightGray,nobaggle,notopwall,noleftwall,
Cell(2,55): lightGray,nobaggle,notopwall,noleftwall,
Cell(2,56): lightGray,nobaggle,notopwall,noleftwall,
Cell(2,62): lightGray,nobaggle,notopwall,noleftwall,
Cell(3,1): lightGray,nobaggle,notopwall,noleftwall,
Cell(3,5): lightGray,nobaggle,notopwall,noleftwall,
Cell(3,8): lightGray,nobaggle,notopwall,noleftwall,
Cell(3,12): lightGray,nobaggle,notopwall,noleftwall,
Cell(3,15): lightGray,nobaggle,notopwall,noleftwall,
Cell(3,19): lightGray,nobaggle,notopwall,noleftwall,
Cell(3,22): lightGray,nobaggle,notopwall,noleftwall,
Cell(3,26): lightGray,nobaggle,notopwall,noleftwall,
Cell(3,29): lightGray,nobaggle,notopwall,noleftwall,
Cell(3,33): lightGray,nobaggle,notopwall,noleftwall,
Cell(3,36): lightGray,nobaggle,notopwall,noleftwall,
Cell(3,40): lightGray,nobaggle,notopwall,noleftwall,
Cell(3,43): lightGray,nobaggle,notopwall,noleftwall,
Cell(3,47): lightGray,nobaggle,notopwall,noleftwall,
Cell(3,50): lightGray,nobaggle,notopwall,noleftwall,
Cell(3,54): lightGray,nobaggle,notopwall,noleftwall,
Cell(3,57): lightGray,nobaggle,notopwall,noleftwall,
Cell(3,61): lightGray,nobaggle,notopwall,noleftwall,
Cell(4,0): lightGray,nobaggle,notopwall,noleftwall,
Cell(4,6): lightGray,nobaggle,notopwall,noleftwall,
Cell(4,7): lightGray,nobaggle,notopwall,noleftwall,
Cell(4,13): lightGray,nobaggle,notopwall,noleftwall,
Cell(4,14): lightGray,nobaggle,notopwall,noleftwall,
Cell(4,20): lightGray,nobaggle,notopwall,noleftwall,
Cell(4,21): lightGray,nobaggle,notopwall,noleftwall,
Cell(4,27): lightGray,nobaggle,notopwall,noleftwall,
Cell(4,28): lightGray,nobaggle,notopwall,noleftwall,
Cell(4,34): lightGray,nobaggle,notopwall,noleftwall,
Cell(4,35): lightGray,nobaggle,notopwall,noleftwall,
Cell(4,41): lightGray,nobaggle,notopwall,noleftwall,
Cell(4,42): lightGray,nobaggle,notopwall,noleftwall,
Cell(4,48): lightGray,nobaggle,notopwall,noleftwall,
Cell(4,49): lightGray,nobaggle,notopwall,noleftwall,
Cell(4,55): lightGray,nobaggle,notopwall,noleftwall,
Cell(4,56): lightGray,nobaggle,notopwall,noleftwall,
Cell(4,62): lightGray,nobaggle,notopwall,noleftwall,
Cell(5,3): lightGray,nobaggle,notopwall,noleftwall,
Cell(5,10): lightGray,nobaggle,notopwall,noleftwall,
Cell(5,17): lightGray,nobaggle,notopwall,noleftwall,
Cell(5,24): lightGray,nobaggle,notopwall,noleftwall,
Cell(5,31): lightGray,nobaggle,notopwall,noleftwall,
Cell(5,38): lightGray,nobaggle,notopwall,noleftwall,
Cell(5,45): lightGray,nobaggle,notopwall,noleftwall,
Cell(5,52): lightGray,nobaggle,notopwall,noleftwall,
Cell(5,59): lightGray,nobaggle,notopwall,noleftwall,
Cell(6,2): lightGray,nobaggle,notopwall,noleftwall,
Cell(6,4): lightGray,nobaggle,notopwall,noleftwall,
Cell(6,9): lightGray,nobaggle,notopwall,noleftwall,
Cell(6,11): lightGray,nobaggle,notopwall,noleftwall,
Cell(6,16): lightGray,nobaggle,notopwall,noleftwall,
Cell(6,18): lightGray,nobaggle,notopwall,noleftwall,
Cell(6,23): lightGray,nobaggle,notopwall,noleftwall,
Cell(6,25): lightGray,nobaggle,notopwall,noleftwall,
Cell(6,30): lightGray,nobaggle,notopwall,noleftwall,
Cell(6,32): lightGray,nobaggle,notopwall,noleftwall,
Cell(6,37): lightGray,nobaggle,notopwall,noleftwall,
Cell(6,39): lightGray,nobaggle,notopwall,noleftwall,
Cell(6,44): lightGray,nobaggle,notopwall,noleftwall,
Cell(6,46): lightGray,nobaggle,notopwall,noleftwall,
Cell(6,51): lightGray,nobaggle,notopwall,noleftwall,
Cell(6,53): lightGray,nobaggle,notopwall,noleftwall,
Cell(6,58): lightGray,nobaggle,notopwall,noleftwall,
Cell(6,60): lightGray,nobaggle,notopwall,noleftwall,
Cell(7,2): lightGray,nobaggle,notopwall,noleftwall,
Cell(7,4): lightGray,nobaggle,notopwall,noleftwall,
Cell(7,9): lightGray,nobaggle,notopwall,noleftwall,
Cell(7,11): lightGray,nobaggle,notopwall,noleftwall,
Cell(7,16): lightGray,nobaggle,notopwall,noleftwall,
Cell(7,18): lightGray,nobaggle,notopwall,noleftwall,
Cell(7,23): lightGray,nobaggle,notopwall,noleftwall,
Cell(7,25): lightGray,nobaggle,notopwall,noleftwall,
Cell(7,30): lightGray,nobaggle,notopwall,noleftwall,
Cell(7,32): lightGray,nobaggle,notopwall,noleftwall,
Cell(7,37): lightGray,nobaggle,notopwall,noleftwall,
Cell(7,39): lightGray,nobaggle,notopwall,noleftwall,
Cell(7,44): lightGray,nobaggle,notopwall,noleftwall,
Cell(7,46): lightGray,nobaggle,notopwall,noleftwall,
Cell(7,51): lightGray,nobaggle,notopwall,noleftwall,
Cell(7,53): lightGray,nobaggle,notopwall,noleftwall,
Cell(7,58): lightGray,nobaggle,notopwall,noleftwall,
Cell(7,60): lightGray,nobaggle,notopwall,noleftwall,
Cell(8,3): lightGray,nobaggle,notopwall,noleftwall,
Cell(8,10): lightGray,nobaggle,notopwall,noleftwall,
Cell(8,17): lightGray,nobaggle,notopwall,noleftwall,
Cell(8,24): lightGray,nobaggle,notopwall,noleftwall,
Cell(8,31): lightGray,nobaggle,notopwall,noleftwall,
Cell(8,38): lightGray,nobaggle,notopwall,noleftwall,
Cell(8,45): lightGray,nobaggle,notopwall,noleftwall,
Cell(8,52): lightGray,nobaggle,notopwall,noleftwall,
Cell(8,59): lightGray,nobaggle,notopwall,noleftwall,
Cell(9,0): lightGray,nobaggle,notopwall,noleftwall,
Cell(9,6): lightGray,nobaggle,notopwall,noleftwall,
Cell(9,7): lightGray,nobaggle,notopwall,noleftwall,
Cell(9,13): lightGray,nobaggle,notopwall,noleftwall,
Cell(9,14): lightGray,nobaggle,notopwall,noleftwall,
Cell(9,20): lightGray,nobaggle,notopwall,noleftwall,
Cell(9,21): lightGray,nobaggle,notopwall,noleftwall,
Cell(9,27): lightGray,nobaggle,notopwall,noleftwall,
Cell(9,28): lightGray,nobaggle,notopwall,noleftwall,
Cell(9,34): lightGray,nobaggle,notopwall,noleftwall,
Cell(9,35): lightGray,nobaggle,notopwall,noleftwall,
Cell(9,41): lightGray,nobaggle,notopwall,noleftwall,
Cell(9,42): lightGray,nobaggle,notopwall,noleftwall,
Cell(9,48): lightGray,nobaggle,notopwall,noleftwall,
Cell(9,49): lightGray,nobaggle,notopwall,noleftwall,
Cell(9,55): lightGray,nobaggle,notopwall,noleftwall,
Cell(9,56): lightGray,nobaggle,notopwall,noleftwall,
Cell(9,62): lightGray,nobaggle,notopwall,noleftwall,
Cell(10,1): lightGray,nobaggle,notopwall,noleftwall,
Cell(10,5): lightGray,nobaggle,notopwall,noleftwall,
Cell(10,8): lightGray,nobaggle,notopwall,noleftwall,
Cell(10,12): lightGray,nobaggle,notopwall,noleftwall,
Cell(10,15): lightGray,nobaggle,notopwall,noleftwall,
Cell(10,19): lightGray,nobaggle,notopwall,noleftwall,
Cell(10,22): lightGray,nobaggle,notopwall,noleftwall,
Cell(10,26): lightGray,nobaggle,notopwall,noleftwall,
Cell(10,29): lightGray,nobaggle,notopwall,noleftwall,
Cell(10,33): lightGray,nobaggle,notopwall,noleftwall,
Cell(10,36): lightGray,nobaggle,notopwall,noleftwall,
Cell(10,40): lightGray,nobaggle,notopwall,noleftwall,
Cell(10,43): lightGray,nobaggle,notopwall,noleftwall,
Cell(10,47): lightGray,nobaggle,notopwall,noleftwall,
Cell(10,50): lightGray,nobaggle,notopwall,noleftwall,
Cell(10,54): lightGray,nobaggle,notopwall,noleftwall,
Cell(10,57): lightGray,nobaggle,notopwall,noleftwall,
Cell(10,61): lightGray,nobaggle,notopwall,noleftwall,
Cell(11,0): lightGray,nobaggle,notopwall,noleftwall,
Cell(11,6): lightGray,nobaggle,notopwall,noleftwall,
Cell(11,7): lightGray,nobaggle,notopwall,noleftwall,
Cell(11,13): lightGray,nobaggle,notopwall,noleftwall,
Cell(11,14): lightGray,nobaggle,notopwall,noleftwall,
Cell(11,20): lightGray,nobaggle,notopwall,noleftwall,
Cell(11,21): lightGray,nobaggle,notopwall,noleftwall,
Cell(11,27): lightGray,nobaggle,notopwall,noleftwall,
Cell(11,28): lightGray,nobaggle,notopwall,noleftwall,
Cell(11,34): lightGray,nobaggle,notopwall,noleftwall,
Cell(11,35): lightGray,nobaggle,notopwall,noleftwall,
Cell(11,41): lightGray,nobaggle,notopwall,noleftwall,
Cell(11,42): lightGray,nobaggle,notopwall,noleftwall,
Cell(11,48): lightGray,nobaggle,notopwall,noleftwall,
Cell(11,49): lightGray,nobaggle,notopwall,noleftwall,
Cell(11,55): lightGray,nobaggle,notopwall,noleftwall,
Cell(11,56): lightGray,nobaggle,notopwall,noleftwall,
Cell(11,62): lightGray,nobaggle,notopwall,noleftwall,
Cell(12,3): lightGray,nobaggle,notopwall,noleftwall,
Cell(12,10): lightGray,nobaggle,notopwall,noleftwall,
Cell(12,17): lightGray,nobaggle,notopwall,noleftwall,
Cell(12,24): lightGray,nobaggle,notopwall,noleftwall,
Cell(12,31): lightGray,nobaggle,notopwall,noleftwall,
Cell(12,38): lightGray,nobaggle,notopwall,noleftwall,
Cell(12,45): lightGray,nobaggle,notopwall,noleftwall,
Cell(12,52): lightGray,nobaggle,notopwall,noleftwall,
Cell(12,59): lightGray,nobaggle,notopwall,noleftwall,
Cell(13,2): lightGray,nobaggle,notopwall,noleftwall,
Cell(13,4): lightGray,nobaggle,notopwall,noleftwall,
Cell(13,9): lightGray,nobaggle,notopwall,noleftwall,
Cell(13,11): lightGray,nobaggle,notopwall,noleftwall,
Cell(13,16): lightGray,nobaggle,notopwall,noleftwall,
Cell(13,18): lightGray,nobaggle,notopwall,noleftwall,
Cell(13,23): lightGray,nobaggle,notopwall,noleftwall,
Cell(13,25): lightGray,nobaggle,notopwall,noleftwall,
Cell(13,30): lightGray,nobaggle,notopwall,noleftwall,
Cell(13,32): lightGray,nobaggle,notopwall,noleftwall,
Cell(13,37): lightGray,nobaggle,notopwall,noleftwall,
Cell(13,39): lightGray,nobaggle,notopwall,noleftwall,
Cell(13,44): lightGray,nobaggle,notopwall,noleftwall,
Cell(13,46): lightGray,nobaggle,notopwall,noleftwall,
Cell(13,51): lightGray,nobaggle,notopwall,noleftwall,
Cell(13,53): lightGray,nobaggle,notopwall,noleftwall,
Cell(13,58): lightGray,nobaggle,notopwall,noleftwall,
Cell(13,60): lightGray,nobaggle,notopwall,noleftwall,
Cell(14,2): lightGray,nobaggle,notopwall,noleftwall,
Cell(14,4): lightGray,nobaggle,notopwall,noleftwall,
Cell(14,9): lightGray,nobaggle,notopwall,noleftwall,
Cell(14,11): lightGray,nobaggle,notopwall,noleftwall,
Cell(14,16): lightGray,nobaggle,notopwall,noleftwall,
Cell(14,18): lightGray,nobaggle,notopwall,noleftwall,
Cell(14,23): lightGray,nobaggle,notopwall,noleftwall,
Cell(14,25): lightGray,nobaggle,notopwall,noleftwall,
Cell(14,30): lightGray,nobaggle,notopwall,noleftwall,
Cell(14,32): lightGray,nobaggle,notopwall,noleftwall,
Cell(14,37): lightGray,nobaggle,notopwall,noleftwall,
Cell(14,39): lightGray,nobaggle,notopwall,noleftwall,
Cell(14,44): lightGray,nobaggle,notopwall,noleftwall,
Cell(14,46): lightGray,nobaggle,notopwall,noleftwall,
Cell(14,51): lightGray,nobaggle,notopwall,noleftwall,
Cell(14,53): lightGray,nobaggle,notopwall,noleftwall,
Cell(14,58): lightGray,nobaggle,notopwall,noleftwall,
Cell(14,60): lightGray,nobaggle,notopwall,noleftwall,
Cell(15,3): lightGray,nobaggle,notopwall,noleftwall,
Cell(15,10): lightGray,nobaggle,notopwall,noleftwall,
Cell(15,17): lightGray,nobaggle,notopwall,noleftwall,
Cell(15,24): lightGray,nobaggle,notopwall,noleftwall,
Cell(15,31): lightGray,nobaggle,notopwall,noleftwall,
Cell(15,38): lightGray,nobaggle,notopwall,noleftwall,
Cell(15,45): lightGray,nobaggle,notopwall,noleftwall,
Cell(15,52): lightGray,nobaggle,notopwall,noleftwall,
Cell(15,59): lightGray,nobaggle,notopwall,noleftwall,
Cell(16,0): lightGray,nobaggle,notopwall,noleftwall,
Cell(16,6): lightGray,nobaggle,notopwall,noleftwall,
Cell(16,7): lightGray,nobaggle,notopwall,noleftwall,
Cell(16,13): lightGray,nobaggle,notopwall,noleftwall,
Cell(16,14): lightGray,nobaggle,notopwall,noleftwall,
Cell(16,20): lightGray,nobaggle,notopwall,noleftwall,
Cell(16,21): lightGray,nobaggle,notopwall,noleftwall,
Cell(16,27): lightGray,nobaggle,notopwall,noleftwall,
Cell(16,28): lightGray,nobaggle,notopwall,noleftwall,
Cell(16,34): lightGray,nobaggle,notopwall,noleftwall,
Cell(16,35): lightGray,nobaggle,notopwall,noleftwall,
Cell(16,41): lightGray,nobaggle,notopwall,noleftwall,
Cell(16,42): lightGray,nobaggle,notopwall,noleftwall,
Cell(16,48): lightGray,nobaggle,notopwall,noleftwall,
Cell(16,49): lightGray,nobaggle,notopwall,noleftwall,
Cell(16,55): lightGray,nobaggle,notopwall,noleftwall,
Cell(16,56): lightGray,nobaggle,notopwall,noleftwall,
Cell(16,62): lightGray,nobaggle,notopwall,noleftwall,
Cell(17,1): lightGray,nobaggle,notopwall,noleftwall,
Cell(17,5): lightGray,nobaggle,notopwall,noleftwall,
Cell(17,8): lightGray,nobaggle,notopwall,noleftwall,
Cell(17,12): lightGray,nobaggle,notopwall,noleftwall,
Cell(17,15): lightGray,nobaggle,notopwall,noleftwall,
Cell(17,19): lightGray,nobaggle,notopwall,noleftwall,
Cell(17,22): lightGray,nobaggle,notopwall,noleftwall,
Cell(17,26): lightGray,nobaggle,notopwall,noleftwall,
Cell(17,29): lightGray,nobaggle,notopwall,noleftwall,
Cell(17,33): lightGray,nobaggle,notopwall,noleftwall,
Cell(17,36): lightGray,nobaggle,notopwall,noleftwall,
Cell(17,40): lightGray,nobaggle,notopwall,noleftwall,
Cell(17,43): lightGray,nobaggle,notopwall,noleftwall,
Cell(17,47): lightGray,nobaggle,notopwall,noleftwall,
Cell(17,50): lightGray,nobaggle,notopwall,noleftwall,
Cell(17,54): lightGray,nobaggle,notopwall,noleftwall,
Cell(17,57): lightGray,nobaggle,notopwall,noleftwall,
Cell(17,61): lightGray,nobaggle,notopwall,noleftwall,
Cell(18,0): lightGray,nobaggle,notopwall,noleftwall,
Cell(18,6): lightGray,nobaggle,notopwall,noleftwall,
Cell(18,7): lightGray,nobaggle,notopwall,noleftwall,
Cell(18,13): lightGray,nobaggle,notopwall,noleftwall,
Cell(18,14): lightGray,nobaggle,notopwall,noleftwall,
Cell(18,20): lightGray,nobaggle,notopwall,noleftwall,
Cell(18,21): lightGray,nobaggle,notopwall,noleftwall,
Cell(18,27): lightGray,nobaggle,notopwall,noleftwall,
Cell(18,28): lightGray,nobaggle,notopwall,noleftwall,
Cell(18,34): lightGray,nobaggle,notopwall,noleftwall,
Cell(18,35): lightGray,nobaggle,notopwall,noleftwall,
Cell(18,41): lightGray,nobaggle,notopwall,noleftwall,
Cell(18,42): lightGray,nobaggle,notopwall,noleftwall,
Cell(18,48): lightGray,nobaggle,notopwall,noleftwall,
Cell(18,49): lightGray,nobaggle,notopwall,noleftwall,
Cell(18,55): lightGray,nobaggle,notopwall,noleftwall,
Cell(18,56): lightGray,nobaggle,notopwall,noleftwall,
Cell(18,62): lightGray,nobaggle,notopwall,noleftwall,
Cell(19,3): lightGray,nobaggle,notopwall,noleftwall,
Cell(19,10): lightGray,nobaggle,notopwall,noleftwall,
Cell(19,17): lightGray,nobaggle,notopwall,noleftwall,
Cell(19,24): lightGray,nobaggle,notopwall,noleftwall,
Cell(19,31): lightGray,nobaggle,notopwall,noleftwall,
Cell(19,38): lightGray,nobaggle,notopwall,noleftwall,
Cell(19,45): lightGray,nobaggle,notopwall,noleftwall,
Cell(19,52): lightGray,nobaggle,notopwall,noleftwall,
Cell(19,59): lightGray,nobaggle,notopwall,noleftwall,
Cell(20,2): lightGray,nobaggle,notopwall,noleftwall,
Cell(20,4): lightGray,nobaggle,notopwall,noleftwall,
Cell(20,9): lightGray,nobaggle,notopwall,noleftwall,
Cell(20,11): lightGray,nobaggle,notopwall,noleftwall,
Cell(20,16): lightGray,nobaggle,notopwall,noleftwall,
Cell(20,18): lightGray,nobaggle,notopwall,noleftwall,
Cell(20,23): lightGray,nobaggle,notopwall,noleftwall,
Cell(20,25): lightGray,nobaggle,notopwall,noleftwall,
Cell(20,30): lightGray,nobaggle,notopwall,noleftwall,
Cell(20,32): lightGray,nobaggle,notopwall,noleftwall,
Cell(20,37): lightGray,nobaggle,notopwall,noleftwall,
Cell(20,39): lightGray,nobaggle,notopwall,noleftwall,
Cell(20,44): lightGray,nobaggle,notopwall,noleftwall,
Cell(20,46): lightGray,nobaggle,notopwall,noleftwall,
Cell(20,51): lightGray,nobaggle,notopwall,noleftwall,
Cell(20,53): lightGray,nobaggle,notopwall,noleftwall,
Cell(20,58): lightGray,nobaggle,notopwall,noleftwall,
Cell(20,60): lightGray,nobaggle,notopwall,noleftwall,
Cell(21,2): lightGray,nobaggle,notopwall,noleftwall,
Cell(21,4): lightGray,nobaggle,notopwall,noleftwall,
Cell(21,9): lightGray,nobaggle,notopwall,noleftwall,
Cell(21,11): lightGray,nobaggle,notopwall,noleftwall,
Cell(21,16): lightGray,nobaggle,notopwall,noleftwall,
Cell(21,18): lightGray,nobaggle,notopwall,noleftwall,
Cell(21,23): lightGray,nobaggle,notopwall,noleftwall,
Cell(21,25): lightGray,nobaggle,notopwall,noleftwall,
Cell(21,30): lightGray,nobaggle,notopwall,noleftwall,
Cell(21,32): lightGray,nobaggle,notopwall,noleftwall,
Cell(21,37): lightGray,nobaggle,notopwall,noleftwall,
Cell(21,39): lightGray,nobaggle,notopwall,noleftwall,
Cell(21,44): lightGray,nobaggle,notopwall,noleftwall,
Cell(21,46): lightGray,nobaggle,notopwall,noleftwall,
Cell(21,51): lightGray,nobaggle,notopwall,noleftwall,
Cell(21,53): lightGray,nobaggle,notopwall,noleftwall,
Cell(21,58): lightGray,nobaggle,notopwall,noleftwall,
Cell(21,60): lightGray,nobaggle,notopwall,noleftwall,
Cell(22,3): lightGray,nobaggle,notopwall,noleftwall,
Cell(22,10): lightGray,nobaggle,notopwall,noleftwall,
Cell(22,17): lightGray,nobaggle,notopwall,noleftwall,
Cell(22,24): lightGray,nobaggle,notopwall,noleftwall,
Cell(22,31): lightGray,nobaggle,notopwall,noleftwall,
Cell(22,38): lightGray,nobaggle,notopwall,noleftwall,
Cell(22,45): lightGray,nobaggle,notopwall,noleftwall,
Cell(22,52): lightGray,nobaggle,notopwall,noleftwall,
Cell(22,59): lightGray,nobaggle,notopwall,noleftwall,
Cell(23,0): lightGray,nobaggle,notopwall,noleftwall,
Cell(23,6): lightGray,nobaggle,notopwall,noleftwall,
Cell(23,7): lightGray,nobaggle,notopwall,noleftwall,
Cell(23,13): lightGray,nobaggle,notopwall,noleftwall,
Cell(23,14): lightGray,nobaggle,notopwall,noleftwall,
Cell(23,20): lightGray,nobaggle,notopwall,noleftwall,
Cell(23,21): lightGray,nobaggle,notopwall,noleftwall,
Cell(23,27): lightGray,nobaggle,notopwall,noleftwall,
Cell(23,28): lightGray,nobaggle,notopwall,noleftwall,
Cell(23,34): lightGray,nobaggle,notopwall,noleftwall,
Cell(23,35): lightGray,nobaggle,notopwall,noleftwall,
Cell(23,41): lightGray,nobaggle,notopwall,noleftwall,
Cell(23,42): lightGray,nobaggle,notopwall,noleftwall,
Cell(23,48): lightGray,nobaggle,notopwall,noleftwall,
Cell(23,49): lightGray,nobaggle,notopwall,noleftwall,
Cell(23,55): lightGray,nobaggle,notopwall,noleftwall,
Cell(23,56): lightGray,nobaggle,notopwall,noleftwall,
Cell(23,62): lightGray,nobaggle,notopwall,noleftwall,
Cell(24,1): lightGray,nobaggle,notopwall,noleftwall,
Cell(24,5): lightGray,nobaggle,notopwall,noleftwall,
Cell(24,8): lightGray,nobaggle,notopwall,noleftwall,
Cell(24,12): lightGray,nobaggle,notopwall,noleftwall,
Cell(24,15): lightGray,nobaggle,notopwall,noleftwall,
Cell(24,19): lightGray,nobaggle,notopwall,noleftwall,
Cell(24,22): lightGray,nobaggle,notopwall,noleftwall,
Cell(24,26): lightGray,nobaggle,notopwall,noleftwall,
Cell(24,29): lightGray,nobaggle,notopwall,noleftwall,
Cell(24,33): lightGray,nobaggle,notopwall,noleftwall,
Cell(24,36): lightGray,nobaggle,notopwall,noleftwall,
Cell(24,40): lightGray,nobaggle,notopwall,noleftwall,
Cell(24,43): lightGray,nobaggle,notopwall,noleftwall,
Cell(24,47): lightGray,nobaggle,notopwall,noleftwall,
Cell(24,50): lightGray,nobaggle,notopwall,noleftwall,
Cell(24,54): lightGray,nobaggle,notopwall,noleftwall,
Cell(24,57): lightGray,nobaggle,notopwall,noleftwall,
Cell(24,61): lightGray,nobaggle,notopwall,noleftwall,
Cell(25,0): lightGray,nobaggle,notopwall,noleftwall,
Cell(25,6): lightGray,nobaggle,notopwall,noleftwall,
Cell(25,7): lightGray,nobaggle,notopwall,noleftwall,
Cell(25,13): lightGray,nobaggle,notopwall,noleftwall,
Cell(25,14): lightGray,nobaggle,notopwall,noleftwall,
Cell(25,20): lightGray,nobaggle,notopwall,noleftwall,
Cell(25,21): lightGray,nobaggle,notopwall,noleftwall,
Cell(25,27): lightGray,nobaggle,notopwall,noleftwall,
Cell(25,28): lightGray,nobaggle,notopwall,noleftwall,
Cell(25,34): lightGray,nobaggle,notopwall,noleftwall,
Cell(25,35): lightGray,nobaggle,notopwall,noleftwall,
Cell(25,41): lightGray,nobaggle,notopwall,noleftwall,
Cell(25,42): lightGray,nobaggle,notopwall,noleftwall,
Cell(25,48): lightGray,nobaggle,notopwall,noleftwall,
Cell(25,49): lightGray,nobaggle,notopwall,noleftwall,
Cell(25,55): lightGray,nobaggle,notopwall,noleftwall,
Cell(25,56): lightGray,nobaggle,notopwall,noleftwall,
Cell(25,62): lightGray,nobaggle,notopwall,noleftwall,
Cell(26,3): lightGray,nobaggle,notopwall,noleftwall,
Cell(26,10): lightGray,nobaggle,notopwall,noleftwall,
Cell(26,17): lightGray,nobaggle,notopwall,noleftwall,
Cell(26,24): lightGray,nobaggle,notopwall,noleftwall,
Cell(26,31): lightGray,nobaggle,notopwall,noleftwall,
Cell(26,38): lightGray,nobaggle,notopwall,noleftwall,
Cell(26,45): lightGray,nobaggle,notopwall,noleftwall,
Cell(26,52): lightGray,nobaggle,notopwall,noleftwall,
Cell(26,59): lightGray,nobaggle,notopwall,noleftwall,
Cell(27,2): lightGray,nobaggle,notopwall,noleftwall,
Cell(27,4): lightGray,nobaggle,notopwall,noleftwall,
Cell(27,9): lightGray,nobaggle,notopwall,noleftwall,
Cell(27,11): lightGray,nobaggle,notopwall,noleftwall,
Cell(27,16): lightGray,nobaggle,notopwall,noleftwall,
Cell(27,18): lightGray,nobaggle,notopwall,noleftwall,
Cell(27,23): lightGray,nobaggle,notopwall,noleftwall,
Cell(27,25): lightGray,nobaggle,notopwall,noleftwall,
Cell(27,30): lightGray,nobaggle,notopwall,noleftwall,
Cell(27,32): lightGray,nobaggle,notopwall,noleftwall,
Cell(27,37): lightGray,nobaggle,notopwall,noleftwall,
Cell(27,39): lightGray,nobaggle,notopwall,noleftwall,
Cell(27,44): lightGray,nobaggle,notopwall,noleftwall,
Cell(27,46): lightGray,nobaggle,notopwall,noleftwall,
Cell(27,51): lightGray,nobaggle,notopwall,noleftwall,
Cell(27,53): lightGray,nobaggle,notopwall,noleftwall,
Cell(27,58): lightGray,nobaggle,notopwall,noleftwall,
Cell(27,60): lightGray,nobaggle,notopwall,noleftwall,
Cell(28,2): lightGray,nobaggle,notopwall,noleftwall,
Cell(28,4): lightGray,nobaggle,notopwall,noleftwall,
Cell(28,9): lightGray,nobaggle,notopwall,noleftwall,
Cell(28,11): lightGray,nobaggle,notopwall,noleftwall,
Cell(28,16): lightGray,nobaggle,notopwall,noleftwall,
Cell(28,18): lightGray,nobaggle,notopwall,noleftwall,
Cell(28,23): lightGray,nobaggle,notopwall,noleftwall,
Cell(28,25): lightGray,nobaggle,notopwall,noleftwall,
Cell(28,30): lightGray,nobaggle,notopwall,noleftwall,
Cell(28,32): lightGray,nobaggle,notopwall,noleftwall,
Cell(28,37): lightGray,nobaggle,notopwall,noleftwall,
Cell(28,39): lightGray,nobaggle,notopwall,noleftwall,
Cell(28,44): lightGray,nobaggle,notopwall,noleftwall,
Cell(28,46): lightGray,nobaggle,notopwall,noleftwall,
Cell(28,51): lightGray,nobaggle,notopwall,noleftwall,
Cell(28,53): lightGray,nobaggle,notopwall,noleftwall,
Cell(28,58): lightGray,nobaggle,notopwall,noleftwall,
Cell(28,60): lightGray,nobaggle,notopwall,noleftwall,
Cell(29,3): lightGray,nobaggle,notopwall,noleftwall,
Cell(29,10): lightGray,nobaggle,notopwall,noleftwall,
Cell(29,17): lightGray,nobaggle,notopwall,noleftwall,
Cell(29,24): lightGray,nobaggle,notopwall,noleftwall,
Cell(29,31): lightGray,nobaggle,notopwall,noleftwall,
Cell(29,38): lightGray,nobaggle,notopwall,noleftwall,
Cell(29,45): lightGray,nobaggle,notopwall,noleftwall,
Cell(29,52): lightGray,nobaggle,notopwall,noleftwall,
Cell(29,59): lightGray,nobaggle,notopwall,noleftwall,
Cell(30,0): lightGray,nobaggle,notopwall,noleftwall,
Cell(30,6): lightGray,nobaggle,notopwall,noleftwall,
Cell(30,7): lightGray,nobaggle,notopwall,noleftwall,
Cell(30,13): lightGray,nobaggle,notopwall,noleftwall,
Cell(30,14): lightGray,nobaggle,notopwall,noleftwall,
Cell(30,20): lightGray,nobaggle,notopwall,noleftwall,
Cell(30,21): lightGray,nobaggle,notopwall,noleftwall,
Cell(30,27): lightGray,nobaggle,notopwall,noleftwall,
Cell(30,28): lightGray,nobaggle,notopwall,noleftwall,
Cell(30,34): lightGray,nobaggle,notopwall,noleftwall,
Cell(30,35): lightGray,nobaggle,notopwall,noleftwall,
Cell(30,41): lightGray,nobaggle,notopwall,noleftwall,
Cell(30,42): lightGray,nobaggle,notopwall,noleftwall,
Cell(30,48): lightGray,nobaggle,notopwall,noleftwall,
Cell(30,49): lightGray,nobaggle,notopwall,noleftwall,
Cell(30,55): lightGray,nobaggle,notopwall,noleftwall,
Cell(30,56): lightGray,nobaggle,notopwall,noleftwall,
Cell(30,62): lightGray,nobaggle,notopwall,noleftwall,
Cell(31,1): lightGray,nobaggle,notopwall,noleftwall,
Cell(31,5): lightGray,nobaggle,notopwall,noleftwall,
Cell(31,8): lightGray,nobaggle,notopwall,noleftwall,
Cell(31,12): lightGray,nobaggle,notopwall,noleftwall,
Cell(31,15): lightGray,nobaggle,notopwall,noleftwall,
Cell(31,19): lightGray,nobaggle,notopwall,noleftwall,
Cell(31,22): lightGray,nobaggle,notopwall,noleftwall,
Cell(31,26): lightGray,nobaggle,notopwall,noleftwall,
Cell(31,29): lightGray,nobaggle,notopwall,noleftwall,
Cell(31,33): lightGray,nobaggle,notopwall,noleftwall,
Cell(31,36): lightGray,nobaggle,notopwall,noleftwall,
Cell(31,40): lightGray,nobaggle,notopwall,noleftwall,
Cell(31,43): lightGray,nobaggle,notopwall,noleftwall,
Cell(31,47): lightGray,nobaggle,notopwall,noleftwall,
Cell(31,50): lightGray,nobaggle,notopwall,noleftwall,
Cell(31,54): lightGray,nobaggle,notopwall,noleftwall,
Cell(31,57): lightGray,nobaggle,notopwall,noleftwall,
Cell(31,61): lightGray,nobaggle,notopwall,noleftwall,
Cell(32,0): lightGray,nobaggle,notopwall,noleftwall,
Cell(32,6): lightGray,nobaggle,notopwall,noleftwall,
Cell(32,7): lightGray,nobaggle,notopwall,noleftwall,
Cell(32,13): lightGray,nobaggle,notopwall,noleftwall,
Cell(32,14): lightGray,nobaggle,notopwall,noleftwall,
Cell(32,20): lightGray,nobaggle,notopwall,noleftwall,
Cell(32,21): lightGray,nobaggle,notopwall,noleftwall,
Cell(32,27): lightGray,nobaggle,notopwall,noleftwall,
Cell(32,28): lightGray,nobaggle,notopwall,noleftwall,
Cell(32,34): lightGray,nobaggle,notopwall,noleftwall,
Cell(32,35): lightGray,nobaggle,notopwall,noleftwall,
Cell(32,41): lightGray,nobaggle,notopwall,noleftwall,
Cell(32,42): lightGray,nobaggle,notopwall,noleftwall,
Cell(32,48): lightGray,nobaggle,notopwall,noleftwall,
Cell(32,49): lightGray,nobaggle,notopwall,noleftwall,
Cell(32,55): lightGray,nobaggle,notopwall,noleftwall,
Cell(32,56): lightGray,nobaggle,notopwall,noleftwall,
Cell(32,62): lightGray,nobaggle,notopwall,noleftwall,
Cell(33,3): lightGray,nobaggle,notopwall,noleftwall,
Cell(33,10): lightGray,nobaggle,notopwall,noleftwall,
Cell(33,17): lightGray,nobaggle,notopwall,noleftwall,
Cell(33,24): lightGray,nobaggle,notopwall,noleftwall,
Cell(33,31): lightGray,nobaggle,notopwall,noleftwall,
Cell(33,38): lightGray,nobaggle,notopwall,noleftwall,
Cell(33,45): lightGray,nobaggle,notopwall,noleftwall,
Cell(33,52): lightGray,nobaggle,notopwall,noleftwall,
Cell(33,59): lightGray,nobaggle,notopwall,noleftwall,
Cell(34,2): lightGray,nobaggle,notopwall,noleftwall,
Cell(34,4): lightGray,nobaggle,notopwall,noleftwall,
Cell(34,9): lightGray,nobaggle,notopwall,noleftwall,
Cell(34,11): lightGray,nobaggle,notopwall,noleftwall,
Cell(34,16): lightGray,nobaggle,notopwall,noleftwall,
Cell(34,18): lightGray,nobaggle,notopwall,noleftwall,
Cell(34,23): lightGray,nobaggle,notopwall,noleftwall,
Cell(34,25): lightGray,nobaggle,notopwall,noleftwall,
Cell(34,30): lightGray,nobaggle,notopwall,noleftwall,
Cell(34,32): lightGray,nobaggle,notopwall,noleftwall,
Cell(34,37): lightGray,nobaggle,notopwall,noleftwall,
Cell(34,39): lightGray,nobaggle,notopwall,noleftwall,
Cell(34,44): lightGray,nobaggle,notopwall,noleftwall,
Cell(34,46): lightGray,nobaggle,notopwall,noleftwall,
Cell(34,51): lightGray,nobaggle,notopwall,noleftwall,
Cell(34,53): lightGray,nobaggle,notopwall,noleftwall,
Cell(34,58): lightGray,nobaggle,notopwall,noleftwall,
Cell(34,60): lightGray,nobaggle,notopwall,noleftwall,
Cell(35,2): lightGray,nobaggle,notopwall,noleftwall,
Cell(35,4): lightGray,nobaggle,notopwall,noleftwall,
Cell(35,9): lightGray,nobaggle,notopwall,noleftwall,
Cell(35,11): lightGray,nobaggle,notopwall,noleftwall,
Cell(35,16): lightGray,nobaggle,notopwall,noleftwall,
Cell(35,18): lightGray,nobaggle,notopwall,noleftwall,
Cell(35,23): lightGray,nobaggle,notopwall,noleftwall,
Cell(35,25): lightGray,nobaggle,notopwall,noleftwall,
Cell(35,30): lightGray,nobaggle,notopwall,noleftwall,
Cell(35,32): lightGray,nobaggle,notopwall,noleftwall,
Cell(35,37): lightGray,nobaggle,notopwall,noleftwall,
Cell(35,39): lightGray,nobaggle,notopwall,noleftwall,
Cell(35,44): lightGray,nobaggle,notopwall,noleftwall,
Cell(35,46): lightGray,nobaggle,notopwall,noleftwall,
Cell(35,51): lightGray,nobaggle,notopwall,noleftwall,
Cell(35,53): lightGray,nobaggle,notopwall,noleftwall,
Cell(35,58): lightGray,nobaggle,notopwall,noleftwall,
Cell(35,60): lightGray,nobaggle,notopwall,noleftwall,
Cell(36,3): lightGray,nobaggle,notopwall,noleftwall,
Cell(36,10): lightGray,nobaggle,notopwall,noleftwall,
Cell(36,17): lightGray,nobaggle,notopwall,noleftwall,
Cell(36,24): lightGray,nobaggle,notopwall,noleftwall,
Cell(36,31): lightGray,nobaggle,notopwall,noleftwall,
Cell(36,38): lightGray,nobaggle,notopwall,noleftwall,
Cell(36,45): lightGray,nobaggle,notopwall,noleftwall,
Cell(36,52): lightGray,nobaggle,notopwall,noleftwall,
Cell(36,59): lightGray,nobaggle,notopwall,noleftwall,
Cell(37,0): lightGray,nobaggle,notopwall,noleftwall,
Cell(37,6): lightGray,nobaggle,notopwall,noleftwall,
Cell(37,7): lightGray,nobaggle,notopwall,noleftwall,
Cell(37,13): lightGray,nobaggle,notopwall,noleftwall,
Cell(37,14): lightGray,nobaggle,notopwall,noleftwall,
Cell(37,20): lightGray,nobaggle,notopwall,noleftwall,
Cell(37,21): lightGray,nobaggle,notopwall,noleftwall,
Cell(37,27): lightGray,nobaggle,notopwall,noleftwall,
Cell(37,28): lightGray,nobaggle,notopwall,noleftwall,
Cell(37,34): lightGray,nobaggle,notopwall,noleftwall,
Cell(37,35): lightGray,nobaggle,notopwall,noleftwall,
Cell(37,41): lightGray,nobaggle,notopwall,noleftwall,
Cell(37,42): lightGray,nobaggle,notopwall,noleftwall,
Cell(37,48): lightGray,nobaggle,notopwall,noleftwall,
Cell(37,49): lightGray,nobaggle,notopwall,noleftwall,
Cell(37,55): lightGray,nobaggle,notopwall,noleftwall,
Cell(37,56): lightGray,nobaggle,notopwall,noleftwall,
Cell(37,62): lightGray,nobaggle,notopwall,noleftwall,
Cell(38,1): lightGray,nobaggle,notopwall,noleftwall,
Cell(38,5): lightGray,nobaggle,notopwall,noleftwall,
Cell(38,8): lightGray,nobaggle,notopwall,noleftwall,
Cell(38,12): lightGray,nobaggle,notopwall,noleftwall,
Cell(38,15): lightGray,nobaggle,notopwall,noleftwall,
Cell(38,19): lightGray,nobaggle,notopwall,noleftwall,
Cell(38,22): lightGray,nobaggle,notopwall,noleftwall,
Cell(38,26): lightGray,nobaggle,notopwall,noleftwall,
Cell(38,29): lightGray,nobaggle,notopwall,noleftwall,
Cell(38,33): lightGray,nobaggle,notopwall,noleftwall,
Cell(38,36): lightGray,nobaggle,notopwall,noleftwall,
Cell(38,40): lightGray,nobaggle,notopwall,noleftwall,
Cell(38,43): lightGray,nobaggle,notopwall,noleftwall,
Cell(38,47): lightGray,nobaggle,notopwall,noleftwall,
Cell(38,50): lightGray,nobaggle,notopwall,noleftwall,
Cell(38,54): lightGray,nobaggle,notopwall,noleftwall,
Cell(38,57): lightGray,nobaggle,notopwall,noleftwall,
Cell(38,61): lightGray,nobaggle,notopwall,noleftwall,
Cell(39,0): lightGray,nobaggle,notopwall,noleftwall,
Cell(39,6): lightGray,nobaggle,notopwall,noleftwall,
Cell(39,7): lightGray,nobaggle,notopwall,noleftwall,
Cell(39,13): lightGray,nobaggle,notopwall,noleftwall,
Cell(39,14): lightGray,nobaggle,notopwall,noleftwall,
Cell(39,20): lightGray,nobaggle,notopwall,noleftwall,
Cell(39,21): lightGray,nobaggle,notopwall,noleftwall,
Cell(39,27): lightGray,nobaggle,notopwall,noleftwall,
Cell(39,28): lightGray,nobaggle,notopwall,noleftwall,
Cell(39,34): lightGray,nobaggle,notopwall,noleftwall,
Cell(39,35): lightGray,nobaggle,notopwall,noleftwall,
Cell(39,41): lightGray,nobaggle,notopwall,noleftwall,
Cell(39,42): lightGray,nobaggle,notopwall,noleftwall,
Cell(39,48): lightGray,nobaggle,notopwall,noleftwall,
Cell(39,49): lightGray,nobaggle,notopwall,noleftwall,
Cell(39,55): lightGray,nobaggle,notopwall,noleftwall,
Cell(39,56): lightGray,nobaggle,notopwall,noleftwall,
Cell(39,62): lightGray,nobaggle,notopwall,noleftwall,
Cell(40,3): lightGray,nobaggle,notopwall,noleftwall,
Cell(40,10): lightGray,nobaggle,notopwall,noleftwall,
Cell(40,17): lightGray,nobaggle,notopwall,noleftwall,
Cell(40,24): lightGray,nobaggle,notopwall,noleftwall,
Cell(40,31): lightGray,nobaggle,notopwall,noleftwall,
Cell(40,38): lightGray,nobaggle,notopwall,noleftwall,
Cell(40,45): lightGray,nobaggle,notopwall,noleftwall,
Cell(40,52): lightGray,nobaggle,notopwall,noleftwall,
Cell(40,59): lightGray,nobaggle,notopwall,noleftwall,
Cell(41,2): lightGray,nobaggle,notopwall,noleftwall,
Cell(41,4): lightGray,nobaggle,notopwall,noleftwall,
Cell(41,9): lightGray,nobaggle,notopwall,noleftwall,
Cell(41,11): lightGray,nobaggle,notopwall,noleftwall,
Cell(41,16): lightGray,nobaggle,notopwall,noleftwall,
Cell(41,18): lightGray,nobaggle,notopwall,noleftwall,
Cell(41,23): lightGray,nobaggle,notopwall,noleftwall,
Cell(41,25): lightGray,nobaggle,notopwall,noleftwall,
Cell(41,30): lightGray,nobaggle,notopwall,noleftwall,
Cell(41,32): lightGray,nobaggle,notopwall,noleftwall,
Cell(41,37): lightGray,nobaggle,notopwall,noleftwall,
Cell(41,39): lightGray,nobaggle,notopwall,noleftwall,
Cell(41,44): lightGray,nobaggle,notopwall,noleftwall,
Cell(41,46): lightGray,nobaggle,notopwall,noleftwall,
Cell(41,51): lightGray,nobaggle,notopwall,noleftwall,
Cell(41,53): lightGray,nobaggle,notopwall,noleftwall,
Cell(41,58): lightGray,nobaggle,notopwall,noleftwall,
Cell(41,60): lightGray,nobaggle,notopwall,noleftwall,
Cell(42,2): lightGray,nobaggle,notopwall,noleftwall,
Cell(42,4): lightGray,nobaggle,notopwall,noleftwall,
Cell(42,9): lightGray,nobaggle,notopwall,noleftwall,
Cell(42,11): lightGray,nobaggle,notopwall,noleftwall,
Cell(42,16): lightGray,nobaggle,notopwall,noleftwall,
Cell(42,18): lightGray,nobaggle,notopwall,noleftwall,
Cell(42,23): lightGray,nobaggle,notopwall,noleftwall,
Cell(42,25): lightGray,nobaggle,notopwall,noleftwall,
Cell(42,30): lightGray,nobaggle,notopwall,noleftwall,
Cell(42,32): lightGray,nobaggle,notopwall,noleftwall,
Cell(42,37): lightGray,nobaggle,notopwall,noleftwall,
Cell(42,39): lightGray,nobaggle,notopwall,noleftwall,
Cell(42,44): lightGray,nobaggle,notopwall,noleftwall,
Cell(42,46): lightGray,nobaggle,notopwall,noleftwall,
Cell(42,51): lightGray,nobaggle,notopwall,noleftwall,
Cell(42,53): lightGray,nobaggle,notopwall,noleftwall,
Cell(42,58): lightGray,nobaggle,notopwall,noleftwall,
Cell(42,60): lightGray,nobaggle,notopwall,noleftwall,
Cell(43,3): lightGray,nobaggle,notopwall,noleftwall,
Cell(43,10): lightGray,nobaggle,notopwall,noleftwall,
Cell(43,17): lightGray,nobaggle,notopwall,noleftwall,
Cell(43,24): lightGray,nobaggle,notopwall,noleftwall,
Cell(43,31): lightGray,nobaggle,notopwall,noleftwall,
Cell(43,38): lightGray,nobaggle,notopwall,noleftwall,
Cell(43,45): lightGray,nobaggle,notopwall,noleftwall,
Cell(43,52): lightGray,nobaggle,notopwall,noleftwall,
Cell(43,59): lightGray,nobaggle,notopwall,noleftwall,
Cell(44,0): lightGray,nobaggle,notopwall,noleftwall,
Cell(44,6): lightGray,nobaggle,notopwall,noleftwall,
Cell(44,7): lightGray,nobaggle,notopwall,noleftwall,
Cell(44,13): lightGray,nobaggle,notopwall,noleftwall,
Cell(44,14): lightGray,nobaggle,notopwall,noleftwall,
Cell(44,20): lightGray,nobaggle,notopwall,noleftwall,
Cell(44,21): lightGray,nobaggle,notopwall,noleftwall,
Cell(44,27): lightGray,nobaggle,notopwall,noleftwall,
Cell(44,28): lightGray,nobaggle,notopwall,noleftwall,
Cell(44,34): lightGray,nobaggle,notopwall,noleftwall,
Cell(44,35): lightGray,nobaggle,notopwall,noleftwall,
Cell(44,41): lightGray,nobaggle,notopwall,noleftwall,
Cell(44,42): lightGray,nobaggle,notopwall,noleftwall,
Cell(44,48): lightGray,nobaggle,notopwall,noleftwall,
Cell(44,49): lightGray,nobaggle,notopwall,noleftwall,
Cell(44,55): lightGray,nobaggle,notopwall,noleftwall,
Cell(44,56): lightGray,nobaggle,notopwall,noleftwall,
Cell(44,62): lightGray,nobaggle,notopwall,noleftwall,
Cell(45,1): lightGray,nobaggle,notopwall,noleftwall,
Cell(45,5): lightGray,nobaggle,notopwall,noleftwall,
Cell(45,8): lightGray,nobaggle,notopwall,noleftwall,
Cell(45,12): lightGray,nobaggle,notopwall,noleftwall,
Cell(45,15): lightGray,nobaggle,notopwall,noleftwall,
Cell(45,19): lightGray,nobaggle,notopwall,noleftwall,
Cell(45,22): lightGray,nobaggle,notopwall,noleftwall,
Cell(45,26): lightGray,nobaggle,notopwall,noleftwall,
Cell(45,29): lightGray,nobaggle,notopwall,noleftwall,
Cell(45,33): lightGray,nobaggle,notopwall,noleftwall,
Cell(45,36): lightGray,nobaggle,notopwall,noleftwall,
Cell(45,40): lightGray,nobaggle,notopwall,noleftwall,
Cell(45,43): lightGray,nobaggle,notopwall,noleftwall,
Cell(45,47): lightGray,nobaggle,notopwall,noleftwall,
Cell(45,50): lightGray,nobaggle,notopwall,noleftwall,
Cell(45,54): lightGray,nobaggle,notopwall,noleftwall,
Cell(45,57): lightGray,nobaggle,notopwall,noleftwall,
Cell(45,61): lightGray,nobaggle,notopwall,noleftwall,
Cell(46,0): lightGray,nobaggle,notopwall,noleftwall,
Cell(46,6): lightGray,nobaggle,notopwall,noleftwall,
Cell(46,7): lightGray,nobaggle,notopwall,noleftwall,
Cell(46,13): lightGray,nobaggle,notopwall,noleftwall,
Cell(46,14): lightGray,nobaggle,notopwall,noleftwall,
Cell(46,20): lightGray,nobaggle,notopwall,noleftwall,
Cell(46,21): lightGray,nobaggle,notopwall,noleftwall,
Cell(46,27): lightGray,nobaggle,notopwall,noleftwall,
Cell(46,28): lightGray,nobaggle,notopwall,noleftwall,
Cell(46,34): lightGray,nobaggle,notopwall,noleftwall,
Cell(46,35): lightGray,nobaggle,notopwall,noleftwall,
Cell(46,41): lightGray,nobaggle,notopwall,noleftwall,
Cell(46,42): lightGray,nobaggle,notopwall,noleftwall,
Cell(46,48): lightGray,nobaggle,notopwall,noleftwall,
Cell(46,49): lightGray,nobaggle,notopwall,noleftwall,
Cell(46,55): lightGray,nobaggle,notopwall,noleftwall,
Cell(46,56): lightGray,nobaggle,notopwall,noleftwall,
Cell(46,62): lightGray,nobaggle,notopwall,noleftwall,
Cell(47,3): lightGray,nobaggle,notopwall,noleftwall,
Cell(47,10): lightGray,nobaggle,notopwall,noleftwall,
Cell(47,17): lightGray,nobaggle,notopwall,noleftwall,
Cell(47,24): lightGray,nobaggle,notopwall,noleftwall,
Cell(47,31): lightGray,nobaggle,notopwall,noleftwall,
Cell(47,38): lightGray,nobaggle,notopwall,noleftwall,
Cell(47,45): lightGray,nobaggle,notopwall,noleftwall,
Cell(47,52): lightGray,nobaggle,notopwall,noleftwall,
Cell(47,59): lightGray,nobaggle,notopwall,noleftwall,
Cell(48,2): lightGray,nobaggle,notopwall,noleftwall,
Cell(48,4): lightGray,nobaggle,notopwall,noleftwall,
Cell(48,9): lightGray,nobaggle,notopwall,noleftwall,
Cell(48,11): lightGray,nobaggle,notopwall,noleftwall,
Cell(48,16): lightGray,nobaggle,notopwall,noleftwall,
Cell(48,18): lightGray,nobaggle,notopwall,noleftwall,
Cell(48,23): lightGray,nobaggle,notopwall,noleftwall,
Cell(48,25): lightGray,nobaggle,notopwall,noleftwall,
Cell(48,30): lightGray,nobaggle,notopwall,noleftwall,
Cell(48,32): lightGray,nobaggle,notopwall,noleftwall,
Cell(48,37): lightGray,nobaggle,notopwall,noleftwall,
Cell(48,39): lightGray,nobaggle,notopwall,noleftwall,
Cell(48,44): lightGray,nobaggle,notopwall,noleftwall,
Cell(48,46): lightGray,nobaggle,notopwall,noleftwall,
Cell(48,51): lightGray,nobaggle,notopwall,noleftwall,
Cell(48,53): lightGray,nobaggle,notopwall,noleftwall,
Cell(48,58): lightGray,nobaggle,notopwall,noleftwall,
Cell(48,60): lightGray,nobaggle,notopwall,noleftwall,
Cell(49,2): lightGray,nobaggle,notopwall,noleftwall,
Cell(49,4): lightGray,nobaggle,notopwall,noleftwall,
Cell(49,9): lightGray,nobaggle,notopwall,noleftwall,
Cell(49,11): lightGray,nobaggle,notopwall,noleftwall,
Cell(49,16): lightGray,nobaggle,notopwall,noleftwall,
Cell(49,18): lightGray,nobaggle,notopwall,noleftwall,
Cell(49,23): lightGray,nobaggle,notopwall,noleftwall,
Cell(49,25): lightGray,nobaggle,notopwall,noleftwall,
Cell(49,30): lightGray,nobaggle,notopwall,noleftwall,
Cell(49,32): lightGray,nobaggle,notopwall,noleftwall,
Cell(49,37): lightGray,nobaggle,notopwall,noleftwall,
Cell(49,39): lightGray,nobaggle,notopwall,noleftwall,
Cell(49,44): lightGray,nobaggle,notopwall,noleftwall,
Cell(49,46): lightGray,nobaggle,notopwall,noleftwall,
Cell(49,51): lightGray,nobaggle,notopwall,noleftwall,
Cell(49,53): lightGray,nobaggle,notopwall,noleftwall,
Cell(49,58): lightGray,nobaggle,notopwall,noleftwall,
Cell(49,60): lightGray,nobaggle,notopwall,noleftwall,
Cell(50,3): lightGray,nobaggle,notopwall,noleftwall,
Cell(50,10): lightGray,nobaggle,notopwall,noleftwall,
Cell(50,17): lightGray,nobaggle,notopwall,noleftwall,
Cell(50,24): lightGray,nobaggle,notopwall,noleftwall,
Cell(50,31): lightGray,nobaggle,notopwall,noleftwall,
Cell(50,38): lightGray,nobaggle,notopwall,noleftwall,
Cell(50,45): lightGray,nobaggle,notopwall,noleftwall,
Cell(50,52): lightGray,nobaggle,notopwall,noleftwall,
Cell(50,59): lightGray,nobaggle,notopwall,noleftwall,
Cell(51,0): lightGray,nobaggle,notopwall,noleftwall,
Cell(51,6): lightGray,nobaggle,notopwall,noleftwall,
Cell(51,7): lightGray,nobaggle,notopwall,noleftwall,
Cell(51,13): lightGray,nobaggle,notopwall,noleftwall,
Cell(51,14): lightGray,nobaggle,notopwall,noleftwall,
Cell(51,20): lightGray,nobaggle,notopwall,noleftwall,
Cell(51,21): lightGray,nobaggle,notopwall,noleftwall,
Cell(51,27): lightGray,nobaggle,notopwall,noleftwall,
Cell(51,28): lightGray,nobaggle,notopwall,noleftwall,
Cell(51,34): lightGray,nobaggle,notopwall,noleftwall,
Cell(51,35): lightGray,nobaggle,notopwall,noleftwall,
Cell(51,41): lightGray,nobaggle,notopwall,noleftwall,
Cell(51,42): lightGray,nobaggle,notopwall,noleftwall,
Cell(51,48): lightGray,nobaggle,notopwall,noleftwall,
Cell(51,49): lightGray,nobaggle,notopwall,noleftwall,
Cell(51,55): lightGray,nobaggle,notopwall,noleftwall,
Cell(51,56): lightGray,nobaggle,notopwall,noleftwall,
Cell(51,62): lightGray,nobaggle,notopwall,noleftwall,
Cell(52,1): lightGray,nobaggle,notopwall,noleftwall,
Cell(52,5): lightGray,nobaggle,notopwall,noleftwall,
Cell(52,8): lightGray,nobaggle,notopwall,noleftwall,
Cell(52,12): lightGray,nobaggle,notopwall,noleftwall,
Cell(52,15): lightGray,nobaggle,notopwall,noleftwall,
Cell(52,19): lightGray,nobaggle,notopwall,noleftwall,
Cell(52,22): lightGray,nobaggle,notopwall,noleftwall,
Cell(52,26): lightGray,nobaggle,notopwall,noleftwall,
Cell(52,29): lightGray,nobaggle,notopwall,noleftwall,
Cell(52,33): lightGray,nobaggle,notopwall,noleftwall,
Cell(52,36): lightGray,nobaggle,notopwall,noleftwall,
Cell(52,40): lightGray,nobaggle,notopwall,noleftwall,
Cell(52,43): lightGray,nobaggle,notopwall,noleftwall,
Cell(52,47): lightGray,nobaggle,notopwall,noleftwall,
Cell(52,50): lightGray,nobaggle,notopwall,noleftwall,
Cell(52,54): lightGray,nobaggle,notopwall,noleftwall,
Cell(52,57): lightGray,nobaggle,notopwall,noleftwall,
Cell(52,61): lightGray,nobaggle,notopwall,noleftwall,
Cell(53,0): lightGray,nobaggle,notopwall,noleftwall,
Cell(53,6): lightGray,nobaggle,notopwall,noleftwall,
Cell(53,7): lightGray,nobaggle,notopwall,noleftwall,
Cell(53,13): lightGray,nobaggle,notopwall,noleftwall,
Cell(53,14): lightGray,nobaggle,notopwall,noleftwall,
Cell(53,20): lightGray,nobaggle,notopwall,noleftwall,
Cell(53,21): lightGray,nobaggle,notopwall,noleftwall,
Cell(53,27): lightGray,nobaggle,notopwall,noleftwall,
Cell(53,28): lightGray,nobaggle,notopwall,noleftwall,
Cell(53,34): lightGray,nobaggle,notopwall,noleftwall,
Cell(53,35): lightGray,nobaggle,notopwall,noleftwall,
Cell(53,41): lightGray,nobaggle,notopwall,noleftwall,
Cell(53,42): lightGray,nobaggle,notopwall,noleftwall,
Cell(53,48): lightGray,nobaggle,notopwall,noleftwall,
Cell(53,49): lightGray,nobaggle,notopwall,noleftwall,
Cell(53,55): lightGray,nobaggle,notopwall,noleftwall,
Cell(53,56): lightGray,nobaggle,notopwall,noleftwall,
Cell(53,62): lightGray,nobaggle,notopwall,noleftwall,
Cell(54,3): lightGray,nobaggle,notopwall,noleftwall,
Cell(54,10): lightGray,nobaggle,notopwall,noleftwall,
Cell(54,17): lightGray,nobaggle,notopwall,noleftwall,
Cell(54,24): lightGray,nobaggle,notopwall,noleftwall,
Cell(54,31): lightGray,nobaggle,notopwall,noleftwall,
Cell(54,38): lightGray,nobaggle,notopwall,noleftwall,
Cell(54,45): lightGray,nobaggle,notopwall,noleftwall,
Cell(54,52): lightGray,nobaggle,notopwall,noleftwall,
Cell(54,59): lightGray,nobaggle,notopwall,noleftwall,
Cell(55,2): lightGray,nobaggle,notopwall,noleftwall,
Cell(55,4): lightGray,nobaggle,notopwall,noleftwall,
Cell(55,9): lightGray,nobaggle,notopwall,noleftwall,
Cell(55,11): lightGray,nobaggle,notopwall,noleftwall,
Cell(55,16): lightGray,nobaggle,notopwall,noleftwall,
Cell(55,18): lightGray,nobaggle,notopwall,noleftwall,
Cell(55,23): lightGray,nobaggle,notopwall,noleftwall,
Cell(55,25): lightGray,nobaggle,notopwall,noleftwall,
Cell(55,30): lightGray,nobaggle,notopwall,noleftwall,
Cell(55,32): lightGray,nobaggle,notopwall,noleftwall,
Cell(55,37): lightGray,nobaggle,notopwall,noleftwall,
Cell(55,39): lightGray,nobaggle,notopwall,noleftwall,
Cell(55,44): lightGray,nobaggle,notopwall,noleftwall,
Cell(55,46): lightGray,nobaggle,notopwall,noleftwall,
Cell(55,51): lightGray,nobaggle,notopwall,noleftwall,
Cell(55,53): lightGray,nobaggle,notopwall,noleftwall,
Cell(55,58): lightGray,nobaggle,notopwall,noleftwall,
Cell(55,60): lightGray,nobaggle,notopwall,noleftwall,
Cell(56,2): lightGray,nobaggle,notopwall,noleftwall,
Cell(56,4): lightGray,nobaggle,notopwall,noleftwall,
Cell(56,9): lightGray,nobaggle,notopwall,noleftwall,
Cell(56,11): lightGray,nobaggle,notopwall,noleftwall,
Cell(56,16): lightGray,nobaggle,notopwall,noleftwall,
Cell(56,18): lightGray,nobaggle,notopwall,noleftwall,
Cell(56,23): lightGray,nobaggle,notopwall,noleftwall,
Cell(56,25): lightGray,nobaggle,notopwall,noleftwall,
Cell(56,30): lightGray,nobaggle,notopwall,noleftwall,
Cell(56,32): lightGray,nobaggle,notopwall,noleftwall,
Cell(56,37): lightGray,nobaggle,notopwall,noleftwall,
Cell(56,39): lightGray,nobaggle,notopwall,noleftwall,
Cell(56,44): lightGray,nobaggle,notopwall,noleftwall,
Cell(56,46): lightGray,nobaggle,notopwall,noleftwall,
Cell(56,51): lightGray,nobaggle,notopwall,noleftwall,
Cell(56,53): lightGray,nobaggle,notopwall,noleftwall,
Cell(56,58): lightGray,nobaggle,notopwall,noleftwall,
Cell(56,60): lightGray,nobaggle,notopwall,noleftwall,
Cell(57,3): lightGray,nobaggle,notopwall,noleftwall,
Cell(57,10): lightGray,nobaggle,notopwall,noleftwall,
Cell(57,17): lightGray,nobaggle,notopwall,noleftwall,
Cell(57,24): lightGray,nobaggle,notopwall,noleftwall,
Cell(57,31): lightGray,nobaggle,notopwall,noleftwall,
Cell(57,38): lightGray,nobaggle,notopwall,noleftwall,
Cell(57,45): lightGray,nobaggle,notopwall,noleftwall,
Cell(57,52): lightGray,nobaggle,notopwall,noleftwall,
Cell(57,59): lightGray,nobaggle,notopwall,noleftwall,
Cell(58,0): lightGray,nobaggle,notopwall,noleftwall,
Cell(58,6): lightGray,nobaggle,notopwall,noleftwall,
Cell(58,7): lightGray,nobaggle,notopwall,noleftwall,
Cell(58,13): lightGray,nobaggle,notopwall,noleftwall,
Cell(58,14): lightGray,nobaggle,notopwall,noleftwall,
Cell(58,20): lightGray,nobaggle,notopwall,noleftwall,
Cell(58,21): lightGray,nobaggle,notopwall,noleftwall,
Cell(58,27): lightGray,nobaggle,notopwall,noleftwall,
Cell(58,28): lightGray,nobaggle,notopwall,noleftwall,
Cell(58,34): lightGray,nobaggle,notopwall,noleftwall,
Cell(58,35): lightGray,nobaggle,notopwall,noleftwall,
Cell(58,41): lightGray,nobaggle,notopwall,noleftwall,
Cell(58,42): lightGray,nobaggle,notopwall,noleftwall,
Cell(58,48): lightGray,nobaggle,notopwall,noleftwall,
Cell(58,49): lightGray,nobaggle,notopwall,noleftwall,
Cell(58,55): lightGray,nobaggle,notopwall,noleftwall,
Cell(58,56): lightGray,nobaggle,notopwall,noleftwall,
Cell(58,62): lightGray,nobaggle,notopwall,noleftwall,
Cell(59,1): lightGray,nobaggle,notopwall,noleftwall,
Cell(59,5): lightGray,nobaggle,notopwall,noleftwall,
Cell(59,8): lightGray,nobaggle,notopwall,noleftwall,
Cell(59,12): lightGray,nobaggle,notopwall,noleftwall,
Cell(59,15): lightGray,nobaggle,notopwall,noleftwall,
Cell(59,19): lightGray,nobaggle,notopwall,noleftwall,
Cell(59,22): lightGray,nobaggle,notopwall,noleftwall,
Cell(59,26): lightGray,nobaggle,notopwall,noleftwall,
Cell(59,29): lightGray,nobaggle,notopwall,noleftwall,
Cell(59,33): lightGray,nobaggle,notopwall,noleftwall,
Cell(59,36): lightGray,nobaggle,notopwall,noleftwall,
Cell(59,40): lightGray,nobaggle,notopwall,noleftwall,
Cell(59,43): lightGray,nobaggle,notopwall,noleftwall,
Cell(59,47): lightGray,nobaggle,notopwall,noleftwall,
Cell(59,50): lightGray,nobaggle,notopwall,noleftwall,
Cell(59,54): lightGray,nobaggle,notopwall,noleftwall,
Cell(59,57): lightGray,nobaggle,notopwall,noleftwall,
Cell(59,61): lightGray,nobaggle,notopwall,noleftwall,
Cell(60,0): lightGray,nobaggle,notopwall,noleftwall,
Cell(60,6): lightGray,nobaggle,notopwall,noleftwall,
Cell(60,7): lightGray,nobaggle,notopwall,noleftwall,
Cell(60,13): lightGray,nobaggle,notopwall,noleftwall,
Cell(60,14): lightGray,nobaggle,notopwall,noleftwall,
Cell(60,20): lightGray,nobaggle,notopwall,noleftwall,
Cell(60,21): lightGray,nobaggle,notopwall,noleftwall,
Cell(60,27): lightGray,nobaggle,notopwall,noleftwall,
Cell(60,28): lightGray,nobaggle,notopwall,noleftwall,
Cell(60,34): lightGray,nobaggle,notopwall,noleftwall,
Cell(60,35): lightGray,nobaggle,notopwall,noleftwall,
Cell(60,41): lightGray,nobaggle,notopwall,noleftwall,
Cell(60,42): lightGray,nobaggle,notopwall,noleftwall,
Cell(60,48): lightGray,nobaggle,notopwall,noleftwall,
Cell(60,49): lightGray,nobaggle,notopwall,noleftwall,
Cell(60,55): lightGray,nobaggle,notopwall,noleftwall,
Cell(60,56): lightGray,nobaggle,notopwall,noleftwall,
Cell(60,62): lightGray,nobaggle,notopwall,noleftwall,
Cell(61,3): lightGray,nobaggle,notopwall,noleftwall,
Cell(61,10): lightGray,nobaggle,notopwall,noleftwall,
Cell(61,17): lightGray,nobaggle,notopwall,noleftwall,
Cell(61,24): lightGray,nobaggle,notopwall,noleftwall,
Cell(61,31): lightGray,nobaggle,notopwall,noleftwall,
Cell(61,38): lightGray,nobaggle,notopwall,noleftwall,
Cell(61,45): lightGray,nobaggle,notopwall,noleftwall,
Cell(61,52): lightGray,nobaggle,notopwall,noleftwall,
Cell(61,59): lightGray,nobaggle,notopwall,noleftwall,
Cell(62,2): lightGray,nobaggle,notopwall,noleftwall,
Cell(62,4): lightGray,nobaggle,notopwall,noleftwall,
Cell(62,9): lightGray,nobaggle,notopwall,noleftwall,
Cell(62,11): lightGray,nobaggle,notopwall,noleftwall,
Cell(62,16): lightGray,nobaggle,notopwall,noleftwall,
Cell(62,18): lightGray,nobaggle,notopwall,noleftwall,
Cell(62,23): lightGray,nobaggle,notopwall,noleftwall,
Cell(62,25): lightGray,nobaggle,notopwall,noleftwall,
Cell(62,30): lightGray,nobaggle,notopwall,noleftwall,
Cell(62,32): lightGray,nobaggle,notopwall,noleftwall,
Cell(62,37): lightGray,nobaggle,notopwall,noleftwall,
Cell(62,39): lightGray,nobaggle,notopwall,noleftwall,
Cell(62,44): lightGray,nobaggle,notopwall,noleftwall,
Cell(62,46): lightGray,nobaggle,notopwall,noleftwall,
Cell(62,51): lightGray,nobaggle,notopwall,noleftwall,
Cell(62,53): lightGray,nobaggle,notopwall,noleftwall,
Cell(62,58): lightGray,nobaggle,notopwall,noleftwall,
Cell(62,60): lightGray,nobaggle,notopwall,noleftwall,
