BuggleWorld: Flower display case
Size: 17x17
Buggle(9,14): east,black,yellow,Jessie,noBaggle,
Cell(0,1): 200/113/55,nobaggle,notopwall,noleftwall,
Cell(0,2): 200/113/55,nobaggle,notopwall,noleftwall,
Cell(0,3): 200/113/55,nobaggle,notopwall,noleftwall,
Cell(0,4): 200/113/55,nobaggle,notopwall,noleftwall,
Cell(0,5): 200/113/55,nobaggle,notopwall,noleftwall,
Cell(0,6): 200/113/55,nobaggle,notopwall,noleftwall,
Cell(0,7): 200/113/55,nobaggle,notopwall,noleftwall,
Cell(0,9): 200/113/55,nobaggle,notopwall,noleftwall,
Cell(0,10): 200/113/55,nobaggle,notopwall,noleftwall,
Cell(0,11): 200/113/55,nobaggle,notopwall,noleftwall,
Cell(0,12): 200/113/55,nobaggle,notopwall,noleftwall,
Cell(0,13): 200/113/55,nobaggle,notopwall,noleftwall,
Cell(0,14): 200/113/55,nobaggle,notopwall,noleftwall,
Cell(0,15): 200/113/55,nobaggle,notopwall,noleftwall,
Cell(1,0): 200/113/55,nobaggle,notopwall,noleftwall,
Cell(1,1): 0/155/0,nobaggle,topwall,leftwall,
Cell(1,2): red,nobaggle,notopwall,leftwall,
Cell(1,3): 0/155/0,nobaggle,notopwall,leftwall,
Cell(1,4): 0/155/0,nobaggle,notopwall,leftwall,
Cell(1,5): 0/155/0,nobaggle,notopwall,leftwall,
Cell(1,6): pink,nobaggle,notopwall,leftwall,
Cell(1,7): 0/155/0,nobaggle,notopwall,leftwall,
Cell(1,8): 0/155/0,nobaggle,notopwall,leftwall,
Cell(1,9): 0/155/0,nobaggle,notopwall,leftwall,
Cell(1,10): red,nobaggle,notopwall,leftwall,
Cell(1,11): 0/155/0,nobaggle,notopwall,leftwall,
Cell(1,12): 0/155/0,nobaggle,notopwall,leftwall,
Cell(1,13): 0/155/0,nobaggle,notopwall,leftwall,
Cell(1,14): pink,nobaggle,notopwall,leftwall,
Cell(1,15): 0/155/0,nobaggle,notopwall,leftwall,
Cell(1,16): 200/113/55,nobaggle,topwall,noleftwall,
Cell(2,0): 200/113/55,nobaggle,notopwall,noleftwall,
Cell(2,1): red,nobaggle,topwall,noleftwall,
Cell(2,2): yellow,nobaggle,notopwall,noleftwall,
Cell(2,3): red,nobaggle,notopwall,noleftwall,
Cell(2,4): 0/155/0,nobaggle,notopwall,noleftwall,
Cell(2,5): pink,nobaggle,notopwall,noleftwall,
Cell(2,6): yellow,nobaggle,notopwall,noleftwall,
Cell(2,7): pink,nobaggle,notopwall,noleftwall,
Cell(2,8): 200/113/55,nobaggle,topwall,leftwall,
Cell(2,9): red,nobaggle,topwall,noleftwall,
Cell(2,10): yellow,nobaggle,notopwall,noleftwall,
Cell(2,11): red,nobaggle,notopwall,noleftwall,
Cell(2,12): 0/155/0,nobaggle,notopwall,noleftwall,
Cell(2,13): pink,nobaggle,notopwall,noleftwall,
Cell(2,14): yellow,nobaggle,notopwall,noleftwall,
Cell(2,15): pink,nobaggle,notopwall,noleftwall,
Cell(2,16): 200/113/55,nobaggle,topwall,noleftwall,
Cell(3,0): 200/113/55,nobaggle,notopwall,noleftwall,
Cell(3,1): 0/155/0,nobaggle,topwall,noleftwall,
Cell(3,2): red,nobaggle,notopwall,noleftwall,
Cell(3,3): 0/155/0,nobaggle,notopwall,noleftwall,
Cell(3,4): orange,nobaggle,notopwall,noleftwall,
Cell(3,5): 0/155/0,nobaggle,notopwall,noleftwall,
Cell(3,6): pink,nobaggle,notopwall,noleftwall,
Cell(3,7): 0/155/0,nobaggle,notopwall,noleftwall,
Cell(3,8): 200/113/55,nobaggle,topwall,noleftwall,
Cell(3,9): 0/155/0,nobaggle,topwall,noleftwall,
Cell(3,10): red,nobaggle,notopwall,noleftwall,
Cell(3,11): 0/155/0,nobaggle,notopwall,noleftwall,
Cell(3,12): orange,nobaggle,notopwall,noleftwall,
Cell(3,13): 0/155/0,nobaggle,notopwall,noleftwall,
Cell(3,14): pink,nobaggle,notopwall,noleftwall,
Cell(3,15): 0/155/0,nobaggle,notopwall,noleftwall,
Cell(3,16): 200/113/55,nobaggle,topwall,noleftwall,
Cell(4,0): 200/113/55,nobaggle,notopwall,noleftwall,
Cell(4,1): 0/155/0,nobaggle,topwall,noleftwall,
Cell(4,2): 0/155/0,nobaggle,notopwall,noleftwall,
Cell(4,3): orange,nobaggle,notopwall,noleftwall,
Cell(4,4): yellow,nobaggle,notopwall,noleftwall,
Cell(4,5): orange,nobaggle,notopwall,noleftwall,
Cell(4,6): 0/155/0,nobaggle,notopwall,noleftwall,
Cell(4,7): 0/155/0,nobaggle,notopwall,noleftwall,
Cell(4,8): 200/113/55,nobaggle,topwall,noleftwall,
Cell(4,9): 0/155/0,nobaggle,topwall,noleftwall,
Cell(4,10): 0/155/0,nobaggle,notopwall,noleftwall,
Cell(4,11): orange,nobaggle,notopwall,noleftwall,
Cell(4,12): yellow,nobaggle,notopwall,noleftwall,
Cell(4,13): orange,nobaggle,notopwall,noleftwall,
Cell(4,14): 0/155/0,nobaggle,notopwall,noleftwall,
Cell(4,15): 0/155/0,nobaggle,notopwall,noleftwall,
Cell(4,16): 200/113/55,nobaggle,topwall,noleftwall,
Cell(5,0): 200/113/55,nobaggle,notopwall,noleftwall,
Cell(5,1): 0/155/0,nobaggle,topwall,noleftwall,
Cell(5,2): cyan,nobaggle,notopwall,noleftwall,
Cell(5,3): 0/155/0,nobaggle,notopwall,noleftwall,
Cell(5,4): orange,nobaggle,notopwall,noleftwall,
Cell(5,5): 0/155/0,nobaggle,notopwall,noleftwall,
Cell(5,6): green,nobaggle,notopwall,noleftwall,
Cell(5,7): 0/155/0,nobaggle,notopwall,noleftwall,
Cell(5,8): 200/113/55,nobaggle,topwall,noleftwall,
Cell(5,9): 0/155/0,nobaggle,topwall,noleftwall,
Cell(5,10): cyan,nobaggle,notopwall,noleftwall,
Cell(5,11): 0/155/0,nobaggle,notopwall,noleftwall,
Cell(5,12): orange,nobaggle,notopwall,noleftwall,
Cell(5,13): 0/155/0,nobaggle,notopwall,noleftwall,
Cell(5,14): green,nobaggle,notopwall,noleftwall,
Cell(5,15): 0/155/0,nobaggle,notopwall,noleftwall,
Cell(5,16): 200/113/55,nobaggle,topwall,noleftwall,
Cell(6,0): 200/113/55,nobaggle,notopwall,noleftwall,
Cell(6,1): cyan,nobaggle,topwall,noleftwall,
Cell(6,2): yellow,nobaggle,notopwall,noleftwall,
Cell(6,3): cyan,nobaggle,notopwall,noleftwall,
Cell(6,4): 0/155/0,nobaggle,notopwall,noleftwall,
Cell(6,5): green,nobaggle,notopwall,noleftwall,
Cell(6,6): yellow,nobaggle,notopwall,noleftwall,
Cell(6,7): green,nobaggle,notopwall,noleftwall,
Cell(6,8): 200/113/55,nobaggle,topwall,noleftwall,
Cell(6,9): cyan,nobaggle,topwall,noleftwall,
Cell(6,10): yellow,nobaggle,notopwall,noleftwall,
Cell(6,11): cyan,nobaggle,notopwall,noleftwall,
Cell(6,12): 0/155/0,nobaggle,notopwall,noleftwall,
Cell(6,13): green,nobaggle,notopwall,noleftwall,
Cell(6,14): yellow,nobaggle,notopwall,noleftwall,
Cell(6,15): green,nobaggle,notopwall,noleftwall,
Cell(6,16): 200/113/55,nobaggle,topwall,noleftwall,
Cell(7,0): 200/113/55,nobaggle,notopwall,noleftwall,
Cell(7,1): 0/155/0,nobaggle,topwall,noleftwall,
Cell(7,2): cyan,nobaggle,notopwall,noleftwall,
Cell(7,3): 0/155/0,nobaggle,notopwall,noleftwall,
Cell(7,4): blue,nobaggle,notopwall,noleftwall,
Cell(7,5): 0/155/0,nobaggle,notopwall,noleftwall,
Cell(7,6): green,nobaggle,notopwall,noleftwall,
Cell(7,7): 0/155/0,nobaggle,notopwall,noleftwall,
Cell(7,8): 200/113/55,nobaggle,topwall,noleftwall,
Cell(7,9): 0/155/0,nobaggle,topwall,noleftwall,
Cell(7,10): cyan,nobaggle,notopwall,noleftwall,
Cell(7,11): 0/155/0,nobaggle,notopwall,noleftwall,
Cell(7,12): blue,nobaggle,notopwall,noleftwall,
Cell(7,13): 0/155/0,nobaggle,notopwall,noleftwall,
Cell(7,14): green,nobaggle,notopwall,noleftwall,
Cell(7,15): 0/155/0,nobaggle,notopwall,noleftwall,
Cell(7,16): 200/113/55,nobaggle,topwall,noleftwall,
Cell(8,0): 200/113/55,nobaggle,notopwall,noleftwall,
Cell(8,1): 0/155/0,nobaggle,topwall,noleftwall,
Cell(8,2): 200/113/55,nobaggle,topwall,leftwall,
Cell(8,3): blue,nobaggle,topwall,noleftwall,
Cell(8,4): yellow,nobaggle,notopwall,noleftwall,
Cell(8,5): blue,nobaggle,notopwall,noleftwall,
Cell(8,6): 200/113/55,nobaggle,topwall,leftwall,
Cell(8,7): 0/155/0,nobaggle,topwall,noleftwall,
Cell(8,8): 200/113/55,nobaggle,topwall,noleftwall,
Cell(8,9): 0/155/0,nobaggle,topwall,noleftwall,
Cell(8,10): 200/113/55,nobaggle,topwall,leftwall,
Cell(8,11): blue,nobaggle,topwall,noleftwall,
Cell(8,12): yellow,nobaggle,notopwall,noleftwall,
Cell(8,13): blue,nobaggle,notopwall,noleftwall,
Cell(8,14): 200/113/55,nobaggle,topwall,leftwall,
Cell(8,15): 0/155/0,nobaggle,topwall,noleftwall,
Cell(8,16): 200/113/55,nobaggle,topwall,noleftwall,
Cell(9,0): 200/113/55,nobaggle,notopwall,noleftwall,
Cell(9,1): 0/155/0,nobaggle,topwall,noleftwall,
Cell(9,2): red,nobaggle,notopwall,leftwall,
Cell(9,3): 0/155/0,nobaggle,notopwall,noleftwall,
Cell(9,4): blue,nobaggle,notopwall,noleftwall,
Cell(9,5): 0/155/0,nobaggle,notopwall,noleftwall,
Cell(9,6): pink,nobaggle,notopwall,leftwall,
Cell(9,7): 0/155/0,nobaggle,notopwall,noleftwall,
Cell(9,8): 200/113/55,nobaggle,topwall,noleftwall,
Cell(9,9): 0/155/0,nobaggle,topwall,noleftwall,
Cell(9,10): red,nobaggle,notopwall,leftwall,
Cell(9,11): 0/155/0,nobaggle,notopwall,noleftwall,
Cell(9,12): blue,nobaggle,notopwall,noleftwall,
Cell(9,13): 0/155/0,nobaggle,notopwall,noleftwall,
Cell(9,14): pink,nobaggle,notopwall,leftwall,
Cell(9,15): 0/155/0,nobaggle,notopwall,noleftwall,
Cell(9,16): 200/113/55,nobaggle,topwall,noleftwall,
Cell(10,0): 200/113/55,nobaggle,notopwall,noleftwall,
Cell(10,1): red,nobaggle,topwall,noleftwall,
Cell(10,2): yellow,nobaggle,notopwall,noleftwall,
Cell(10,3): red,nobaggle,notopwall,noleftwall,
Cell(10,4): 0/155/0,nobaggle,notopwall,noleftwall,
Cell(10,5): pink,nobaggle,notopwall,noleftwall,
Cell(10,6): yellow,nobaggle,notopwall,noleftwall,
Cell(10,7): pink,nobaggle,notopwall,noleftwall,
Cell(10,8): 200/113/55,nobaggle,topwall,noleftwall,
Cell(10,9): red,nobaggle,topwall,noleftwall,
Cell(10,10): yellow,nobaggle,notopwall,noleftwall,
Cell(10,11): red,nobaggle,notopwall,noleftwall,
Cell(10,12): 0/155/0,nobaggle,notopwall,noleftwall,
Cell(10,13): pink,nobaggle,notopwall,noleftwall,
Cell(10,14): yellow,nobaggle,notopwall,noleftwall,
Cell(10,15): pink,nobaggle,notopwall,noleftwall,
Cell(10,16): 200/113/55,nobaggle,topwall,noleftwall,
Cell(11,0): 200/113/55,nobaggle,notopwall,noleftwall,
Cell(11,1): 0/155/0,nobaggle,topwall,noleftwall,
Cell(11,2): red,nobaggle,notopwall,noleftwall,
Cell(11,3): 0/155/0,nobaggle,notopwall,noleftwall,
Cell(11,4): orange,nobaggle,notopwall,noleftwall,
Cell(11,5): 0/155/0,nobaggle,notopwall,noleftwall,
Cell(11,6): pink,nobaggle,notopwall,noleftwall,
Cell(11,7): 0/155/0,nobaggle,notopwall,noleftwall,
Cell(11,8): 200/113/55,nobaggle,topwall,noleftwall,
Cell(11,9): 0/155/0,nobaggle,topwall,noleftwall,
Cell(11,10): red,nobaggle,notopwall,noleftwall,
Cell(11,11): 0/155/0,nobaggle,notopwall,noleftwall,
Cell(11,12): orange,nobaggle,notopwall,noleftwall,
Cell(11,13): 0/155/0,nobaggle,notopwall,noleftwall,
Cell(11,14): pink,nobaggle,notopwall,noleftwall,
Cell(11,15): 0/155/0,nobaggle,notopwall,noleftwall,
Cell(11,16): 200/113/55,nobaggle,topwall,noleftwall,
Cell(12,0): 200/113/55,nobaggle,notopwall,noleftwall,
Cell(12,1): 0/155/0,nobaggle,topwall,noleftwall,
Cell(12,2): 0/155/0,nobaggle,notopwall,noleftwall,
Cell(12,3): orange,nobaggle,notopwall,noleftwall,
Cell(12,4): yellow,nobaggle,notopwall,noleftwall,
Cell(12,5): orange,nobaggle,notopwall,noleftwall,
Cell(12,6): 0/155/0,nobaggle,notopwall,noleftwall,
Cell(12,7): 0/155/0,nobaggle,notopwall,noleftwall,
Cell(12,8): 200/113/55,nobaggle,topwall,noleftwall,
Cell(12,9): 0/155/0,nobaggle,topwall,noleftwall,
Cell(12,10): 0/155/0,nobaggle,notopwall,noleftwall,
Cell(12,11): orange,nobaggle,notopwall,noleftwall,
Cell(12,12): yellow,nobaggle,notopwall,noleftwall,
Cell(12,13): orange,nobaggle,notopwall,noleftwall,
Cell(12,14): 0/155/0,nobaggle,notopwall,noleftwall,
Cell(12,15): 0/155/0,nobaggle,notopwall,noleftwall,
Cell(12,16): 200/113/55,nobaggle,topwall,noleftwall,
Cell(13,0): 200/113/55,nobaggle,notopwall,noleftwall,
Cell(13,1): 0/155/0,nobaggle,topwall,noleftwall,
Cell(13,2): cyan,nobaggle,notopwall,noleftwall,
Cell(13,3): 0/155/0,nobaggle,notopwall,noleftwall,
Cell(13,4): orange,nobaggle,notopwall,noleftwall,
Cell(13,5): 0/155/0,nobaggle,notopwall,noleftwall,
Cell(13,6): green,nobaggle,notopwall,noleftwall,
Cell(13,7): 0/155/0,nobaggle,notopwall,noleftwall,
Cell(13,8): 200/113/55,nobaggle,topwall,noleftwall,
Cell(13,9): 0/155/0,nobaggle,topwall,noleftwall,
Cell(13,10): cyan,nobaggle,notopwall,noleftwall,
Cell(13,11): 0/155/0,nobaggle,notopwall,noleftwall,
Cell(13,12): orange,nobaggle,notopwall,noleftwall,
Cell(13,13): 0/155/0,nobaggle,notopwall,noleftwall,
Cell(13,14): green,nobaggle,notopwall,noleftwall,
Cell(13,15): 0/155/0,nobaggle,notopwall,noleftwall,
Cell(13,16): 200/113/55,nobaggle,topwall,noleftwall,
Cell(14,0): 200/113/55,nobaggle,notopwall,noleftwall,
Cell(14,1): cyan,nobaggle,topwall,noleftwall,
Cell(14,2): yellow,nobaggle,notopwall,noleftwall,
Cell(14,3): cyan,nobaggle,notopwall,noleftwall,
Cell(14,4): 0/155/0,nobaggle,notopwall,noleftwall,
Cell(14,5): green,nobaggle,notopwall,noleftwall,
Cell(14,6): yellow,nobaggle,notopwall,noleftwall,
Cell(14,7): green,nobaggle,notopwall,noleftwall,
Cell(14,8): 200/113/55,nobaggle,topwall,noleftwall,
Cell(14,9): cyan,nobaggle,topwall,noleftwall,
Cell(14,10): yellow,nobaggle,notopwall,noleftwall,
Cell(14,11): cyan,nobaggle,notopwall,noleftwall,
Cell(14,12): 0/155/0,nobaggle,notopwall,noleftwall,
Cell(14,13): green,nobaggle,notopwall,noleftwall,
Cell(14,14): yellow,nobaggle,notopwall,noleftwall,
Cell(14,15): green,nobaggle,notopwall,noleftwall,
Cell(14,16): 200/113/55,nobaggle,topwall,noleftwall,
Cell(15,0): 200/113/55,nobaggle,notopwall,noleftwall,
Cell(15,1): 0/155/0,nobaggle,topwall,noleftwall,
Cell(15,2): cyan,nobaggle,notopwall,noleftwall,
Cell(15,3): 0/155/0,nobaggle,notopwall,noleftwall,
Cell(15,4): 0/155/0,nobaggle,notopwall,noleftwall,
Cell(15,5): 0/155/0,nobaggle,notopwall,noleftwall,
Cell(15,6): green,nobaggle,notopwall,noleftwall,
Cell(15,7): 0/155/0,nobaggle,notopwall,noleftwall,
Cell(15,8): 200/113/55,nobaggle,topwall,noleftwall,
Cell(15,9): 0/155/0,nobaggle,topwall,noleftwall,
Cell(15,10): cyan,nobaggle,notopwall,noleftwall,
Cell(15,11): 0/155/0,nobaggle,notopwall,noleftwall,
Cell(15,12): 0/155/0,nobaggle,notopwall,noleftwall,
Cell(15,13): 0/155/0,nobaggle,notopwall,noleftwall,
Cell(15,14): green,nobaggle,notopwall,noleftwall,
Cell(15,15): 0/155/0,nobaggle,notopwall,noleftwall,
Cell(15,16): 200/113/55,nobaggle,topwall,noleftwall,
Cell(16,1): 200/113/55,nobaggle,notopwall,leftwall,
Cell(16,2): 200/113/55,nobaggle,notopwall,leftwall,
Cell(16,3): 200/113/55,nobaggle,notopwall,leftwall,
Cell(16,4): 200/113/55,nobaggle,notopwall,leftwall,
Cell(16,5): 200/113/55,nobaggle,notopwall,leftwall,
Cell(16,6): 200/113/55,nobaggle,notopwall,leftwall,
Cell(16,7): 200/113/55,nobaggle,notopwall,leftwall,
Cell(16,9): 200/113/55,nobaggle,notopwall,leftwall,
Cell(16,10): 200/113/55,nobaggle,notopwall,leftwall,
Cell(16,11): 200/113/55,nobaggle,notopwall,leftwall,
Cell(16,12): 200/113/55,nobaggle,notopwall,leftwall,
Cell(16,13): 200/113/55,nobaggle,notopwall,leftwall,
Cell(16,14): 200/113/55,nobaggle,notopwall,leftwall,
Cell(16,15): 200/113/55,nobaggle,notopwall,leftwall,
